[2026-03-09T06:23:19.285+0000] {local_task_job_runner.py:123} INFO - ::group::Pre task execution logs
[2026-03-09T06:23:19.438+0000] {taskinstance.py:2614} INFO - Dependencies all met for dep_context=non-requeueable deps ti=<TaskInstance: 01_master_processing_pipeline.process_travel_data scheduled__2026-03-08T00:00:00+00:00 [queued]>
[2026-03-09T06:23:19.498+0000] {taskinstance.py:2614} INFO - Dependencies all met for dep_context=requeueable deps ti=<TaskInstance: 01_master_processing_pipeline.process_travel_data scheduled__2026-03-08T00:00:00+00:00 [queued]>
[2026-03-09T06:23:19.511+0000] {taskinstance.py:2867} INFO - Starting attempt 2 of 2
[2026-03-09T06:23:19.594+0000] {taskinstance.py:2890} INFO - Executing <Task(BashOperator): process_travel_data> on 2026-03-08 00:00:00+00:00
[2026-03-09T06:23:19.621+0000] {standard_task_runner.py:104} INFO - Running: ['***', 'tasks', 'run', '01_master_processing_pipeline', 'process_travel_data', 'scheduled__2026-03-08T00:00:00+00:00', '--job-id', '32', '--raw', '--subdir', 'DAGS_FOLDER/master_processing_dag.py', '--cfg-path', '/tmp/tmpzge56tom']
[2026-03-09T06:23:19.634+0000] {standard_task_runner.py:105} INFO - Job 32: Subtask process_travel_data
[2026-03-09T06:23:19.654+0000] {logging_mixin.py:190} WARNING - /home/***/.local/lib/python3.12/site-packages/***/task/task_runner/standard_task_runner.py:70 DeprecationWarning: This process (pid=853) is multi-threaded, use of fork() may lead to deadlocks in the child.
[2026-03-09T06:23:19.656+0000] {standard_task_runner.py:72} INFO - Started process 956 to run task
[2026-03-09T06:23:19.867+0000] {task_command.py:467} INFO - Running <TaskInstance: 01_master_processing_pipeline.process_travel_data scheduled__2026-03-08T00:00:00+00:00 [running]> on host fa93f86ab6a3
[2026-03-09T06:23:20.196+0000] {taskinstance.py:3134} INFO - Exporting env vars: AIRFLOW_CTX_DAG_OWNER='khang_data_guy' AIRFLOW_CTX_DAG_ID='01_master_processing_pipeline' AIRFLOW_CTX_TASK_ID='process_travel_data' AIRFLOW_CTX_EXECUTION_DATE='2026-03-08T00:00:00+00:00' AIRFLOW_CTX_TRY_NUMBER='2' AIRFLOW_CTX_DAG_RUN_ID='scheduled__2026-03-08T00:00:00+00:00'
[2026-03-09T06:23:20.287+0000] {taskinstance.py:732} INFO - ::endgroup::
[2026-03-09T06:23:20.447+0000] {subprocess.py:78} INFO - Tmp dir root location: /tmp
[2026-03-09T06:23:20.451+0000] {subprocess.py:88} INFO - Running command: ['/usr/bin/bash', '-c', '\n        export SPARK_HOME=/home/***/.local/lib/python3.12/site-packages/pyspark &&\n        python /opt/***/src/processing/travel/process_reviews_spark.py\n        ']
[2026-03-09T06:23:20.487+0000] {subprocess.py:99} INFO - Output:
[2026-03-09T06:23:43.149+0000] {subprocess.py:106} INFO - :: loading settings :: url = jar:file:/home/***/.local/lib/python3.12/site-packages/pyspark/jars/ivy-2.5.1.jar!/org/apache/ivy/core/settings/ivysettings.xml
[2026-03-09T06:23:43.674+0000] {subprocess.py:106} INFO - Ivy Default Cache set to: /home/***/.ivy2/cache
[2026-03-09T06:23:43.678+0000] {subprocess.py:106} INFO - The jars for the packages stored in: /home/***/.ivy2/jars
[2026-03-09T06:23:43.691+0000] {subprocess.py:106} INFO - org.apache.hadoop#hadoop-aws added as a dependency
[2026-03-09T06:23:43.693+0000] {subprocess.py:106} INFO - com.amazonaws#aws-java-sdk-bundle added as a dependency
[2026-03-09T06:23:43.705+0000] {subprocess.py:106} INFO - :: resolving dependencies :: org.apache.spark#spark-submit-parent-a697311c-566c-4f39-af74-e1126205c5ed;1.0
[2026-03-09T06:23:43.711+0000] {subprocess.py:106} INFO - 	confs: [default]
[2026-03-09T06:23:45.814+0000] {subprocess.py:106} INFO - 	found org.apache.hadoop#hadoop-aws;3.3.4 in central
[2026-03-09T06:23:45.979+0000] {subprocess.py:106} INFO - 	found com.amazonaws#aws-java-sdk-bundle;1.12.262 in central
[2026-03-09T06:23:46.145+0000] {subprocess.py:106} INFO - 	found org.wildfly.openssl#wildfly-openssl;1.0.7.Final in central
[2026-03-09T06:23:46.238+0000] {subprocess.py:106} INFO - :: resolution report :: resolve 2510ms :: artifacts dl 34ms
[2026-03-09T06:23:46.241+0000] {subprocess.py:106} INFO - 	:: modules in use:
[2026-03-09T06:23:46.242+0000] {subprocess.py:106} INFO - 	com.amazonaws#aws-java-sdk-bundle;1.12.262 from central in [default]
[2026-03-09T06:23:46.243+0000] {subprocess.py:106} INFO - 	org.apache.hadoop#hadoop-aws;3.3.4 from central in [default]
[2026-03-09T06:23:46.245+0000] {subprocess.py:106} INFO - 	org.wildfly.openssl#wildfly-openssl;1.0.7.Final from central in [default]
[2026-03-09T06:23:46.247+0000] {subprocess.py:106} INFO - 	---------------------------------------------------------------------
[2026-03-09T06:23:46.249+0000] {subprocess.py:106} INFO - 	|                  |            modules            ||   artifacts   |
[2026-03-09T06:23:46.251+0000] {subprocess.py:106} INFO - 	|       conf       | number| search|dwnlded|evicted|| number|dwnlded|
[2026-03-09T06:23:46.253+0000] {subprocess.py:106} INFO - 	---------------------------------------------------------------------
[2026-03-09T06:23:46.254+0000] {subprocess.py:106} INFO - 	|      default     |   3   |   0   |   0   |   0   ||   3   |   0   |
[2026-03-09T06:23:46.256+0000] {subprocess.py:106} INFO - 	---------------------------------------------------------------------
[2026-03-09T06:23:46.260+0000] {subprocess.py:106} INFO - :: retrieving :: org.apache.spark#spark-submit-parent-a697311c-566c-4f39-af74-e1126205c5ed
[2026-03-09T06:23:46.262+0000] {subprocess.py:106} INFO - 	confs: [default]
[2026-03-09T06:23:46.276+0000] {subprocess.py:106} INFO - 	0 artifacts copied, 3 already retrieved (0kB/15ms)
[2026-03-09T06:23:47.128+0000] {subprocess.py:106} INFO - 26/03/09 06:23:47 WARN NativeCodeLoader: Unable to load native-hadoop library for your platform... using builtin-java classes where applicable
[2026-03-09T06:23:47.660+0000] {subprocess.py:106} INFO - Setting default log level to "WARN".
[2026-03-09T06:23:47.662+0000] {subprocess.py:106} INFO - To adjust logging level use sc.setLogLevel(newLevel). For SparkR, use setLogLevel(newLevel).
[2026-03-09T06:24:29.698+0000] {subprocess.py:106} INFO - 26/03/09 06:24:29 WARN MetricsConfig: Cannot locate configuration: tried hadoop-metrics2-s3a-file-system.properties,hadoop-metrics2.properties
[2026-03-09T06:24:42.663+0000] {subprocess.py:106} INFO - [Stage 0:>                                                          (0 + 1) / 1]                                                                                [Stage 7:>                                                          (0 + 1) / 1]                                                                                🚀 Bắt đầu xử lý dữ liệu với Spark...
[2026-03-09T06:24:42.666+0000] {subprocess.py:106} INFO - 📂 Đang đọc dữ liệu từ: s3a://social-trend-lake/raw/travel/reviews/*.json
[2026-03-09T06:24:42.670+0000] {subprocess.py:106} INFO - 👀 [DEBUG] 5 dòng dữ liệu thô vừa đọc được:
[2026-03-09T06:24:42.672+0000] {subprocess.py:106} INFO - +-----------------+------+---------------+-------------------------------------------------------------------------------------------------------------------------------------------------------------------------------------------------------------------------------------------------+-----------+-------------------+
[2026-03-09T06:24:42.674+0000] {subprocess.py:106} INFO - |author           |rating|relative_time  |review_text                                                                                                                                                                                                                                      |platform   |crawled_at         |
[2026-03-09T06:24:42.678+0000] {subprocess.py:106} INFO - +-----------------+------+---------------+-------------------------------------------------------------------------------------------------------------------------------------------------------------------------------------------------------------------------------------------------+-----------+-------------------+
[2026-03-09T06:24:42.682+0000] {subprocess.py:106} INFO - |Lý Hải Nam       |5.0   |3 tuần trước   |Núi Bà Đen nơi tâm linh . cảnh xắc tuyệt vời phù hợp cho mọi người đến tham quan đi lễ chùa cầu bình an , hạnh phúc , công danh ... Vé vào cổng 10k / người . Vé cáp treo lên chùa , lên đỉnh vân sơn ( tượng Bà Đen ) tùy vào từng thời điểm    |google_maps|2026-01-27 14:55:41|
[2026-03-09T06:24:42.685+0000] {subprocess.py:106} INFO - |Minh Tú Phạm     |5.0   |3 tuần trước   |Gia đình mình có chuyến đi đến núi bà Đeng. 1 địa điểm tâm Linh và check in nổi tiếng tại Tây Ninh. Đến nơi mình thấy nhiều cảnh đẹp, các khu vực được bố trí và cảnh quan đẹp. Tại đây có các khu vực vệ sinh sạch sẻ. Nhiều ngôi chùa và miếu …|google_maps|2026-01-27 14:55:41|
[2026-03-09T06:24:42.687+0000] {subprocess.py:106} INFO - |Chloe Dang       |5.0   |3 tuần trước   |Khu vực nhiều người viếng thăm.\nCáp treo nhanh, êm. Nhân viên hướng dẫn tận tình.\nBảng chỉ dẫn rõ ràng. Đông người vẫn trật tự. Không có rác. …                                                                                                |google_maps|2026-01-27 14:55:41|
[2026-03-09T06:24:42.691+0000] {subprocess.py:106} INFO - |Nguyen Tam Thanh |5.0   |một tháng trước|Điểm du lịch tâm linh Núi Bà Đen ở Tây Ninh với đầy đủ các dịch vụ như ăn uống, mua sắm các vật phẩm tôn giáo rất đáng để tham quan!                                                                                                             |google_maps|2026-01-27 14:55:41|
[2026-03-09T06:24:42.692+0000] {subprocess.py:106} INFO - |Hoàng Linh Trương|5.0   |3 tuần trước   |Cuối tuần tụi mình làm chuyến hiking. Lần đầu tiên mình chạm vào mây, ngắm cảnh thiên nhiên từ trên độ cao ~1km, khá đuối nha mng, nhưng rất đáng để trải nghiệm.                                                                                |google_maps|2026-01-27 14:55:41|
[2026-03-09T06:24:42.697+0000] {subprocess.py:106} INFO - +-----------------+------+---------------+-------------------------------------------------------------------------------------------------------------------------------------------------------------------------------------------------------------------------------------------------+-----------+-------------------+
[2026-03-09T06:24:42.698+0000] {subprocess.py:106} INFO - only showing top 5 rows
[2026-03-09T06:24:42.700+0000] {subprocess.py:106} INFO - 
[2026-03-09T06:24:42.702+0000] {subprocess.py:106} INFO - 📊 Số lượng bản ghi thô tìm thấy: 80
[2026-03-09T06:24:42.703+0000] {subprocess.py:106} INFO - 🧹 Đang làm sạch dữ liệu...
[2026-03-09T06:24:42.705+0000] {subprocess.py:106} INFO - 📊 Số lượng bản ghi sau khi làm sạch: 80
[2026-03-09T06:24:42.712+0000] {subprocess.py:106} INFO - 💾 Đang ghi dữ liệu sạch xuống: s3a://social-trend-lake/silver/travel/reviews/
[2026-03-09T06:24:42.716+0000] {subprocess.py:106} INFO - ✅ Xử lý hoàn tất! Data đã sẵn sàng ở Silver Layer.
[2026-03-09T06:24:43.603+0000] {subprocess.py:110} INFO - Command exited with return code 0
[2026-03-09T06:24:43.786+0000] {taskinstance.py:341} INFO - ::group::Post task execution logs
[2026-03-09T06:24:43.789+0000] {taskinstance.py:353} INFO - Marking task as SUCCESS. dag_id=01_master_processing_pipeline, task_id=process_travel_data, run_id=scheduled__2026-03-08T00:00:00+00:00, execution_date=20260308T000000, start_date=20260309T062319, end_date=20260309T062443
[2026-03-09T06:24:43.882+0000] {local_task_job_runner.py:266} INFO - Task exited with return code 0
[2026-03-09T06:24:43.951+0000] {taskinstance.py:3901} INFO - 0 downstream tasks scheduled from follow-on schedule check
[2026-03-09T06:24:43.957+0000] {local_task_job_runner.py:245} INFO - ::endgroup::
