[2026-03-09T06:17:13.259+0000] {local_task_job_runner.py:123} INFO - ::group::Pre task execution logs
[2026-03-09T06:17:13.302+0000] {taskinstance.py:2614} INFO - Dependencies all met for dep_context=non-requeueable deps ti=<TaskInstance: 01_master_processing_pipeline.process_travel_data scheduled__2026-03-08T00:00:00+00:00 [queued]>
[2026-03-09T06:17:13.323+0000] {taskinstance.py:2614} INFO - Dependencies all met for dep_context=requeueable deps ti=<TaskInstance: 01_master_processing_pipeline.process_travel_data scheduled__2026-03-08T00:00:00+00:00 [queued]>
[2026-03-09T06:17:13.325+0000] {taskinstance.py:2867} INFO - Starting attempt 1 of 2
[2026-03-09T06:17:13.351+0000] {taskinstance.py:2890} INFO - Executing <Task(BashOperator): process_travel_data> on 2026-03-08 00:00:00+00:00
[2026-03-09T06:17:13.371+0000] {standard_task_runner.py:104} INFO - Running: ['***', 'tasks', 'run', '01_master_processing_pipeline', 'process_travel_data', 'scheduled__2026-03-08T00:00:00+00:00', '--job-id', '30', '--raw', '--subdir', 'DAGS_FOLDER/master_processing_dag.py', '--cfg-path', '/tmp/tmppsqk8dto']
[2026-03-09T06:17:13.379+0000] {standard_task_runner.py:105} INFO - Job 30: Subtask process_travel_data
[2026-03-09T06:17:13.380+0000] {logging_mixin.py:190} WARNING - /home/***/.local/lib/python3.12/site-packages/***/task/task_runner/standard_task_runner.py:70 DeprecationWarning: This process (pid=184) is multi-threaded, use of fork() may lead to deadlocks in the child.
[2026-03-09T06:17:13.382+0000] {standard_task_runner.py:72} INFO - Started process 186 to run task
[2026-03-09T06:17:13.546+0000] {task_command.py:467} INFO - Running <TaskInstance: 01_master_processing_pipeline.process_travel_data scheduled__2026-03-08T00:00:00+00:00 [running]> on host fa93f86ab6a3
[2026-03-09T06:17:13.710+0000] {taskinstance.py:3134} INFO - Exporting env vars: AIRFLOW_CTX_DAG_OWNER='khang_data_guy' AIRFLOW_CTX_DAG_ID='01_master_processing_pipeline' AIRFLOW_CTX_TASK_ID='process_travel_data' AIRFLOW_CTX_EXECUTION_DATE='2026-03-08T00:00:00+00:00' AIRFLOW_CTX_TRY_NUMBER='1' AIRFLOW_CTX_DAG_RUN_ID='scheduled__2026-03-08T00:00:00+00:00'
[2026-03-09T06:17:13.711+0000] {taskinstance.py:732} INFO - ::endgroup::
[2026-03-09T06:17:13.740+0000] {subprocess.py:78} INFO - Tmp dir root location: /tmp
[2026-03-09T06:17:13.742+0000] {subprocess.py:88} INFO - Running command: ['/usr/bin/bash', '-c', '\n        export SPARK_HOME=/home/***/.local/lib/python3.12/site-packages/pyspark &&\n        python /opt/***/src/processing/travel/process_reviews_spark.py\n        ']
[2026-03-09T06:17:13.766+0000] {subprocess.py:99} INFO - Output:
[2026-03-09T06:17:23.828+0000] {subprocess.py:106} INFO - :: loading settings :: url = jar:file:/home/***/.local/lib/python3.12/site-packages/pyspark/jars/ivy-2.5.1.jar!/org/apache/ivy/core/settings/ivysettings.xml
[2026-03-09T06:17:24.048+0000] {subprocess.py:106} INFO - Ivy Default Cache set to: /home/***/.ivy2/cache
[2026-03-09T06:17:24.049+0000] {subprocess.py:106} INFO - The jars for the packages stored in: /home/***/.ivy2/jars
[2026-03-09T06:17:24.057+0000] {subprocess.py:106} INFO - org.apache.hadoop#hadoop-aws added as a dependency
[2026-03-09T06:17:24.059+0000] {subprocess.py:106} INFO - com.amazonaws#aws-java-sdk-bundle added as a dependency
[2026-03-09T06:17:24.060+0000] {subprocess.py:106} INFO - :: resolving dependencies :: org.apache.spark#spark-submit-parent-347b05a8-9217-49e5-b232-1300f88a5602;1.0
[2026-03-09T06:17:24.061+0000] {subprocess.py:106} INFO - 	confs: [default]
[2026-03-09T06:17:49.697+0000] {subprocess.py:106} INFO - 	found com.amazonaws#aws-java-sdk-bundle;1.12.262 in central
[2026-03-09T06:17:49.984+0000] {subprocess.py:106} INFO - downloading https://repo1.maven.org/maven2/com/amazonaws/aws-java-sdk-bundle/1.12.262/aws-java-sdk-bundle-1.12.262.jar ...
[2026-03-09T06:19:18.060+0000] {job.py:229} INFO - Heartbeat recovered after 11.03 seconds
[2026-03-09T06:19:56.982+0000] {subprocess.py:106} INFO - :: resolution report :: resolve 25710ms :: artifacts dl 127180ms
[2026-03-09T06:19:57.131+0000] {subprocess.py:106} INFO - 	:: modules in use:
[2026-03-09T06:19:57.146+0000] {subprocess.py:106} INFO - 	com.amazonaws#aws-java-sdk-bundle;1.12.262 from central in [default]
[2026-03-09T06:19:57.148+0000] {subprocess.py:106} INFO - 	---------------------------------------------------------------------
[2026-03-09T06:19:57.149+0000] {subprocess.py:106} INFO - 	|                  |            modules            ||   artifacts   |
[2026-03-09T06:19:57.154+0000] {subprocess.py:106} INFO - 	|       conf       | number| search|dwnlded|evicted|| number|dwnlded|
[2026-03-09T06:19:57.158+0000] {subprocess.py:106} INFO - 	---------------------------------------------------------------------
[2026-03-09T06:19:57.162+0000] {subprocess.py:106} INFO - 	|      default     |   2   |   0   |   0   |   0   ||   1   |   0   |
[2026-03-09T06:19:57.167+0000] {subprocess.py:106} INFO - 	---------------------------------------------------------------------
[2026-03-09T06:19:57.190+0000] {subprocess.py:106} INFO - 
[2026-03-09T06:19:57.193+0000] {subprocess.py:106} INFO - :: problems summary ::
[2026-03-09T06:19:57.196+0000] {subprocess.py:106} INFO - :::: WARNINGS
[2026-03-09T06:19:57.200+0000] {subprocess.py:106} INFO - 	problem while downloading module descriptor: https://repo1.maven.org/maven2/org/apache/hadoop/hadoop-project/3.3.4/hadoop-project-3.3.4.pom: impossible to move part file to definitive one: /home/***/.ivy2/cache/org.apache.hadoop/hadoop-project/ivy-3.3.4.xml.original.part -> /home/***/.ivy2/cache/org.apache.hadoop/hadoop-project/ivy-3.3.4.xml.original (88ms)
[2026-03-09T06:19:57.215+0000] {subprocess.py:106} INFO - 
[2026-03-09T06:19:57.220+0000] {subprocess.py:106} INFO - 	io problem while parsing ivy file: https://repo1.maven.org/maven2/org/apache/hadoop/hadoop-aws/3.3.4/hadoop-aws-3.3.4.pom (java.io.IOException: Impossible to load parent for file:/home/***/.ivy2/cache/org.apache.hadoop/hadoop-aws/ivy-3.3.4.xml.original. Parent=org.apache.hadoop#hadoop-project;3.3.4)
[2026-03-09T06:19:57.222+0000] {subprocess.py:106} INFO - 
[2026-03-09T06:19:57.224+0000] {subprocess.py:106} INFO - 		module not found: org.apache.hadoop#hadoop-aws;3.3.4
[2026-03-09T06:19:57.228+0000] {subprocess.py:106} INFO - 
[2026-03-09T06:19:57.230+0000] {subprocess.py:106} INFO - 	==== local-m2-cache: tried
[2026-03-09T06:19:57.232+0000] {subprocess.py:106} INFO - 
[2026-03-09T06:19:57.235+0000] {subprocess.py:106} INFO - 	  file:/home/***/.m2/repository/org/apache/hadoop/hadoop-project/3.3.4/hadoop-project-3.3.4.pom
[2026-03-09T06:19:57.237+0000] {subprocess.py:106} INFO - 
[2026-03-09T06:19:57.241+0000] {subprocess.py:106} INFO - 	  -- artifact org.apache.hadoop#hadoop-project;3.3.4!hadoop-project.jar:
[2026-03-09T06:19:57.245+0000] {subprocess.py:106} INFO - 
[2026-03-09T06:19:57.247+0000] {subprocess.py:106} INFO - 	  file:/home/***/.m2/repository/org/apache/hadoop/hadoop-project/3.3.4/hadoop-project-3.3.4.jar
[2026-03-09T06:19:57.249+0000] {subprocess.py:106} INFO - 
[2026-03-09T06:19:57.251+0000] {subprocess.py:106} INFO - 	==== local-ivy-cache: tried
[2026-03-09T06:19:57.254+0000] {subprocess.py:106} INFO - 
[2026-03-09T06:19:57.258+0000] {subprocess.py:106} INFO - 	  /home/***/.ivy2/local/org.apache.hadoop/hadoop-project/3.3.4/ivys/ivy.xml
[2026-03-09T06:19:57.264+0000] {subprocess.py:106} INFO - 
[2026-03-09T06:19:57.267+0000] {subprocess.py:106} INFO - 	  -- artifact org.apache.hadoop#hadoop-project;3.3.4!hadoop-project.jar:
[2026-03-09T06:19:57.268+0000] {subprocess.py:106} INFO - 
[2026-03-09T06:19:57.272+0000] {subprocess.py:106} INFO - 	  /home/***/.ivy2/local/org.apache.hadoop/hadoop-project/3.3.4/jars/hadoop-project.jar
[2026-03-09T06:19:57.275+0000] {subprocess.py:106} INFO - 
[2026-03-09T06:19:57.279+0000] {subprocess.py:106} INFO - 	==== central: tried
[2026-03-09T06:19:57.283+0000] {subprocess.py:106} INFO - 
[2026-03-09T06:19:57.289+0000] {subprocess.py:106} INFO - 	  https://repo1.maven.org/maven2/org/apache/hadoop/hadoop-project/3.3.4/hadoop-project-3.3.4.pom
[2026-03-09T06:19:57.290+0000] {subprocess.py:106} INFO - 
[2026-03-09T06:19:57.292+0000] {subprocess.py:106} INFO - 	==== spark-packages: tried
[2026-03-09T06:19:57.294+0000] {subprocess.py:106} INFO - 
[2026-03-09T06:19:57.295+0000] {subprocess.py:106} INFO - 	  https://repos.spark-packages.org/org/apache/hadoop/hadoop-aws/3.3.4/hadoop-aws-3.3.4.pom
[2026-03-09T06:19:57.296+0000] {subprocess.py:106} INFO - 
[2026-03-09T06:19:57.301+0000] {subprocess.py:106} INFO - 	  -- artifact org.apache.hadoop#hadoop-aws;3.3.4!hadoop-aws.jar:
[2026-03-09T06:19:57.303+0000] {subprocess.py:106} INFO - 
[2026-03-09T06:19:57.307+0000] {subprocess.py:106} INFO - 	  https://repos.spark-packages.org/org/apache/hadoop/hadoop-aws/3.3.4/hadoop-aws-3.3.4.jar
[2026-03-09T06:19:57.308+0000] {subprocess.py:106} INFO - 
[2026-03-09T06:19:57.311+0000] {subprocess.py:106} INFO - 		[FAILED     ] com.amazonaws#aws-java-sdk-bundle;1.12.262!aws-java-sdk-bundle.jar: Downloaded file size (0) doesn't match expected Content Length (280645251) for https://repo1.maven.org/maven2/com/amazonaws/aws-java-sdk-bundle/1.12.262/aws-java-sdk-bundle-1.12.262.jar. Please retry. (127093ms)
[2026-03-09T06:19:57.313+0000] {subprocess.py:106} INFO - 
[2026-03-09T06:19:57.314+0000] {subprocess.py:106} INFO - 		[FAILED     ] com.amazonaws#aws-java-sdk-bundle;1.12.262!aws-java-sdk-bundle.jar: Downloaded file size (0) doesn't match expected Content Length (280645251) for https://repo1.maven.org/maven2/com/amazonaws/aws-java-sdk-bundle/1.12.262/aws-java-sdk-bundle-1.12.262.jar. Please retry. (127093ms)
[2026-03-09T06:19:57.316+0000] {subprocess.py:106} INFO - 
[2026-03-09T06:19:57.318+0000] {subprocess.py:106} INFO - 	==== central: tried
[2026-03-09T06:19:57.319+0000] {subprocess.py:106} INFO - 
[2026-03-09T06:19:57.336+0000] {subprocess.py:106} INFO - 	  https://repo1.maven.org/maven2/com/amazonaws/aws-java-sdk-bundle/1.12.262/aws-java-sdk-bundle-1.12.262.jar
[2026-03-09T06:19:57.337+0000] {subprocess.py:106} INFO - 
[2026-03-09T06:19:57.340+0000] {subprocess.py:106} INFO - 		::::::::::::::::::::::::::::::::::::::::::::::
[2026-03-09T06:19:57.343+0000] {subprocess.py:106} INFO - 
[2026-03-09T06:19:57.344+0000] {subprocess.py:106} INFO - 		::          UNRESOLVED DEPENDENCIES         ::
[2026-03-09T06:19:57.347+0000] {subprocess.py:106} INFO - 
[2026-03-09T06:19:57.349+0000] {subprocess.py:106} INFO - 		::::::::::::::::::::::::::::::::::::::::::::::
[2026-03-09T06:19:57.351+0000] {subprocess.py:106} INFO - 
[2026-03-09T06:19:57.354+0000] {subprocess.py:106} INFO - 		:: org.apache.hadoop#hadoop-aws;3.3.4: not found
[2026-03-09T06:19:57.356+0000] {subprocess.py:106} INFO - 
[2026-03-09T06:19:57.361+0000] {subprocess.py:106} INFO - 		::::::::::::::::::::::::::::::::::::::::::::::
[2026-03-09T06:19:57.365+0000] {subprocess.py:106} INFO - 
[2026-03-09T06:19:57.366+0000] {subprocess.py:106} INFO - 
[2026-03-09T06:19:57.367+0000] {subprocess.py:106} INFO - 		::::::::::::::::::::::::::::::::::::::::::::::
[2026-03-09T06:19:57.368+0000] {subprocess.py:106} INFO - 
[2026-03-09T06:19:57.369+0000] {subprocess.py:106} INFO - 		::              FAILED DOWNLOADS            ::
[2026-03-09T06:19:57.370+0000] {subprocess.py:106} INFO - 
[2026-03-09T06:19:57.371+0000] {subprocess.py:106} INFO - 		:: ^ see resolution messages for details  ^ ::
[2026-03-09T06:19:57.373+0000] {subprocess.py:106} INFO - 
[2026-03-09T06:19:57.374+0000] {subprocess.py:106} INFO - 		::::::::::::::::::::::::::::::::::::::::::::::
[2026-03-09T06:19:57.379+0000] {subprocess.py:106} INFO - 
[2026-03-09T06:19:57.381+0000] {subprocess.py:106} INFO - 		:: com.amazonaws#aws-java-sdk-bundle;1.12.262!aws-java-sdk-bundle.jar
[2026-03-09T06:19:57.382+0000] {subprocess.py:106} INFO - 
[2026-03-09T06:19:57.383+0000] {subprocess.py:106} INFO - 		::::::::::::::::::::::::::::::::::::::::::::::
[2026-03-09T06:19:57.384+0000] {subprocess.py:106} INFO - 
[2026-03-09T06:19:57.385+0000] {subprocess.py:106} INFO - 
[2026-03-09T06:19:57.386+0000] {subprocess.py:106} INFO - :::: ERRORS
[2026-03-09T06:19:57.390+0000] {subprocess.py:106} INFO - 	Server access error at url https://repos.spark-packages.org/org/apache/hadoop/hadoop-project/3.3.4/hadoop-project-3.3.4.pom (java.net.ConnectException: Connection refused)
[2026-03-09T06:19:57.391+0000] {subprocess.py:106} INFO - 
[2026-03-09T06:19:57.392+0000] {subprocess.py:106} INFO - 
[2026-03-09T06:19:57.393+0000] {subprocess.py:106} INFO - :: USE VERBOSE OR DEBUG MESSAGE LEVEL FOR MORE DETAILS
[2026-03-09T06:19:57.395+0000] {subprocess.py:106} INFO - Exception in thread "main" java.lang.RuntimeException: [unresolved dependency: org.apache.hadoop#hadoop-aws;3.3.4: not found, download failed: com.amazonaws#aws-java-sdk-bundle;1.12.262!aws-java-sdk-bundle.jar]
[2026-03-09T06:19:57.397+0000] {subprocess.py:106} INFO - 	at org.apache.spark.deploy.SparkSubmitUtils$.resolveMavenCoordinates(SparkSubmit.scala:1608)
[2026-03-09T06:19:57.399+0000] {subprocess.py:106} INFO - 	at org.apache.spark.util.DependencyUtils$.resolveMavenDependencies(DependencyUtils.scala:185)
[2026-03-09T06:19:57.400+0000] {subprocess.py:106} INFO - 	at org.apache.spark.deploy.SparkSubmit.prepareSubmitEnvironment(SparkSubmit.scala:334)
[2026-03-09T06:19:57.402+0000] {subprocess.py:106} INFO - 	at org.apache.spark.deploy.SparkSubmit.org$apache$spark$deploy$SparkSubmit$$runMain(SparkSubmit.scala:964)
[2026-03-09T06:19:57.404+0000] {subprocess.py:106} INFO - 	at org.apache.spark.deploy.SparkSubmit.doRunMain$1(SparkSubmit.scala:194)
[2026-03-09T06:19:57.405+0000] {subprocess.py:106} INFO - 	at org.apache.spark.deploy.SparkSubmit.submit(SparkSubmit.scala:217)
[2026-03-09T06:19:57.406+0000] {subprocess.py:106} INFO - 	at org.apache.spark.deploy.SparkSubmit.doSubmit(SparkSubmit.scala:91)
[2026-03-09T06:19:57.407+0000] {subprocess.py:106} INFO - 	at org.apache.spark.deploy.SparkSubmit$$anon$2.doSubmit(SparkSubmit.scala:1120)
[2026-03-09T06:19:57.408+0000] {subprocess.py:106} INFO - 	at org.apache.spark.deploy.SparkSubmit$.main(SparkSubmit.scala:1129)
[2026-03-09T06:19:57.409+0000] {subprocess.py:106} INFO - 	at org.apache.spark.deploy.SparkSubmit.main(SparkSubmit.scala)
[2026-03-09T06:19:57.601+0000] {subprocess.py:106} INFO - Traceback (most recent call last):
[2026-03-09T06:19:57.604+0000] {subprocess.py:106} INFO -   File "/opt/***/src/processing/travel/process_reviews_spark.py", line 84, in <module>
[2026-03-09T06:19:57.638+0000] {subprocess.py:106} INFO -     main()
[2026-03-09T06:19:57.639+0000] {subprocess.py:106} INFO -   File "/opt/***/src/processing/travel/process_reviews_spark.py", line 24, in main
[2026-03-09T06:19:57.646+0000] {subprocess.py:106} INFO -     spark = create_spark_session()
[2026-03-09T06:19:57.648+0000] {subprocess.py:106} INFO -             ^^^^^^^^^^^^^^^^^^^^^^
[2026-03-09T06:19:57.649+0000] {subprocess.py:106} INFO -   File "/opt/***/src/processing/travel/process_reviews_spark.py", line 21, in create_spark_session
[2026-03-09T06:19:57.658+0000] {subprocess.py:106} INFO -     .getOrCreate()
[2026-03-09T06:19:57.660+0000] {subprocess.py:106} INFO -      ^^^^^^^^^^^^^
[2026-03-09T06:19:57.663+0000] {subprocess.py:106} INFO -   File "/home/***/.local/lib/python3.12/site-packages/pyspark/sql/session.py", line 497, in getOrCreate
[2026-03-09T06:19:57.665+0000] {subprocess.py:106} INFO -     sc = SparkContext.getOrCreate(sparkConf)
[2026-03-09T06:19:57.668+0000] {subprocess.py:106} INFO -          ^^^^^^^^^^^^^^^^^^^^^^^^^^^^^^^^^^^
[2026-03-09T06:19:57.669+0000] {subprocess.py:106} INFO -   File "/home/***/.local/lib/python3.12/site-packages/pyspark/context.py", line 515, in getOrCreate
[2026-03-09T06:19:57.672+0000] {subprocess.py:106} INFO -     SparkContext(conf=conf or SparkConf())
[2026-03-09T06:19:57.678+0000] {subprocess.py:106} INFO -   File "/home/***/.local/lib/python3.12/site-packages/pyspark/context.py", line 201, in __init__
[2026-03-09T06:19:57.679+0000] {subprocess.py:106} INFO -     SparkContext._ensure_initialized(self, gateway=gateway, conf=conf)
[2026-03-09T06:19:57.680+0000] {subprocess.py:106} INFO -   File "/home/***/.local/lib/python3.12/site-packages/pyspark/context.py", line 436, in _ensure_initialized
[2026-03-09T06:19:57.681+0000] {subprocess.py:106} INFO -     SparkContext._gateway = gateway or launch_gateway(conf)
[2026-03-09T06:19:57.682+0000] {subprocess.py:106} INFO -                                        ^^^^^^^^^^^^^^^^^^^^
[2026-03-09T06:19:57.683+0000] {subprocess.py:106} INFO -   File "/home/***/.local/lib/python3.12/site-packages/pyspark/java_gateway.py", line 107, in launch_gateway
[2026-03-09T06:19:57.684+0000] {subprocess.py:106} INFO -     raise PySparkRuntimeError(
[2026-03-09T06:19:57.684+0000] {subprocess.py:106} INFO - pyspark.errors.exceptions.base.PySparkRuntimeError: [JAVA_GATEWAY_EXITED] Java gateway process exited before sending its port number.
[2026-03-09T06:19:59.560+0000] {subprocess.py:110} INFO - Command exited with return code 1
[2026-03-09T06:20:01.097+0000] {taskinstance.py:3313} ERROR - Task failed with exception
Traceback (most recent call last):
  File "/home/airflow/.local/lib/python3.12/site-packages/airflow/models/taskinstance.py", line 768, in _execute_task
    result = _execute_callable(context=context, **execute_callable_kwargs)
             ^^^^^^^^^^^^^^^^^^^^^^^^^^^^^^^^^^^^^^^^^^^^^^^^^^^^^^^^^^^^^
  File "/home/airflow/.local/lib/python3.12/site-packages/airflow/models/taskinstance.py", line 734, in _execute_callable
    return ExecutionCallableRunner(
           ^^^^^^^^^^^^^^^^^^^^^^^^
  File "/home/airflow/.local/lib/python3.12/site-packages/airflow/utils/operator_helpers.py", line 252, in run
    return self.func(*args, **kwargs)
           ^^^^^^^^^^^^^^^^^^^^^^^^^^
  File "/home/airflow/.local/lib/python3.12/site-packages/airflow/models/baseoperator.py", line 424, in wrapper
    return func(self, *args, **kwargs)
           ^^^^^^^^^^^^^^^^^^^^^^^^^^^
  File "/home/airflow/.local/lib/python3.12/site-packages/airflow/operators/bash.py", line 276, in execute
    raise AirflowException(
airflow.exceptions.AirflowException: Bash command failed. The command returned a non-zero exit code 1.
[2026-03-09T06:20:01.321+0000] {taskinstance.py:1226} INFO - Marking task as UP_FOR_RETRY. dag_id=01_master_processing_pipeline, task_id=process_travel_data, run_id=scheduled__2026-03-08T00:00:00+00:00, execution_date=20260308T000000, start_date=20260309T061713, end_date=20260309T062001
[2026-03-09T06:20:01.691+0000] {taskinstance.py:341} INFO - ::group::Post task execution logs
[2026-03-09T06:20:01.703+0000] {standard_task_runner.py:124} ERROR - Failed to execute job 30 for task process_travel_data (Bash command failed. The command returned a non-zero exit code 1.; 186)
Traceback (most recent call last):
  File "/home/airflow/.local/lib/python3.12/site-packages/airflow/task/task_runner/standard_task_runner.py", line 117, in _start_by_fork
    ret = args.func(args, dag=self.dag)
          ^^^^^^^^^^^^^^^^^^^^^^^^^^^^^
  File "/home/airflow/.local/lib/python3.12/site-packages/airflow/cli/cli_config.py", line 49, in command
    return func(*args, **kwargs)
           ^^^^^^^^^^^^^^^^^^^^^
  File "/home/airflow/.local/lib/python3.12/site-packages/airflow/utils/cli.py", line 116, in wrapper
    return f(*args, **kwargs)
           ^^^^^^^^^^^^^^^^^^
  File "/home/airflow/.local/lib/python3.12/site-packages/airflow/cli/commands/task_command.py", line 483, in task_run
    task_return_code = _run_task_by_selected_method(args, _dag, ti)
                       ^^^^^^^^^^^^^^^^^^^^^^^^^^^^^^^^^^^^^^^^^^^^
  File "/home/airflow/.local/lib/python3.12/site-packages/airflow/cli/commands/task_command.py", line 256, in _run_task_by_selected_method
    return _run_raw_task(args, ti)
           ^^^^^^^^^^^^^^^^^^^^^^^
  File "/home/airflow/.local/lib/python3.12/site-packages/airflow/cli/commands/task_command.py", line 341, in _run_raw_task
    return ti._run_raw_task(
           ^^^^^^^^^^^^^^^^^
  File "/home/airflow/.local/lib/python3.12/site-packages/airflow/utils/session.py", line 97, in wrapper
    return func(*args, session=session, **kwargs)
           ^^^^^^^^^^^^^^^^^^^^^^^^^^^^^^^^^^^^^^
  File "/home/airflow/.local/lib/python3.12/site-packages/airflow/models/taskinstance.py", line 3006, in _run_raw_task
    return _run_raw_task(
           ^^^^^^^^^^^^^^
  File "/home/airflow/.local/lib/python3.12/site-packages/airflow/models/taskinstance.py", line 274, in _run_raw_task
    TaskInstance._execute_task_with_callbacks(
  File "/home/airflow/.local/lib/python3.12/site-packages/airflow/models/taskinstance.py", line 3161, in _execute_task_with_callbacks
    result = self._execute_task(context, task_orig)
             ^^^^^^^^^^^^^^^^^^^^^^^^^^^^^^^^^^^^^^
  File "/home/airflow/.local/lib/python3.12/site-packages/airflow/models/taskinstance.py", line 3185, in _execute_task
    return _execute_task(self, context, task_orig)
           ^^^^^^^^^^^^^^^^^^^^^^^^^^^^^^^^^^^^^^^
  File "/home/airflow/.local/lib/python3.12/site-packages/airflow/models/taskinstance.py", line 768, in _execute_task
    result = _execute_callable(context=context, **execute_callable_kwargs)
             ^^^^^^^^^^^^^^^^^^^^^^^^^^^^^^^^^^^^^^^^^^^^^^^^^^^^^^^^^^^^^
  File "/home/airflow/.local/lib/python3.12/site-packages/airflow/models/taskinstance.py", line 734, in _execute_callable
    return ExecutionCallableRunner(
           ^^^^^^^^^^^^^^^^^^^^^^^^
  File "/home/airflow/.local/lib/python3.12/site-packages/airflow/utils/operator_helpers.py", line 252, in run
    return self.func(*args, **kwargs)
           ^^^^^^^^^^^^^^^^^^^^^^^^^^
  File "/home/airflow/.local/lib/python3.12/site-packages/airflow/models/baseoperator.py", line 424, in wrapper
    return func(self, *args, **kwargs)
           ^^^^^^^^^^^^^^^^^^^^^^^^^^^
  File "/home/airflow/.local/lib/python3.12/site-packages/airflow/operators/bash.py", line 276, in execute
    raise AirflowException(
airflow.exceptions.AirflowException: Bash command failed. The command returned a non-zero exit code 1.
[2026-03-09T06:20:01.804+0000] {local_task_job_runner.py:266} INFO - Task exited with return code 1
[2026-03-09T06:20:02.076+0000] {taskinstance.py:3901} INFO - 0 downstream tasks scheduled from follow-on schedule check
[2026-03-09T06:20:02.080+0000] {local_task_job_runner.py:245} INFO - ::endgroup::
