[2026-03-06T07:27:59.358+0000] {local_task_job_runner.py:123} INFO - ::group::Pre task execution logs
[2026-03-06T07:27:59.390+0000] {taskinstance.py:2614} INFO - Dependencies all met for dep_context=non-requeueable deps ti=<TaskInstance: 01_master_processing_pipeline.process_travel_data manual__2026-03-06T07:27:55.697153+00:00 [queued]>
[2026-03-06T07:27:59.408+0000] {taskinstance.py:2614} INFO - Dependencies all met for dep_context=requeueable deps ti=<TaskInstance: 01_master_processing_pipeline.process_travel_data manual__2026-03-06T07:27:55.697153+00:00 [queued]>
[2026-03-06T07:27:59.410+0000] {taskinstance.py:2867} INFO - Starting attempt 1 of 2
[2026-03-06T07:27:59.429+0000] {taskinstance.py:2890} INFO - Executing <Task(SparkSubmitOperator): process_travel_data> on 2026-03-06 07:27:55.697153+00:00
[2026-03-06T07:27:59.438+0000] {standard_task_runner.py:104} INFO - Running: ['***', 'tasks', 'run', '01_master_processing_pipeline', 'process_travel_data', 'manual__2026-03-06T07:27:55.697153+00:00', '--job-id', '12', '--raw', '--subdir', 'DAGS_FOLDER/master_processing_dag.py', '--cfg-path', '/tmp/tmpzm496_4_']
[2026-03-06T07:27:59.441+0000] {standard_task_runner.py:105} INFO - Job 12: Subtask process_travel_data
[2026-03-06T07:27:59.441+0000] {logging_mixin.py:190} WARNING - /home/***/.local/lib/python3.12/site-packages/***/task/task_runner/standard_task_runner.py:70 DeprecationWarning: This process (pid=728) is multi-threaded, use of fork() may lead to deadlocks in the child.
[2026-03-06T07:27:59.442+0000] {standard_task_runner.py:72} INFO - Started process 729 to run task
[2026-03-06T07:27:59.522+0000] {task_command.py:467} INFO - Running <TaskInstance: 01_master_processing_pipeline.process_travel_data manual__2026-03-06T07:27:55.697153+00:00 [running]> on host eb669c802a68
[2026-03-06T07:27:59.618+0000] {taskinstance.py:3134} INFO - Exporting env vars: AIRFLOW_CTX_DAG_OWNER='khang_data_guy' AIRFLOW_CTX_DAG_ID='01_master_processing_pipeline' AIRFLOW_CTX_TASK_ID='process_travel_data' AIRFLOW_CTX_EXECUTION_DATE='2026-03-06T07:27:55.697153+00:00' AIRFLOW_CTX_TRY_NUMBER='1' AIRFLOW_CTX_DAG_RUN_ID='manual__2026-03-06T07:27:55.697153+00:00'
[2026-03-06T07:27:59.619+0000] {taskinstance.py:732} INFO - ::endgroup::
[2026-03-06T07:27:59.665+0000] {base.py:84} INFO - Retrieving connection 'spark_default'
[2026-03-06T07:27:59.671+0000] {spark_submit.py:328} ERROR - Failed to decode base64 keytab: Invalid base64-encoded string: number of data characters (5) cannot be 1 more than a multiple of 4
[2026-03-06T07:27:59.672+0000] {spark_submit.py:305} INFO - Could not load connection string spark_default, defaulting to spark://spark-master:7077
[2026-03-06T07:27:59.673+0000] {spark_submit.py:474} INFO - Spark-Submit cmd: spark-submit --master spark://spark-master:7077 --conf spark.driver.memory=1g --conf spark.executor.memory=1g --name Travel_Processing_Job --verbose --deploy-mode client /opt/***/src/processing/travel/process_reviews_spark.py
[2026-03-06T07:28:02.372+0000] {spark_submit.py:644} INFO - Using properties file: null
[2026-03-06T07:28:02.505+0000] {spark_submit.py:644} INFO - Parsed arguments:
[2026-03-06T07:28:02.506+0000] {spark_submit.py:644} INFO - master                  spark://spark-master:7077
[2026-03-06T07:28:02.507+0000] {spark_submit.py:644} INFO - remote                  null
[2026-03-06T07:28:02.508+0000] {spark_submit.py:644} INFO - deployMode              client
[2026-03-06T07:28:02.509+0000] {spark_submit.py:644} INFO - executorMemory          1g
[2026-03-06T07:28:02.509+0000] {spark_submit.py:644} INFO - executorCores           null
[2026-03-06T07:28:02.510+0000] {spark_submit.py:644} INFO - totalExecutorCores      null
[2026-03-06T07:28:02.511+0000] {spark_submit.py:644} INFO - propertiesFile          null
[2026-03-06T07:28:02.511+0000] {spark_submit.py:644} INFO - driverMemory            1g
[2026-03-06T07:28:02.512+0000] {spark_submit.py:644} INFO - driverCores             null
[2026-03-06T07:28:02.513+0000] {spark_submit.py:644} INFO - driverExtraClassPath    null
[2026-03-06T07:28:02.514+0000] {spark_submit.py:644} INFO - driverExtraLibraryPath  null
[2026-03-06T07:28:02.514+0000] {spark_submit.py:644} INFO - driverExtraJavaOptions  null
[2026-03-06T07:28:02.515+0000] {spark_submit.py:644} INFO - supervise               false
[2026-03-06T07:28:02.515+0000] {spark_submit.py:644} INFO - queue                   null
[2026-03-06T07:28:02.516+0000] {spark_submit.py:644} INFO - numExecutors            null
[2026-03-06T07:28:02.516+0000] {spark_submit.py:644} INFO - files                   null
[2026-03-06T07:28:02.517+0000] {spark_submit.py:644} INFO - pyFiles                 null
[2026-03-06T07:28:02.517+0000] {spark_submit.py:644} INFO - archives                null
[2026-03-06T07:28:02.518+0000] {spark_submit.py:644} INFO - mainClass               null
[2026-03-06T07:28:02.519+0000] {spark_submit.py:644} INFO - primaryResource         file:/opt/***/src/processing/travel/process_reviews_spark.py
[2026-03-06T07:28:02.519+0000] {spark_submit.py:644} INFO - name                    Travel_Processing_Job
[2026-03-06T07:28:02.520+0000] {spark_submit.py:644} INFO - childArgs               []
[2026-03-06T07:28:02.520+0000] {spark_submit.py:644} INFO - jars                    null
[2026-03-06T07:28:02.522+0000] {spark_submit.py:644} INFO - packages                null
[2026-03-06T07:28:02.523+0000] {spark_submit.py:644} INFO - packagesExclusions      null
[2026-03-06T07:28:02.524+0000] {spark_submit.py:644} INFO - repositories            null
[2026-03-06T07:28:02.526+0000] {spark_submit.py:644} INFO - verbose                 true
[2026-03-06T07:28:02.526+0000] {spark_submit.py:644} INFO - 
[2026-03-06T07:28:02.527+0000] {spark_submit.py:644} INFO - Spark properties used, including those specified through
[2026-03-06T07:28:02.528+0000] {spark_submit.py:644} INFO - --conf and those from the properties file null:
[2026-03-06T07:28:02.529+0000] {spark_submit.py:644} INFO - (spark.driver.memory,1g)
[2026-03-06T07:28:02.529+0000] {spark_submit.py:644} INFO - (spark.executor.memory,1g)
[2026-03-06T07:28:02.530+0000] {spark_submit.py:644} INFO - 
[2026-03-06T07:28:02.531+0000] {spark_submit.py:644} INFO - 
[2026-03-06T07:28:02.940+0000] {spark_submit.py:644} INFO - Main class:
[2026-03-06T07:28:02.941+0000] {spark_submit.py:644} INFO - org.apache.spark.deploy.PythonRunner
[2026-03-06T07:28:02.942+0000] {spark_submit.py:644} INFO - Arguments:
[2026-03-06T07:28:02.943+0000] {spark_submit.py:644} INFO - file:/opt/***/src/processing/travel/process_reviews_spark.py
[2026-03-06T07:28:02.943+0000] {spark_submit.py:644} INFO - null
[2026-03-06T07:28:02.944+0000] {spark_submit.py:644} INFO - Spark config:
[2026-03-06T07:28:02.944+0000] {spark_submit.py:644} INFO - (spark.app.name,Travel_Processing_Job)
[2026-03-06T07:28:02.945+0000] {spark_submit.py:644} INFO - (spark.app.submitTime,1772782082924)
[2026-03-06T07:28:02.945+0000] {spark_submit.py:644} INFO - (spark.driver.memory,1g)
[2026-03-06T07:28:02.946+0000] {spark_submit.py:644} INFO - (spark.executor.memory,1g)
[2026-03-06T07:28:02.946+0000] {spark_submit.py:644} INFO - (spark.master,spark://spark-master:7077)
[2026-03-06T07:28:02.947+0000] {spark_submit.py:644} INFO - (spark.submit.deployMode,client)
[2026-03-06T07:28:02.947+0000] {spark_submit.py:644} INFO - (spark.submit.pyFiles,)
[2026-03-06T07:28:02.948+0000] {spark_submit.py:644} INFO - Classpath elements:
[2026-03-06T07:28:02.949+0000] {spark_submit.py:644} INFO - 
[2026-03-06T07:28:02.949+0000] {spark_submit.py:644} INFO - 
[2026-03-06T07:28:02.950+0000] {spark_submit.py:644} INFO - 
[2026-03-06T07:28:06.799+0000] {spark_submit.py:644} INFO - 26/03/06 07:28:06 INFO SparkContext: Running Spark version 3.5.3
[2026-03-06T07:28:06.807+0000] {spark_submit.py:644} INFO - 26/03/06 07:28:06 INFO SparkContext: OS info Linux, 6.6.87.2-microsoft-standard-WSL2, amd64
[2026-03-06T07:28:06.808+0000] {spark_submit.py:644} INFO - 26/03/06 07:28:06 INFO SparkContext: Java version 17.0.17
[2026-03-06T07:28:07.110+0000] {spark_submit.py:644} INFO - 26/03/06 07:28:07 WARN NativeCodeLoader: Unable to load native-hadoop library for your platform... using builtin-java classes where applicable
[2026-03-06T07:28:07.432+0000] {spark_submit.py:644} INFO - 26/03/06 07:28:07 INFO ResourceUtils: ==============================================================
[2026-03-06T07:28:07.433+0000] {spark_submit.py:644} INFO - 26/03/06 07:28:07 INFO ResourceUtils: No custom resources configured for spark.driver.
[2026-03-06T07:28:07.434+0000] {spark_submit.py:644} INFO - 26/03/06 07:28:07 INFO ResourceUtils: ==============================================================
[2026-03-06T07:28:07.435+0000] {spark_submit.py:644} INFO - 26/03/06 07:28:07 INFO SparkContext: Submitted application: TravelReviewsProcessing
[2026-03-06T07:28:07.491+0000] {spark_submit.py:644} INFO - 26/03/06 07:28:07 INFO ResourceProfile: Default ResourceProfile created, executor resources: Map(memory -> name: memory, amount: 1024, script: , vendor: , offHeap -> name: offHeap, amount: 0, script: , vendor: ), task resources: Map(cpus -> name: cpus, amount: 1.0)
[2026-03-06T07:28:07.513+0000] {spark_submit.py:644} INFO - 26/03/06 07:28:07 INFO ResourceProfile: Limiting resource is cpu
[2026-03-06T07:28:07.514+0000] {spark_submit.py:644} INFO - 26/03/06 07:28:07 INFO ResourceProfileManager: Added ResourceProfile id: 0
[2026-03-06T07:28:07.709+0000] {spark_submit.py:644} INFO - 26/03/06 07:28:07 INFO SecurityManager: Changing view acls to: ***
[2026-03-06T07:28:07.710+0000] {spark_submit.py:644} INFO - 26/03/06 07:28:07 INFO SecurityManager: Changing modify acls to: ***
[2026-03-06T07:28:07.711+0000] {spark_submit.py:644} INFO - 26/03/06 07:28:07 INFO SecurityManager: Changing view acls groups to:
[2026-03-06T07:28:07.712+0000] {spark_submit.py:644} INFO - 26/03/06 07:28:07 INFO SecurityManager: Changing modify acls groups to:
[2026-03-06T07:28:07.713+0000] {spark_submit.py:644} INFO - 26/03/06 07:28:07 INFO SecurityManager: SecurityManager: authentication disabled; ui acls disabled; users with view permissions: ***; groups with view permissions: EMPTY; users with modify permissions: ***; groups with modify permissions: EMPTY
[2026-03-06T07:28:08.325+0000] {spark_submit.py:644} INFO - 26/03/06 07:28:08 INFO Utils: Successfully started service 'sparkDriver' on port 41781.
[2026-03-06T07:28:08.405+0000] {spark_submit.py:644} INFO - 26/03/06 07:28:08 INFO SparkEnv: Registering MapOutputTracker
[2026-03-06T07:28:08.487+0000] {spark_submit.py:644} INFO - 26/03/06 07:28:08 INFO SparkEnv: Registering BlockManagerMaster
[2026-03-06T07:28:08.512+0000] {spark_submit.py:644} INFO - 26/03/06 07:28:08 INFO BlockManagerMasterEndpoint: Using org.apache.spark.storage.DefaultTopologyMapper for getting topology information
[2026-03-06T07:28:08.513+0000] {spark_submit.py:644} INFO - 26/03/06 07:28:08 INFO BlockManagerMasterEndpoint: BlockManagerMasterEndpoint up
[2026-03-06T07:28:08.523+0000] {spark_submit.py:644} INFO - 26/03/06 07:28:08 INFO SparkEnv: Registering BlockManagerMasterHeartbeat
[2026-03-06T07:28:08.577+0000] {spark_submit.py:644} INFO - 26/03/06 07:28:08 INFO DiskBlockManager: Created local directory at /tmp/blockmgr-e372c750-005b-41cb-ad00-57cf26bbda0d
[2026-03-06T07:28:08.606+0000] {spark_submit.py:644} INFO - 26/03/06 07:28:08 INFO MemoryStore: MemoryStore started with capacity 434.4 MiB
[2026-03-06T07:28:08.642+0000] {spark_submit.py:644} INFO - 26/03/06 07:28:08 INFO SparkEnv: Registering OutputCommitCoordinator
[2026-03-06T07:28:08.932+0000] {spark_submit.py:644} INFO - 26/03/06 07:28:08 INFO JettyUtils: Start Jetty 0.0.0.0:4040 for SparkUI
[2026-03-06T07:28:09.057+0000] {spark_submit.py:644} INFO - 26/03/06 07:28:09 INFO Utils: Successfully started service 'SparkUI' on port 4040.
[2026-03-06T07:28:09.318+0000] {spark_submit.py:644} INFO - 26/03/06 07:28:09 INFO StandaloneAppClient$ClientEndpoint: Connecting to master spark://spark-master:7077...
[2026-03-06T07:28:09.424+0000] {spark_submit.py:644} INFO - 26/03/06 07:28:09 INFO TransportClientFactory: Successfully created connection to spark-master/172.18.0.3:7077 after 59 ms (0 ms spent in bootstraps)
[2026-03-06T07:28:09.927+0000] {spark_submit.py:644} INFO - 26/03/06 07:28:09 INFO StandaloneSchedulerBackend: Connected to Spark cluster with app ID app-20260306072809-0002
[2026-03-06T07:28:09.944+0000] {spark_submit.py:644} INFO - 26/03/06 07:28:09 INFO Utils: Successfully started service 'org.apache.spark.network.netty.NettyBlockTransferService' on port 39367.
[2026-03-06T07:28:09.944+0000] {spark_submit.py:644} INFO - 26/03/06 07:28:09 INFO NettyBlockTransferService: Server created on eb669c802a68:39367
[2026-03-06T07:28:09.947+0000] {spark_submit.py:644} INFO - 26/03/06 07:28:09 INFO BlockManager: Using org.apache.spark.storage.RandomBlockReplicationPolicy for block replication policy
[2026-03-06T07:28:09.958+0000] {spark_submit.py:644} INFO - 26/03/06 07:28:09 INFO BlockManagerMaster: Registering BlockManager BlockManagerId(driver, eb669c802a68, 39367, None)
[2026-03-06T07:28:09.964+0000] {spark_submit.py:644} INFO - 26/03/06 07:28:09 INFO BlockManagerMasterEndpoint: Registering block manager eb669c802a68:39367 with 434.4 MiB RAM, BlockManagerId(driver, eb669c802a68, 39367, None)
[2026-03-06T07:28:09.964+0000] {spark_submit.py:644} INFO - 26/03/06 07:28:09 INFO StandaloneAppClient$ClientEndpoint: Executor added: app-20260306072809-0002/0 on worker-20260306071429-172.18.0.5-36475 (172.18.0.5:36475) with 2 core(s)
[2026-03-06T07:28:09.968+0000] {spark_submit.py:644} INFO - 26/03/06 07:28:09 INFO StandaloneSchedulerBackend: Granted executor ID app-20260306072809-0002/0 on hostPort 172.18.0.5:36475 with 2 core(s), 1024.0 MiB RAM
[2026-03-06T07:28:09.969+0000] {spark_submit.py:644} INFO - 26/03/06 07:28:09 INFO BlockManagerMaster: Registered BlockManager BlockManagerId(driver, eb669c802a68, 39367, None)
[2026-03-06T07:28:09.971+0000] {spark_submit.py:644} INFO - 26/03/06 07:28:09 INFO BlockManager: Initialized BlockManager: BlockManagerId(driver, eb669c802a68, 39367, None)
[2026-03-06T07:28:10.417+0000] {spark_submit.py:644} INFO - 26/03/06 07:28:10 INFO StandaloneSchedulerBackend: SchedulerBackend is ready for scheduling beginning after reached minRegisteredResourcesRatio: 0.0
[2026-03-06T07:28:10.890+0000] {spark_submit.py:644} INFO - 🚀 Bắt đầu xử lý dữ liệu với Spark...
[2026-03-06T07:28:10.891+0000] {spark_submit.py:644} INFO - 📂 Đang đọc dữ liệu từ: s3a://social-trend-lake/raw/travel/reviews/*.json
[2026-03-06T07:28:12.913+0000] {spark_submit.py:644} INFO - 26/03/06 07:28:12 WARN FileStreamSink: Assume no metadata directory. Error while looking for metadata directory in the path: s3a://social-trend-lake/raw/travel/reviews/*.json.
[2026-03-06T07:28:12.915+0000] {spark_submit.py:644} INFO - java.lang.RuntimeException: java.lang.ClassNotFoundException: Class org.apache.hadoop.fs.s3a.S3AFileSystem not found
[2026-03-06T07:28:12.915+0000] {spark_submit.py:644} INFO - at org.apache.hadoop.conf.Configuration.getClass(Configuration.java:2688)
[2026-03-06T07:28:12.916+0000] {spark_submit.py:644} INFO - at org.apache.hadoop.fs.FileSystem.getFileSystemClass(FileSystem.java:3431)
[2026-03-06T07:28:12.917+0000] {spark_submit.py:644} INFO - at org.apache.hadoop.fs.FileSystem.createFileSystem(FileSystem.java:3466)
[2026-03-06T07:28:12.917+0000] {spark_submit.py:644} INFO - at org.apache.hadoop.fs.FileSystem.access$300(FileSystem.java:174)
[2026-03-06T07:28:12.918+0000] {spark_submit.py:644} INFO - at org.apache.hadoop.fs.FileSystem$Cache.getInternal(FileSystem.java:3574)
[2026-03-06T07:28:12.919+0000] {spark_submit.py:644} INFO - at org.apache.hadoop.fs.FileSystem$Cache.get(FileSystem.java:3521)
[2026-03-06T07:28:12.919+0000] {spark_submit.py:644} INFO - at org.apache.hadoop.fs.FileSystem.get(FileSystem.java:540)
[2026-03-06T07:28:12.920+0000] {spark_submit.py:644} INFO - at org.apache.hadoop.fs.Path.getFileSystem(Path.java:365)
[2026-03-06T07:28:12.921+0000] {spark_submit.py:644} INFO - at org.apache.spark.sql.execution.streaming.FileStreamSink$.hasMetadata(FileStreamSink.scala:53)
[2026-03-06T07:28:12.921+0000] {spark_submit.py:644} INFO - at org.apache.spark.sql.execution.datasources.DataSource.resolveRelation(DataSource.scala:366)
[2026-03-06T07:28:12.922+0000] {spark_submit.py:644} INFO - at org.apache.spark.sql.DataFrameReader.loadV1Source(DataFrameReader.scala:229)
[2026-03-06T07:28:12.924+0000] {spark_submit.py:644} INFO - at org.apache.spark.sql.DataFrameReader.$anonfun$load$2(DataFrameReader.scala:211)
[2026-03-06T07:28:12.925+0000] {spark_submit.py:644} INFO - at scala.Option.getOrElse(Option.scala:189)
[2026-03-06T07:28:12.925+0000] {spark_submit.py:644} INFO - at org.apache.spark.sql.DataFrameReader.load(DataFrameReader.scala:211)
[2026-03-06T07:28:12.927+0000] {spark_submit.py:644} INFO - at org.apache.spark.sql.DataFrameReader.json(DataFrameReader.scala:362)
[2026-03-06T07:28:12.928+0000] {spark_submit.py:644} INFO - at java.base/jdk.internal.reflect.NativeMethodAccessorImpl.invoke0(Native Method)
[2026-03-06T07:28:12.929+0000] {spark_submit.py:644} INFO - at java.base/jdk.internal.reflect.NativeMethodAccessorImpl.invoke(NativeMethodAccessorImpl.java:77)
[2026-03-06T07:28:12.929+0000] {spark_submit.py:644} INFO - at java.base/jdk.internal.reflect.DelegatingMethodAccessorImpl.invoke(DelegatingMethodAccessorImpl.java:43)
[2026-03-06T07:28:12.930+0000] {spark_submit.py:644} INFO - at java.base/java.lang.reflect.Method.invoke(Method.java:569)
[2026-03-06T07:28:12.930+0000] {spark_submit.py:644} INFO - at py4j.reflection.MethodInvoker.invoke(MethodInvoker.java:244)
[2026-03-06T07:28:12.931+0000] {spark_submit.py:644} INFO - at py4j.reflection.ReflectionEngine.invoke(ReflectionEngine.java:374)
[2026-03-06T07:28:12.931+0000] {spark_submit.py:644} INFO - at py4j.Gateway.invoke(Gateway.java:282)
[2026-03-06T07:28:12.932+0000] {spark_submit.py:644} INFO - at py4j.commands.AbstractCommand.invokeMethod(AbstractCommand.java:132)
[2026-03-06T07:28:12.932+0000] {spark_submit.py:644} INFO - at py4j.commands.CallCommand.execute(CallCommand.java:79)
[2026-03-06T07:28:12.933+0000] {spark_submit.py:644} INFO - at py4j.ClientServerConnection.waitForCommands(ClientServerConnection.java:182)
[2026-03-06T07:28:12.933+0000] {spark_submit.py:644} INFO - at py4j.ClientServerConnection.run(ClientServerConnection.java:106)
[2026-03-06T07:28:12.934+0000] {spark_submit.py:644} INFO - at java.base/java.lang.Thread.run(Thread.java:840)
[2026-03-06T07:28:12.934+0000] {spark_submit.py:644} INFO - Caused by: java.lang.ClassNotFoundException: Class org.apache.hadoop.fs.s3a.S3AFileSystem not found
[2026-03-06T07:28:12.935+0000] {spark_submit.py:644} INFO - at org.apache.hadoop.conf.Configuration.getClassByName(Configuration.java:2592)
[2026-03-06T07:28:12.936+0000] {spark_submit.py:644} INFO - at org.apache.hadoop.conf.Configuration.getClass(Configuration.java:2686)
[2026-03-06T07:28:12.936+0000] {spark_submit.py:644} INFO - ... 26 more
[2026-03-06T07:28:13.002+0000] {spark_submit.py:644} INFO - Traceback (most recent call last):
[2026-03-06T07:28:13.004+0000] {spark_submit.py:644} INFO - File "/opt/***/src/processing/travel/process_reviews_spark.py", line 83, in <module>
[2026-03-06T07:28:13.014+0000] {spark_submit.py:644} INFO - main()
[2026-03-06T07:28:13.015+0000] {spark_submit.py:644} INFO - File "/opt/***/src/processing/travel/process_reviews_spark.py", line 45, in main
[2026-03-06T07:28:13.019+0000] {spark_submit.py:644} INFO - .json(raw_path)
[2026-03-06T07:28:13.020+0000] {spark_submit.py:644} INFO - ^^^^^^^^^^^^^^
[2026-03-06T07:28:13.021+0000] {spark_submit.py:644} INFO - File "/home/***/.local/lib/python3.12/site-packages/pyspark/python/lib/pyspark.zip/pyspark/sql/readwriter.py", line 425, in json
[2026-03-06T07:28:13.022+0000] {spark_submit.py:644} INFO - File "/home/***/.local/lib/python3.12/site-packages/pyspark/python/lib/py4j-0.10.9.7-src.zip/py4j/java_gateway.py", line 1322, in __call__
[2026-03-06T07:28:13.024+0000] {spark_submit.py:644} INFO - File "/home/***/.local/lib/python3.12/site-packages/pyspark/python/lib/pyspark.zip/pyspark/errors/exceptions/captured.py", line 179, in deco
[2026-03-06T07:28:13.026+0000] {spark_submit.py:644} INFO - File "/home/***/.local/lib/python3.12/site-packages/pyspark/python/lib/py4j-0.10.9.7-src.zip/py4j/protocol.py", line 326, in get_return_value
[2026-03-06T07:28:13.030+0000] {spark_submit.py:644} INFO - py4j.protocol.Py4JJavaError: An error occurred while calling o46.json.
[2026-03-06T07:28:13.035+0000] {spark_submit.py:644} INFO - : java.lang.RuntimeException: java.lang.ClassNotFoundException: Class org.apache.hadoop.fs.s3a.S3AFileSystem not found
[2026-03-06T07:28:13.036+0000] {spark_submit.py:644} INFO - at org.apache.hadoop.conf.Configuration.getClass(Configuration.java:2688)
[2026-03-06T07:28:13.037+0000] {spark_submit.py:644} INFO - at org.apache.hadoop.fs.FileSystem.getFileSystemClass(FileSystem.java:3431)
[2026-03-06T07:28:13.038+0000] {spark_submit.py:644} INFO - at org.apache.hadoop.fs.FileSystem.createFileSystem(FileSystem.java:3466)
[2026-03-06T07:28:13.038+0000] {spark_submit.py:644} INFO - at org.apache.hadoop.fs.FileSystem.access$300(FileSystem.java:174)
[2026-03-06T07:28:13.039+0000] {spark_submit.py:644} INFO - at org.apache.hadoop.fs.FileSystem$Cache.getInternal(FileSystem.java:3574)
[2026-03-06T07:28:13.040+0000] {spark_submit.py:644} INFO - at org.apache.hadoop.fs.FileSystem$Cache.get(FileSystem.java:3521)
[2026-03-06T07:28:13.041+0000] {spark_submit.py:644} INFO - at org.apache.hadoop.fs.FileSystem.get(FileSystem.java:540)
[2026-03-06T07:28:13.042+0000] {spark_submit.py:644} INFO - at org.apache.hadoop.fs.Path.getFileSystem(Path.java:365)
[2026-03-06T07:28:13.043+0000] {spark_submit.py:644} INFO - at org.apache.spark.sql.execution.datasources.DataSource$.$anonfun$checkAndGlobPathIfNecessary$1(DataSource.scala:724)
[2026-03-06T07:28:13.043+0000] {spark_submit.py:644} INFO - at scala.collection.immutable.List.map(List.scala:293)
[2026-03-06T07:28:13.044+0000] {spark_submit.py:644} INFO - at org.apache.spark.sql.execution.datasources.DataSource$.checkAndGlobPathIfNecessary(DataSource.scala:722)
[2026-03-06T07:28:13.045+0000] {spark_submit.py:644} INFO - at org.apache.spark.sql.execution.datasources.DataSource.checkAndGlobPathIfNecessary(DataSource.scala:551)
[2026-03-06T07:28:13.045+0000] {spark_submit.py:644} INFO - at org.apache.spark.sql.execution.datasources.DataSource.resolveRelation(DataSource.scala:404)
[2026-03-06T07:28:13.046+0000] {spark_submit.py:644} INFO - at org.apache.spark.sql.DataFrameReader.loadV1Source(DataFrameReader.scala:229)
[2026-03-06T07:28:13.046+0000] {spark_submit.py:644} INFO - at org.apache.spark.sql.DataFrameReader.$anonfun$load$2(DataFrameReader.scala:211)
[2026-03-06T07:28:13.047+0000] {spark_submit.py:644} INFO - at scala.Option.getOrElse(Option.scala:189)
[2026-03-06T07:28:13.047+0000] {spark_submit.py:644} INFO - at org.apache.spark.sql.DataFrameReader.load(DataFrameReader.scala:211)
[2026-03-06T07:28:13.048+0000] {spark_submit.py:644} INFO - at org.apache.spark.sql.DataFrameReader.json(DataFrameReader.scala:362)
[2026-03-06T07:28:13.048+0000] {spark_submit.py:644} INFO - at java.base/jdk.internal.reflect.NativeMethodAccessorImpl.invoke0(Native Method)
[2026-03-06T07:28:13.048+0000] {spark_submit.py:644} INFO - at java.base/jdk.internal.reflect.NativeMethodAccessorImpl.invoke(NativeMethodAccessorImpl.java:77)
[2026-03-06T07:28:13.049+0000] {spark_submit.py:644} INFO - at java.base/jdk.internal.reflect.DelegatingMethodAccessorImpl.invoke(DelegatingMethodAccessorImpl.java:43)
[2026-03-06T07:28:13.049+0000] {spark_submit.py:644} INFO - at java.base/java.lang.reflect.Method.invoke(Method.java:569)
[2026-03-06T07:28:13.050+0000] {spark_submit.py:644} INFO - at py4j.reflection.MethodInvoker.invoke(MethodInvoker.java:244)
[2026-03-06T07:28:13.050+0000] {spark_submit.py:644} INFO - at py4j.reflection.ReflectionEngine.invoke(ReflectionEngine.java:374)
[2026-03-06T07:28:13.051+0000] {spark_submit.py:644} INFO - at py4j.Gateway.invoke(Gateway.java:282)
[2026-03-06T07:28:13.051+0000] {spark_submit.py:644} INFO - at py4j.commands.AbstractCommand.invokeMethod(AbstractCommand.java:132)
[2026-03-06T07:28:13.052+0000] {spark_submit.py:644} INFO - at py4j.commands.CallCommand.execute(CallCommand.java:79)
[2026-03-06T07:28:13.052+0000] {spark_submit.py:644} INFO - at py4j.ClientServerConnection.waitForCommands(ClientServerConnection.java:182)
[2026-03-06T07:28:13.053+0000] {spark_submit.py:644} INFO - at py4j.ClientServerConnection.run(ClientServerConnection.java:106)
[2026-03-06T07:28:13.053+0000] {spark_submit.py:644} INFO - at java.base/java.lang.Thread.run(Thread.java:840)
[2026-03-06T07:28:13.054+0000] {spark_submit.py:644} INFO - Caused by: java.lang.ClassNotFoundException: Class org.apache.hadoop.fs.s3a.S3AFileSystem not found
[2026-03-06T07:28:13.054+0000] {spark_submit.py:644} INFO - at org.apache.hadoop.conf.Configuration.getClassByName(Configuration.java:2592)
[2026-03-06T07:28:13.055+0000] {spark_submit.py:644} INFO - at org.apache.hadoop.conf.Configuration.getClass(Configuration.java:2686)
[2026-03-06T07:28:13.055+0000] {spark_submit.py:644} INFO - ... 29 more
[2026-03-06T07:28:13.056+0000] {spark_submit.py:644} INFO - 
[2026-03-06T07:28:13.350+0000] {taskinstance.py:3313} ERROR - Task failed with exception
Traceback (most recent call last):
  File "/home/airflow/.local/lib/python3.12/site-packages/airflow/models/taskinstance.py", line 768, in _execute_task
    result = _execute_callable(context=context, **execute_callable_kwargs)
             ^^^^^^^^^^^^^^^^^^^^^^^^^^^^^^^^^^^^^^^^^^^^^^^^^^^^^^^^^^^^^
  File "/home/airflow/.local/lib/python3.12/site-packages/airflow/models/taskinstance.py", line 734, in _execute_callable
    return ExecutionCallableRunner(
           ^^^^^^^^^^^^^^^^^^^^^^^^
  File "/home/airflow/.local/lib/python3.12/site-packages/airflow/utils/operator_helpers.py", line 252, in run
    return self.func(*args, **kwargs)
           ^^^^^^^^^^^^^^^^^^^^^^^^^^
  File "/home/airflow/.local/lib/python3.12/site-packages/airflow/models/baseoperator.py", line 424, in wrapper
    return func(self, *args, **kwargs)
           ^^^^^^^^^^^^^^^^^^^^^^^^^^^
  File "/home/airflow/.local/lib/python3.12/site-packages/airflow/providers/apache/spark/operators/spark_submit.py", line 197, in execute
    self._hook.submit(self.application)
  File "/home/airflow/.local/lib/python3.12/site-packages/airflow/providers/apache/spark/hooks/spark_submit.py", line 566, in submit
    raise AirflowException(
airflow.exceptions.AirflowException: Cannot execute: spark-submit --master spark://spark-master:7077 --conf spark.driver.memory=1g --conf spark.executor.memory=1g --name Travel_Processing_Job --verbose --deploy-mode client /opt/***/src/processing/travel/process_reviews_spark.py. Error code is: 1.
[2026-03-06T07:28:13.406+0000] {taskinstance.py:1226} INFO - Marking task as UP_FOR_RETRY. dag_id=01_master_processing_pipeline, task_id=process_travel_data, run_id=manual__2026-03-06T07:27:55.697153+00:00, execution_date=20260306T072755, start_date=20260306T072759, end_date=20260306T072813
[2026-03-06T07:28:13.523+0000] {taskinstance.py:341} INFO - ::group::Post task execution logs
[2026-03-06T07:28:13.524+0000] {standard_task_runner.py:124} ERROR - Failed to execute job 12 for task process_travel_data (Cannot execute: spark-submit --master spark://spark-master:7077 --conf spark.driver.memory=1g --conf spark.executor.memory=1g --name Travel_Processing_Job --verbose --deploy-mode client /opt/***/src/processing/travel/process_reviews_spark.py. Error code is: 1.; 729)
Traceback (most recent call last):
  File "/home/airflow/.local/lib/python3.12/site-packages/airflow/task/task_runner/standard_task_runner.py", line 117, in _start_by_fork
    ret = args.func(args, dag=self.dag)
          ^^^^^^^^^^^^^^^^^^^^^^^^^^^^^
  File "/home/airflow/.local/lib/python3.12/site-packages/airflow/cli/cli_config.py", line 49, in command
    return func(*args, **kwargs)
           ^^^^^^^^^^^^^^^^^^^^^
  File "/home/airflow/.local/lib/python3.12/site-packages/airflow/utils/cli.py", line 116, in wrapper
    return f(*args, **kwargs)
           ^^^^^^^^^^^^^^^^^^
  File "/home/airflow/.local/lib/python3.12/site-packages/airflow/cli/commands/task_command.py", line 483, in task_run
    task_return_code = _run_task_by_selected_method(args, _dag, ti)
                       ^^^^^^^^^^^^^^^^^^^^^^^^^^^^^^^^^^^^^^^^^^^^
  File "/home/airflow/.local/lib/python3.12/site-packages/airflow/cli/commands/task_command.py", line 256, in _run_task_by_selected_method
    return _run_raw_task(args, ti)
           ^^^^^^^^^^^^^^^^^^^^^^^
  File "/home/airflow/.local/lib/python3.12/site-packages/airflow/cli/commands/task_command.py", line 341, in _run_raw_task
    return ti._run_raw_task(
           ^^^^^^^^^^^^^^^^^
  File "/home/airflow/.local/lib/python3.12/site-packages/airflow/utils/session.py", line 97, in wrapper
    return func(*args, session=session, **kwargs)
           ^^^^^^^^^^^^^^^^^^^^^^^^^^^^^^^^^^^^^^
  File "/home/airflow/.local/lib/python3.12/site-packages/airflow/models/taskinstance.py", line 3006, in _run_raw_task
    return _run_raw_task(
           ^^^^^^^^^^^^^^
  File "/home/airflow/.local/lib/python3.12/site-packages/airflow/models/taskinstance.py", line 274, in _run_raw_task
    TaskInstance._execute_task_with_callbacks(
  File "/home/airflow/.local/lib/python3.12/site-packages/airflow/models/taskinstance.py", line 3161, in _execute_task_with_callbacks
    result = self._execute_task(context, task_orig)
             ^^^^^^^^^^^^^^^^^^^^^^^^^^^^^^^^^^^^^^
  File "/home/airflow/.local/lib/python3.12/site-packages/airflow/models/taskinstance.py", line 3185, in _execute_task
    return _execute_task(self, context, task_orig)
           ^^^^^^^^^^^^^^^^^^^^^^^^^^^^^^^^^^^^^^^
  File "/home/airflow/.local/lib/python3.12/site-packages/airflow/models/taskinstance.py", line 768, in _execute_task
    result = _execute_callable(context=context, **execute_callable_kwargs)
             ^^^^^^^^^^^^^^^^^^^^^^^^^^^^^^^^^^^^^^^^^^^^^^^^^^^^^^^^^^^^^
  File "/home/airflow/.local/lib/python3.12/site-packages/airflow/models/taskinstance.py", line 734, in _execute_callable
    return ExecutionCallableRunner(
           ^^^^^^^^^^^^^^^^^^^^^^^^
  File "/home/airflow/.local/lib/python3.12/site-packages/airflow/utils/operator_helpers.py", line 252, in run
    return self.func(*args, **kwargs)
           ^^^^^^^^^^^^^^^^^^^^^^^^^^
  File "/home/airflow/.local/lib/python3.12/site-packages/airflow/models/baseoperator.py", line 424, in wrapper
    return func(self, *args, **kwargs)
           ^^^^^^^^^^^^^^^^^^^^^^^^^^^
  File "/home/airflow/.local/lib/python3.12/site-packages/airflow/providers/apache/spark/operators/spark_submit.py", line 197, in execute
    self._hook.submit(self.application)
  File "/home/airflow/.local/lib/python3.12/site-packages/airflow/providers/apache/spark/hooks/spark_submit.py", line 566, in submit
    raise AirflowException(
airflow.exceptions.AirflowException: Cannot execute: spark-submit --master spark://spark-master:7077 --conf spark.driver.memory=1g --conf spark.executor.memory=1g --name Travel_Processing_Job --verbose --deploy-mode client /opt/***/src/processing/travel/process_reviews_spark.py. Error code is: 1.
[2026-03-06T07:28:13.566+0000] {local_task_job_runner.py:266} INFO - Task exited with return code 1
[2026-03-06T07:28:13.601+0000] {taskinstance.py:3901} INFO - 0 downstream tasks scheduled from follow-on schedule check
[2026-03-06T07:28:13.604+0000] {local_task_job_runner.py:245} INFO - ::endgroup::
