[2026-03-07T22:42:35.537+0000] {local_task_job_runner.py:123} INFO - ::group::Pre task execution logs
[2026-03-07T22:42:35.650+0000] {taskinstance.py:2614} INFO - Dependencies all met for dep_context=non-requeueable deps ti=<TaskInstance: 01_master_processing_pipeline.process_music_lifecycle scheduled__2026-03-06T00:00:00+00:00 [queued]>
[2026-03-07T22:42:35.681+0000] {taskinstance.py:2614} INFO - Dependencies all met for dep_context=requeueable deps ti=<TaskInstance: 01_master_processing_pipeline.process_music_lifecycle scheduled__2026-03-06T00:00:00+00:00 [queued]>
[2026-03-07T22:42:35.682+0000] {taskinstance.py:2867} INFO - Starting attempt 1 of 2
[2026-03-07T22:42:35.723+0000] {taskinstance.py:2890} INFO - Executing <Task(BashOperator): process_music_lifecycle> on 2026-03-06 00:00:00+00:00
[2026-03-07T22:42:35.755+0000] {standard_task_runner.py:104} INFO - Running: ['***', 'tasks', 'run', '01_master_processing_pipeline', 'process_music_lifecycle', 'scheduled__2026-03-06T00:00:00+00:00', '--job-id', '24', '--raw', '--subdir', 'DAGS_FOLDER/master_processing_dag.py', '--cfg-path', '/tmp/tmpvk5o6tb3']
[2026-03-07T22:42:35.771+0000] {logging_mixin.py:190} WARNING - /home/***/.local/lib/python3.12/site-packages/***/task/task_runner/standard_task_runner.py:70 DeprecationWarning: This process (pid=494) is multi-threaded, use of fork() may lead to deadlocks in the child.
[2026-03-07T22:42:35.773+0000] {standard_task_runner.py:105} INFO - Job 24: Subtask process_music_lifecycle
[2026-03-07T22:42:35.774+0000] {standard_task_runner.py:72} INFO - Started process 495 to run task
[2026-03-07T22:42:35.983+0000] {task_command.py:467} INFO - Running <TaskInstance: 01_master_processing_pipeline.process_music_lifecycle scheduled__2026-03-06T00:00:00+00:00 [running]> on host ca19d0b0f07a
[2026-03-07T22:42:36.248+0000] {taskinstance.py:3134} INFO - Exporting env vars: AIRFLOW_CTX_DAG_OWNER='khang_data_guy' AIRFLOW_CTX_DAG_ID='01_master_processing_pipeline' AIRFLOW_CTX_TASK_ID='process_music_lifecycle' AIRFLOW_CTX_EXECUTION_DATE='2026-03-06T00:00:00+00:00' AIRFLOW_CTX_TRY_NUMBER='1' AIRFLOW_CTX_DAG_RUN_ID='scheduled__2026-03-06T00:00:00+00:00'
[2026-03-07T22:42:36.253+0000] {taskinstance.py:732} INFO - ::endgroup::
[2026-03-07T22:42:36.360+0000] {subprocess.py:78} INFO - Tmp dir root location: /tmp
[2026-03-07T22:42:36.368+0000] {subprocess.py:88} INFO - Running command: ['/usr/bin/bash', '-c', '\n        export SPARK_HOME=/home/***/.local/lib/python3.12/site-packages/pyspark &&\n        python /opt/***/src/processing/music/process_music_spark.py\n        ']
[2026-03-07T22:42:36.389+0000] {subprocess.py:99} INFO - Output:
[2026-03-07T22:42:54.897+0000] {subprocess.py:106} INFO - :: loading settings :: url = jar:file:/home/***/.local/lib/python3.12/site-packages/pyspark/jars/ivy-2.5.1.jar!/org/apache/ivy/core/settings/ivysettings.xml
[2026-03-07T22:42:55.066+0000] {subprocess.py:106} INFO - Ivy Default Cache set to: /home/***/.ivy2/cache
[2026-03-07T22:42:55.068+0000] {subprocess.py:106} INFO - The jars for the packages stored in: /home/***/.ivy2/jars
[2026-03-07T22:42:55.072+0000] {subprocess.py:106} INFO - org.apache.hadoop#hadoop-aws added as a dependency
[2026-03-07T22:42:55.073+0000] {subprocess.py:106} INFO - com.amazonaws#aws-java-sdk-bundle added as a dependency
[2026-03-07T22:42:55.074+0000] {subprocess.py:106} INFO - :: resolving dependencies :: org.apache.spark#spark-submit-parent-87609aac-66bf-48d6-aa7c-27553417ef91;1.0
[2026-03-07T22:42:55.075+0000] {subprocess.py:106} INFO - 	confs: [default]
[2026-03-07T22:42:55.399+0000] {subprocess.py:106} INFO - 	found org.apache.hadoop#hadoop-aws;3.3.4 in central
[2026-03-07T22:42:55.444+0000] {subprocess.py:106} INFO - 	found com.amazonaws#aws-java-sdk-bundle;1.12.262 in central
[2026-03-07T22:42:55.506+0000] {subprocess.py:106} INFO - 	found org.wildfly.openssl#wildfly-openssl;1.0.7.Final in central
[2026-03-07T22:42:55.546+0000] {subprocess.py:106} INFO - :: resolution report :: resolve 451ms :: artifacts dl 20ms
[2026-03-07T22:42:55.547+0000] {subprocess.py:106} INFO - 	:: modules in use:
[2026-03-07T22:42:55.547+0000] {subprocess.py:106} INFO - 	com.amazonaws#aws-java-sdk-bundle;1.12.262 from central in [default]
[2026-03-07T22:42:55.548+0000] {subprocess.py:106} INFO - 	org.apache.hadoop#hadoop-aws;3.3.4 from central in [default]
[2026-03-07T22:42:55.549+0000] {subprocess.py:106} INFO - 	org.wildfly.openssl#wildfly-openssl;1.0.7.Final from central in [default]
[2026-03-07T22:42:55.549+0000] {subprocess.py:106} INFO - 	---------------------------------------------------------------------
[2026-03-07T22:42:55.549+0000] {subprocess.py:106} INFO - 	|                  |            modules            ||   artifacts   |
[2026-03-07T22:42:55.550+0000] {subprocess.py:106} INFO - 	|       conf       | number| search|dwnlded|evicted|| number|dwnlded|
[2026-03-07T22:42:55.550+0000] {subprocess.py:106} INFO - 	---------------------------------------------------------------------
[2026-03-07T22:42:55.551+0000] {subprocess.py:106} INFO - 	|      default     |   3   |   0   |   0   |   0   ||   3   |   0   |
[2026-03-07T22:42:55.551+0000] {subprocess.py:106} INFO - 	---------------------------------------------------------------------
[2026-03-07T22:42:55.556+0000] {subprocess.py:106} INFO - :: retrieving :: org.apache.spark#spark-submit-parent-87609aac-66bf-48d6-aa7c-27553417ef91
[2026-03-07T22:42:55.557+0000] {subprocess.py:106} INFO - 	confs: [default]
[2026-03-07T22:42:55.567+0000] {subprocess.py:106} INFO - 	0 artifacts copied, 3 already retrieved (0kB/11ms)
[2026-03-07T22:42:56.125+0000] {subprocess.py:106} INFO - 26/03/07 22:42:56 WARN NativeCodeLoader: Unable to load native-hadoop library for your platform... using builtin-java classes where applicable
[2026-03-07T22:42:56.464+0000] {subprocess.py:106} INFO - Setting default log level to "WARN".
[2026-03-07T22:42:56.464+0000] {subprocess.py:106} INFO - To adjust logging level use sc.setLogLevel(newLevel). For SparkR, use setLogLevel(newLevel).
[2026-03-07T22:43:24.824+0000] {subprocess.py:106} INFO - 26/03/07 22:43:24 ERROR Inbox: Ignoring error
[2026-03-07T22:43:24.828+0000] {subprocess.py:106} INFO - java.lang.NullPointerException: Cannot invoke "org.apache.spark.storage.BlockManagerId.executorId()" because "idWithoutTopologyInfo" is null
[2026-03-07T22:43:24.829+0000] {subprocess.py:106} INFO - 	at org.apache.spark.storage.BlockManagerMasterEndpoint.org$apache$spark$storage$BlockManagerMasterEndpoint$$register(BlockManagerMasterEndpoint.scala:677)
[2026-03-07T22:43:24.830+0000] {subprocess.py:106} INFO - 	at org.apache.spark.storage.BlockManagerMasterEndpoint$$anonfun$receiveAndReply$1.applyOrElse(BlockManagerMasterEndpoint.scala:133)
[2026-03-07T22:43:24.831+0000] {subprocess.py:106} INFO - 	at org.apache.spark.rpc.netty.Inbox.$anonfun$process$1(Inbox.scala:103)
[2026-03-07T22:43:24.831+0000] {subprocess.py:106} INFO - 	at org.apache.spark.rpc.netty.Inbox.safelyCall(Inbox.scala:213)
[2026-03-07T22:43:24.832+0000] {subprocess.py:106} INFO - 	at org.apache.spark.rpc.netty.Inbox.process(Inbox.scala:100)
[2026-03-07T22:43:24.833+0000] {subprocess.py:106} INFO - 	at org.apache.spark.rpc.netty.MessageLoop.org$apache$spark$rpc$netty$MessageLoop$$receiveLoop(MessageLoop.scala:75)
[2026-03-07T22:43:24.834+0000] {subprocess.py:106} INFO - 	at org.apache.spark.rpc.netty.MessageLoop$$anon$1.run(MessageLoop.scala:41)
[2026-03-07T22:43:24.834+0000] {subprocess.py:106} INFO - 	at java.base/java.util.concurrent.ThreadPoolExecutor.runWorker(ThreadPoolExecutor.java:1136)
[2026-03-07T22:43:24.835+0000] {subprocess.py:106} INFO - 	at java.base/java.util.concurrent.ThreadPoolExecutor$Worker.run(ThreadPoolExecutor.java:635)
[2026-03-07T22:43:24.835+0000] {subprocess.py:106} INFO - 	at java.base/java.lang.Thread.run(Thread.java:840)
[2026-03-07T22:43:24.836+0000] {subprocess.py:106} INFO - 26/03/07 22:43:24 WARN Executor: Issue communicating with driver in heartbeater
[2026-03-07T22:43:24.836+0000] {subprocess.py:106} INFO - org.apache.spark.SparkException: Exception thrown in awaitResult:
[2026-03-07T22:43:24.837+0000] {subprocess.py:106} INFO - 	at org.apache.spark.util.SparkThreadUtils$.awaitResult(SparkThreadUtils.scala:56)
[2026-03-07T22:43:24.837+0000] {subprocess.py:106} INFO - 	at org.apache.spark.util.ThreadUtils$.awaitResult(ThreadUtils.scala:310)
[2026-03-07T22:43:24.838+0000] {subprocess.py:106} INFO - 	at org.apache.spark.rpc.RpcTimeout.awaitResult(RpcTimeout.scala:75)
[2026-03-07T22:43:24.838+0000] {subprocess.py:106} INFO - 	at org.apache.spark.rpc.RpcEndpointRef.askSync(RpcEndpointRef.scala:101)
[2026-03-07T22:43:24.839+0000] {subprocess.py:106} INFO - 	at org.apache.spark.rpc.RpcEndpointRef.askSync(RpcEndpointRef.scala:85)
[2026-03-07T22:43:24.840+0000] {subprocess.py:106} INFO - 	at org.apache.spark.storage.BlockManagerMaster.registerBlockManager(BlockManagerMaster.scala:80)
[2026-03-07T22:43:24.840+0000] {subprocess.py:106} INFO - 	at org.apache.spark.storage.BlockManager.reregister(BlockManager.scala:642)
[2026-03-07T22:43:24.840+0000] {subprocess.py:106} INFO - 	at org.apache.spark.executor.Executor.reportHeartBeat(Executor.scala:1223)
[2026-03-07T22:43:24.841+0000] {subprocess.py:106} INFO - 	at org.apache.spark.executor.Executor.$anonfun$heartbeater$1(Executor.scala:295)
[2026-03-07T22:43:24.842+0000] {subprocess.py:106} INFO - 	at scala.runtime.java8.JFunction0$mcV$sp.apply(JFunction0$mcV$sp.java:23)
[2026-03-07T22:43:24.842+0000] {subprocess.py:106} INFO - 	at org.apache.spark.util.Utils$.logUncaughtExceptions(Utils.scala:1928)
[2026-03-07T22:43:24.842+0000] {subprocess.py:106} INFO - 	at org.apache.spark.Heartbeater$$anon$1.run(Heartbeater.scala:46)
[2026-03-07T22:43:24.843+0000] {subprocess.py:106} INFO - 	at java.base/java.util.concurrent.Executors$RunnableAdapter.call(Executors.java:539)
[2026-03-07T22:43:24.843+0000] {subprocess.py:106} INFO - 	at java.base/java.util.concurrent.FutureTask.runAndReset(FutureTask.java:305)
[2026-03-07T22:43:24.844+0000] {subprocess.py:106} INFO - 	at java.base/java.util.concurrent.ScheduledThreadPoolExecutor$ScheduledFutureTask.run(ScheduledThreadPoolExecutor.java:305)
[2026-03-07T22:43:24.844+0000] {subprocess.py:106} INFO - 	at java.base/java.util.concurrent.ThreadPoolExecutor.runWorker(ThreadPoolExecutor.java:1136)
[2026-03-07T22:43:24.845+0000] {subprocess.py:106} INFO - 	at java.base/java.util.concurrent.ThreadPoolExecutor$Worker.run(ThreadPoolExecutor.java:635)
[2026-03-07T22:43:24.845+0000] {subprocess.py:106} INFO - 	at java.base/java.lang.Thread.run(Thread.java:840)
[2026-03-07T22:43:24.846+0000] {subprocess.py:106} INFO - Caused by: java.lang.NullPointerException: Cannot invoke "org.apache.spark.storage.BlockManagerId.executorId()" because "idWithoutTopologyInfo" is null
[2026-03-07T22:43:24.846+0000] {subprocess.py:106} INFO - 	at org.apache.spark.storage.BlockManagerMasterEndpoint.org$apache$spark$storage$BlockManagerMasterEndpoint$$register(BlockManagerMasterEndpoint.scala:677)
[2026-03-07T22:43:24.846+0000] {subprocess.py:106} INFO - 	at org.apache.spark.storage.BlockManagerMasterEndpoint$$anonfun$receiveAndReply$1.applyOrElse(BlockManagerMasterEndpoint.scala:133)
[2026-03-07T22:43:24.847+0000] {subprocess.py:106} INFO - 	at org.apache.spark.rpc.netty.Inbox.$anonfun$process$1(Inbox.scala:103)
[2026-03-07T22:43:24.847+0000] {subprocess.py:106} INFO - 	at org.apache.spark.rpc.netty.Inbox.safelyCall(Inbox.scala:213)
[2026-03-07T22:43:24.848+0000] {subprocess.py:106} INFO - 	at org.apache.spark.rpc.netty.Inbox.process(Inbox.scala:100)
[2026-03-07T22:43:24.848+0000] {subprocess.py:106} INFO - 	at org.apache.spark.rpc.netty.MessageLoop.org$apache$spark$rpc$netty$MessageLoop$$receiveLoop(MessageLoop.scala:75)
[2026-03-07T22:43:24.848+0000] {subprocess.py:106} INFO - 	at org.apache.spark.rpc.netty.MessageLoop$$anon$1.run(MessageLoop.scala:41)
[2026-03-07T22:43:24.849+0000] {subprocess.py:106} INFO - 	... 3 more
[2026-03-07T22:43:27.947+0000] {subprocess.py:106} INFO - 26/03/07 22:43:27 WARN MetricsConfig: Cannot locate configuration: tried hadoop-metrics2-s3a-file-system.properties,hadoop-metrics2.properties
[2026-03-07T22:43:51.862+0000] {subprocess.py:106} INFO - [Stage 0:>                                                          (0 + 1) / 1]                                                                                [Stage 1:>                  (0 + 3) / 3][Stage 2:>                  (0 + 5) / 8][Stage 2:>                                                          (0 + 8) / 8]                                                                                [Stage 7:>                  (0 + 3) / 3][Stage 8:====>              (2 + 6) / 8][Stage 8:============================================>              (6 + 2) / 8]                                                                                [Stage 12:>                                                         (0 + 1) / 1]                                                                                🚀 [MUSIC MODULE] Bắt đầu hợp nhất và tính toán Lifecycle...
[2026-03-07T22:43:52.416+0000] {subprocess.py:106} INFO - ⏳ Đang đọc dữ liệu YouTube...
[2026-03-07T22:43:52.417+0000] {subprocess.py:106} INFO - ⏳ Đang đọc dữ liệu Facebook...
[2026-03-07T22:43:52.418+0000] {subprocess.py:106} INFO - ⏳ Đang đọc dữ liệu TikTok...
[2026-03-07T22:43:52.419+0000] {subprocess.py:106} INFO - 📊 [DATA UNIFIED] Dữ liệu hợp nhất:
[2026-03-07T22:43:52.420+0000] {subprocess.py:106} INFO - +--------+------------+-----------+----------------------------------------------------------------+
[2026-03-07T22:43:52.421+0000] {subprocess.py:106} INFO - |platform|topic_name  |buzz_volume|content                                                         |
[2026-03-07T22:43:52.422+0000] {subprocess.py:106} INFO - +--------+------------+-----------+----------------------------------------------------------------+
[2026-03-07T22:43:52.422+0000] {subprocess.py:106} INFO - |youtube |Sơn Tùng MTP|166372213  |SƠN TÙNG M-TP | ĐỪNG LÀM TRÁI TIM ANH ĐAU | OFFICIAL MUSIC VIDEO|
[2026-03-07T22:43:52.423+0000] {subprocess.py:106} INFO - |youtube |Sơn Tùng MTP|433838682  |NƠI NÀY CÓ ANH | OFFICIAL MUSIC VIDEO | SƠN TÙNG M-TP           |
[2026-03-07T22:43:52.424+0000] {subprocess.py:106} INFO - |youtube |Sơn Tùng MTP|111114923  |VIRAL CLIP - MỘT NĂM MỚI BÌNH AN | SƠN TÙNG M-TP                |
[2026-03-07T22:43:52.424+0000] {subprocess.py:106} INFO - |youtube |Sơn Tùng MTP|47240193   |Nắng Ấm Xa Dần - Sơn Tùng M-TP                                  |
[2026-03-07T22:43:52.425+0000] {subprocess.py:106} INFO - |youtube |Sơn Tùng MTP|168420349  |Buông Đôi Tay Nhau Ra | OFFICIAL MUSIC VIDEO | Sơn Tùng M-TP    |
[2026-03-07T22:43:52.425+0000] {subprocess.py:106} INFO - +--------+------------+-----------+----------------------------------------------------------------+
[2026-03-07T22:43:52.426+0000] {subprocess.py:106} INFO - only showing top 5 rows
[2026-03-07T22:43:52.427+0000] {subprocess.py:106} INFO - 
[2026-03-07T22:43:52.427+0000] {subprocess.py:106} INFO - 🧠 [BUSINESS LOGIC] Tính toán Lifecycle...
[2026-03-07T22:43:52.428+0000] {subprocess.py:106} INFO - ⚖️ [DECISION OUTPUT] Kết quả phân tích Vòng đời:
[2026-03-07T22:43:52.429+0000] {subprocess.py:106} INFO - +----------------+-----------------+----------+------------------+--------------------------+
[2026-03-07T22:43:52.429+0000] {subprocess.py:106} INFO - |topic_name      |total_buzz_volume|topic_type|lifecycle_decision|processed_at              |
[2026-03-07T22:43:52.430+0000] {subprocess.py:106} INFO - +----------------+-----------------+----------+------------------+--------------------------+
[2026-03-07T22:43:52.430+0000] {subprocess.py:106} INFO - |Sơn Tùng MTP    |1765650244       |Organic   |AUTO-EXTENDED     |2026-03-07 22:43:39.920996|
[2026-03-07T22:43:52.431+0000] {subprocess.py:106} INFO - |Du lịch Vũng Tàu|180000           |Client    |MONITORING        |2026-03-07 22:43:39.920996|
[2026-03-07T22:43:52.431+0000] {subprocess.py:106} INFO - +----------------+-----------------+----------+------------------+--------------------------+
[2026-03-07T22:43:52.432+0000] {subprocess.py:106} INFO - 
[2026-03-07T22:43:52.432+0000] {subprocess.py:106} INFO - 💾 [STORAGE] Đang lưu kết quả xuống Data Lake: s3a://social-trend-lake/silver/music/lifecycle_report/
[2026-03-07T22:43:52.433+0000] {subprocess.py:106} INFO - ✅ [HOÀN TẤT] Dữ liệu Music đã sẵn sàng để truy vấn bằng Trino!
[2026-03-07T22:43:54.729+0000] {subprocess.py:110} INFO - Command exited with return code 0
[2026-03-07T22:43:54.854+0000] {taskinstance.py:341} INFO - ::group::Post task execution logs
[2026-03-07T22:43:54.857+0000] {taskinstance.py:353} INFO - Marking task as SUCCESS. dag_id=01_master_processing_pipeline, task_id=process_music_lifecycle, run_id=scheduled__2026-03-06T00:00:00+00:00, execution_date=20260306T000000, start_date=20260307T224235, end_date=20260307T224354
[2026-03-07T22:43:54.973+0000] {local_task_job_runner.py:266} INFO - Task exited with return code 0
[2026-03-07T22:43:55.045+0000] {taskinstance.py:3901} INFO - 1 downstream tasks scheduled from follow-on schedule check
[2026-03-07T22:43:55.048+0000] {local_task_job_runner.py:245} INFO - ::endgroup::
