[2026-03-10T17:00:03.580+0000] {local_task_job_runner.py:123} INFO - ::group::Pre task execution logs
[2026-03-10T17:00:03.599+0000] {taskinstance.py:2614} INFO - Dependencies all met for dep_context=non-requeueable deps ti=<TaskInstance: 01_music_ingestion_realtime.crawl_youtube_data scheduled__2026-03-10T16:00:00+00:00 [queued]>
[2026-03-10T17:00:03.609+0000] {taskinstance.py:2614} INFO - Dependencies all met for dep_context=requeueable deps ti=<TaskInstance: 01_music_ingestion_realtime.crawl_youtube_data scheduled__2026-03-10T16:00:00+00:00 [queued]>
[2026-03-10T17:00:03.611+0000] {taskinstance.py:2867} INFO - Starting attempt 1 of 2
[2026-03-10T17:00:03.626+0000] {taskinstance.py:2890} INFO - Executing <Task(BashOperator): crawl_youtube_data> on 2026-03-10 16:00:00+00:00
[2026-03-10T17:00:03.637+0000] {standard_task_runner.py:104} INFO - Running: ['***', 'tasks', 'run', '01_music_ingestion_realtime', 'crawl_youtube_data', 'scheduled__2026-03-10T16:00:00+00:00', '--job-id', '70', '--raw', '--subdir', 'DAGS_FOLDER/music_ingestion_dag.py', '--cfg-path', '/tmp/tmpiatpyc1q']
[2026-03-10T17:00:03.639+0000] {logging_mixin.py:190} WARNING - /home/***/.local/lib/python3.12/site-packages/***/task/task_runner/standard_task_runner.py:70 DeprecationWarning: This process (pid=2759) is multi-threaded, use of fork() may lead to deadlocks in the child.
[2026-03-10T17:00:03.640+0000] {standard_task_runner.py:105} INFO - Job 70: Subtask crawl_youtube_data
[2026-03-10T17:00:03.640+0000] {standard_task_runner.py:72} INFO - Started process 2760 to run task
[2026-03-10T17:00:03.703+0000] {task_command.py:467} INFO - Running <TaskInstance: 01_music_ingestion_realtime.crawl_youtube_data scheduled__2026-03-10T16:00:00+00:00 [running]> on host fa93f86ab6a3
[2026-03-10T17:00:03.797+0000] {taskinstance.py:3134} INFO - Exporting env vars: AIRFLOW_CTX_DAG_OWNER='khang_data_guy' AIRFLOW_CTX_DAG_ID='01_music_ingestion_realtime' AIRFLOW_CTX_TASK_ID='crawl_youtube_data' AIRFLOW_CTX_EXECUTION_DATE='2026-03-10T16:00:00+00:00' AIRFLOW_CTX_TRY_NUMBER='1' AIRFLOW_CTX_DAG_RUN_ID='scheduled__2026-03-10T16:00:00+00:00'
[2026-03-10T17:00:03.800+0000] {taskinstance.py:732} INFO - ::endgroup::
[2026-03-10T17:00:03.820+0000] {subprocess.py:78} INFO - Tmp dir root location: /tmp
[2026-03-10T17:00:03.823+0000] {subprocess.py:88} INFO - Running command: ['/usr/bin/bash', '-c', 'python /opt/***/src/ingestion/music/ingest_youtube.py']
[2026-03-10T17:00:03.831+0000] {subprocess.py:99} INFO - Output:
[2026-03-10T17:00:13.338+0000] {subprocess.py:106} INFO - --- STARTING SENIOR INGESTION (YOUTUBE - NLP READY) ---
[2026-03-10T17:00:13.339+0000] {subprocess.py:106} INFO - 🔎 Crawling YouTube for: son tung mtp, chung ta cua tuong lai
[2026-03-10T17:00:13.339+0000] {subprocess.py:106} INFO - ✅ Uploaded to MinIO: raw/music/topic_id=1/year=2026/month=03/day=10/youtube_1773162008.json
[2026-03-10T17:00:13.340+0000] {subprocess.py:106} INFO - ✨ Processed topic: Chúng Ta Của Tương Lai (25 videos)
[2026-03-10T17:00:13.340+0000] {subprocess.py:106} INFO - 🔎 Crawling YouTube for: bich phuong, nang chen tieu sau
[2026-03-10T17:00:13.341+0000] {subprocess.py:106} INFO - ✅ Uploaded to MinIO: raw/music/topic_id=2/year=2026/month=03/day=10/youtube_1773162009.json
[2026-03-10T17:00:13.341+0000] {subprocess.py:106} INFO - ✨ Processed topic: Nâng Chén Tiêu Sầu (10 videos)
[2026-03-10T17:00:13.341+0000] {subprocess.py:106} INFO - 🔎 Crawling YouTube for: son tung, dung lam trai tim anh dau
[2026-03-10T17:00:13.342+0000] {subprocess.py:106} INFO - ✅ Uploaded to MinIO: raw/music/topic_id=3/year=2026/month=03/day=10/youtube_1773162010.json
[2026-03-10T17:00:13.342+0000] {subprocess.py:106} INFO - ✨ Processed topic: Đừng Làm Trái Tim Anh Đau (10 videos)
[2026-03-10T17:00:13.342+0000] {subprocess.py:106} INFO - 🔎 Crawling YouTube for: tho oi, phim tho oi
[2026-03-10T17:00:13.343+0000] {subprocess.py:106} INFO - ✅ Uploaded to MinIO: raw/music/topic_id=4/year=2026/month=03/day=10/youtube_1773162011.json
[2026-03-10T17:00:13.343+0000] {subprocess.py:106} INFO - ✨ Processed topic: Phim Thỏ Ơi (10 videos)
[2026-03-10T17:00:13.343+0000] {subprocess.py:106} INFO - 🔎 Crawling YouTube for: nha ba toi mot phong, tran thanh
[2026-03-10T17:00:13.344+0000] {subprocess.py:106} INFO - ✅ Uploaded to MinIO: raw/music/topic_id=5/year=2026/month=03/day=10/youtube_1773162012.json
[2026-03-10T17:00:13.344+0000] {subprocess.py:106} INFO - ✨ Processed topic: Nhà ba tôi một phòng (10 videos)
[2026-03-10T17:00:13.345+0000] {subprocess.py:106} INFO - 🔎 Crawling YouTube for: mui pho, dao pho va piano
[2026-03-10T17:00:13.345+0000] {subprocess.py:106} INFO - ✅ Uploaded to MinIO: raw/music/topic_id=6/year=2026/month=03/day=10/youtube_1773162013.json
[2026-03-10T17:00:13.345+0000] {subprocess.py:106} INFO - ✨ Processed topic: Mùi phở (10 videos)
[2026-03-10T17:00:13.482+0000] {subprocess.py:110} INFO - Command exited with return code 0
[2026-03-10T17:00:13.509+0000] {taskinstance.py:341} INFO - ::group::Post task execution logs
[2026-03-10T17:00:13.510+0000] {taskinstance.py:353} INFO - Marking task as SUCCESS. dag_id=01_music_ingestion_realtime, task_id=crawl_youtube_data, run_id=scheduled__2026-03-10T16:00:00+00:00, execution_date=20260310T160000, start_date=20260310T170003, end_date=20260310T170013
[2026-03-10T17:00:13.560+0000] {local_task_job_runner.py:266} INFO - Task exited with return code 0
[2026-03-10T17:00:13.574+0000] {taskinstance.py:3901} INFO - 0 downstream tasks scheduled from follow-on schedule check
[2026-03-10T17:00:13.577+0000] {local_task_job_runner.py:245} INFO - ::endgroup::
