[2026-03-10T18:00:02.735+0000] {local_task_job_runner.py:123} INFO - ::group::Pre task execution logs
[2026-03-10T18:00:02.770+0000] {taskinstance.py:2614} INFO - Dependencies all met for dep_context=non-requeueable deps ti=<TaskInstance: 01_music_ingestion_realtime.start_ingestion scheduled__2026-03-10T17:00:00+00:00 [queued]>
[2026-03-10T18:00:02.789+0000] {taskinstance.py:2614} INFO - Dependencies all met for dep_context=requeueable deps ti=<TaskInstance: 01_music_ingestion_realtime.start_ingestion scheduled__2026-03-10T17:00:00+00:00 [queued]>
[2026-03-10T18:00:02.791+0000] {taskinstance.py:2867} INFO - Starting attempt 1 of 2
[2026-03-10T18:00:02.822+0000] {taskinstance.py:2890} INFO - Executing <Task(BashOperator): start_ingestion> on 2026-03-10 17:00:00+00:00
[2026-03-10T18:00:02.834+0000] {standard_task_runner.py:104} INFO - Running: ['***', 'tasks', 'run', '01_music_ingestion_realtime', 'start_ingestion', 'scheduled__2026-03-10T17:00:00+00:00', '--job-id', '71', '--raw', '--subdir', 'DAGS_FOLDER/music_ingestion_dag.py', '--cfg-path', '/tmp/tmpc5ehby1o']
[2026-03-10T18:00:02.839+0000] {standard_task_runner.py:105} INFO - Job 71: Subtask start_ingestion
[2026-03-10T18:00:02.841+0000] {logging_mixin.py:190} WARNING - /home/***/.local/lib/python3.12/site-packages/***/task/task_runner/standard_task_runner.py:70 DeprecationWarning: This process (pid=4571) is multi-threaded, use of fork() may lead to deadlocks in the child.
[2026-03-10T18:00:02.842+0000] {standard_task_runner.py:72} INFO - Started process 4572 to run task
[2026-03-10T18:00:02.953+0000] {task_command.py:467} INFO - Running <TaskInstance: 01_music_ingestion_realtime.start_ingestion scheduled__2026-03-10T17:00:00+00:00 [running]> on host fa93f86ab6a3
[2026-03-10T18:00:03.144+0000] {taskinstance.py:3134} INFO - Exporting env vars: AIRFLOW_CTX_DAG_OWNER='khang_data_guy' AIRFLOW_CTX_DAG_ID='01_music_ingestion_realtime' AIRFLOW_CTX_TASK_ID='start_ingestion' AIRFLOW_CTX_EXECUTION_DATE='2026-03-10T17:00:00+00:00' AIRFLOW_CTX_TRY_NUMBER='1' AIRFLOW_CTX_DAG_RUN_ID='scheduled__2026-03-10T17:00:00+00:00'
[2026-03-10T18:00:03.147+0000] {taskinstance.py:732} INFO - ::endgroup::
[2026-03-10T18:00:03.220+0000] {subprocess.py:78} INFO - Tmp dir root location: /tmp
[2026-03-10T18:00:03.223+0000] {subprocess.py:88} INFO - Running command: ['/usr/bin/bash', '-c', 'echo "🚀 Bắt đầu quy trình thu thập dữ liệu Music..."']
[2026-03-10T18:00:03.239+0000] {subprocess.py:99} INFO - Output:
[2026-03-10T18:00:03.289+0000] {subprocess.py:106} INFO - 🚀 Bắt đầu quy trình thu thập dữ liệu Music...
[2026-03-10T18:00:03.292+0000] {subprocess.py:110} INFO - Command exited with return code 0
[2026-03-10T18:00:03.328+0000] {taskinstance.py:341} INFO - ::group::Post task execution logs
[2026-03-10T18:00:03.329+0000] {taskinstance.py:353} INFO - Marking task as SUCCESS. dag_id=01_music_ingestion_realtime, task_id=start_ingestion, run_id=scheduled__2026-03-10T17:00:00+00:00, execution_date=20260310T170000, start_date=20260310T180002, end_date=20260310T180003
[2026-03-10T18:00:03.393+0000] {local_task_job_runner.py:266} INFO - Task exited with return code 0
[2026-03-10T18:00:03.434+0000] {taskinstance.py:3901} INFO - 1 downstream tasks scheduled from follow-on schedule check
[2026-03-10T18:00:03.438+0000] {local_task_job_runner.py:245} INFO - ::endgroup::
