[2026-03-10T19:00:01.586+0000] {local_task_job_runner.py:123} INFO - ::group::Pre task execution logs
[2026-03-10T19:00:01.618+0000] {taskinstance.py:2614} INFO - Dependencies all met for dep_context=non-requeueable deps ti=<TaskInstance: 01_music_ingestion_realtime.start_ingestion scheduled__2026-03-10T18:00:00+00:00 [queued]>
[2026-03-10T19:00:01.630+0000] {taskinstance.py:2614} INFO - Dependencies all met for dep_context=requeueable deps ti=<TaskInstance: 01_music_ingestion_realtime.start_ingestion scheduled__2026-03-10T18:00:00+00:00 [queued]>
[2026-03-10T19:00:01.632+0000] {taskinstance.py:2867} INFO - Starting attempt 1 of 2
[2026-03-10T19:00:01.656+0000] {taskinstance.py:2890} INFO - Executing <Task(BashOperator): start_ingestion> on 2026-03-10 18:00:00+00:00
[2026-03-10T19:00:01.669+0000] {standard_task_runner.py:104} INFO - Running: ['***', 'tasks', 'run', '01_music_ingestion_realtime', 'start_ingestion', 'scheduled__2026-03-10T18:00:00+00:00', '--job-id', '73', '--raw', '--subdir', 'DAGS_FOLDER/music_ingestion_dag.py', '--cfg-path', '/tmp/tmpucc4sqef']
[2026-03-10T19:00:01.672+0000] {standard_task_runner.py:105} INFO - Job 73: Subtask start_ingestion
[2026-03-10T19:00:01.673+0000] {logging_mixin.py:190} WARNING - /home/***/.local/lib/python3.12/site-packages/***/task/task_runner/standard_task_runner.py:70 DeprecationWarning: This process (pid=6427) is multi-threaded, use of fork() may lead to deadlocks in the child.
[2026-03-10T19:00:01.674+0000] {standard_task_runner.py:72} INFO - Started process 6428 to run task
[2026-03-10T19:00:01.777+0000] {task_command.py:467} INFO - Running <TaskInstance: 01_music_ingestion_realtime.start_ingestion scheduled__2026-03-10T18:00:00+00:00 [running]> on host fa93f86ab6a3
[2026-03-10T19:00:01.913+0000] {taskinstance.py:3134} INFO - Exporting env vars: AIRFLOW_CTX_DAG_OWNER='khang_data_guy' AIRFLOW_CTX_DAG_ID='01_music_ingestion_realtime' AIRFLOW_CTX_TASK_ID='start_ingestion' AIRFLOW_CTX_EXECUTION_DATE='2026-03-10T18:00:00+00:00' AIRFLOW_CTX_TRY_NUMBER='1' AIRFLOW_CTX_DAG_RUN_ID='scheduled__2026-03-10T18:00:00+00:00'
[2026-03-10T19:00:01.915+0000] {taskinstance.py:732} INFO - ::endgroup::
[2026-03-10T19:00:01.958+0000] {subprocess.py:78} INFO - Tmp dir root location: /tmp
[2026-03-10T19:00:01.960+0000] {subprocess.py:88} INFO - Running command: ['/usr/bin/bash', '-c', 'echo "🚀 Bắt đầu quy trình thu thập dữ liệu Music..."']
[2026-03-10T19:00:01.974+0000] {subprocess.py:99} INFO - Output:
[2026-03-10T19:00:02.001+0000] {subprocess.py:106} INFO - 🚀 Bắt đầu quy trình thu thập dữ liệu Music...
[2026-03-10T19:00:02.004+0000] {subprocess.py:110} INFO - Command exited with return code 0
[2026-03-10T19:00:02.040+0000] {taskinstance.py:341} INFO - ::group::Post task execution logs
[2026-03-10T19:00:02.041+0000] {taskinstance.py:353} INFO - Marking task as SUCCESS. dag_id=01_music_ingestion_realtime, task_id=start_ingestion, run_id=scheduled__2026-03-10T18:00:00+00:00, execution_date=20260310T180000, start_date=20260310T190001, end_date=20260310T190002
[2026-03-10T19:00:02.102+0000] {local_task_job_runner.py:266} INFO - Task exited with return code 0
[2026-03-10T19:00:02.130+0000] {taskinstance.py:3901} INFO - 1 downstream tasks scheduled from follow-on schedule check
[2026-03-10T19:00:02.135+0000] {local_task_job_runner.py:245} INFO - ::endgroup::
