[2025-12-02T01:58:23.582+0000] {local_task_job_runner.py:123} INFO - ::group::Pre task execution logs
[2025-12-02T01:58:23.610+0000] {taskinstance.py:2614} INFO - Dependencies all met for dep_context=non-requeueable deps ti=<TaskInstance: 01_music_ingestion_realtime.start_ingestion manual__2025-12-02T01:58:22.140258+00:00 [queued]>
[2025-12-02T01:58:23.621+0000] {taskinstance.py:2614} INFO - Dependencies all met for dep_context=requeueable deps ti=<TaskInstance: 01_music_ingestion_realtime.start_ingestion manual__2025-12-02T01:58:22.140258+00:00 [queued]>
[2025-12-02T01:58:23.622+0000] {taskinstance.py:2867} INFO - Starting attempt 1 of 2
[2025-12-02T01:58:23.640+0000] {taskinstance.py:2890} INFO - Executing <Task(BashOperator): start_ingestion> on 2025-12-02 01:58:22.140258+00:00
[2025-12-02T01:58:23.652+0000] {standard_task_runner.py:104} INFO - Running: ['***', 'tasks', 'run', '01_music_ingestion_realtime', 'start_ingestion', 'manual__2025-12-02T01:58:22.140258+00:00', '--job-id', '4', '--raw', '--subdir', 'DAGS_FOLDER/music_ingestion_dag.py', '--cfg-path', '/tmp/tmpyc5s4nfu']
[2025-12-02T01:58:23.656+0000] {standard_task_runner.py:105} INFO - Job 4: Subtask start_ingestion
[2025-12-02T01:58:23.656+0000] {logging_mixin.py:190} WARNING - /home/***/.local/lib/python3.12/site-packages/***/task/task_runner/standard_task_runner.py:70 DeprecationWarning: This process (pid=239) is multi-threaded, use of fork() may lead to deadlocks in the child.
[2025-12-02T01:58:23.658+0000] {standard_task_runner.py:72} INFO - Started process 240 to run task
[2025-12-02T01:58:23.743+0000] {task_command.py:467} INFO - Running <TaskInstance: 01_music_ingestion_realtime.start_ingestion manual__2025-12-02T01:58:22.140258+00:00 [running]> on host 30b0ca174448
[2025-12-02T01:58:23.858+0000] {taskinstance.py:3134} INFO - Exporting env vars: AIRFLOW_CTX_DAG_OWNER='khang_data_guy' AIRFLOW_CTX_DAG_ID='01_music_ingestion_realtime' AIRFLOW_CTX_TASK_ID='start_ingestion' AIRFLOW_CTX_EXECUTION_DATE='2025-12-02T01:58:22.140258+00:00' AIRFLOW_CTX_TRY_NUMBER='1' AIRFLOW_CTX_DAG_RUN_ID='manual__2025-12-02T01:58:22.140258+00:00'
[2025-12-02T01:58:23.859+0000] {taskinstance.py:732} INFO - ::endgroup::
[2025-12-02T01:58:23.879+0000] {subprocess.py:78} INFO - Tmp dir root location: /tmp
[2025-12-02T01:58:23.882+0000] {subprocess.py:88} INFO - Running command: ['/usr/bin/bash', '-c', 'echo "🚀 Bắt đầu quy trình thu thập dữ liệu Music..."']
[2025-12-02T01:58:23.895+0000] {subprocess.py:99} INFO - Output:
[2025-12-02T01:58:23.899+0000] {subprocess.py:106} INFO - 🚀 Bắt đầu quy trình thu thập dữ liệu Music...
[2025-12-02T01:58:23.900+0000] {subprocess.py:110} INFO - Command exited with return code 0
[2025-12-02T01:58:23.934+0000] {taskinstance.py:341} INFO - ::group::Post task execution logs
[2025-12-02T01:58:23.935+0000] {taskinstance.py:353} INFO - Marking task as SUCCESS. dag_id=01_music_ingestion_realtime, task_id=start_ingestion, run_id=manual__2025-12-02T01:58:22.140258+00:00, execution_date=20251202T015822, start_date=20251202T015823, end_date=20251202T015823
[2025-12-02T01:58:24.003+0000] {local_task_job_runner.py:266} INFO - Task exited with return code 0
[2025-12-02T01:58:24.034+0000] {taskinstance.py:3901} INFO - 1 downstream tasks scheduled from follow-on schedule check
[2025-12-02T01:58:24.037+0000] {local_task_job_runner.py:245} INFO - ::endgroup::
