[2025-12-13T07:00:01.684+0000] {local_task_job_runner.py:123} INFO - ::group::Pre task execution logs
[2025-12-13T07:00:01.706+0000] {taskinstance.py:2614} INFO - Dependencies all met for dep_context=non-requeueable deps ti=<TaskInstance: 01_music_ingestion_realtime.start_ingestion scheduled__2025-12-13T06:00:00+00:00 [queued]>
[2025-12-13T07:00:01.716+0000] {taskinstance.py:2614} INFO - Dependencies all met for dep_context=requeueable deps ti=<TaskInstance: 01_music_ingestion_realtime.start_ingestion scheduled__2025-12-13T06:00:00+00:00 [queued]>
[2025-12-13T07:00:01.718+0000] {taskinstance.py:2867} INFO - Starting attempt 1 of 2
[2025-12-13T07:00:01.734+0000] {taskinstance.py:2890} INFO - Executing <Task(BashOperator): start_ingestion> on 2025-12-13 06:00:00+00:00
[2025-12-13T07:00:01.743+0000] {standard_task_runner.py:104} INFO - Running: ['***', 'tasks', 'run', '01_music_ingestion_realtime', 'start_ingestion', 'scheduled__2025-12-13T06:00:00+00:00', '--job-id', '28', '--raw', '--subdir', 'DAGS_FOLDER/music_ingestion_dag.py', '--cfg-path', '/tmp/tmpns7gro8v']
[2025-12-13T07:00:01.747+0000] {standard_task_runner.py:105} INFO - Job 28: Subtask start_ingestion
[2025-12-13T07:00:01.751+0000] {logging_mixin.py:190} WARNING - /home/***/.local/lib/python3.12/site-packages/***/task/task_runner/standard_task_runner.py:70 DeprecationWarning: This process (pid=1847) is multi-threaded, use of fork() may lead to deadlocks in the child.
[2025-12-13T07:00:01.753+0000] {standard_task_runner.py:72} INFO - Started process 1848 to run task
[2025-12-13T07:00:01.832+0000] {task_command.py:467} INFO - Running <TaskInstance: 01_music_ingestion_realtime.start_ingestion scheduled__2025-12-13T06:00:00+00:00 [running]> on host 455a85b5dd75
[2025-12-13T07:00:01.931+0000] {taskinstance.py:3134} INFO - Exporting env vars: AIRFLOW_CTX_DAG_OWNER='khang_data_guy' AIRFLOW_CTX_DAG_ID='01_music_ingestion_realtime' AIRFLOW_CTX_TASK_ID='start_ingestion' AIRFLOW_CTX_EXECUTION_DATE='2025-12-13T06:00:00+00:00' AIRFLOW_CTX_TRY_NUMBER='1' AIRFLOW_CTX_DAG_RUN_ID='scheduled__2025-12-13T06:00:00+00:00'
[2025-12-13T07:00:01.933+0000] {taskinstance.py:732} INFO - ::endgroup::
[2025-12-13T07:00:01.959+0000] {subprocess.py:78} INFO - Tmp dir root location: /tmp
[2025-12-13T07:00:01.962+0000] {subprocess.py:88} INFO - Running command: ['/usr/bin/bash', '-c', 'echo "🚀 Bắt đầu quy trình thu thập dữ liệu Music..."']
[2025-12-13T07:00:01.973+0000] {subprocess.py:99} INFO - Output:
[2025-12-13T07:00:01.976+0000] {subprocess.py:106} INFO - 🚀 Bắt đầu quy trình thu thập dữ liệu Music...
[2025-12-13T07:00:01.978+0000] {subprocess.py:110} INFO - Command exited with return code 0
[2025-12-13T07:00:02.010+0000] {taskinstance.py:341} INFO - ::group::Post task execution logs
[2025-12-13T07:00:02.011+0000] {taskinstance.py:353} INFO - Marking task as SUCCESS. dag_id=01_music_ingestion_realtime, task_id=start_ingestion, run_id=scheduled__2025-12-13T06:00:00+00:00, execution_date=20251213T060000, start_date=20251213T070001, end_date=20251213T070002
[2025-12-13T07:00:02.055+0000] {local_task_job_runner.py:266} INFO - Task exited with return code 0
[2025-12-13T07:00:02.079+0000] {taskinstance.py:3901} INFO - 1 downstream tasks scheduled from follow-on schedule check
[2025-12-13T07:00:02.083+0000] {local_task_job_runner.py:245} INFO - ::endgroup::
