[2025-12-13T04:19:27.166+0000] {local_task_job_runner.py:123} INFO - ::group::Pre task execution logs
[2025-12-13T04:19:27.214+0000] {taskinstance.py:2614} INFO - Dependencies all met for dep_context=non-requeueable deps ti=<TaskInstance: 01_music_ingestion_realtime.crawl_youtube_data scheduled__2025-12-13T03:00:00+00:00 [queued]>
[2025-12-13T04:19:27.229+0000] {taskinstance.py:2614} INFO - Dependencies all met for dep_context=requeueable deps ti=<TaskInstance: 01_music_ingestion_realtime.crawl_youtube_data scheduled__2025-12-13T03:00:00+00:00 [queued]>
[2025-12-13T04:19:27.230+0000] {taskinstance.py:2867} INFO - Starting attempt 2 of 2
[2025-12-13T04:19:27.254+0000] {taskinstance.py:2890} INFO - Executing <Task(BashOperator): crawl_youtube_data> on 2025-12-13 03:00:00+00:00
[2025-12-13T04:19:27.272+0000] {standard_task_runner.py:104} INFO - Running: ['***', 'tasks', 'run', '01_music_ingestion_realtime', 'crawl_youtube_data', 'scheduled__2025-12-13T03:00:00+00:00', '--job-id', '21', '--raw', '--subdir', 'DAGS_FOLDER/music_ingestion_dag.py', '--cfg-path', '/tmp/tmpkkrfhxsm']
[2025-12-13T04:19:27.277+0000] {logging_mixin.py:190} WARNING - /home/***/.local/lib/python3.12/site-packages/***/task/task_runner/standard_task_runner.py:70 DeprecationWarning: This process (pid=254) is multi-threaded, use of fork() may lead to deadlocks in the child.
[2025-12-13T04:19:27.278+0000] {standard_task_runner.py:105} INFO - Job 21: Subtask crawl_youtube_data
[2025-12-13T04:19:27.278+0000] {standard_task_runner.py:72} INFO - Started process 255 to run task
[2025-12-13T04:19:27.367+0000] {task_command.py:467} INFO - Running <TaskInstance: 01_music_ingestion_realtime.crawl_youtube_data scheduled__2025-12-13T03:00:00+00:00 [running]> on host 455a85b5dd75
[2025-12-13T04:19:27.479+0000] {taskinstance.py:3134} INFO - Exporting env vars: AIRFLOW_CTX_DAG_OWNER='khang_data_guy' AIRFLOW_CTX_DAG_ID='01_music_ingestion_realtime' AIRFLOW_CTX_TASK_ID='crawl_youtube_data' AIRFLOW_CTX_EXECUTION_DATE='2025-12-13T03:00:00+00:00' AIRFLOW_CTX_TRY_NUMBER='2' AIRFLOW_CTX_DAG_RUN_ID='scheduled__2025-12-13T03:00:00+00:00'
[2025-12-13T04:19:27.480+0000] {taskinstance.py:732} INFO - ::endgroup::
[2025-12-13T04:19:27.537+0000] {subprocess.py:78} INFO - Tmp dir root location: /tmp
[2025-12-13T04:19:27.542+0000] {subprocess.py:88} INFO - Running command: ['/usr/bin/bash', '-c', 'python /opt/***/src/ingestion/music/ingest_youtube.py']
[2025-12-13T04:19:27.562+0000] {subprocess.py:99} INFO - Output:
[2025-12-13T04:20:14.590+0000] {subprocess.py:106} INFO - --- STARTING REAL INGESTION (MUSIC) ---
[2025-12-13T04:20:14.591+0000] {subprocess.py:106} INFO - 🎯 Found 3 active topics.
[2025-12-13T04:20:14.592+0000] {subprocess.py:106} INFO - 🔎 Crawling YouTube for: son tung mtp, chung ta cua tuong lai
[2025-12-13T04:20:14.593+0000] {subprocess.py:106} INFO - Traceback (most recent call last):
[2025-12-13T04:20:14.593+0000] {subprocess.py:106} INFO -   File "/home/***/.local/lib/python3.12/site-packages/urllib3/connection.py", line 198, in _new_conn
[2025-12-13T04:20:14.594+0000] {subprocess.py:106} INFO -     sock = connection.create_connection(
[2025-12-13T04:20:14.594+0000] {subprocess.py:106} INFO -            ^^^^^^^^^^^^^^^^^^^^^^^^^^^^^
[2025-12-13T04:20:14.595+0000] {subprocess.py:106} INFO -   File "/home/***/.local/lib/python3.12/site-packages/urllib3/util/connection.py", line 60, in create_connection
[2025-12-13T04:20:14.595+0000] {subprocess.py:106} INFO -     for res in socket.getaddrinfo(host, port, family, socket.SOCK_STREAM):
[2025-12-13T04:20:14.595+0000] {subprocess.py:106} INFO -                ^^^^^^^^^^^^^^^^^^^^^^^^^^^^^^^^^^^^^^^^^^^^^^^^^^^^^^^^^^
[2025-12-13T04:20:14.596+0000] {subprocess.py:106} INFO -   File "/usr/local/lib/python3.12/socket.py", line 978, in getaddrinfo
[2025-12-13T04:20:14.596+0000] {subprocess.py:106} INFO -     for res in _socket.getaddrinfo(host, port, family, type, proto, flags):
[2025-12-13T04:20:14.597+0000] {subprocess.py:106} INFO -                ^^^^^^^^^^^^^^^^^^^^^^^^^^^^^^^^^^^^^^^^^^^^^^^^^^^^^^^^^^^
[2025-12-13T04:20:14.597+0000] {subprocess.py:106} INFO - socket.gaierror: [Errno -2] Name or service not known
[2025-12-13T04:20:14.598+0000] {subprocess.py:106} INFO - 
[2025-12-13T04:20:14.598+0000] {subprocess.py:106} INFO - The above exception was the direct cause of the following exception:
[2025-12-13T04:20:14.599+0000] {subprocess.py:106} INFO - 
[2025-12-13T04:20:14.599+0000] {subprocess.py:106} INFO - Traceback (most recent call last):
[2025-12-13T04:20:14.599+0000] {subprocess.py:106} INFO -   File "/home/***/.local/lib/python3.12/site-packages/urllib3/connectionpool.py", line 787, in urlopen
[2025-12-13T04:20:14.600+0000] {subprocess.py:106} INFO -     response = self._make_request(
[2025-12-13T04:20:14.600+0000] {subprocess.py:106} INFO -                ^^^^^^^^^^^^^^^^^^^
[2025-12-13T04:20:14.600+0000] {subprocess.py:106} INFO -   File "/home/***/.local/lib/python3.12/site-packages/urllib3/connectionpool.py", line 493, in _make_request
[2025-12-13T04:20:14.601+0000] {subprocess.py:106} INFO -     conn.request(
[2025-12-13T04:20:14.601+0000] {subprocess.py:106} INFO -   File "/home/***/.local/lib/python3.12/site-packages/urllib3/connection.py", line 494, in request
[2025-12-13T04:20:14.602+0000] {subprocess.py:106} INFO -     self.endheaders()
[2025-12-13T04:20:14.602+0000] {subprocess.py:106} INFO -   File "/usr/local/lib/python3.12/http/client.py", line 1333, in endheaders
[2025-12-13T04:20:14.602+0000] {subprocess.py:106} INFO -     self._send_output(message_body, encode_chunked=encode_chunked)
[2025-12-13T04:20:14.603+0000] {subprocess.py:106} INFO -   File "/usr/local/lib/python3.12/http/client.py", line 1093, in _send_output
[2025-12-13T04:20:14.603+0000] {subprocess.py:106} INFO -     self.send(msg)
[2025-12-13T04:20:14.603+0000] {subprocess.py:106} INFO -   File "/usr/local/lib/python3.12/http/client.py", line 1037, in send
[2025-12-13T04:20:14.604+0000] {subprocess.py:106} INFO -     self.connect()
[2025-12-13T04:20:14.604+0000] {subprocess.py:106} INFO -   File "/home/***/.local/lib/python3.12/site-packages/urllib3/connection.py", line 325, in connect
[2025-12-13T04:20:14.605+0000] {subprocess.py:106} INFO -     self.sock = self._new_conn()
[2025-12-13T04:20:14.605+0000] {subprocess.py:106} INFO -                 ^^^^^^^^^^^^^^^^
[2025-12-13T04:20:14.605+0000] {subprocess.py:106} INFO -   File "/home/***/.local/lib/python3.12/site-packages/urllib3/connection.py", line 205, in _new_conn
[2025-12-13T04:20:14.606+0000] {subprocess.py:106} INFO -     raise NameResolutionError(self.host, self, e) from e
[2025-12-13T04:20:14.606+0000] {subprocess.py:106} INFO - urllib3.exceptions.NameResolutionError: <urllib3.connection.HTTPConnection object at 0x7fb801c82390>: Failed to resolve 'minio' ([Errno -2] Name or service not known)
[2025-12-13T04:20:14.606+0000] {subprocess.py:106} INFO - 
[2025-12-13T04:20:14.607+0000] {subprocess.py:106} INFO - The above exception was the direct cause of the following exception:
[2025-12-13T04:20:14.607+0000] {subprocess.py:106} INFO - 
[2025-12-13T04:20:14.607+0000] {subprocess.py:106} INFO - Traceback (most recent call last):
[2025-12-13T04:20:14.608+0000] {subprocess.py:106} INFO -   File "/opt/***/src/ingestion/music/ingest_youtube.py", line 109, in <module>
[2025-12-13T04:20:14.608+0000] {subprocess.py:106} INFO -     main()
[2025-12-13T04:20:14.609+0000] {subprocess.py:106} INFO -   File "/opt/***/src/ingestion/music/ingest_youtube.py", line 103, in main
[2025-12-13T04:20:14.609+0000] {subprocess.py:106} INFO -     upload_to_minio(topic['topic_id'], data)
[2025-12-13T04:20:14.610+0000] {subprocess.py:106} INFO -   File "/opt/***/src/ingestion/music/ingest_youtube.py", line 81, in upload_to_minio
[2025-12-13T04:20:14.610+0000] {subprocess.py:106} INFO -     if not client.bucket_exists(BUCKET_NAME):
[2025-12-13T04:20:14.610+0000] {subprocess.py:106} INFO -            ^^^^^^^^^^^^^^^^^^^^^^^^^^^^^^^^^
[2025-12-13T04:20:14.611+0000] {subprocess.py:106} INFO -   File "/home/***/.local/lib/python3.12/site-packages/minio/api.py", line 700, in bucket_exists
[2025-12-13T04:20:14.611+0000] {subprocess.py:106} INFO -     self._execute("HEAD", bucket_name)
[2025-12-13T04:20:14.611+0000] {subprocess.py:106} INFO -   File "/home/***/.local/lib/python3.12/site-packages/minio/api.py", line 441, in _execute
[2025-12-13T04:20:14.612+0000] {subprocess.py:106} INFO -     region = self._get_region(bucket_name)
[2025-12-13T04:20:14.612+0000] {subprocess.py:106} INFO -              ^^^^^^^^^^^^^^^^^^^^^^^^^^^^^
[2025-12-13T04:20:14.612+0000] {subprocess.py:106} INFO -   File "/home/***/.local/lib/python3.12/site-packages/minio/api.py", line 498, in _get_region
[2025-12-13T04:20:14.613+0000] {subprocess.py:106} INFO -     response = self._url_open(
[2025-12-13T04:20:14.613+0000] {subprocess.py:106} INFO -                ^^^^^^^^^^^^^^^
[2025-12-13T04:20:14.614+0000] {subprocess.py:106} INFO -   File "/home/***/.local/lib/python3.12/site-packages/minio/api.py", line 306, in _url_open
[2025-12-13T04:20:14.614+0000] {subprocess.py:106} INFO -     response = self._http.urlopen(
[2025-12-13T04:20:14.614+0000] {subprocess.py:106} INFO -                ^^^^^^^^^^^^^^^^^^^
[2025-12-13T04:20:14.614+0000] {subprocess.py:106} INFO -   File "/home/***/.local/lib/python3.12/site-packages/urllib3/poolmanager.py", line 459, in urlopen
[2025-12-13T04:20:14.615+0000] {subprocess.py:106} INFO -     response = conn.urlopen(method, u.request_uri, **kw)
[2025-12-13T04:20:14.615+0000] {subprocess.py:106} INFO -                ^^^^^^^^^^^^^^^^^^^^^^^^^^^^^^^^^^^^^^^^^
[2025-12-13T04:20:14.615+0000] {subprocess.py:106} INFO -   File "/home/***/.local/lib/python3.12/site-packages/urllib3/connectionpool.py", line 871, in urlopen
[2025-12-13T04:20:14.616+0000] {subprocess.py:106} INFO -     return self.urlopen(
[2025-12-13T04:20:14.616+0000] {subprocess.py:106} INFO -            ^^^^^^^^^^^^^
[2025-12-13T04:20:14.616+0000] {subprocess.py:106} INFO -   File "/home/***/.local/lib/python3.12/site-packages/urllib3/connectionpool.py", line 871, in urlopen
[2025-12-13T04:20:14.616+0000] {subprocess.py:106} INFO -     return self.urlopen(
[2025-12-13T04:20:14.617+0000] {subprocess.py:106} INFO -            ^^^^^^^^^^^^^
[2025-12-13T04:20:14.617+0000] {subprocess.py:106} INFO -   File "/home/***/.local/lib/python3.12/site-packages/urllib3/connectionpool.py", line 871, in urlopen
[2025-12-13T04:20:14.617+0000] {subprocess.py:106} INFO -     return self.urlopen(
[2025-12-13T04:20:14.618+0000] {subprocess.py:106} INFO -            ^^^^^^^^^^^^^
[2025-12-13T04:20:14.618+0000] {subprocess.py:106} INFO -   [Previous line repeated 2 more times]
[2025-12-13T04:20:14.618+0000] {subprocess.py:106} INFO -   File "/home/***/.local/lib/python3.12/site-packages/urllib3/connectionpool.py", line 841, in urlopen
[2025-12-13T04:20:14.619+0000] {subprocess.py:106} INFO -     retries = retries.increment(
[2025-12-13T04:20:14.619+0000] {subprocess.py:106} INFO -               ^^^^^^^^^^^^^^^^^^
[2025-12-13T04:20:14.619+0000] {subprocess.py:106} INFO -   File "/home/***/.local/lib/python3.12/site-packages/urllib3/util/retry.py", line 519, in increment
[2025-12-13T04:20:14.620+0000] {subprocess.py:106} INFO -     raise MaxRetryError(_pool, url, reason) from reason  # type: ignore[arg-type]
[2025-12-13T04:20:14.620+0000] {subprocess.py:106} INFO -     ^^^^^^^^^^^^^^^^^^^^^^^^^^^^^^^^^^^^^^^^^^^^^^^^^^^
[2025-12-13T04:20:14.620+0000] {subprocess.py:106} INFO - urllib3.exceptions.MaxRetryError: HTTPConnectionPool(host='minio', port=9000): Max retries exceeded with url: /social-trend-lake?location= (Caused by NameResolutionError("<urllib3.connection.HTTPConnection object at 0x7fb801c82390>: Failed to resolve 'minio' ([Errno -2] Name or service not known)"))
[2025-12-13T04:20:14.826+0000] {subprocess.py:110} INFO - Command exited with return code 1
[2025-12-13T04:20:14.843+0000] {taskinstance.py:3313} ERROR - Task failed with exception
Traceback (most recent call last):
  File "/home/airflow/.local/lib/python3.12/site-packages/airflow/models/taskinstance.py", line 768, in _execute_task
    result = _execute_callable(context=context, **execute_callable_kwargs)
             ^^^^^^^^^^^^^^^^^^^^^^^^^^^^^^^^^^^^^^^^^^^^^^^^^^^^^^^^^^^^^
  File "/home/airflow/.local/lib/python3.12/site-packages/airflow/models/taskinstance.py", line 734, in _execute_callable
    return ExecutionCallableRunner(
           ^^^^^^^^^^^^^^^^^^^^^^^^
  File "/home/airflow/.local/lib/python3.12/site-packages/airflow/utils/operator_helpers.py", line 252, in run
    return self.func(*args, **kwargs)
           ^^^^^^^^^^^^^^^^^^^^^^^^^^
  File "/home/airflow/.local/lib/python3.12/site-packages/airflow/models/baseoperator.py", line 424, in wrapper
    return func(self, *args, **kwargs)
           ^^^^^^^^^^^^^^^^^^^^^^^^^^^
  File "/home/airflow/.local/lib/python3.12/site-packages/airflow/operators/bash.py", line 276, in execute
    raise AirflowException(
airflow.exceptions.AirflowException: Bash command failed. The command returned a non-zero exit code 1.
[2025-12-13T04:20:14.872+0000] {taskinstance.py:1226} INFO - Marking task as FAILED. dag_id=01_music_ingestion_realtime, task_id=crawl_youtube_data, run_id=scheduled__2025-12-13T03:00:00+00:00, execution_date=20251213T030000, start_date=20251213T041927, end_date=20251213T042014
[2025-12-13T04:20:14.921+0000] {taskinstance.py:341} INFO - ::group::Post task execution logs
[2025-12-13T04:20:14.923+0000] {standard_task_runner.py:124} ERROR - Failed to execute job 21 for task crawl_youtube_data (Bash command failed. The command returned a non-zero exit code 1.; 255)
Traceback (most recent call last):
  File "/home/airflow/.local/lib/python3.12/site-packages/airflow/task/task_runner/standard_task_runner.py", line 117, in _start_by_fork
    ret = args.func(args, dag=self.dag)
          ^^^^^^^^^^^^^^^^^^^^^^^^^^^^^
  File "/home/airflow/.local/lib/python3.12/site-packages/airflow/cli/cli_config.py", line 49, in command
    return func(*args, **kwargs)
           ^^^^^^^^^^^^^^^^^^^^^
  File "/home/airflow/.local/lib/python3.12/site-packages/airflow/utils/cli.py", line 116, in wrapper
    return f(*args, **kwargs)
           ^^^^^^^^^^^^^^^^^^
  File "/home/airflow/.local/lib/python3.12/site-packages/airflow/cli/commands/task_command.py", line 483, in task_run
    task_return_code = _run_task_by_selected_method(args, _dag, ti)
                       ^^^^^^^^^^^^^^^^^^^^^^^^^^^^^^^^^^^^^^^^^^^^
  File "/home/airflow/.local/lib/python3.12/site-packages/airflow/cli/commands/task_command.py", line 256, in _run_task_by_selected_method
    return _run_raw_task(args, ti)
           ^^^^^^^^^^^^^^^^^^^^^^^
  File "/home/airflow/.local/lib/python3.12/site-packages/airflow/cli/commands/task_command.py", line 341, in _run_raw_task
    return ti._run_raw_task(
           ^^^^^^^^^^^^^^^^^
  File "/home/airflow/.local/lib/python3.12/site-packages/airflow/utils/session.py", line 97, in wrapper
    return func(*args, session=session, **kwargs)
           ^^^^^^^^^^^^^^^^^^^^^^^^^^^^^^^^^^^^^^
  File "/home/airflow/.local/lib/python3.12/site-packages/airflow/models/taskinstance.py", line 3006, in _run_raw_task
    return _run_raw_task(
           ^^^^^^^^^^^^^^
  File "/home/airflow/.local/lib/python3.12/site-packages/airflow/models/taskinstance.py", line 274, in _run_raw_task
    TaskInstance._execute_task_with_callbacks(
  File "/home/airflow/.local/lib/python3.12/site-packages/airflow/models/taskinstance.py", line 3161, in _execute_task_with_callbacks
    result = self._execute_task(context, task_orig)
             ^^^^^^^^^^^^^^^^^^^^^^^^^^^^^^^^^^^^^^
  File "/home/airflow/.local/lib/python3.12/site-packages/airflow/models/taskinstance.py", line 3185, in _execute_task
    return _execute_task(self, context, task_orig)
           ^^^^^^^^^^^^^^^^^^^^^^^^^^^^^^^^^^^^^^^
  File "/home/airflow/.local/lib/python3.12/site-packages/airflow/models/taskinstance.py", line 768, in _execute_task
    result = _execute_callable(context=context, **execute_callable_kwargs)
             ^^^^^^^^^^^^^^^^^^^^^^^^^^^^^^^^^^^^^^^^^^^^^^^^^^^^^^^^^^^^^
  File "/home/airflow/.local/lib/python3.12/site-packages/airflow/models/taskinstance.py", line 734, in _execute_callable
    return ExecutionCallableRunner(
           ^^^^^^^^^^^^^^^^^^^^^^^^
  File "/home/airflow/.local/lib/python3.12/site-packages/airflow/utils/operator_helpers.py", line 252, in run
    return self.func(*args, **kwargs)
           ^^^^^^^^^^^^^^^^^^^^^^^^^^
  File "/home/airflow/.local/lib/python3.12/site-packages/airflow/models/baseoperator.py", line 424, in wrapper
    return func(self, *args, **kwargs)
           ^^^^^^^^^^^^^^^^^^^^^^^^^^^
  File "/home/airflow/.local/lib/python3.12/site-packages/airflow/operators/bash.py", line 276, in execute
    raise AirflowException(
airflow.exceptions.AirflowException: Bash command failed. The command returned a non-zero exit code 1.
[2025-12-13T04:20:14.951+0000] {local_task_job_runner.py:266} INFO - Task exited with return code 1
[2025-12-13T04:20:14.964+0000] {local_task_job_runner.py:245} INFO - ::endgroup::
