[2026-03-09T13:01:10.826+0000] {local_task_job_runner.py:123} INFO - ::group::Pre task execution logs
[2026-03-09T13:01:10.891+0000] {taskinstance.py:2614} INFO - Dependencies all met for dep_context=non-requeueable deps ti=<TaskInstance: 01_music_ingestion_realtime.crawl_youtube_data scheduled__2026-03-09T12:00:00+00:00 [queued]>
[2026-03-09T13:01:10.918+0000] {taskinstance.py:2614} INFO - Dependencies all met for dep_context=requeueable deps ti=<TaskInstance: 01_music_ingestion_realtime.crawl_youtube_data scheduled__2026-03-09T12:00:00+00:00 [queued]>
[2026-03-09T13:01:10.920+0000] {taskinstance.py:2867} INFO - Starting attempt 1 of 2
[2026-03-09T13:01:10.948+0000] {taskinstance.py:2890} INFO - Executing <Task(BashOperator): crawl_youtube_data> on 2026-03-09 12:00:00+00:00
[2026-03-09T13:01:10.982+0000] {standard_task_runner.py:104} INFO - Running: ['***', 'tasks', 'run', '01_music_ingestion_realtime', 'crawl_youtube_data', 'scheduled__2026-03-09T12:00:00+00:00', '--job-id', '61', '--raw', '--subdir', 'DAGS_FOLDER/music_ingestion_dag.py', '--cfg-path', '/tmp/tmpko29t8nz']
[2026-03-09T13:01:11.000+0000] {standard_task_runner.py:105} INFO - Job 61: Subtask crawl_youtube_data
[2026-03-09T13:01:11.047+0000] {logging_mixin.py:190} WARNING - /home/***/.local/lib/python3.12/site-packages/***/task/task_runner/standard_task_runner.py:70 DeprecationWarning: This process (pid=16219) is multi-threaded, use of fork() may lead to deadlocks in the child.
[2026-03-09T13:01:11.049+0000] {standard_task_runner.py:72} INFO - Started process 16220 to run task
[2026-03-09T13:01:11.255+0000] {task_command.py:467} INFO - Running <TaskInstance: 01_music_ingestion_realtime.crawl_youtube_data scheduled__2026-03-09T12:00:00+00:00 [running]> on host fa93f86ab6a3
[2026-03-09T13:01:11.675+0000] {taskinstance.py:3134} INFO - Exporting env vars: AIRFLOW_CTX_DAG_OWNER='khang_data_guy' AIRFLOW_CTX_DAG_ID='01_music_ingestion_realtime' AIRFLOW_CTX_TASK_ID='crawl_youtube_data' AIRFLOW_CTX_EXECUTION_DATE='2026-03-09T12:00:00+00:00' AIRFLOW_CTX_TRY_NUMBER='1' AIRFLOW_CTX_DAG_RUN_ID='scheduled__2026-03-09T12:00:00+00:00'
[2026-03-09T13:01:11.696+0000] {taskinstance.py:732} INFO - ::endgroup::
[2026-03-09T13:01:12.326+0000] {subprocess.py:78} INFO - Tmp dir root location: /tmp
[2026-03-09T13:01:12.329+0000] {subprocess.py:88} INFO - Running command: ['/usr/bin/bash', '-c', 'python /opt/***/src/ingestion/music/ingest_youtube.py']
[2026-03-09T13:01:12.355+0000] {subprocess.py:99} INFO - Output:
[2026-03-09T13:02:09.240+0000] {job.py:239} ERROR - Job heartbeat failed with error
Traceback (most recent call last):
  File "/home/airflow/.local/lib/python3.12/site-packages/sqlalchemy/engine/base.py", line 3371, in _wrap_pool_connect
    return fn()
           ^^^^
  File "/home/airflow/.local/lib/python3.12/site-packages/sqlalchemy/pool/base.py", line 327, in connect
    return _ConnectionFairy._checkout(self)
           ^^^^^^^^^^^^^^^^^^^^^^^^^^^^^^^^
  File "/home/airflow/.local/lib/python3.12/site-packages/sqlalchemy/pool/base.py", line 894, in _checkout
    fairy = _ConnectionRecord.checkout(pool)
            ^^^^^^^^^^^^^^^^^^^^^^^^^^^^^^^^
  File "/home/airflow/.local/lib/python3.12/site-packages/sqlalchemy/pool/base.py", line 493, in checkout
    rec = pool._do_get()
          ^^^^^^^^^^^^^^
  File "/home/airflow/.local/lib/python3.12/site-packages/sqlalchemy/pool/impl.py", line 256, in _do_get
    return self._create_connection()
           ^^^^^^^^^^^^^^^^^^^^^^^^^
  File "/home/airflow/.local/lib/python3.12/site-packages/sqlalchemy/pool/base.py", line 273, in _create_connection
    return _ConnectionRecord(self)
           ^^^^^^^^^^^^^^^^^^^^^^^
  File "/home/airflow/.local/lib/python3.12/site-packages/sqlalchemy/pool/base.py", line 388, in __init__
    self.__connect()
  File "/home/airflow/.local/lib/python3.12/site-packages/sqlalchemy/pool/base.py", line 690, in __connect
    with util.safe_reraise():
         ^^^^^^^^^^^^^^^^^^^
  File "/home/airflow/.local/lib/python3.12/site-packages/sqlalchemy/util/langhelpers.py", line 70, in __exit__
    compat.raise_(
  File "/home/airflow/.local/lib/python3.12/site-packages/sqlalchemy/util/compat.py", line 211, in raise_
    raise exception
  File "/home/airflow/.local/lib/python3.12/site-packages/sqlalchemy/pool/base.py", line 686, in __connect
    self.dbapi_connection = connection = pool._invoke_creator(self)
                                         ^^^^^^^^^^^^^^^^^^^^^^^^^^
  File "/home/airflow/.local/lib/python3.12/site-packages/sqlalchemy/engine/create.py", line 574, in connect
    return dialect.connect(*cargs, **cparams)
           ^^^^^^^^^^^^^^^^^^^^^^^^^^^^^^^^^^
  File "/home/airflow/.local/lib/python3.12/site-packages/sqlalchemy/engine/default.py", line 598, in connect
    return self.dbapi.connect(*cargs, **cparams)
           ^^^^^^^^^^^^^^^^^^^^^^^^^^^^^^^^^^^^^
  File "/home/airflow/.local/lib/python3.12/site-packages/psycopg2/__init__.py", line 122, in connect
    conn = _connect(dsn, connection_factory=connection_factory, **kwasync)
           ^^^^^^^^^^^^^^^^^^^^^^^^^^^^^^^^^^^^^^^^^^^^^^^^^^^^^^^^^^^^^^^
psycopg2.OperationalError: could not translate host name "postgres" to address: Temporary failure in name resolution


The above exception was the direct cause of the following exception:

Traceback (most recent call last):
  File "/home/airflow/.local/lib/python3.12/site-packages/airflow/jobs/job.py", line 207, in heartbeat
    self._merge_from(Job._fetch_from_db(self, session))
                     ^^^^^^^^^^^^^^^^^^^^^^^^^^^^^^^^^
  File "/home/airflow/.local/lib/python3.12/site-packages/airflow/api_internal/internal_api_call.py", line 166, in wrapper
    return func(*args, **kwargs)
           ^^^^^^^^^^^^^^^^^^^^^
  File "/home/airflow/.local/lib/python3.12/site-packages/airflow/utils/session.py", line 94, in wrapper
    return func(*args, **kwargs)
           ^^^^^^^^^^^^^^^^^^^^^
  File "/home/airflow/.local/lib/python3.12/site-packages/airflow/utils/retries.py", line 93, in wrapped_function
    for attempt in run_with_db_retries(max_retries=retries, logger=logger, **retry_kwargs):
                   ^^^^^^^^^^^^^^^^^^^^^^^^^^^^^^^^^^^^^^^^^^^^^^^^^^^^^^^^^^^^^^^^^^^^^^^
  File "/home/airflow/.local/lib/python3.12/site-packages/tenacity/__init__.py", line 443, in __iter__
    do = self.iter(retry_state=retry_state)
         ^^^^^^^^^^^^^^^^^^^^^^^^^^^^^^^^^^
  File "/home/airflow/.local/lib/python3.12/site-packages/tenacity/__init__.py", line 376, in iter
    result = action(retry_state)
             ^^^^^^^^^^^^^^^^^^^
  File "/home/airflow/.local/lib/python3.12/site-packages/tenacity/__init__.py", line 418, in exc_check
    raise retry_exc.reraise()
          ^^^^^^^^^^^^^^^^^^^
  File "/home/airflow/.local/lib/python3.12/site-packages/tenacity/__init__.py", line 185, in reraise
    raise self.last_attempt.result()
          ^^^^^^^^^^^^^^^^^^^^^^^^^^
  File "/usr/local/lib/python3.12/concurrent/futures/_base.py", line 449, in result
    return self.__get_result()
           ^^^^^^^^^^^^^^^^^^^
  File "/usr/local/lib/python3.12/concurrent/futures/_base.py", line 401, in __get_result
    raise self._exception
  File "/home/airflow/.local/lib/python3.12/site-packages/airflow/utils/retries.py", line 102, in wrapped_function
    return func(*args, **kwargs)
           ^^^^^^^^^^^^^^^^^^^^^
  File "/home/airflow/.local/lib/python3.12/site-packages/airflow/jobs/job.py", line 335, in _fetch_from_db
    session.merge(job)
  File "/home/airflow/.local/lib/python3.12/site-packages/sqlalchemy/orm/session.py", line 3056, in merge
    return self._merge(
           ^^^^^^^^^^^^
  File "/home/airflow/.local/lib/python3.12/site-packages/sqlalchemy/orm/session.py", line 3136, in _merge
    merged = self.get(
             ^^^^^^^^^
  File "/home/airflow/.local/lib/python3.12/site-packages/sqlalchemy/orm/session.py", line 2853, in get
    return self._get_impl(
           ^^^^^^^^^^^^^^^
  File "/home/airflow/.local/lib/python3.12/site-packages/sqlalchemy/orm/session.py", line 2975, in _get_impl
    return db_load_fn(
           ^^^^^^^^^^^
  File "/home/airflow/.local/lib/python3.12/site-packages/sqlalchemy/orm/loading.py", line 530, in load_on_pk_identity
    session.execute(
  File "/home/airflow/.local/lib/python3.12/site-packages/sqlalchemy/orm/session.py", line 1716, in execute
    conn = self._connection_for_bind(bind)
           ^^^^^^^^^^^^^^^^^^^^^^^^^^^^^^^
  File "/home/airflow/.local/lib/python3.12/site-packages/sqlalchemy/orm/session.py", line 1555, in _connection_for_bind
    return self._transaction._connection_for_bind(
           ^^^^^^^^^^^^^^^^^^^^^^^^^^^^^^^^^^^^^^^
  File "/home/airflow/.local/lib/python3.12/site-packages/sqlalchemy/orm/session.py", line 750, in _connection_for_bind
    conn = bind.connect()
           ^^^^^^^^^^^^^^
  File "/home/airflow/.local/lib/python3.12/site-packages/sqlalchemy/future/engine.py", line 412, in connect
    return super(Engine, self).connect()
           ^^^^^^^^^^^^^^^^^^^^^^^^^^^^^
  File "/home/airflow/.local/lib/python3.12/site-packages/sqlalchemy/engine/base.py", line 3325, in connect
    return self._connection_cls(self, close_with_result=close_with_result)
           ^^^^^^^^^^^^^^^^^^^^^^^^^^^^^^^^^^^^^^^^^^^^^^^^^^^^^^^^^^^^^^^
  File "/home/airflow/.local/lib/python3.12/site-packages/sqlalchemy/engine/base.py", line 96, in __init__
    else engine.raw_connection()
         ^^^^^^^^^^^^^^^^^^^^^^^
  File "/home/airflow/.local/lib/python3.12/site-packages/sqlalchemy/engine/base.py", line 3404, in raw_connection
    return self._wrap_pool_connect(self.pool.connect, _connection)
           ^^^^^^^^^^^^^^^^^^^^^^^^^^^^^^^^^^^^^^^^^^^^^^^^^^^^^^^
  File "/home/airflow/.local/lib/python3.12/site-packages/sqlalchemy/engine/base.py", line 3374, in _wrap_pool_connect
    Connection._handle_dbapi_exception_noconnection(
  File "/home/airflow/.local/lib/python3.12/site-packages/sqlalchemy/engine/base.py", line 2208, in _handle_dbapi_exception_noconnection
    util.raise_(
  File "/home/airflow/.local/lib/python3.12/site-packages/sqlalchemy/util/compat.py", line 211, in raise_
    raise exception
  File "/home/airflow/.local/lib/python3.12/site-packages/sqlalchemy/engine/base.py", line 3371, in _wrap_pool_connect
    return fn()
           ^^^^
  File "/home/airflow/.local/lib/python3.12/site-packages/sqlalchemy/pool/base.py", line 327, in connect
    return _ConnectionFairy._checkout(self)
           ^^^^^^^^^^^^^^^^^^^^^^^^^^^^^^^^
  File "/home/airflow/.local/lib/python3.12/site-packages/sqlalchemy/pool/base.py", line 894, in _checkout
    fairy = _ConnectionRecord.checkout(pool)
            ^^^^^^^^^^^^^^^^^^^^^^^^^^^^^^^^
  File "/home/airflow/.local/lib/python3.12/site-packages/sqlalchemy/pool/base.py", line 493, in checkout
    rec = pool._do_get()
          ^^^^^^^^^^^^^^
  File "/home/airflow/.local/lib/python3.12/site-packages/sqlalchemy/pool/impl.py", line 256, in _do_get
    return self._create_connection()
           ^^^^^^^^^^^^^^^^^^^^^^^^^
  File "/home/airflow/.local/lib/python3.12/site-packages/sqlalchemy/pool/base.py", line 273, in _create_connection
    return _ConnectionRecord(self)
           ^^^^^^^^^^^^^^^^^^^^^^^
  File "/home/airflow/.local/lib/python3.12/site-packages/sqlalchemy/pool/base.py", line 388, in __init__
    self.__connect()
  File "/home/airflow/.local/lib/python3.12/site-packages/sqlalchemy/pool/base.py", line 690, in __connect
    with util.safe_reraise():
         ^^^^^^^^^^^^^^^^^^^
  File "/home/airflow/.local/lib/python3.12/site-packages/sqlalchemy/util/langhelpers.py", line 70, in __exit__
    compat.raise_(
  File "/home/airflow/.local/lib/python3.12/site-packages/sqlalchemy/util/compat.py", line 211, in raise_
    raise exception
  File "/home/airflow/.local/lib/python3.12/site-packages/sqlalchemy/pool/base.py", line 686, in __connect
    self.dbapi_connection = connection = pool._invoke_creator(self)
                                         ^^^^^^^^^^^^^^^^^^^^^^^^^^
  File "/home/airflow/.local/lib/python3.12/site-packages/sqlalchemy/engine/create.py", line 574, in connect
    return dialect.connect(*cargs, **cparams)
           ^^^^^^^^^^^^^^^^^^^^^^^^^^^^^^^^^^
  File "/home/airflow/.local/lib/python3.12/site-packages/sqlalchemy/engine/default.py", line 598, in connect
    return self.dbapi.connect(*cargs, **cparams)
           ^^^^^^^^^^^^^^^^^^^^^^^^^^^^^^^^^^^^^
  File "/home/airflow/.local/lib/python3.12/site-packages/psycopg2/__init__.py", line 122, in connect
    conn = _connect(dsn, connection_factory=connection_factory, **kwasync)
           ^^^^^^^^^^^^^^^^^^^^^^^^^^^^^^^^^^^^^^^^^^^^^^^^^^^^^^^^^^^^^^^
sqlalchemy.exc.OperationalError: (psycopg2.OperationalError) could not translate host name "postgres" to address: Temporary failure in name resolution

(Background on this error at: https://sqlalche.me/e/14/e3q8)
[2026-03-09T13:03:07.710+0000] {job.py:254} ERROR - Job heartbeat failed with error. Scheduler is in unhealthy state
[2026-03-09T13:03:17.574+0000] {subprocess.py:106} INFO - --- STARTING SENIOR INGESTION (YOUTUBE - NLP READY) ---
[2026-03-09T13:03:17.664+0000] {subprocess.py:106} INFO - 🔎 Crawling YouTube for: son tung mtp, chung ta cua tuong lai
[2026-03-09T13:03:17.693+0000] {subprocess.py:106} INFO - ✅ Uploaded to MinIO: raw/music/topic_id=1/year=2026/month=03/day=09/youtube_1773061296.json
[2026-03-09T13:03:17.712+0000] {subprocess.py:106} INFO - ✨ Processed topic: Chúng Ta Của Tương Lai (10 videos)
[2026-03-09T13:03:17.714+0000] {subprocess.py:106} INFO - 🔎 Crawling YouTube for: bich phuong, nang chen tieu sau
[2026-03-09T13:03:17.716+0000] {subprocess.py:106} INFO - ❌ Error crawling YouTube: HTTPSConnectionPool(host='www.googleapis.com', port=443): Max retries exceeded with url: /youtube/v3/videos?part=statistics%2Csnippet&id=sU8G7Q4rUA4%2Cv5AvPgaQFc0%2Cp9efKbk89xU%2CRTc2x4pxPEI%2Csn1GW1kstlk%2CAWVxiOHB6r8%2CKahdyGtd_3w%2C7wUKXkR410s%2CWzhcX_x3Jv0%2C-LetWUXMNe4&key=AIzaSyABBaCFAyZWeasi2ToIl2O-diAfxIWpbmY (Caused by NameResolutionError("<urllib3.connection.HTTPSConnection object at 0x757fb68268a0>: Failed to resolve 'www.googleapis.com' ([Errno -3] Temporary failure in name resolution)"))
[2026-03-09T13:03:17.723+0000] {subprocess.py:106} INFO - ⚠️ No data for: Nâng Chén Tiêu Sầu
[2026-03-09T13:03:17.725+0000] {subprocess.py:106} INFO - 🔎 Crawling YouTube for: son tung, dung lam trai tim anh dau
[2026-03-09T13:03:17.728+0000] {subprocess.py:106} INFO - ❌ Error crawling YouTube: HTTPSConnectionPool(host='www.googleapis.com', port=443): Max retries exceeded with url: /youtube/v3/search?part=snippet&q=son+tung%2C+dung+lam+trai+tim+anh+dau&type=video&maxResults=10&key=AIzaSyABBaCFAyZWeasi2ToIl2O-diAfxIWpbmY (Caused by NameResolutionError("<urllib3.connection.HTTPSConnection object at 0x757fb687f830>: Failed to resolve 'www.googleapis.com' ([Errno -3] Temporary failure in name resolution)"))
[2026-03-09T13:03:17.730+0000] {subprocess.py:106} INFO - ⚠️ No data for: Đừng Làm Trái Tim Anh Đau
[2026-03-09T13:03:17.732+0000] {subprocess.py:106} INFO - 🔎 Crawling YouTube for: tho oi, phim tho oi
[2026-03-09T13:03:17.734+0000] {subprocess.py:106} INFO - ❌ Error crawling YouTube: HTTPSConnectionPool(host='www.googleapis.com', port=443): Max retries exceeded with url: /youtube/v3/search?part=snippet&q=tho+oi%2C+phim+tho+oi&type=video&maxResults=10&key=AIzaSyABBaCFAyZWeasi2ToIl2O-diAfxIWpbmY (Caused by NameResolutionError("<urllib3.connection.HTTPSConnection object at 0x757fb6827d10>: Failed to resolve 'www.googleapis.com' ([Errno -3] Temporary failure in name resolution)"))
[2026-03-09T13:03:17.738+0000] {subprocess.py:106} INFO - ⚠️ No data for: Phim Thỏ Ơi
[2026-03-09T13:03:17.740+0000] {subprocess.py:106} INFO - 🔎 Crawling YouTube for: nha ba toi mot phong, tran thanh
[2026-03-09T13:03:17.751+0000] {subprocess.py:106} INFO - ❌ Error crawling YouTube: HTTPSConnectionPool(host='www.googleapis.com', port=443): Max retries exceeded with url: /youtube/v3/search?part=snippet&q=nha+ba+toi+mot+phong%2C+tran+thanh&type=video&maxResults=10&key=AIzaSyABBaCFAyZWeasi2ToIl2O-diAfxIWpbmY (Caused by NameResolutionError("<urllib3.connection.HTTPSConnection object at 0x757fb68269f0>: Failed to resolve 'www.googleapis.com' ([Errno -3] Temporary failure in name resolution)"))
[2026-03-09T13:03:17.761+0000] {subprocess.py:106} INFO - ⚠️ No data for: Nhà ba tôi một phòng
[2026-03-09T13:03:17.810+0000] {subprocess.py:106} INFO - 🔎 Crawling YouTube for: mui pho, dao pho va piano
[2026-03-09T13:03:17.811+0000] {subprocess.py:106} INFO - ❌ Error crawling YouTube: HTTPSConnectionPool(host='www.googleapis.com', port=443): Max retries exceeded with url: /youtube/v3/search?part=snippet&q=mui+pho%2C+dao+pho+va+piano&type=video&maxResults=10&key=AIzaSyABBaCFAyZWeasi2ToIl2O-diAfxIWpbmY (Caused by NameResolutionError("<urllib3.connection.HTTPSConnection object at 0x757fb68259d0>: Failed to resolve 'www.googleapis.com' ([Errno -3] Temporary failure in name resolution)"))
[2026-03-09T13:03:17.812+0000] {subprocess.py:106} INFO - ⚠️ No data for: Mùi phở
[2026-03-09T13:03:26.867+0000] {subprocess.py:110} INFO - Command exited with return code 0
[2026-03-09T13:03:27.544+0000] {job.py:229} INFO - Heartbeat recovered after 113.37 seconds
[2026-03-09T13:03:27.776+0000] {taskinstance.py:341} INFO - ::group::Post task execution logs
[2026-03-09T13:03:27.784+0000] {taskinstance.py:353} INFO - Marking task as SUCCESS. dag_id=01_music_ingestion_realtime, task_id=crawl_youtube_data, run_id=scheduled__2026-03-09T12:00:00+00:00, execution_date=20260309T120000, start_date=20260309T130110, end_date=20260309T130327
[2026-03-09T13:03:28.032+0000] {local_task_job_runner.py:266} INFO - Task exited with return code 0
[2026-03-09T13:03:28.211+0000] {taskinstance.py:3901} INFO - 0 downstream tasks scheduled from follow-on schedule check
[2026-03-09T13:03:28.238+0000] {local_task_job_runner.py:245} INFO - ::endgroup::
