[2026-03-06T08:23:58.035+0000] {local_task_job_runner.py:123} INFO - ::group::Pre task execution logs
[2026-03-06T08:23:58.062+0000] {taskinstance.py:2614} INFO - Dependencies all met for dep_context=non-requeueable deps ti=<TaskInstance: 01_master_processing_pipeline.end_pipeline manual__2026-03-06T07:57:46.004240+00:00 [queued]>
[2026-03-06T08:23:58.078+0000] {taskinstance.py:2614} INFO - Dependencies all met for dep_context=requeueable deps ti=<TaskInstance: 01_master_processing_pipeline.end_pipeline manual__2026-03-06T07:57:46.004240+00:00 [queued]>
[2026-03-06T08:23:58.079+0000] {taskinstance.py:2867} INFO - Starting attempt 1 of 2
[2026-03-06T08:23:58.096+0000] {taskinstance.py:2890} INFO - Executing <Task(BashOperator): end_pipeline> on 2026-03-06 07:57:46.004240+00:00
[2026-03-06T08:23:58.105+0000] {standard_task_runner.py:104} INFO - Running: ['***', 'tasks', 'run', '01_master_processing_pipeline', 'end_pipeline', 'manual__2026-03-06T07:57:46.004240+00:00', '--job-id', '20', '--raw', '--subdir', 'DAGS_FOLDER/master_processing_dag.py', '--cfg-path', '/tmp/tmpwi00zu_v']
[2026-03-06T08:23:58.108+0000] {standard_task_runner.py:105} INFO - Job 20: Subtask end_pipeline
[2026-03-06T08:23:58.107+0000] {logging_mixin.py:190} WARNING - /home/***/.local/lib/python3.12/site-packages/***/task/task_runner/standard_task_runner.py:70 DeprecationWarning: This process (pid=3045) is multi-threaded, use of fork() may lead to deadlocks in the child.
[2026-03-06T08:23:58.109+0000] {standard_task_runner.py:72} INFO - Started process 3050 to run task
[2026-03-06T08:23:58.180+0000] {task_command.py:467} INFO - Running <TaskInstance: 01_master_processing_pipeline.end_pipeline manual__2026-03-06T07:57:46.004240+00:00 [running]> on host eb669c802a68
[2026-03-06T08:23:58.279+0000] {taskinstance.py:3134} INFO - Exporting env vars: AIRFLOW_CTX_DAG_OWNER='khang_data_guy' AIRFLOW_CTX_DAG_ID='01_master_processing_pipeline' AIRFLOW_CTX_TASK_ID='end_pipeline' AIRFLOW_CTX_EXECUTION_DATE='2026-03-06T07:57:46.004240+00:00' AIRFLOW_CTX_TRY_NUMBER='1' AIRFLOW_CTX_DAG_RUN_ID='manual__2026-03-06T07:57:46.004240+00:00'
[2026-03-06T08:23:58.280+0000] {taskinstance.py:732} INFO - ::endgroup::
[2026-03-06T08:23:58.312+0000] {subprocess.py:78} INFO - Tmp dir root location: /tmp
[2026-03-06T08:23:58.315+0000] {subprocess.py:88} INFO - Running command: ['/usr/bin/bash', '-c', 'echo "✅ Hoàn tất toàn bộ chuỗi xử lý!"']
[2026-03-06T08:23:58.326+0000] {subprocess.py:99} INFO - Output:
[2026-03-06T08:23:58.329+0000] {subprocess.py:106} INFO - ✅ Hoàn tất toàn bộ chuỗi xử lý!
[2026-03-06T08:23:58.330+0000] {subprocess.py:110} INFO - Command exited with return code 0
[2026-03-06T08:23:58.357+0000] {taskinstance.py:341} INFO - ::group::Post task execution logs
[2026-03-06T08:23:58.358+0000] {taskinstance.py:353} INFO - Marking task as SUCCESS. dag_id=01_master_processing_pipeline, task_id=end_pipeline, run_id=manual__2026-03-06T07:57:46.004240+00:00, execution_date=20260306T075746, start_date=20260306T082358, end_date=20260306T082358
[2026-03-06T08:23:58.407+0000] {local_task_job_runner.py:266} INFO - Task exited with return code 0
[2026-03-06T08:23:58.425+0000] {taskinstance.py:3901} INFO - 0 downstream tasks scheduled from follow-on schedule check
[2026-03-06T08:23:58.429+0000] {local_task_job_runner.py:245} INFO - ::endgroup::
