[2026-03-05T12:44:25.279+0000] {local_task_job_runner.py:123} INFO - ::group::Pre task execution logs
[2026-03-05T12:44:25.306+0000] {taskinstance.py:2614} INFO - Dependencies all met for dep_context=non-requeueable deps ti=<TaskInstance: 01_master_processing_pipeline.process_travel_data scheduled__2026-03-04T00:00:00+00:00 [queued]>
[2026-03-05T12:44:25.319+0000] {taskinstance.py:2614} INFO - Dependencies all met for dep_context=requeueable deps ti=<TaskInstance: 01_master_processing_pipeline.process_travel_data scheduled__2026-03-04T00:00:00+00:00 [queued]>
[2026-03-05T12:44:25.320+0000] {taskinstance.py:2867} INFO - Starting attempt 2 of 2
[2026-03-05T12:44:25.338+0000] {taskinstance.py:2890} INFO - Executing <Task(SparkSubmitOperator): process_travel_data> on 2026-03-04 00:00:00+00:00
[2026-03-05T12:44:25.350+0000] {standard_task_runner.py:104} INFO - Running: ['***', 'tasks', 'run', '01_master_processing_pipeline', 'process_travel_data', 'scheduled__2026-03-04T00:00:00+00:00', '--job-id', '6', '--raw', '--subdir', 'DAGS_FOLDER/master_processing_dag.py', '--cfg-path', '/tmp/tmpy3vk3ga6']
[2026-03-05T12:44:25.353+0000] {logging_mixin.py:190} WARNING - /home/***/.local/lib/python3.12/site-packages/***/task/task_runner/standard_task_runner.py:70 DeprecationWarning: This process (pid=1210) is multi-threaded, use of fork() may lead to deadlocks in the child.
[2026-03-05T12:44:25.353+0000] {standard_task_runner.py:105} INFO - Job 6: Subtask process_travel_data
[2026-03-05T12:44:25.354+0000] {standard_task_runner.py:72} INFO - Started process 1211 to run task
[2026-03-05T12:44:25.431+0000] {task_command.py:467} INFO - Running <TaskInstance: 01_master_processing_pipeline.process_travel_data scheduled__2026-03-04T00:00:00+00:00 [running]> on host 0aa3785c37ec
[2026-03-05T12:44:25.534+0000] {taskinstance.py:3134} INFO - Exporting env vars: AIRFLOW_CTX_DAG_OWNER='khang_data_guy' AIRFLOW_CTX_DAG_ID='01_master_processing_pipeline' AIRFLOW_CTX_TASK_ID='process_travel_data' AIRFLOW_CTX_EXECUTION_DATE='2026-03-04T00:00:00+00:00' AIRFLOW_CTX_TRY_NUMBER='2' AIRFLOW_CTX_DAG_RUN_ID='scheduled__2026-03-04T00:00:00+00:00'
[2026-03-05T12:44:25.536+0000] {taskinstance.py:732} INFO - ::endgroup::
[2026-03-05T12:44:25.590+0000] {base.py:84} INFO - Retrieving connection 'spark_default'
[2026-03-05T12:44:25.592+0000] {spark_submit.py:328} ERROR - Failed to decode base64 keytab: Invalid base64-encoded string: number of data characters (5) cannot be 1 more than a multiple of 4
[2026-03-05T12:44:25.593+0000] {spark_submit.py:305} INFO - Could not load connection string spark_default, defaulting to spark://spark-master:7077
[2026-03-05T12:44:25.595+0000] {spark_submit.py:474} INFO - Spark-Submit cmd: spark-submit --master spark://spark-master:7077 --conf spark.driver.memory=1g --conf spark.executor.memory=1g --name Travel_Processing_Job --verbose --deploy-mode client /opt/***/src/processing/travel/process_reviews_spark.py
[2026-03-05T12:44:28.767+0000] {spark_submit.py:644} INFO - Using properties file: null
[2026-03-05T12:44:28.906+0000] {spark_submit.py:644} INFO - Parsed arguments:
[2026-03-05T12:44:28.907+0000] {spark_submit.py:644} INFO - master                  spark://spark-master:7077
[2026-03-05T12:44:28.912+0000] {spark_submit.py:644} INFO - remote                  null
[2026-03-05T12:44:28.913+0000] {spark_submit.py:644} INFO - deployMode              client
[2026-03-05T12:44:28.914+0000] {spark_submit.py:644} INFO - executorMemory          1g
[2026-03-05T12:44:28.916+0000] {spark_submit.py:644} INFO - executorCores           null
[2026-03-05T12:44:28.916+0000] {spark_submit.py:644} INFO - totalExecutorCores      null
[2026-03-05T12:44:28.919+0000] {spark_submit.py:644} INFO - propertiesFile          null
[2026-03-05T12:44:28.923+0000] {spark_submit.py:644} INFO - driverMemory            1g
[2026-03-05T12:44:28.924+0000] {spark_submit.py:644} INFO - driverCores             null
[2026-03-05T12:44:28.924+0000] {spark_submit.py:644} INFO - driverExtraClassPath    null
[2026-03-05T12:44:28.925+0000] {spark_submit.py:644} INFO - driverExtraLibraryPath  null
[2026-03-05T12:44:28.926+0000] {spark_submit.py:644} INFO - driverExtraJavaOptions  null
[2026-03-05T12:44:28.927+0000] {spark_submit.py:644} INFO - supervise               false
[2026-03-05T12:44:28.927+0000] {spark_submit.py:644} INFO - queue                   null
[2026-03-05T12:44:28.928+0000] {spark_submit.py:644} INFO - numExecutors            null
[2026-03-05T12:44:28.929+0000] {spark_submit.py:644} INFO - files                   null
[2026-03-05T12:44:28.929+0000] {spark_submit.py:644} INFO - pyFiles                 null
[2026-03-05T12:44:28.930+0000] {spark_submit.py:644} INFO - archives                null
[2026-03-05T12:44:28.931+0000] {spark_submit.py:644} INFO - mainClass               null
[2026-03-05T12:44:28.933+0000] {spark_submit.py:644} INFO - primaryResource         file:/opt/***/src/processing/travel/process_reviews_spark.py
[2026-03-05T12:44:28.933+0000] {spark_submit.py:644} INFO - name                    Travel_Processing_Job
[2026-03-05T12:44:28.934+0000] {spark_submit.py:644} INFO - childArgs               []
[2026-03-05T12:44:28.935+0000] {spark_submit.py:644} INFO - jars                    null
[2026-03-05T12:44:28.936+0000] {spark_submit.py:644} INFO - packages                null
[2026-03-05T12:44:28.937+0000] {spark_submit.py:644} INFO - packagesExclusions      null
[2026-03-05T12:44:28.938+0000] {spark_submit.py:644} INFO - repositories            null
[2026-03-05T12:44:28.938+0000] {spark_submit.py:644} INFO - verbose                 true
[2026-03-05T12:44:28.939+0000] {spark_submit.py:644} INFO - 
[2026-03-05T12:44:28.940+0000] {spark_submit.py:644} INFO - Spark properties used, including those specified through
[2026-03-05T12:44:28.940+0000] {spark_submit.py:644} INFO - --conf and those from the properties file null:
[2026-03-05T12:44:28.941+0000] {spark_submit.py:644} INFO - (spark.driver.memory,1g)
[2026-03-05T12:44:28.941+0000] {spark_submit.py:644} INFO - (spark.executor.memory,1g)
[2026-03-05T12:44:28.942+0000] {spark_submit.py:644} INFO - 
[2026-03-05T12:44:28.943+0000] {spark_submit.py:644} INFO - 
[2026-03-05T12:44:29.437+0000] {spark_submit.py:644} INFO - Main class:
[2026-03-05T12:44:29.437+0000] {spark_submit.py:644} INFO - org.apache.spark.deploy.PythonRunner
[2026-03-05T12:44:29.438+0000] {spark_submit.py:644} INFO - Arguments:
[2026-03-05T12:44:29.439+0000] {spark_submit.py:644} INFO - file:/opt/***/src/processing/travel/process_reviews_spark.py
[2026-03-05T12:44:29.440+0000] {spark_submit.py:644} INFO - null
[2026-03-05T12:44:29.441+0000] {spark_submit.py:644} INFO - Spark config:
[2026-03-05T12:44:29.441+0000] {spark_submit.py:644} INFO - (spark.app.name,Travel_Processing_Job)
[2026-03-05T12:44:29.442+0000] {spark_submit.py:644} INFO - (spark.app.submitTime,1772714669417)
[2026-03-05T12:44:29.443+0000] {spark_submit.py:644} INFO - (spark.driver.memory,1g)
[2026-03-05T12:44:29.444+0000] {spark_submit.py:644} INFO - (spark.executor.memory,1g)
[2026-03-05T12:44:29.445+0000] {spark_submit.py:644} INFO - (spark.master,spark://spark-master:7077)
[2026-03-05T12:44:29.445+0000] {spark_submit.py:644} INFO - (spark.submit.deployMode,client)
[2026-03-05T12:44:29.446+0000] {spark_submit.py:644} INFO - (spark.submit.pyFiles,)
[2026-03-05T12:44:29.447+0000] {spark_submit.py:644} INFO - Classpath elements:
[2026-03-05T12:44:29.447+0000] {spark_submit.py:644} INFO - 
[2026-03-05T12:44:29.448+0000] {spark_submit.py:644} INFO - 
[2026-03-05T12:44:29.449+0000] {spark_submit.py:644} INFO - 
[2026-03-05T12:44:31.604+0000] {spark_submit.py:644} INFO - 26/03/05 12:44:31 INFO SparkContext: Running Spark version 3.5.3
[2026-03-05T12:44:31.609+0000] {spark_submit.py:644} INFO - 26/03/05 12:44:31 INFO SparkContext: OS info Linux, 6.6.87.2-microsoft-standard-WSL2, amd64
[2026-03-05T12:44:31.610+0000] {spark_submit.py:644} INFO - 26/03/05 12:44:31 INFO SparkContext: Java version 17.0.17
[2026-03-05T12:44:31.810+0000] {spark_submit.py:644} INFO - 26/03/05 12:44:31 WARN NativeCodeLoader: Unable to load native-hadoop library for your platform... using builtin-java classes where applicable
[2026-03-05T12:44:31.996+0000] {spark_submit.py:644} INFO - 26/03/05 12:44:31 INFO ResourceUtils: ==============================================================
[2026-03-05T12:44:31.997+0000] {spark_submit.py:644} INFO - 26/03/05 12:44:31 INFO ResourceUtils: No custom resources configured for spark.driver.
[2026-03-05T12:44:31.998+0000] {spark_submit.py:644} INFO - 26/03/05 12:44:31 INFO ResourceUtils: ==============================================================
[2026-03-05T12:44:31.999+0000] {spark_submit.py:644} INFO - 26/03/05 12:44:31 INFO SparkContext: Submitted application: TravelReviewsProcessing
[2026-03-05T12:44:32.042+0000] {spark_submit.py:644} INFO - 26/03/05 12:44:32 INFO ResourceProfile: Default ResourceProfile created, executor resources: Map(memory -> name: memory, amount: 1024, script: , vendor: , offHeap -> name: offHeap, amount: 0, script: , vendor: ), task resources: Map(cpus -> name: cpus, amount: 1.0)
[2026-03-05T12:44:32.051+0000] {spark_submit.py:644} INFO - 26/03/05 12:44:32 INFO ResourceProfile: Limiting resource is cpu
[2026-03-05T12:44:32.053+0000] {spark_submit.py:644} INFO - 26/03/05 12:44:32 INFO ResourceProfileManager: Added ResourceProfile id: 0
[2026-03-05T12:44:32.182+0000] {spark_submit.py:644} INFO - 26/03/05 12:44:32 INFO SecurityManager: Changing view acls to: ***
[2026-03-05T12:44:32.184+0000] {spark_submit.py:644} INFO - 26/03/05 12:44:32 INFO SecurityManager: Changing modify acls to: ***
[2026-03-05T12:44:32.185+0000] {spark_submit.py:644} INFO - 26/03/05 12:44:32 INFO SecurityManager: Changing view acls groups to:
[2026-03-05T12:44:32.186+0000] {spark_submit.py:644} INFO - 26/03/05 12:44:32 INFO SecurityManager: Changing modify acls groups to:
[2026-03-05T12:44:32.187+0000] {spark_submit.py:644} INFO - 26/03/05 12:44:32 INFO SecurityManager: SecurityManager: authentication disabled; ui acls disabled; users with view permissions: ***; groups with view permissions: EMPTY; users with modify permissions: ***; groups with modify permissions: EMPTY
[2026-03-05T12:44:32.569+0000] {spark_submit.py:644} INFO - 26/03/05 12:44:32 INFO Utils: Successfully started service 'sparkDriver' on port 35309.
[2026-03-05T12:44:32.633+0000] {spark_submit.py:644} INFO - 26/03/05 12:44:32 INFO SparkEnv: Registering MapOutputTracker
[2026-03-05T12:44:32.690+0000] {spark_submit.py:644} INFO - 26/03/05 12:44:32 INFO SparkEnv: Registering BlockManagerMaster
[2026-03-05T12:44:32.716+0000] {spark_submit.py:644} INFO - 26/03/05 12:44:32 INFO BlockManagerMasterEndpoint: Using org.apache.spark.storage.DefaultTopologyMapper for getting topology information
[2026-03-05T12:44:32.717+0000] {spark_submit.py:644} INFO - 26/03/05 12:44:32 INFO BlockManagerMasterEndpoint: BlockManagerMasterEndpoint up
[2026-03-05T12:44:32.725+0000] {spark_submit.py:644} INFO - 26/03/05 12:44:32 INFO SparkEnv: Registering BlockManagerMasterHeartbeat
[2026-03-05T12:44:32.770+0000] {spark_submit.py:644} INFO - 26/03/05 12:44:32 INFO DiskBlockManager: Created local directory at /tmp/blockmgr-953fcd07-f07c-4588-a0cc-9bb3bc2d0a77
[2026-03-05T12:44:32.789+0000] {spark_submit.py:644} INFO - 26/03/05 12:44:32 INFO MemoryStore: MemoryStore started with capacity 434.4 MiB
[2026-03-05T12:44:32.810+0000] {spark_submit.py:644} INFO - 26/03/05 12:44:32 INFO SparkEnv: Registering OutputCommitCoordinator
[2026-03-05T12:44:33.031+0000] {spark_submit.py:644} INFO - 26/03/05 12:44:33 INFO JettyUtils: Start Jetty 0.0.0.0:4040 for SparkUI
[2026-03-05T12:44:33.116+0000] {spark_submit.py:644} INFO - 26/03/05 12:44:33 INFO Utils: Successfully started service 'SparkUI' on port 4040.
[2026-03-05T12:44:33.289+0000] {spark_submit.py:644} INFO - 26/03/05 12:44:33 INFO StandaloneAppClient$ClientEndpoint: Connecting to master spark://spark-master:7077...
[2026-03-05T12:44:33.350+0000] {spark_submit.py:644} INFO - 26/03/05 12:44:33 INFO TransportClientFactory: Successfully created connection to spark-master/172.18.0.4:7077 after 32 ms (0 ms spent in bootstraps)
[2026-03-05T12:44:33.513+0000] {spark_submit.py:644} INFO - 26/03/05 12:44:33 INFO StandaloneSchedulerBackend: Connected to Spark cluster with app ID app-20260305124433-0001
[2026-03-05T12:44:33.526+0000] {spark_submit.py:644} INFO - 26/03/05 12:44:33 INFO Utils: Successfully started service 'org.apache.spark.network.netty.NettyBlockTransferService' on port 40429.
[2026-03-05T12:44:33.532+0000] {spark_submit.py:644} INFO - 26/03/05 12:44:33 INFO NettyBlockTransferService: Server created on 0aa3785c37ec:40429
[2026-03-05T12:44:33.533+0000] {spark_submit.py:644} INFO - 26/03/05 12:44:33 INFO StandaloneAppClient$ClientEndpoint: Executor added: app-20260305124433-0001/0 on worker-20260305115743-172.18.0.6-45903 (172.18.0.6:45903) with 2 core(s)
[2026-03-05T12:44:33.533+0000] {spark_submit.py:644} INFO - 26/03/05 12:44:33 INFO StandaloneSchedulerBackend: Granted executor ID app-20260305124433-0001/0 on hostPort 172.18.0.6:45903 with 2 core(s), 1024.0 MiB RAM
[2026-03-05T12:44:33.534+0000] {spark_submit.py:644} INFO - 26/03/05 12:44:33 INFO BlockManager: Using org.apache.spark.storage.RandomBlockReplicationPolicy for block replication policy
[2026-03-05T12:44:33.541+0000] {spark_submit.py:644} INFO - 26/03/05 12:44:33 INFO BlockManagerMaster: Registering BlockManager BlockManagerId(driver, 0aa3785c37ec, 40429, None)
[2026-03-05T12:44:33.545+0000] {spark_submit.py:644} INFO - 26/03/05 12:44:33 INFO BlockManagerMasterEndpoint: Registering block manager 0aa3785c37ec:40429 with 434.4 MiB RAM, BlockManagerId(driver, 0aa3785c37ec, 40429, None)
[2026-03-05T12:44:33.548+0000] {spark_submit.py:644} INFO - 26/03/05 12:44:33 INFO BlockManagerMaster: Registered BlockManager BlockManagerId(driver, 0aa3785c37ec, 40429, None)
[2026-03-05T12:44:33.550+0000] {spark_submit.py:644} INFO - 26/03/05 12:44:33 INFO BlockManager: Initialized BlockManager: BlockManagerId(driver, 0aa3785c37ec, 40429, None)
[2026-03-05T12:44:33.777+0000] {spark_submit.py:644} INFO - 26/03/05 12:44:33 INFO StandaloneAppClient$ClientEndpoint: Executor updated: app-20260305124433-0001/0 is now RUNNING
[2026-03-05T12:44:33.827+0000] {spark_submit.py:644} INFO - 26/03/05 12:44:33 INFO StandaloneSchedulerBackend: SchedulerBackend is ready for scheduling beginning after reached minRegisteredResourcesRatio: 0.0
[2026-03-05T12:44:34.086+0000] {spark_submit.py:644} INFO - 🚀 Bắt đầu xử lý dữ liệu với Spark...
[2026-03-05T12:44:34.087+0000] {spark_submit.py:644} INFO - 📂 Đang đọc dữ liệu từ: s3a://social-trend-lake/raw/travel/reviews/*.json
[2026-03-05T12:44:35.708+0000] {spark_submit.py:644} INFO - 26/03/05 12:44:35 WARN FileStreamSink: Assume no metadata directory. Error while looking for metadata directory in the path: s3a://social-trend-lake/raw/travel/reviews/*.json.
[2026-03-05T12:44:35.709+0000] {spark_submit.py:644} INFO - java.lang.RuntimeException: java.lang.ClassNotFoundException: Class org.apache.hadoop.fs.s3a.S3AFileSystem not found
[2026-03-05T12:44:35.716+0000] {spark_submit.py:644} INFO - at org.apache.hadoop.conf.Configuration.getClass(Configuration.java:2688)
[2026-03-05T12:44:35.717+0000] {spark_submit.py:644} INFO - at org.apache.hadoop.fs.FileSystem.getFileSystemClass(FileSystem.java:3431)
[2026-03-05T12:44:35.717+0000] {spark_submit.py:644} INFO - at org.apache.hadoop.fs.FileSystem.createFileSystem(FileSystem.java:3466)
[2026-03-05T12:44:35.718+0000] {spark_submit.py:644} INFO - at org.apache.hadoop.fs.FileSystem.access$300(FileSystem.java:174)
[2026-03-05T12:44:35.718+0000] {spark_submit.py:644} INFO - at org.apache.hadoop.fs.FileSystem$Cache.getInternal(FileSystem.java:3574)
[2026-03-05T12:44:35.719+0000] {spark_submit.py:644} INFO - at org.apache.hadoop.fs.FileSystem$Cache.get(FileSystem.java:3521)
[2026-03-05T12:44:35.719+0000] {spark_submit.py:644} INFO - at org.apache.hadoop.fs.FileSystem.get(FileSystem.java:540)
[2026-03-05T12:44:35.720+0000] {spark_submit.py:644} INFO - at org.apache.hadoop.fs.Path.getFileSystem(Path.java:365)
[2026-03-05T12:44:35.720+0000] {spark_submit.py:644} INFO - at org.apache.spark.sql.execution.streaming.FileStreamSink$.hasMetadata(FileStreamSink.scala:53)
[2026-03-05T12:44:35.721+0000] {spark_submit.py:644} INFO - at org.apache.spark.sql.execution.datasources.DataSource.resolveRelation(DataSource.scala:366)
[2026-03-05T12:44:35.721+0000] {spark_submit.py:644} INFO - at org.apache.spark.sql.DataFrameReader.loadV1Source(DataFrameReader.scala:229)
[2026-03-05T12:44:35.722+0000] {spark_submit.py:644} INFO - at org.apache.spark.sql.DataFrameReader.$anonfun$load$2(DataFrameReader.scala:211)
[2026-03-05T12:44:35.722+0000] {spark_submit.py:644} INFO - at scala.Option.getOrElse(Option.scala:189)
[2026-03-05T12:44:35.723+0000] {spark_submit.py:644} INFO - at org.apache.spark.sql.DataFrameReader.load(DataFrameReader.scala:211)
[2026-03-05T12:44:35.723+0000] {spark_submit.py:644} INFO - at org.apache.spark.sql.DataFrameReader.json(DataFrameReader.scala:362)
[2026-03-05T12:44:35.724+0000] {spark_submit.py:644} INFO - at java.base/jdk.internal.reflect.NativeMethodAccessorImpl.invoke0(Native Method)
[2026-03-05T12:44:35.725+0000] {spark_submit.py:644} INFO - at java.base/jdk.internal.reflect.NativeMethodAccessorImpl.invoke(NativeMethodAccessorImpl.java:77)
[2026-03-05T12:44:35.725+0000] {spark_submit.py:644} INFO - at java.base/jdk.internal.reflect.DelegatingMethodAccessorImpl.invoke(DelegatingMethodAccessorImpl.java:43)
[2026-03-05T12:44:35.725+0000] {spark_submit.py:644} INFO - at java.base/java.lang.reflect.Method.invoke(Method.java:569)
[2026-03-05T12:44:35.726+0000] {spark_submit.py:644} INFO - at py4j.reflection.MethodInvoker.invoke(MethodInvoker.java:244)
[2026-03-05T12:44:35.726+0000] {spark_submit.py:644} INFO - at py4j.reflection.ReflectionEngine.invoke(ReflectionEngine.java:374)
[2026-03-05T12:44:35.727+0000] {spark_submit.py:644} INFO - at py4j.Gateway.invoke(Gateway.java:282)
[2026-03-05T12:44:35.727+0000] {spark_submit.py:644} INFO - at py4j.commands.AbstractCommand.invokeMethod(AbstractCommand.java:132)
[2026-03-05T12:44:35.727+0000] {spark_submit.py:644} INFO - at py4j.commands.CallCommand.execute(CallCommand.java:79)
[2026-03-05T12:44:35.728+0000] {spark_submit.py:644} INFO - at py4j.ClientServerConnection.waitForCommands(ClientServerConnection.java:182)
[2026-03-05T12:44:35.729+0000] {spark_submit.py:644} INFO - at py4j.ClientServerConnection.run(ClientServerConnection.java:106)
[2026-03-05T12:44:35.729+0000] {spark_submit.py:644} INFO - at java.base/java.lang.Thread.run(Thread.java:840)
[2026-03-05T12:44:35.730+0000] {spark_submit.py:644} INFO - Caused by: java.lang.ClassNotFoundException: Class org.apache.hadoop.fs.s3a.S3AFileSystem not found
[2026-03-05T12:44:35.730+0000] {spark_submit.py:644} INFO - at org.apache.hadoop.conf.Configuration.getClassByName(Configuration.java:2592)
[2026-03-05T12:44:35.736+0000] {spark_submit.py:644} INFO - at org.apache.hadoop.conf.Configuration.getClass(Configuration.java:2686)
[2026-03-05T12:44:35.737+0000] {spark_submit.py:644} INFO - ... 26 more
[2026-03-05T12:44:35.805+0000] {spark_submit.py:644} INFO - Traceback (most recent call last):
[2026-03-05T12:44:35.806+0000] {spark_submit.py:644} INFO - File "/opt/***/src/processing/travel/process_reviews_spark.py", line 83, in <module>
[2026-03-05T12:44:35.810+0000] {spark_submit.py:644} INFO - main()
[2026-03-05T12:44:35.811+0000] {spark_submit.py:644} INFO - File "/opt/***/src/processing/travel/process_reviews_spark.py", line 45, in main
[2026-03-05T12:44:35.814+0000] {spark_submit.py:644} INFO - .json(raw_path)
[2026-03-05T12:44:35.815+0000] {spark_submit.py:644} INFO - ^^^^^^^^^^^^^^
[2026-03-05T12:44:35.816+0000] {spark_submit.py:644} INFO - File "/home/***/.local/lib/python3.12/site-packages/pyspark/python/lib/pyspark.zip/pyspark/sql/readwriter.py", line 425, in json
[2026-03-05T12:44:35.819+0000] {spark_submit.py:644} INFO - File "/home/***/.local/lib/python3.12/site-packages/pyspark/python/lib/py4j-0.10.9.7-src.zip/py4j/java_gateway.py", line 1322, in __call__
[2026-03-05T12:44:35.823+0000] {spark_submit.py:644} INFO - File "/home/***/.local/lib/python3.12/site-packages/pyspark/python/lib/pyspark.zip/pyspark/errors/exceptions/captured.py", line 179, in deco
[2026-03-05T12:44:35.826+0000] {spark_submit.py:644} INFO - File "/home/***/.local/lib/python3.12/site-packages/pyspark/python/lib/py4j-0.10.9.7-src.zip/py4j/protocol.py", line 326, in get_return_value
[2026-03-05T12:44:35.829+0000] {spark_submit.py:644} INFO - py4j.protocol.Py4JJavaError: An error occurred while calling o46.json.
[2026-03-05T12:44:35.832+0000] {spark_submit.py:644} INFO - : java.lang.RuntimeException: java.lang.ClassNotFoundException: Class org.apache.hadoop.fs.s3a.S3AFileSystem not found
[2026-03-05T12:44:35.833+0000] {spark_submit.py:644} INFO - at org.apache.hadoop.conf.Configuration.getClass(Configuration.java:2688)
[2026-03-05T12:44:35.834+0000] {spark_submit.py:644} INFO - at org.apache.hadoop.fs.FileSystem.getFileSystemClass(FileSystem.java:3431)
[2026-03-05T12:44:35.835+0000] {spark_submit.py:644} INFO - at org.apache.hadoop.fs.FileSystem.createFileSystem(FileSystem.java:3466)
[2026-03-05T12:44:35.837+0000] {spark_submit.py:644} INFO - at org.apache.hadoop.fs.FileSystem.access$300(FileSystem.java:174)
[2026-03-05T12:44:35.838+0000] {spark_submit.py:644} INFO - at org.apache.hadoop.fs.FileSystem$Cache.getInternal(FileSystem.java:3574)
[2026-03-05T12:44:35.839+0000] {spark_submit.py:644} INFO - at org.apache.hadoop.fs.FileSystem$Cache.get(FileSystem.java:3521)
[2026-03-05T12:44:35.840+0000] {spark_submit.py:644} INFO - at org.apache.hadoop.fs.FileSystem.get(FileSystem.java:540)
[2026-03-05T12:44:35.840+0000] {spark_submit.py:644} INFO - at org.apache.hadoop.fs.Path.getFileSystem(Path.java:365)
[2026-03-05T12:44:35.841+0000] {spark_submit.py:644} INFO - at org.apache.spark.sql.execution.datasources.DataSource$.$anonfun$checkAndGlobPathIfNecessary$1(DataSource.scala:724)
[2026-03-05T12:44:35.842+0000] {spark_submit.py:644} INFO - at scala.collection.immutable.List.map(List.scala:293)
[2026-03-05T12:44:35.842+0000] {spark_submit.py:644} INFO - at org.apache.spark.sql.execution.datasources.DataSource$.checkAndGlobPathIfNecessary(DataSource.scala:722)
[2026-03-05T12:44:35.843+0000] {spark_submit.py:644} INFO - at org.apache.spark.sql.execution.datasources.DataSource.checkAndGlobPathIfNecessary(DataSource.scala:551)
[2026-03-05T12:44:35.843+0000] {spark_submit.py:644} INFO - at org.apache.spark.sql.execution.datasources.DataSource.resolveRelation(DataSource.scala:404)
[2026-03-05T12:44:35.844+0000] {spark_submit.py:644} INFO - at org.apache.spark.sql.DataFrameReader.loadV1Source(DataFrameReader.scala:229)
[2026-03-05T12:44:35.845+0000] {spark_submit.py:644} INFO - at org.apache.spark.sql.DataFrameReader.$anonfun$load$2(DataFrameReader.scala:211)
[2026-03-05T12:44:35.845+0000] {spark_submit.py:644} INFO - at scala.Option.getOrElse(Option.scala:189)
[2026-03-05T12:44:35.846+0000] {spark_submit.py:644} INFO - at org.apache.spark.sql.DataFrameReader.load(DataFrameReader.scala:211)
[2026-03-05T12:44:35.846+0000] {spark_submit.py:644} INFO - at org.apache.spark.sql.DataFrameReader.json(DataFrameReader.scala:362)
[2026-03-05T12:44:35.847+0000] {spark_submit.py:644} INFO - at java.base/jdk.internal.reflect.NativeMethodAccessorImpl.invoke0(Native Method)
[2026-03-05T12:44:35.847+0000] {spark_submit.py:644} INFO - at java.base/jdk.internal.reflect.NativeMethodAccessorImpl.invoke(NativeMethodAccessorImpl.java:77)
[2026-03-05T12:44:35.848+0000] {spark_submit.py:644} INFO - at java.base/jdk.internal.reflect.DelegatingMethodAccessorImpl.invoke(DelegatingMethodAccessorImpl.java:43)
[2026-03-05T12:44:35.849+0000] {spark_submit.py:644} INFO - at java.base/java.lang.reflect.Method.invoke(Method.java:569)
[2026-03-05T12:44:35.849+0000] {spark_submit.py:644} INFO - at py4j.reflection.MethodInvoker.invoke(MethodInvoker.java:244)
[2026-03-05T12:44:35.850+0000] {spark_submit.py:644} INFO - at py4j.reflection.ReflectionEngine.invoke(ReflectionEngine.java:374)
[2026-03-05T12:44:35.850+0000] {spark_submit.py:644} INFO - at py4j.Gateway.invoke(Gateway.java:282)
[2026-03-05T12:44:35.850+0000] {spark_submit.py:644} INFO - at py4j.commands.AbstractCommand.invokeMethod(AbstractCommand.java:132)
[2026-03-05T12:44:35.851+0000] {spark_submit.py:644} INFO - at py4j.commands.CallCommand.execute(CallCommand.java:79)
[2026-03-05T12:44:35.851+0000] {spark_submit.py:644} INFO - at py4j.ClientServerConnection.waitForCommands(ClientServerConnection.java:182)
[2026-03-05T12:44:35.852+0000] {spark_submit.py:644} INFO - at py4j.ClientServerConnection.run(ClientServerConnection.java:106)
[2026-03-05T12:44:35.852+0000] {spark_submit.py:644} INFO - at java.base/java.lang.Thread.run(Thread.java:840)
[2026-03-05T12:44:35.852+0000] {spark_submit.py:644} INFO - Caused by: java.lang.ClassNotFoundException: Class org.apache.hadoop.fs.s3a.S3AFileSystem not found
[2026-03-05T12:44:35.853+0000] {spark_submit.py:644} INFO - at org.apache.hadoop.conf.Configuration.getClassByName(Configuration.java:2592)
[2026-03-05T12:44:35.853+0000] {spark_submit.py:644} INFO - at org.apache.hadoop.conf.Configuration.getClass(Configuration.java:2686)
[2026-03-05T12:44:35.854+0000] {spark_submit.py:644} INFO - ... 29 more
[2026-03-05T12:44:35.854+0000] {spark_submit.py:644} INFO - 
[2026-03-05T12:44:36.171+0000] {taskinstance.py:3313} ERROR - Task failed with exception
Traceback (most recent call last):
  File "/home/airflow/.local/lib/python3.12/site-packages/airflow/models/taskinstance.py", line 768, in _execute_task
    result = _execute_callable(context=context, **execute_callable_kwargs)
             ^^^^^^^^^^^^^^^^^^^^^^^^^^^^^^^^^^^^^^^^^^^^^^^^^^^^^^^^^^^^^
  File "/home/airflow/.local/lib/python3.12/site-packages/airflow/models/taskinstance.py", line 734, in _execute_callable
    return ExecutionCallableRunner(
           ^^^^^^^^^^^^^^^^^^^^^^^^
  File "/home/airflow/.local/lib/python3.12/site-packages/airflow/utils/operator_helpers.py", line 252, in run
    return self.func(*args, **kwargs)
           ^^^^^^^^^^^^^^^^^^^^^^^^^^
  File "/home/airflow/.local/lib/python3.12/site-packages/airflow/models/baseoperator.py", line 424, in wrapper
    return func(self, *args, **kwargs)
           ^^^^^^^^^^^^^^^^^^^^^^^^^^^
  File "/home/airflow/.local/lib/python3.12/site-packages/airflow/providers/apache/spark/operators/spark_submit.py", line 197, in execute
    self._hook.submit(self.application)
  File "/home/airflow/.local/lib/python3.12/site-packages/airflow/providers/apache/spark/hooks/spark_submit.py", line 566, in submit
    raise AirflowException(
airflow.exceptions.AirflowException: Cannot execute: spark-submit --master spark://spark-master:7077 --conf spark.driver.memory=1g --conf spark.executor.memory=1g --name Travel_Processing_Job --verbose --deploy-mode client /opt/***/src/processing/travel/process_reviews_spark.py. Error code is: 1.
[2026-03-05T12:44:36.185+0000] {taskinstance.py:1226} INFO - Marking task as FAILED. dag_id=01_master_processing_pipeline, task_id=process_travel_data, run_id=scheduled__2026-03-04T00:00:00+00:00, execution_date=20260304T000000, start_date=20260305T124425, end_date=20260305T124436
[2026-03-05T12:44:36.218+0000] {taskinstance.py:341} INFO - ::group::Post task execution logs
[2026-03-05T12:44:36.219+0000] {standard_task_runner.py:124} ERROR - Failed to execute job 6 for task process_travel_data (Cannot execute: spark-submit --master spark://spark-master:7077 --conf spark.driver.memory=1g --conf spark.executor.memory=1g --name Travel_Processing_Job --verbose --deploy-mode client /opt/***/src/processing/travel/process_reviews_spark.py. Error code is: 1.; 1211)
Traceback (most recent call last):
  File "/home/airflow/.local/lib/python3.12/site-packages/airflow/task/task_runner/standard_task_runner.py", line 117, in _start_by_fork
    ret = args.func(args, dag=self.dag)
          ^^^^^^^^^^^^^^^^^^^^^^^^^^^^^
  File "/home/airflow/.local/lib/python3.12/site-packages/airflow/cli/cli_config.py", line 49, in command
    return func(*args, **kwargs)
           ^^^^^^^^^^^^^^^^^^^^^
  File "/home/airflow/.local/lib/python3.12/site-packages/airflow/utils/cli.py", line 116, in wrapper
    return f(*args, **kwargs)
           ^^^^^^^^^^^^^^^^^^
  File "/home/airflow/.local/lib/python3.12/site-packages/airflow/cli/commands/task_command.py", line 483, in task_run
    task_return_code = _run_task_by_selected_method(args, _dag, ti)
                       ^^^^^^^^^^^^^^^^^^^^^^^^^^^^^^^^^^^^^^^^^^^^
  File "/home/airflow/.local/lib/python3.12/site-packages/airflow/cli/commands/task_command.py", line 256, in _run_task_by_selected_method
    return _run_raw_task(args, ti)
           ^^^^^^^^^^^^^^^^^^^^^^^
  File "/home/airflow/.local/lib/python3.12/site-packages/airflow/cli/commands/task_command.py", line 341, in _run_raw_task
    return ti._run_raw_task(
           ^^^^^^^^^^^^^^^^^
  File "/home/airflow/.local/lib/python3.12/site-packages/airflow/utils/session.py", line 97, in wrapper
    return func(*args, session=session, **kwargs)
           ^^^^^^^^^^^^^^^^^^^^^^^^^^^^^^^^^^^^^^
  File "/home/airflow/.local/lib/python3.12/site-packages/airflow/models/taskinstance.py", line 3006, in _run_raw_task
    return _run_raw_task(
           ^^^^^^^^^^^^^^
  File "/home/airflow/.local/lib/python3.12/site-packages/airflow/models/taskinstance.py", line 274, in _run_raw_task
    TaskInstance._execute_task_with_callbacks(
  File "/home/airflow/.local/lib/python3.12/site-packages/airflow/models/taskinstance.py", line 3161, in _execute_task_with_callbacks
    result = self._execute_task(context, task_orig)
             ^^^^^^^^^^^^^^^^^^^^^^^^^^^^^^^^^^^^^^
  File "/home/airflow/.local/lib/python3.12/site-packages/airflow/models/taskinstance.py", line 3185, in _execute_task
    return _execute_task(self, context, task_orig)
           ^^^^^^^^^^^^^^^^^^^^^^^^^^^^^^^^^^^^^^^
  File "/home/airflow/.local/lib/python3.12/site-packages/airflow/models/taskinstance.py", line 768, in _execute_task
    result = _execute_callable(context=context, **execute_callable_kwargs)
             ^^^^^^^^^^^^^^^^^^^^^^^^^^^^^^^^^^^^^^^^^^^^^^^^^^^^^^^^^^^^^
  File "/home/airflow/.local/lib/python3.12/site-packages/airflow/models/taskinstance.py", line 734, in _execute_callable
    return ExecutionCallableRunner(
           ^^^^^^^^^^^^^^^^^^^^^^^^
  File "/home/airflow/.local/lib/python3.12/site-packages/airflow/utils/operator_helpers.py", line 252, in run
    return self.func(*args, **kwargs)
           ^^^^^^^^^^^^^^^^^^^^^^^^^^
  File "/home/airflow/.local/lib/python3.12/site-packages/airflow/models/baseoperator.py", line 424, in wrapper
    return func(self, *args, **kwargs)
           ^^^^^^^^^^^^^^^^^^^^^^^^^^^
  File "/home/airflow/.local/lib/python3.12/site-packages/airflow/providers/apache/spark/operators/spark_submit.py", line 197, in execute
    self._hook.submit(self.application)
  File "/home/airflow/.local/lib/python3.12/site-packages/airflow/providers/apache/spark/hooks/spark_submit.py", line 566, in submit
    raise AirflowException(
airflow.exceptions.AirflowException: Cannot execute: spark-submit --master spark://spark-master:7077 --conf spark.driver.memory=1g --conf spark.executor.memory=1g --name Travel_Processing_Job --verbose --deploy-mode client /opt/***/src/processing/travel/process_reviews_spark.py. Error code is: 1.
[2026-03-05T12:44:36.237+0000] {local_task_job_runner.py:266} INFO - Task exited with return code 1
[2026-03-05T12:44:36.258+0000] {taskinstance.py:3901} INFO - 0 downstream tasks scheduled from follow-on schedule check
[2026-03-05T12:44:36.262+0000] {local_task_job_runner.py:245} INFO - ::endgroup::
