[2026-03-05T12:38:59.616+0000] {local_task_job_runner.py:123} INFO - ::group::Pre task execution logs
[2026-03-05T12:38:59.642+0000] {taskinstance.py:2614} INFO - Dependencies all met for dep_context=non-requeueable deps ti=<TaskInstance: 01_master_processing_pipeline.process_travel_data scheduled__2026-03-04T00:00:00+00:00 [queued]>
[2026-03-05T12:38:59.652+0000] {taskinstance.py:2614} INFO - Dependencies all met for dep_context=requeueable deps ti=<TaskInstance: 01_master_processing_pipeline.process_travel_data scheduled__2026-03-04T00:00:00+00:00 [queued]>
[2026-03-05T12:38:59.655+0000] {taskinstance.py:2867} INFO - Starting attempt 1 of 2
[2026-03-05T12:38:59.672+0000] {taskinstance.py:2890} INFO - Executing <Task(SparkSubmitOperator): process_travel_data> on 2026-03-04 00:00:00+00:00
[2026-03-05T12:38:59.685+0000] {standard_task_runner.py:104} INFO - Running: ['***', 'tasks', 'run', '01_master_processing_pipeline', 'process_travel_data', 'scheduled__2026-03-04T00:00:00+00:00', '--job-id', '5', '--raw', '--subdir', 'DAGS_FOLDER/master_processing_dag.py', '--cfg-path', '/tmp/tmpgn1ugwsx']
[2026-03-05T12:38:59.689+0000] {standard_task_runner.py:105} INFO - Job 5: Subtask process_travel_data
[2026-03-05T12:38:59.691+0000] {logging_mixin.py:190} WARNING - /home/***/.local/lib/python3.12/site-packages/***/task/task_runner/standard_task_runner.py:70 DeprecationWarning: This process (pid=950) is multi-threaded, use of fork() may lead to deadlocks in the child.
[2026-03-05T12:38:59.692+0000] {standard_task_runner.py:72} INFO - Started process 951 to run task
[2026-03-05T12:38:59.772+0000] {task_command.py:467} INFO - Running <TaskInstance: 01_master_processing_pipeline.process_travel_data scheduled__2026-03-04T00:00:00+00:00 [running]> on host 0aa3785c37ec
[2026-03-05T12:38:59.872+0000] {taskinstance.py:3134} INFO - Exporting env vars: AIRFLOW_CTX_DAG_OWNER='khang_data_guy' AIRFLOW_CTX_DAG_ID='01_master_processing_pipeline' AIRFLOW_CTX_TASK_ID='process_travel_data' AIRFLOW_CTX_EXECUTION_DATE='2026-03-04T00:00:00+00:00' AIRFLOW_CTX_TRY_NUMBER='1' AIRFLOW_CTX_DAG_RUN_ID='scheduled__2026-03-04T00:00:00+00:00'
[2026-03-05T12:38:59.877+0000] {taskinstance.py:732} INFO - ::endgroup::
[2026-03-05T12:38:59.934+0000] {base.py:84} INFO - Retrieving connection 'spark_default'
[2026-03-05T12:38:59.938+0000] {spark_submit.py:328} ERROR - Failed to decode base64 keytab: Invalid base64-encoded string: number of data characters (5) cannot be 1 more than a multiple of 4
[2026-03-05T12:38:59.939+0000] {spark_submit.py:305} INFO - Could not load connection string spark_default, defaulting to spark://spark-master:7077
[2026-03-05T12:38:59.941+0000] {spark_submit.py:474} INFO - Spark-Submit cmd: spark-submit --master spark://spark-master:7077 --conf spark.driver.memory=1g --conf spark.executor.memory=1g --name Travel_Processing_Job --verbose --deploy-mode client /opt/***/src/processing/travel/process_reviews_spark.py
[2026-03-05T12:39:07.138+0000] {spark_submit.py:644} INFO - Using properties file: null
[2026-03-05T12:39:07.312+0000] {spark_submit.py:644} INFO - Parsed arguments:
[2026-03-05T12:39:07.314+0000] {spark_submit.py:644} INFO - master                  spark://spark-master:7077
[2026-03-05T12:39:07.314+0000] {spark_submit.py:644} INFO - remote                  null
[2026-03-05T12:39:07.315+0000] {spark_submit.py:644} INFO - deployMode              client
[2026-03-05T12:39:07.315+0000] {spark_submit.py:644} INFO - executorMemory          1g
[2026-03-05T12:39:07.316+0000] {spark_submit.py:644} INFO - executorCores           null
[2026-03-05T12:39:07.317+0000] {spark_submit.py:644} INFO - totalExecutorCores      null
[2026-03-05T12:39:07.317+0000] {spark_submit.py:644} INFO - propertiesFile          null
[2026-03-05T12:39:07.318+0000] {spark_submit.py:644} INFO - driverMemory            1g
[2026-03-05T12:39:07.318+0000] {spark_submit.py:644} INFO - driverCores             null
[2026-03-05T12:39:07.319+0000] {spark_submit.py:644} INFO - driverExtraClassPath    null
[2026-03-05T12:39:07.319+0000] {spark_submit.py:644} INFO - driverExtraLibraryPath  null
[2026-03-05T12:39:07.320+0000] {spark_submit.py:644} INFO - driverExtraJavaOptions  null
[2026-03-05T12:39:07.320+0000] {spark_submit.py:644} INFO - supervise               false
[2026-03-05T12:39:07.321+0000] {spark_submit.py:644} INFO - queue                   null
[2026-03-05T12:39:07.321+0000] {spark_submit.py:644} INFO - numExecutors            null
[2026-03-05T12:39:07.322+0000] {spark_submit.py:644} INFO - files                   null
[2026-03-05T12:39:07.323+0000] {spark_submit.py:644} INFO - pyFiles                 null
[2026-03-05T12:39:07.323+0000] {spark_submit.py:644} INFO - archives                null
[2026-03-05T12:39:07.324+0000] {spark_submit.py:644} INFO - mainClass               null
[2026-03-05T12:39:07.324+0000] {spark_submit.py:644} INFO - primaryResource         file:/opt/***/src/processing/travel/process_reviews_spark.py
[2026-03-05T12:39:07.325+0000] {spark_submit.py:644} INFO - name                    Travel_Processing_Job
[2026-03-05T12:39:07.326+0000] {spark_submit.py:644} INFO - childArgs               []
[2026-03-05T12:39:07.326+0000] {spark_submit.py:644} INFO - jars                    null
[2026-03-05T12:39:07.327+0000] {spark_submit.py:644} INFO - packages                null
[2026-03-05T12:39:07.328+0000] {spark_submit.py:644} INFO - packagesExclusions      null
[2026-03-05T12:39:07.328+0000] {spark_submit.py:644} INFO - repositories            null
[2026-03-05T12:39:07.329+0000] {spark_submit.py:644} INFO - verbose                 true
[2026-03-05T12:39:07.330+0000] {spark_submit.py:644} INFO - 
[2026-03-05T12:39:07.330+0000] {spark_submit.py:644} INFO - Spark properties used, including those specified through
[2026-03-05T12:39:07.331+0000] {spark_submit.py:644} INFO - --conf and those from the properties file null:
[2026-03-05T12:39:07.332+0000] {spark_submit.py:644} INFO - (spark.driver.memory,1g)
[2026-03-05T12:39:07.332+0000] {spark_submit.py:644} INFO - (spark.executor.memory,1g)
[2026-03-05T12:39:07.333+0000] {spark_submit.py:644} INFO - 
[2026-03-05T12:39:07.334+0000] {spark_submit.py:644} INFO - 
[2026-03-05T12:39:08.136+0000] {spark_submit.py:644} INFO - Main class:
[2026-03-05T12:39:08.137+0000] {spark_submit.py:644} INFO - org.apache.spark.deploy.PythonRunner
[2026-03-05T12:39:08.138+0000] {spark_submit.py:644} INFO - Arguments:
[2026-03-05T12:39:08.139+0000] {spark_submit.py:644} INFO - file:/opt/***/src/processing/travel/process_reviews_spark.py
[2026-03-05T12:39:08.139+0000] {spark_submit.py:644} INFO - null
[2026-03-05T12:39:08.146+0000] {spark_submit.py:644} INFO - Spark config:
[2026-03-05T12:39:08.147+0000] {spark_submit.py:644} INFO - (spark.app.name,Travel_Processing_Job)
[2026-03-05T12:39:08.148+0000] {spark_submit.py:644} INFO - (spark.app.submitTime,1772714348113)
[2026-03-05T12:39:08.150+0000] {spark_submit.py:644} INFO - (spark.driver.memory,1g)
[2026-03-05T12:39:08.160+0000] {spark_submit.py:644} INFO - (spark.executor.memory,1g)
[2026-03-05T12:39:08.161+0000] {spark_submit.py:644} INFO - (spark.master,spark://spark-master:7077)
[2026-03-05T12:39:08.161+0000] {spark_submit.py:644} INFO - (spark.submit.deployMode,client)
[2026-03-05T12:39:08.162+0000] {spark_submit.py:644} INFO - (spark.submit.pyFiles,)
[2026-03-05T12:39:08.162+0000] {spark_submit.py:644} INFO - Classpath elements:
[2026-03-05T12:39:08.163+0000] {spark_submit.py:644} INFO - 
[2026-03-05T12:39:08.163+0000] {spark_submit.py:644} INFO - 
[2026-03-05T12:39:08.164+0000] {spark_submit.py:644} INFO - 
[2026-03-05T12:39:12.236+0000] {spark_submit.py:644} INFO - 26/03/05 12:39:12 INFO SparkContext: Running Spark version 3.5.3
[2026-03-05T12:39:12.245+0000] {spark_submit.py:644} INFO - 26/03/05 12:39:12 INFO SparkContext: OS info Linux, 6.6.87.2-microsoft-standard-WSL2, amd64
[2026-03-05T12:39:12.246+0000] {spark_submit.py:644} INFO - 26/03/05 12:39:12 INFO SparkContext: Java version 17.0.17
[2026-03-05T12:39:12.733+0000] {spark_submit.py:644} INFO - 26/03/05 12:39:12 WARN NativeCodeLoader: Unable to load native-hadoop library for your platform... using builtin-java classes where applicable
[2026-03-05T12:39:13.289+0000] {spark_submit.py:644} INFO - 26/03/05 12:39:13 INFO ResourceUtils: ==============================================================
[2026-03-05T12:39:13.291+0000] {spark_submit.py:644} INFO - 26/03/05 12:39:13 INFO ResourceUtils: No custom resources configured for spark.driver.
[2026-03-05T12:39:13.294+0000] {spark_submit.py:644} INFO - 26/03/05 12:39:13 INFO ResourceUtils: ==============================================================
[2026-03-05T12:39:13.295+0000] {spark_submit.py:644} INFO - 26/03/05 12:39:13 INFO SparkContext: Submitted application: TravelReviewsProcessing
[2026-03-05T12:39:13.451+0000] {spark_submit.py:644} INFO - 26/03/05 12:39:13 INFO ResourceProfile: Default ResourceProfile created, executor resources: Map(memory -> name: memory, amount: 1024, script: , vendor: , offHeap -> name: offHeap, amount: 0, script: , vendor: ), task resources: Map(cpus -> name: cpus, amount: 1.0)
[2026-03-05T12:39:13.483+0000] {spark_submit.py:644} INFO - 26/03/05 12:39:13 INFO ResourceProfile: Limiting resource is cpu
[2026-03-05T12:39:13.485+0000] {spark_submit.py:644} INFO - 26/03/05 12:39:13 INFO ResourceProfileManager: Added ResourceProfile id: 0
[2026-03-05T12:39:13.878+0000] {spark_submit.py:644} INFO - 26/03/05 12:39:13 INFO SecurityManager: Changing view acls to: ***
[2026-03-05T12:39:13.913+0000] {spark_submit.py:644} INFO - 26/03/05 12:39:13 INFO SecurityManager: Changing modify acls to: ***
[2026-03-05T12:39:13.914+0000] {spark_submit.py:644} INFO - 26/03/05 12:39:13 INFO SecurityManager: Changing view acls groups to:
[2026-03-05T12:39:13.914+0000] {spark_submit.py:644} INFO - 26/03/05 12:39:13 INFO SecurityManager: Changing modify acls groups to:
[2026-03-05T12:39:13.915+0000] {spark_submit.py:644} INFO - 26/03/05 12:39:13 INFO SecurityManager: SecurityManager: authentication disabled; ui acls disabled; users with view permissions: ***; groups with view permissions: EMPTY; users with modify permissions: ***; groups with modify permissions: EMPTY
[2026-03-05T12:39:15.069+0000] {spark_submit.py:644} INFO - 26/03/05 12:39:15 INFO Utils: Successfully started service 'sparkDriver' on port 33903.
[2026-03-05T12:39:15.230+0000] {spark_submit.py:644} INFO - 26/03/05 12:39:15 INFO SparkEnv: Registering MapOutputTracker
[2026-03-05T12:39:15.403+0000] {spark_submit.py:644} INFO - 26/03/05 12:39:15 INFO SparkEnv: Registering BlockManagerMaster
[2026-03-05T12:39:15.486+0000] {spark_submit.py:644} INFO - 26/03/05 12:39:15 INFO BlockManagerMasterEndpoint: Using org.apache.spark.storage.DefaultTopologyMapper for getting topology information
[2026-03-05T12:39:15.487+0000] {spark_submit.py:644} INFO - 26/03/05 12:39:15 INFO BlockManagerMasterEndpoint: BlockManagerMasterEndpoint up
[2026-03-05T12:39:15.495+0000] {spark_submit.py:644} INFO - 26/03/05 12:39:15 INFO SparkEnv: Registering BlockManagerMasterHeartbeat
[2026-03-05T12:39:15.597+0000] {spark_submit.py:644} INFO - 26/03/05 12:39:15 INFO DiskBlockManager: Created local directory at /tmp/blockmgr-91b0205e-8ce3-40e3-a093-6d6fe3ffbf73
[2026-03-05T12:39:15.653+0000] {spark_submit.py:644} INFO - 26/03/05 12:39:15 INFO MemoryStore: MemoryStore started with capacity 434.4 MiB
[2026-03-05T12:39:15.699+0000] {spark_submit.py:644} INFO - 26/03/05 12:39:15 INFO SparkEnv: Registering OutputCommitCoordinator
[2026-03-05T12:39:16.128+0000] {spark_submit.py:644} INFO - 26/03/05 12:39:16 INFO JettyUtils: Start Jetty 0.0.0.0:4040 for SparkUI
[2026-03-05T12:39:16.314+0000] {spark_submit.py:644} INFO - 26/03/05 12:39:16 INFO Utils: Successfully started service 'SparkUI' on port 4040.
[2026-03-05T12:39:16.680+0000] {spark_submit.py:644} INFO - 26/03/05 12:39:16 INFO StandaloneAppClient$ClientEndpoint: Connecting to master spark://spark-master:7077...
[2026-03-05T12:39:16.847+0000] {spark_submit.py:644} INFO - 26/03/05 12:39:16 INFO TransportClientFactory: Successfully created connection to spark-master/172.18.0.4:7077 after 83 ms (0 ms spent in bootstraps)
[2026-03-05T12:39:19.656+0000] {spark_submit.py:644} INFO - 26/03/05 12:39:19 INFO StandaloneSchedulerBackend: Connected to Spark cluster with app ID app-20260305123919-0000
[2026-03-05T12:39:19.675+0000] {spark_submit.py:644} INFO - 26/03/05 12:39:19 INFO Utils: Successfully started service 'org.apache.spark.network.netty.NettyBlockTransferService' on port 36395.
[2026-03-05T12:39:19.676+0000] {spark_submit.py:644} INFO - 26/03/05 12:39:19 INFO NettyBlockTransferService: Server created on 0aa3785c37ec:36395
[2026-03-05T12:39:19.679+0000] {spark_submit.py:644} INFO - 26/03/05 12:39:19 INFO BlockManager: Using org.apache.spark.storage.RandomBlockReplicationPolicy for block replication policy
[2026-03-05T12:39:19.702+0000] {spark_submit.py:644} INFO - 26/03/05 12:39:19 INFO BlockManagerMaster: Registering BlockManager BlockManagerId(driver, 0aa3785c37ec, 36395, None)
[2026-03-05T12:39:19.722+0000] {spark_submit.py:644} INFO - 26/03/05 12:39:19 INFO BlockManagerMasterEndpoint: Registering block manager 0aa3785c37ec:36395 with 434.4 MiB RAM, BlockManagerId(driver, 0aa3785c37ec, 36395, None)
[2026-03-05T12:39:19.728+0000] {spark_submit.py:644} INFO - 26/03/05 12:39:19 INFO BlockManagerMaster: Registered BlockManager BlockManagerId(driver, 0aa3785c37ec, 36395, None)
[2026-03-05T12:39:19.732+0000] {spark_submit.py:644} INFO - 26/03/05 12:39:19 INFO BlockManager: Initialized BlockManager: BlockManagerId(driver, 0aa3785c37ec, 36395, None)
[2026-03-05T12:39:20.017+0000] {spark_submit.py:644} INFO - 26/03/05 12:39:20 INFO StandaloneAppClient$ClientEndpoint: Executor added: app-20260305123919-0000/0 on worker-20260305115743-172.18.0.6-45903 (172.18.0.6:45903) with 2 core(s)
[2026-03-05T12:39:20.019+0000] {spark_submit.py:644} INFO - 26/03/05 12:39:20 INFO StandaloneSchedulerBackend: Granted executor ID app-20260305123919-0000/0 on hostPort 172.18.0.6:45903 with 2 core(s), 1024.0 MiB RAM
[2026-03-05T12:39:20.270+0000] {spark_submit.py:644} INFO - 26/03/05 12:39:20 INFO StandaloneSchedulerBackend: SchedulerBackend is ready for scheduling beginning after reached minRegisteredResourcesRatio: 0.0
[2026-03-05T12:39:20.811+0000] {spark_submit.py:644} INFO - 🚀 Bắt đầu xử lý dữ liệu với Spark...
[2026-03-05T12:39:20.821+0000] {spark_submit.py:644} INFO - 📂 Đang đọc dữ liệu từ: s3a://social-trend-lake/raw/travel/reviews/*.json
[2026-03-05T12:39:23.447+0000] {spark_submit.py:644} INFO - 26/03/05 12:39:23 WARN FileStreamSink: Assume no metadata directory. Error while looking for metadata directory in the path: s3a://social-trend-lake/raw/travel/reviews/*.json.
[2026-03-05T12:39:23.448+0000] {spark_submit.py:644} INFO - java.lang.RuntimeException: java.lang.ClassNotFoundException: Class org.apache.hadoop.fs.s3a.S3AFileSystem not found
[2026-03-05T12:39:23.449+0000] {spark_submit.py:644} INFO - at org.apache.hadoop.conf.Configuration.getClass(Configuration.java:2688)
[2026-03-05T12:39:23.450+0000] {spark_submit.py:644} INFO - at org.apache.hadoop.fs.FileSystem.getFileSystemClass(FileSystem.java:3431)
[2026-03-05T12:39:23.451+0000] {spark_submit.py:644} INFO - at org.apache.hadoop.fs.FileSystem.createFileSystem(FileSystem.java:3466)
[2026-03-05T12:39:23.452+0000] {spark_submit.py:644} INFO - at org.apache.hadoop.fs.FileSystem.access$300(FileSystem.java:174)
[2026-03-05T12:39:23.456+0000] {spark_submit.py:644} INFO - at org.apache.hadoop.fs.FileSystem$Cache.getInternal(FileSystem.java:3574)
[2026-03-05T12:39:23.457+0000] {spark_submit.py:644} INFO - at org.apache.hadoop.fs.FileSystem$Cache.get(FileSystem.java:3521)
[2026-03-05T12:39:23.458+0000] {spark_submit.py:644} INFO - at org.apache.hadoop.fs.FileSystem.get(FileSystem.java:540)
[2026-03-05T12:39:23.459+0000] {spark_submit.py:644} INFO - at org.apache.hadoop.fs.Path.getFileSystem(Path.java:365)
[2026-03-05T12:39:23.459+0000] {spark_submit.py:644} INFO - at org.apache.spark.sql.execution.streaming.FileStreamSink$.hasMetadata(FileStreamSink.scala:53)
[2026-03-05T12:39:23.460+0000] {spark_submit.py:644} INFO - at org.apache.spark.sql.execution.datasources.DataSource.resolveRelation(DataSource.scala:366)
[2026-03-05T12:39:23.462+0000] {spark_submit.py:644} INFO - at org.apache.spark.sql.DataFrameReader.loadV1Source(DataFrameReader.scala:229)
[2026-03-05T12:39:23.463+0000] {spark_submit.py:644} INFO - at org.apache.spark.sql.DataFrameReader.$anonfun$load$2(DataFrameReader.scala:211)
[2026-03-05T12:39:23.464+0000] {spark_submit.py:644} INFO - at scala.Option.getOrElse(Option.scala:189)
[2026-03-05T12:39:23.465+0000] {spark_submit.py:644} INFO - at org.apache.spark.sql.DataFrameReader.load(DataFrameReader.scala:211)
[2026-03-05T12:39:23.466+0000] {spark_submit.py:644} INFO - at org.apache.spark.sql.DataFrameReader.json(DataFrameReader.scala:362)
[2026-03-05T12:39:23.467+0000] {spark_submit.py:644} INFO - at java.base/jdk.internal.reflect.NativeMethodAccessorImpl.invoke0(Native Method)
[2026-03-05T12:39:23.468+0000] {spark_submit.py:644} INFO - at java.base/jdk.internal.reflect.NativeMethodAccessorImpl.invoke(NativeMethodAccessorImpl.java:77)
[2026-03-05T12:39:23.469+0000] {spark_submit.py:644} INFO - at java.base/jdk.internal.reflect.DelegatingMethodAccessorImpl.invoke(DelegatingMethodAccessorImpl.java:43)
[2026-03-05T12:39:23.470+0000] {spark_submit.py:644} INFO - at java.base/java.lang.reflect.Method.invoke(Method.java:569)
[2026-03-05T12:39:23.473+0000] {spark_submit.py:644} INFO - at py4j.reflection.MethodInvoker.invoke(MethodInvoker.java:244)
[2026-03-05T12:39:23.474+0000] {spark_submit.py:644} INFO - at py4j.reflection.ReflectionEngine.invoke(ReflectionEngine.java:374)
[2026-03-05T12:39:23.475+0000] {spark_submit.py:644} INFO - at py4j.Gateway.invoke(Gateway.java:282)
[2026-03-05T12:39:23.476+0000] {spark_submit.py:644} INFO - at py4j.commands.AbstractCommand.invokeMethod(AbstractCommand.java:132)
[2026-03-05T12:39:23.476+0000] {spark_submit.py:644} INFO - at py4j.commands.CallCommand.execute(CallCommand.java:79)
[2026-03-05T12:39:23.480+0000] {spark_submit.py:644} INFO - at py4j.ClientServerConnection.waitForCommands(ClientServerConnection.java:182)
[2026-03-05T12:39:23.481+0000] {spark_submit.py:644} INFO - at py4j.ClientServerConnection.run(ClientServerConnection.java:106)
[2026-03-05T12:39:23.482+0000] {spark_submit.py:644} INFO - at java.base/java.lang.Thread.run(Thread.java:840)
[2026-03-05T12:39:23.483+0000] {spark_submit.py:644} INFO - Caused by: java.lang.ClassNotFoundException: Class org.apache.hadoop.fs.s3a.S3AFileSystem not found
[2026-03-05T12:39:23.484+0000] {spark_submit.py:644} INFO - at org.apache.hadoop.conf.Configuration.getClassByName(Configuration.java:2592)
[2026-03-05T12:39:23.484+0000] {spark_submit.py:644} INFO - at org.apache.hadoop.conf.Configuration.getClass(Configuration.java:2686)
[2026-03-05T12:39:23.485+0000] {spark_submit.py:644} INFO - ... 26 more
[2026-03-05T12:39:23.578+0000] {spark_submit.py:644} INFO - Traceback (most recent call last):
[2026-03-05T12:39:23.579+0000] {spark_submit.py:644} INFO - File "/opt/***/src/processing/travel/process_reviews_spark.py", line 83, in <module>
[2026-03-05T12:39:23.582+0000] {spark_submit.py:644} INFO - main()
[2026-03-05T12:39:23.583+0000] {spark_submit.py:644} INFO - File "/opt/***/src/processing/travel/process_reviews_spark.py", line 45, in main
[2026-03-05T12:39:23.587+0000] {spark_submit.py:644} INFO - .json(raw_path)
[2026-03-05T12:39:23.593+0000] {spark_submit.py:644} INFO - ^^^^^^^^^^^^^^
[2026-03-05T12:39:23.594+0000] {spark_submit.py:644} INFO - File "/home/***/.local/lib/python3.12/site-packages/pyspark/python/lib/pyspark.zip/pyspark/sql/readwriter.py", line 425, in json
[2026-03-05T12:39:23.597+0000] {spark_submit.py:644} INFO - File "/home/***/.local/lib/python3.12/site-packages/pyspark/python/lib/py4j-0.10.9.7-src.zip/py4j/java_gateway.py", line 1322, in __call__
[2026-03-05T12:39:23.600+0000] {spark_submit.py:644} INFO - File "/home/***/.local/lib/python3.12/site-packages/pyspark/python/lib/pyspark.zip/pyspark/errors/exceptions/captured.py", line 179, in deco
[2026-03-05T12:39:23.602+0000] {spark_submit.py:644} INFO - File "/home/***/.local/lib/python3.12/site-packages/pyspark/python/lib/py4j-0.10.9.7-src.zip/py4j/protocol.py", line 326, in get_return_value
[2026-03-05T12:39:23.607+0000] {spark_submit.py:644} INFO - py4j.protocol.Py4JJavaError: An error occurred while calling o46.json.
[2026-03-05T12:39:23.609+0000] {spark_submit.py:644} INFO - : java.lang.RuntimeException: java.lang.ClassNotFoundException: Class org.apache.hadoop.fs.s3a.S3AFileSystem not found
[2026-03-05T12:39:23.610+0000] {spark_submit.py:644} INFO - at org.apache.hadoop.conf.Configuration.getClass(Configuration.java:2688)
[2026-03-05T12:39:23.611+0000] {spark_submit.py:644} INFO - at org.apache.hadoop.fs.FileSystem.getFileSystemClass(FileSystem.java:3431)
[2026-03-05T12:39:23.612+0000] {spark_submit.py:644} INFO - at org.apache.hadoop.fs.FileSystem.createFileSystem(FileSystem.java:3466)
[2026-03-05T12:39:23.617+0000] {spark_submit.py:644} INFO - at org.apache.hadoop.fs.FileSystem.access$300(FileSystem.java:174)
[2026-03-05T12:39:23.618+0000] {spark_submit.py:644} INFO - at org.apache.hadoop.fs.FileSystem$Cache.getInternal(FileSystem.java:3574)
[2026-03-05T12:39:23.619+0000] {spark_submit.py:644} INFO - at org.apache.hadoop.fs.FileSystem$Cache.get(FileSystem.java:3521)
[2026-03-05T12:39:23.626+0000] {spark_submit.py:644} INFO - at org.apache.hadoop.fs.FileSystem.get(FileSystem.java:540)
[2026-03-05T12:39:23.627+0000] {spark_submit.py:644} INFO - at org.apache.hadoop.fs.Path.getFileSystem(Path.java:365)
[2026-03-05T12:39:23.627+0000] {spark_submit.py:644} INFO - at org.apache.spark.sql.execution.datasources.DataSource$.$anonfun$checkAndGlobPathIfNecessary$1(DataSource.scala:724)
[2026-03-05T12:39:23.628+0000] {spark_submit.py:644} INFO - at scala.collection.immutable.List.map(List.scala:293)
[2026-03-05T12:39:23.629+0000] {spark_submit.py:644} INFO - at org.apache.spark.sql.execution.datasources.DataSource$.checkAndGlobPathIfNecessary(DataSource.scala:722)
[2026-03-05T12:39:23.629+0000] {spark_submit.py:644} INFO - at org.apache.spark.sql.execution.datasources.DataSource.checkAndGlobPathIfNecessary(DataSource.scala:551)
[2026-03-05T12:39:23.630+0000] {spark_submit.py:644} INFO - at org.apache.spark.sql.execution.datasources.DataSource.resolveRelation(DataSource.scala:404)
[2026-03-05T12:39:23.630+0000] {spark_submit.py:644} INFO - at org.apache.spark.sql.DataFrameReader.loadV1Source(DataFrameReader.scala:229)
[2026-03-05T12:39:23.631+0000] {spark_submit.py:644} INFO - at org.apache.spark.sql.DataFrameReader.$anonfun$load$2(DataFrameReader.scala:211)
[2026-03-05T12:39:23.634+0000] {spark_submit.py:644} INFO - at scala.Option.getOrElse(Option.scala:189)
[2026-03-05T12:39:23.636+0000] {spark_submit.py:644} INFO - at org.apache.spark.sql.DataFrameReader.load(DataFrameReader.scala:211)
[2026-03-05T12:39:23.639+0000] {spark_submit.py:644} INFO - at org.apache.spark.sql.DataFrameReader.json(DataFrameReader.scala:362)
[2026-03-05T12:39:23.643+0000] {spark_submit.py:644} INFO - at java.base/jdk.internal.reflect.NativeMethodAccessorImpl.invoke0(Native Method)
[2026-03-05T12:39:23.645+0000] {spark_submit.py:644} INFO - at java.base/jdk.internal.reflect.NativeMethodAccessorImpl.invoke(NativeMethodAccessorImpl.java:77)
[2026-03-05T12:39:23.646+0000] {spark_submit.py:644} INFO - at java.base/jdk.internal.reflect.DelegatingMethodAccessorImpl.invoke(DelegatingMethodAccessorImpl.java:43)
[2026-03-05T12:39:23.652+0000] {spark_submit.py:644} INFO - at java.base/java.lang.reflect.Method.invoke(Method.java:569)
[2026-03-05T12:39:23.655+0000] {spark_submit.py:644} INFO - at py4j.reflection.MethodInvoker.invoke(MethodInvoker.java:244)
[2026-03-05T12:39:23.656+0000] {spark_submit.py:644} INFO - at py4j.reflection.ReflectionEngine.invoke(ReflectionEngine.java:374)
[2026-03-05T12:39:23.658+0000] {spark_submit.py:644} INFO - at py4j.Gateway.invoke(Gateway.java:282)
[2026-03-05T12:39:23.659+0000] {spark_submit.py:644} INFO - at py4j.commands.AbstractCommand.invokeMethod(AbstractCommand.java:132)
[2026-03-05T12:39:23.665+0000] {spark_submit.py:644} INFO - at py4j.commands.CallCommand.execute(CallCommand.java:79)
[2026-03-05T12:39:23.666+0000] {spark_submit.py:644} INFO - at py4j.ClientServerConnection.waitForCommands(ClientServerConnection.java:182)
[2026-03-05T12:39:23.666+0000] {spark_submit.py:644} INFO - at py4j.ClientServerConnection.run(ClientServerConnection.java:106)
[2026-03-05T12:39:23.667+0000] {spark_submit.py:644} INFO - at java.base/java.lang.Thread.run(Thread.java:840)
[2026-03-05T12:39:23.668+0000] {spark_submit.py:644} INFO - Caused by: java.lang.ClassNotFoundException: Class org.apache.hadoop.fs.s3a.S3AFileSystem not found
[2026-03-05T12:39:23.668+0000] {spark_submit.py:644} INFO - at org.apache.hadoop.conf.Configuration.getClassByName(Configuration.java:2592)
[2026-03-05T12:39:23.668+0000] {spark_submit.py:644} INFO - at org.apache.hadoop.conf.Configuration.getClass(Configuration.java:2686)
[2026-03-05T12:39:23.669+0000] {spark_submit.py:644} INFO - ... 29 more
[2026-03-05T12:39:23.669+0000] {spark_submit.py:644} INFO - 
[2026-03-05T12:39:24.259+0000] {taskinstance.py:3313} ERROR - Task failed with exception
Traceback (most recent call last):
  File "/home/airflow/.local/lib/python3.12/site-packages/airflow/models/taskinstance.py", line 768, in _execute_task
    result = _execute_callable(context=context, **execute_callable_kwargs)
             ^^^^^^^^^^^^^^^^^^^^^^^^^^^^^^^^^^^^^^^^^^^^^^^^^^^^^^^^^^^^^
  File "/home/airflow/.local/lib/python3.12/site-packages/airflow/models/taskinstance.py", line 734, in _execute_callable
    return ExecutionCallableRunner(
           ^^^^^^^^^^^^^^^^^^^^^^^^
  File "/home/airflow/.local/lib/python3.12/site-packages/airflow/utils/operator_helpers.py", line 252, in run
    return self.func(*args, **kwargs)
           ^^^^^^^^^^^^^^^^^^^^^^^^^^
  File "/home/airflow/.local/lib/python3.12/site-packages/airflow/models/baseoperator.py", line 424, in wrapper
    return func(self, *args, **kwargs)
           ^^^^^^^^^^^^^^^^^^^^^^^^^^^
  File "/home/airflow/.local/lib/python3.12/site-packages/airflow/providers/apache/spark/operators/spark_submit.py", line 197, in execute
    self._hook.submit(self.application)
  File "/home/airflow/.local/lib/python3.12/site-packages/airflow/providers/apache/spark/hooks/spark_submit.py", line 566, in submit
    raise AirflowException(
airflow.exceptions.AirflowException: Cannot execute: spark-submit --master spark://spark-master:7077 --conf spark.driver.memory=1g --conf spark.executor.memory=1g --name Travel_Processing_Job --verbose --deploy-mode client /opt/***/src/processing/travel/process_reviews_spark.py. Error code is: 1.
[2026-03-05T12:39:24.324+0000] {taskinstance.py:1226} INFO - Marking task as UP_FOR_RETRY. dag_id=01_master_processing_pipeline, task_id=process_travel_data, run_id=scheduled__2026-03-04T00:00:00+00:00, execution_date=20260304T000000, start_date=20260305T123859, end_date=20260305T123924
[2026-03-05T12:39:24.387+0000] {taskinstance.py:341} INFO - ::group::Post task execution logs
[2026-03-05T12:39:24.389+0000] {standard_task_runner.py:124} ERROR - Failed to execute job 5 for task process_travel_data (Cannot execute: spark-submit --master spark://spark-master:7077 --conf spark.driver.memory=1g --conf spark.executor.memory=1g --name Travel_Processing_Job --verbose --deploy-mode client /opt/***/src/processing/travel/process_reviews_spark.py. Error code is: 1.; 951)
Traceback (most recent call last):
  File "/home/airflow/.local/lib/python3.12/site-packages/airflow/task/task_runner/standard_task_runner.py", line 117, in _start_by_fork
    ret = args.func(args, dag=self.dag)
          ^^^^^^^^^^^^^^^^^^^^^^^^^^^^^
  File "/home/airflow/.local/lib/python3.12/site-packages/airflow/cli/cli_config.py", line 49, in command
    return func(*args, **kwargs)
           ^^^^^^^^^^^^^^^^^^^^^
  File "/home/airflow/.local/lib/python3.12/site-packages/airflow/utils/cli.py", line 116, in wrapper
    return f(*args, **kwargs)
           ^^^^^^^^^^^^^^^^^^
  File "/home/airflow/.local/lib/python3.12/site-packages/airflow/cli/commands/task_command.py", line 483, in task_run
    task_return_code = _run_task_by_selected_method(args, _dag, ti)
                       ^^^^^^^^^^^^^^^^^^^^^^^^^^^^^^^^^^^^^^^^^^^^
  File "/home/airflow/.local/lib/python3.12/site-packages/airflow/cli/commands/task_command.py", line 256, in _run_task_by_selected_method
    return _run_raw_task(args, ti)
           ^^^^^^^^^^^^^^^^^^^^^^^
  File "/home/airflow/.local/lib/python3.12/site-packages/airflow/cli/commands/task_command.py", line 341, in _run_raw_task
    return ti._run_raw_task(
           ^^^^^^^^^^^^^^^^^
  File "/home/airflow/.local/lib/python3.12/site-packages/airflow/utils/session.py", line 97, in wrapper
    return func(*args, session=session, **kwargs)
           ^^^^^^^^^^^^^^^^^^^^^^^^^^^^^^^^^^^^^^
  File "/home/airflow/.local/lib/python3.12/site-packages/airflow/models/taskinstance.py", line 3006, in _run_raw_task
    return _run_raw_task(
           ^^^^^^^^^^^^^^
  File "/home/airflow/.local/lib/python3.12/site-packages/airflow/models/taskinstance.py", line 274, in _run_raw_task
    TaskInstance._execute_task_with_callbacks(
  File "/home/airflow/.local/lib/python3.12/site-packages/airflow/models/taskinstance.py", line 3161, in _execute_task_with_callbacks
    result = self._execute_task(context, task_orig)
             ^^^^^^^^^^^^^^^^^^^^^^^^^^^^^^^^^^^^^^
  File "/home/airflow/.local/lib/python3.12/site-packages/airflow/models/taskinstance.py", line 3185, in _execute_task
    return _execute_task(self, context, task_orig)
           ^^^^^^^^^^^^^^^^^^^^^^^^^^^^^^^^^^^^^^^
  File "/home/airflow/.local/lib/python3.12/site-packages/airflow/models/taskinstance.py", line 768, in _execute_task
    result = _execute_callable(context=context, **execute_callable_kwargs)
             ^^^^^^^^^^^^^^^^^^^^^^^^^^^^^^^^^^^^^^^^^^^^^^^^^^^^^^^^^^^^^
  File "/home/airflow/.local/lib/python3.12/site-packages/airflow/models/taskinstance.py", line 734, in _execute_callable
    return ExecutionCallableRunner(
           ^^^^^^^^^^^^^^^^^^^^^^^^
  File "/home/airflow/.local/lib/python3.12/site-packages/airflow/utils/operator_helpers.py", line 252, in run
    return self.func(*args, **kwargs)
           ^^^^^^^^^^^^^^^^^^^^^^^^^^
  File "/home/airflow/.local/lib/python3.12/site-packages/airflow/models/baseoperator.py", line 424, in wrapper
    return func(self, *args, **kwargs)
           ^^^^^^^^^^^^^^^^^^^^^^^^^^^
  File "/home/airflow/.local/lib/python3.12/site-packages/airflow/providers/apache/spark/operators/spark_submit.py", line 197, in execute
    self._hook.submit(self.application)
  File "/home/airflow/.local/lib/python3.12/site-packages/airflow/providers/apache/spark/hooks/spark_submit.py", line 566, in submit
    raise AirflowException(
airflow.exceptions.AirflowException: Cannot execute: spark-submit --master spark://spark-master:7077 --conf spark.driver.memory=1g --conf spark.executor.memory=1g --name Travel_Processing_Job --verbose --deploy-mode client /opt/***/src/processing/travel/process_reviews_spark.py. Error code is: 1.
[2026-03-05T12:39:24.414+0000] {local_task_job_runner.py:266} INFO - Task exited with return code 1
[2026-03-05T12:39:24.457+0000] {taskinstance.py:3901} INFO - 0 downstream tasks scheduled from follow-on schedule check
[2026-03-05T12:39:24.460+0000] {local_task_job_runner.py:245} INFO - ::endgroup::
