[2026-03-09T08:29:37.607+0000] {local_task_job_runner.py:123} INFO - ::group::Pre task execution logs
[2026-03-09T08:29:37.636+0000] {taskinstance.py:2614} INFO - Dependencies all met for dep_context=non-requeueable deps ti=<TaskInstance: 03_mock_social_ingestion.start_mock_ingestion manual__2026-03-09T08:29:35.911134+00:00 [queued]>
[2026-03-09T08:29:37.653+0000] {taskinstance.py:2614} INFO - Dependencies all met for dep_context=requeueable deps ti=<TaskInstance: 03_mock_social_ingestion.start_mock_ingestion manual__2026-03-09T08:29:35.911134+00:00 [queued]>
[2026-03-09T08:29:37.654+0000] {taskinstance.py:2867} INFO - Starting attempt 1 of 2
[2026-03-09T08:29:37.682+0000] {taskinstance.py:2890} INFO - Executing <Task(BashOperator): start_mock_ingestion> on 2026-03-09 08:29:35.911134+00:00
[2026-03-09T08:29:37.697+0000] {standard_task_runner.py:104} INFO - Running: ['***', 'tasks', 'run', '03_mock_social_ingestion', 'start_mock_ingestion', 'manual__2026-03-09T08:29:35.911134+00:00', '--job-id', '46', '--raw', '--subdir', 'DAGS_FOLDER/03_mock_social_ingestion.py', '--cfg-path', '/tmp/tmp2bmtljax']
[2026-03-09T08:29:37.703+0000] {standard_task_runner.py:105} INFO - Job 46: Subtask start_mock_ingestion
[2026-03-09T08:29:37.703+0000] {logging_mixin.py:190} WARNING - /home/***/.local/lib/python3.12/site-packages/***/task/task_runner/standard_task_runner.py:70 DeprecationWarning: This process (pid=5999) is multi-threaded, use of fork() may lead to deadlocks in the child.
[2026-03-09T08:29:37.704+0000] {standard_task_runner.py:72} INFO - Started process 6000 to run task
[2026-03-09T08:29:37.857+0000] {task_command.py:467} INFO - Running <TaskInstance: 03_mock_social_ingestion.start_mock_ingestion manual__2026-03-09T08:29:35.911134+00:00 [running]> on host fa93f86ab6a3
[2026-03-09T08:29:38.011+0000] {taskinstance.py:3134} INFO - Exporting env vars: AIRFLOW_CTX_DAG_OWNER='khang_data_guy' AIRFLOW_CTX_DAG_ID='03_mock_social_ingestion' AIRFLOW_CTX_TASK_ID='start_mock_ingestion' AIRFLOW_CTX_EXECUTION_DATE='2026-03-09T08:29:35.911134+00:00' AIRFLOW_CTX_TRY_NUMBER='1' AIRFLOW_CTX_DAG_RUN_ID='manual__2026-03-09T08:29:35.911134+00:00'
[2026-03-09T08:29:38.014+0000] {taskinstance.py:732} INFO - ::endgroup::
[2026-03-09T08:29:38.061+0000] {subprocess.py:78} INFO - Tmp dir root location: /tmp
[2026-03-09T08:29:38.064+0000] {subprocess.py:88} INFO - Running command: ['/usr/bin/bash', '-c', 'echo "🚀 Bắt đầu sinh dữ liệu FB/TikTok cho toàn bộ các Passion Points..."']
[2026-03-09T08:29:38.079+0000] {subprocess.py:99} INFO - Output:
[2026-03-09T08:29:38.096+0000] {subprocess.py:106} INFO - 🚀 Bắt đầu sinh dữ liệu FB/TikTok cho toàn bộ các Passion Points...
[2026-03-09T08:29:38.098+0000] {subprocess.py:110} INFO - Command exited with return code 0
[2026-03-09T08:29:38.152+0000] {taskinstance.py:341} INFO - ::group::Post task execution logs
[2026-03-09T08:29:38.156+0000] {taskinstance.py:353} INFO - Marking task as SUCCESS. dag_id=03_mock_social_ingestion, task_id=start_mock_ingestion, run_id=manual__2026-03-09T08:29:35.911134+00:00, execution_date=20260309T082935, start_date=20260309T082937, end_date=20260309T082938
[2026-03-09T08:29:38.213+0000] {local_task_job_runner.py:266} INFO - Task exited with return code 0
[2026-03-09T08:29:38.240+0000] {taskinstance.py:3901} INFO - 1 downstream tasks scheduled from follow-on schedule check
[2026-03-09T08:29:38.243+0000] {local_task_job_runner.py:245} INFO - ::endgroup::
