[2026-03-09T10:00:03.849+0000] {local_task_job_runner.py:123} INFO - ::group::Pre task execution logs
[2026-03-09T10:00:03.872+0000] {taskinstance.py:2614} INFO - Dependencies all met for dep_context=non-requeueable deps ti=<TaskInstance: 03_mock_social_ingestion.run_smart_mock_script scheduled__2026-03-09T09:00:00+00:00 [queued]>
[2026-03-09T10:00:03.883+0000] {taskinstance.py:2614} INFO - Dependencies all met for dep_context=requeueable deps ti=<TaskInstance: 03_mock_social_ingestion.run_smart_mock_script scheduled__2026-03-09T09:00:00+00:00 [queued]>
[2026-03-09T10:00:03.884+0000] {taskinstance.py:2867} INFO - Starting attempt 1 of 2
[2026-03-09T10:00:03.900+0000] {taskinstance.py:2890} INFO - Executing <Task(BashOperator): run_smart_mock_script> on 2026-03-09 09:00:00+00:00
[2026-03-09T10:00:03.908+0000] {standard_task_runner.py:104} INFO - Running: ['***', 'tasks', 'run', '03_mock_social_ingestion', 'run_smart_mock_script', 'scheduled__2026-03-09T09:00:00+00:00', '--job-id', '51', '--raw', '--subdir', 'DAGS_FOLDER/03_mock_social_ingestion.py', '--cfg-path', '/tmp/tmpdpf74vr5']
[2026-03-09T10:00:03.911+0000] {standard_task_runner.py:105} INFO - Job 51: Subtask run_smart_mock_script
[2026-03-09T10:00:03.911+0000] {logging_mixin.py:190} WARNING - /home/***/.local/lib/python3.12/site-packages/***/task/task_runner/standard_task_runner.py:70 DeprecationWarning: This process (pid=9540) is multi-threaded, use of fork() may lead to deadlocks in the child.
[2026-03-09T10:00:03.912+0000] {standard_task_runner.py:72} INFO - Started process 9541 to run task
[2026-03-09T10:00:04.087+0000] {task_command.py:467} INFO - Running <TaskInstance: 03_mock_social_ingestion.run_smart_mock_script scheduled__2026-03-09T09:00:00+00:00 [running]> on host fa93f86ab6a3
[2026-03-09T10:00:04.170+0000] {taskinstance.py:3134} INFO - Exporting env vars: AIRFLOW_CTX_DAG_OWNER='khang_data_guy' AIRFLOW_CTX_DAG_ID='03_mock_social_ingestion' AIRFLOW_CTX_TASK_ID='run_smart_mock_script' AIRFLOW_CTX_EXECUTION_DATE='2026-03-09T09:00:00+00:00' AIRFLOW_CTX_TRY_NUMBER='1' AIRFLOW_CTX_DAG_RUN_ID='scheduled__2026-03-09T09:00:00+00:00'
[2026-03-09T10:00:04.171+0000] {taskinstance.py:732} INFO - ::endgroup::
[2026-03-09T10:00:04.191+0000] {subprocess.py:78} INFO - Tmp dir root location: /tmp
[2026-03-09T10:00:04.193+0000] {subprocess.py:88} INFO - Running command: ['/usr/bin/bash', '-c', 'python /opt/***/src/ingestion/mock_social_ingestion.py']
[2026-03-09T10:00:04.202+0000] {subprocess.py:99} INFO - Output:
[2026-03-09T10:00:07.216+0000] {subprocess.py:106} INFO - 2026-03-09 10:00:07,215 - INFO - 🚀 BẮT ĐẦU CHẠY SMART MOCK INGESTION (FB/TIKTOK)
[2026-03-09T10:00:07.382+0000] {subprocess.py:106} INFO - /opt/***/src/ingestion/mock_social_ingestion.py:30: FutureWarning: The behavior of DataFrame concatenation with empty or all-NA entries is deprecated. In a future version, this will no longer exclude empty or all-NA columns when determining the result dtypes. To retain the old behavior, exclude the relevant entries before the concat operation.
[2026-03-09T10:00:07.383+0000] {subprocess.py:106} INFO -   return pd.concat([df_topics, df_travel]).to_dict('records')
[2026-03-09T10:00:07.386+0000] {subprocess.py:106} INFO - 2026-03-09 10:00:07,385 - INFO - Đang sinh dữ liệu FB/TikTok cho: Chúng Ta Của Tương Lai
[2026-03-09T10:00:07.492+0000] {subprocess.py:106} INFO - 2026-03-09 10:00:07,492 - INFO - 💾 Đã lưu Mock Social Data vào: s3://social-trend-lake/raw/social/type=topic/entity_id=1/year=2026/month=03/day=09/hour=10/data.json
[2026-03-09T10:00:07.494+0000] {subprocess.py:106} INFO - 2026-03-09 10:00:07,492 - INFO - Đang sinh dữ liệu FB/TikTok cho: Nâng Chén Tiêu Sầu
[2026-03-09T10:00:07.508+0000] {subprocess.py:106} INFO - 2026-03-09 10:00:07,508 - INFO - 💾 Đã lưu Mock Social Data vào: s3://social-trend-lake/raw/social/type=topic/entity_id=2/year=2026/month=03/day=09/hour=10/data.json
[2026-03-09T10:00:07.509+0000] {subprocess.py:106} INFO - 2026-03-09 10:00:07,508 - INFO - Đang sinh dữ liệu FB/TikTok cho: Đừng Làm Trái Tim Anh Đau
[2026-03-09T10:00:07.526+0000] {subprocess.py:106} INFO - 2026-03-09 10:00:07,526 - INFO - 💾 Đã lưu Mock Social Data vào: s3://social-trend-lake/raw/social/type=topic/entity_id=3/year=2026/month=03/day=09/hour=10/data.json
[2026-03-09T10:00:07.528+0000] {subprocess.py:106} INFO - 2026-03-09 10:00:07,526 - INFO - Đang sinh dữ liệu FB/TikTok cho: Phim Thỏ Ơi
[2026-03-09T10:00:07.542+0000] {subprocess.py:106} INFO - 2026-03-09 10:00:07,542 - INFO - 💾 Đã lưu Mock Social Data vào: s3://social-trend-lake/raw/social/type=topic/entity_id=4/year=2026/month=03/day=09/hour=10/data.json
[2026-03-09T10:00:07.543+0000] {subprocess.py:106} INFO - 2026-03-09 10:00:07,542 - INFO - Đang sinh dữ liệu FB/TikTok cho: Nhà ba tôi một phòng
[2026-03-09T10:00:07.560+0000] {subprocess.py:106} INFO - 2026-03-09 10:00:07,559 - INFO - 💾 Đã lưu Mock Social Data vào: s3://social-trend-lake/raw/social/type=topic/entity_id=5/year=2026/month=03/day=09/hour=10/data.json
[2026-03-09T10:00:07.561+0000] {subprocess.py:106} INFO - 2026-03-09 10:00:07,560 - INFO - Đang sinh dữ liệu FB/TikTok cho: Mùi phở
[2026-03-09T10:00:07.575+0000] {subprocess.py:106} INFO - 2026-03-09 10:00:07,574 - INFO - 💾 Đã lưu Mock Social Data vào: s3://social-trend-lake/raw/social/type=topic/entity_id=6/year=2026/month=03/day=09/hour=10/data.json
[2026-03-09T10:00:07.575+0000] {subprocess.py:106} INFO - 2026-03-09 10:00:07,575 - INFO - Đang sinh dữ liệu FB/TikTok cho: Núi Bà Đen
[2026-03-09T10:00:07.592+0000] {subprocess.py:106} INFO - 2026-03-09 10:00:07,591 - INFO - 💾 Đã lưu Mock Social Data vào: s3://social-trend-lake/raw/social/type=location/entity_id=1/year=2026/month=03/day=09/hour=10/data.json
[2026-03-09T10:00:07.592+0000] {subprocess.py:106} INFO - 2026-03-09 10:00:07,592 - INFO - Đang sinh dữ liệu FB/TikTok cho: Bãi Sau Vũng Tàu
[2026-03-09T10:00:07.603+0000] {subprocess.py:106} INFO - 2026-03-09 10:00:07,603 - INFO - 💾 Đã lưu Mock Social Data vào: s3://social-trend-lake/raw/social/type=location/entity_id=2/year=2026/month=03/day=09/hour=10/data.json
[2026-03-09T10:00:07.604+0000] {subprocess.py:106} INFO - 2026-03-09 10:00:07,604 - INFO - 🏁 KẾT THÚC.
[2026-03-09T10:00:07.785+0000] {subprocess.py:110} INFO - Command exited with return code 0
[2026-03-09T10:00:07.817+0000] {taskinstance.py:341} INFO - ::group::Post task execution logs
[2026-03-09T10:00:07.818+0000] {taskinstance.py:353} INFO - Marking task as SUCCESS. dag_id=03_mock_social_ingestion, task_id=run_smart_mock_script, run_id=scheduled__2026-03-09T09:00:00+00:00, execution_date=20260309T090000, start_date=20260309T100003, end_date=20260309T100007
[2026-03-09T10:00:07.872+0000] {local_task_job_runner.py:266} INFO - Task exited with return code 0
[2026-03-09T10:00:07.888+0000] {taskinstance.py:3901} INFO - 0 downstream tasks scheduled from follow-on schedule check
[2026-03-09T10:00:07.893+0000] {local_task_job_runner.py:245} INFO - ::endgroup::
