[2026-02-13T07:04:40.279+0000] {processor.py:186} INFO - Started process (PID=167) to work on /opt/airflow/dags/music_ingestion_dag.py
[2026-02-13T07:04:40.281+0000] {processor.py:914} INFO - Processing file /opt/airflow/dags/music_ingestion_dag.py for tasks to queue
[2026-02-13T07:04:40.284+0000] {logging_mixin.py:190} INFO - [2026-02-13T07:04:40.283+0000] {dagbag.py:588} INFO - Filling up the DagBag from /opt/airflow/dags/music_ingestion_dag.py
[2026-02-13T07:04:40.343+0000] {processor.py:925} INFO - DAG(s) '01_music_ingestion_realtime' retrieved from /opt/airflow/dags/music_ingestion_dag.py
[2026-02-13T07:04:40.665+0000] {logging_mixin.py:190} INFO - [2026-02-13T07:04:40.664+0000] {dag.py:3239} INFO - Sync 1 DAGs
[2026-02-13T07:04:40.740+0000] {logging_mixin.py:190} INFO - [2026-02-13T07:04:40.739+0000] {dag.py:4180} INFO - Setting next_dagrun for 01_music_ingestion_realtime to 2026-02-13 06:00:00+00:00, run_after=2026-02-13 07:00:00+00:00
[2026-02-13T07:04:40.844+0000] {processor.py:208} INFO - Processing /opt/airflow/dags/music_ingestion_dag.py took 0.581 seconds
[2026-02-13T07:05:11.412+0000] {processor.py:186} INFO - Started process (PID=172) to work on /opt/airflow/dags/music_ingestion_dag.py
[2026-02-13T07:05:11.413+0000] {processor.py:914} INFO - Processing file /opt/airflow/dags/music_ingestion_dag.py for tasks to queue
[2026-02-13T07:05:11.417+0000] {logging_mixin.py:190} INFO - [2026-02-13T07:05:11.417+0000] {dagbag.py:588} INFO - Filling up the DagBag from /opt/airflow/dags/music_ingestion_dag.py
[2026-02-13T07:05:11.441+0000] {processor.py:925} INFO - DAG(s) '01_music_ingestion_realtime' retrieved from /opt/airflow/dags/music_ingestion_dag.py
[2026-02-13T07:05:11.483+0000] {logging_mixin.py:190} INFO - [2026-02-13T07:05:11.482+0000] {dag.py:3239} INFO - Sync 1 DAGs
[2026-02-13T07:05:11.517+0000] {logging_mixin.py:190} INFO - [2026-02-13T07:05:11.516+0000] {dag.py:4180} INFO - Setting next_dagrun for 01_music_ingestion_realtime to 2026-02-13 06:00:00+00:00, run_after=2026-02-13 07:00:00+00:00
[2026-02-13T07:05:11.543+0000] {processor.py:208} INFO - Processing /opt/airflow/dags/music_ingestion_dag.py took 0.139 seconds
[2026-02-13T07:05:41.707+0000] {processor.py:186} INFO - Started process (PID=177) to work on /opt/airflow/dags/music_ingestion_dag.py
[2026-02-13T07:05:41.708+0000] {processor.py:914} INFO - Processing file /opt/airflow/dags/music_ingestion_dag.py for tasks to queue
[2026-02-13T07:05:41.712+0000] {logging_mixin.py:190} INFO - [2026-02-13T07:05:41.712+0000] {dagbag.py:588} INFO - Filling up the DagBag from /opt/airflow/dags/music_ingestion_dag.py
[2026-02-13T07:05:41.733+0000] {processor.py:925} INFO - DAG(s) '01_music_ingestion_realtime' retrieved from /opt/airflow/dags/music_ingestion_dag.py
[2026-02-13T07:05:41.765+0000] {logging_mixin.py:190} INFO - [2026-02-13T07:05:41.765+0000] {dag.py:3239} INFO - Sync 1 DAGs
[2026-02-13T07:05:41.796+0000] {logging_mixin.py:190} INFO - [2026-02-13T07:05:41.796+0000] {dag.py:4180} INFO - Setting next_dagrun for 01_music_ingestion_realtime to 2026-02-13 06:00:00+00:00, run_after=2026-02-13 07:00:00+00:00
[2026-02-13T07:05:41.826+0000] {processor.py:208} INFO - Processing /opt/airflow/dags/music_ingestion_dag.py took 0.127 seconds
[2026-02-13T07:06:12.174+0000] {processor.py:186} INFO - Started process (PID=182) to work on /opt/airflow/dags/music_ingestion_dag.py
[2026-02-13T07:06:12.176+0000] {processor.py:914} INFO - Processing file /opt/airflow/dags/music_ingestion_dag.py for tasks to queue
[2026-02-13T07:06:12.179+0000] {logging_mixin.py:190} INFO - [2026-02-13T07:06:12.179+0000] {dagbag.py:588} INFO - Filling up the DagBag from /opt/airflow/dags/music_ingestion_dag.py
[2026-02-13T07:06:12.207+0000] {processor.py:925} INFO - DAG(s) '01_music_ingestion_realtime' retrieved from /opt/airflow/dags/music_ingestion_dag.py
[2026-02-13T07:06:12.247+0000] {logging_mixin.py:190} INFO - [2026-02-13T07:06:12.247+0000] {dag.py:3239} INFO - Sync 1 DAGs
[2026-02-13T07:06:12.271+0000] {logging_mixin.py:190} INFO - [2026-02-13T07:06:12.271+0000] {dag.py:4180} INFO - Setting next_dagrun for 01_music_ingestion_realtime to 2026-02-13 06:00:00+00:00, run_after=2026-02-13 07:00:00+00:00
[2026-02-13T07:06:12.297+0000] {processor.py:208} INFO - Processing /opt/airflow/dags/music_ingestion_dag.py took 0.129 seconds
[2026-02-13T07:06:42.498+0000] {processor.py:186} INFO - Started process (PID=187) to work on /opt/airflow/dags/music_ingestion_dag.py
[2026-02-13T07:06:42.499+0000] {processor.py:914} INFO - Processing file /opt/airflow/dags/music_ingestion_dag.py for tasks to queue
[2026-02-13T07:06:42.502+0000] {logging_mixin.py:190} INFO - [2026-02-13T07:06:42.502+0000] {dagbag.py:588} INFO - Filling up the DagBag from /opt/airflow/dags/music_ingestion_dag.py
[2026-02-13T07:06:42.538+0000] {processor.py:925} INFO - DAG(s) '01_music_ingestion_realtime' retrieved from /opt/airflow/dags/music_ingestion_dag.py
[2026-02-13T07:06:42.581+0000] {logging_mixin.py:190} INFO - [2026-02-13T07:06:42.580+0000] {dag.py:3239} INFO - Sync 1 DAGs
[2026-02-13T07:06:42.614+0000] {logging_mixin.py:190} INFO - [2026-02-13T07:06:42.614+0000] {dag.py:4180} INFO - Setting next_dagrun for 01_music_ingestion_realtime to 2026-02-13 06:00:00+00:00, run_after=2026-02-13 07:00:00+00:00
[2026-02-13T07:06:42.674+0000] {processor.py:208} INFO - Processing /opt/airflow/dags/music_ingestion_dag.py took 0.184 seconds
[2026-02-13T07:07:12.905+0000] {processor.py:186} INFO - Started process (PID=192) to work on /opt/airflow/dags/music_ingestion_dag.py
[2026-02-13T07:07:12.906+0000] {processor.py:914} INFO - Processing file /opt/airflow/dags/music_ingestion_dag.py for tasks to queue
[2026-02-13T07:07:12.909+0000] {logging_mixin.py:190} INFO - [2026-02-13T07:07:12.909+0000] {dagbag.py:588} INFO - Filling up the DagBag from /opt/airflow/dags/music_ingestion_dag.py
[2026-02-13T07:07:12.930+0000] {processor.py:925} INFO - DAG(s) '01_music_ingestion_realtime' retrieved from /opt/airflow/dags/music_ingestion_dag.py
[2026-02-13T07:07:12.964+0000] {logging_mixin.py:190} INFO - [2026-02-13T07:07:12.963+0000] {dag.py:3239} INFO - Sync 1 DAGs
[2026-02-13T07:07:12.992+0000] {logging_mixin.py:190} INFO - [2026-02-13T07:07:12.991+0000] {dag.py:4180} INFO - Setting next_dagrun for 01_music_ingestion_realtime to 2026-02-13 06:00:00+00:00, run_after=2026-02-13 07:00:00+00:00
[2026-02-13T07:07:15.036+0000] {processor.py:208} INFO - Processing /opt/airflow/dags/music_ingestion_dag.py took 2.138 seconds
[2026-02-13T07:07:45.629+0000] {processor.py:186} INFO - Started process (PID=197) to work on /opt/airflow/dags/music_ingestion_dag.py
[2026-02-13T07:07:45.630+0000] {processor.py:914} INFO - Processing file /opt/airflow/dags/music_ingestion_dag.py for tasks to queue
[2026-02-13T07:07:45.633+0000] {logging_mixin.py:190} INFO - [2026-02-13T07:07:45.633+0000] {dagbag.py:588} INFO - Filling up the DagBag from /opt/airflow/dags/music_ingestion_dag.py
[2026-02-13T07:07:45.662+0000] {processor.py:925} INFO - DAG(s) '01_music_ingestion_realtime' retrieved from /opt/airflow/dags/music_ingestion_dag.py
[2026-02-13T07:07:45.695+0000] {logging_mixin.py:190} INFO - [2026-02-13T07:07:45.695+0000] {dag.py:3239} INFO - Sync 1 DAGs
[2026-02-13T07:07:45.727+0000] {logging_mixin.py:190} INFO - [2026-02-13T07:07:45.726+0000] {dag.py:4180} INFO - Setting next_dagrun for 01_music_ingestion_realtime to 2026-02-13 06:00:00+00:00, run_after=2026-02-13 07:00:00+00:00
[2026-02-13T07:07:45.770+0000] {processor.py:208} INFO - Processing /opt/airflow/dags/music_ingestion_dag.py took 0.150 seconds
[2026-02-13T07:08:15.986+0000] {processor.py:186} INFO - Started process (PID=202) to work on /opt/airflow/dags/music_ingestion_dag.py
[2026-02-13T07:08:15.987+0000] {processor.py:914} INFO - Processing file /opt/airflow/dags/music_ingestion_dag.py for tasks to queue
[2026-02-13T07:08:15.990+0000] {logging_mixin.py:190} INFO - [2026-02-13T07:08:15.990+0000] {dagbag.py:588} INFO - Filling up the DagBag from /opt/airflow/dags/music_ingestion_dag.py
[2026-02-13T07:08:16.029+0000] {processor.py:925} INFO - DAG(s) '01_music_ingestion_realtime' retrieved from /opt/airflow/dags/music_ingestion_dag.py
[2026-02-13T07:08:16.126+0000] {logging_mixin.py:190} INFO - [2026-02-13T07:08:16.126+0000] {dag.py:3239} INFO - Sync 1 DAGs
[2026-02-13T07:08:16.172+0000] {logging_mixin.py:190} INFO - [2026-02-13T07:08:16.172+0000] {dag.py:4180} INFO - Setting next_dagrun for 01_music_ingestion_realtime to 2026-02-13 06:00:00+00:00, run_after=2026-02-13 07:00:00+00:00
[2026-02-13T07:08:16.209+0000] {processor.py:208} INFO - Processing /opt/airflow/dags/music_ingestion_dag.py took 0.230 seconds
[2026-02-13T07:08:46.489+0000] {processor.py:186} INFO - Started process (PID=207) to work on /opt/airflow/dags/music_ingestion_dag.py
[2026-02-13T07:08:46.491+0000] {processor.py:914} INFO - Processing file /opt/airflow/dags/music_ingestion_dag.py for tasks to queue
[2026-02-13T07:08:46.496+0000] {logging_mixin.py:190} INFO - [2026-02-13T07:08:46.496+0000] {dagbag.py:588} INFO - Filling up the DagBag from /opt/airflow/dags/music_ingestion_dag.py
[2026-02-13T07:08:46.535+0000] {processor.py:925} INFO - DAG(s) '01_music_ingestion_realtime' retrieved from /opt/airflow/dags/music_ingestion_dag.py
[2026-02-13T07:08:46.582+0000] {logging_mixin.py:190} INFO - [2026-02-13T07:08:46.582+0000] {dag.py:3239} INFO - Sync 1 DAGs
[2026-02-13T07:08:46.618+0000] {logging_mixin.py:190} INFO - [2026-02-13T07:08:46.617+0000] {dag.py:4180} INFO - Setting next_dagrun for 01_music_ingestion_realtime to 2026-02-13 06:00:00+00:00, run_after=2026-02-13 07:00:00+00:00
[2026-02-13T07:08:46.646+0000] {processor.py:208} INFO - Processing /opt/airflow/dags/music_ingestion_dag.py took 0.172 seconds
[2026-02-13T07:09:16.894+0000] {processor.py:186} INFO - Started process (PID=212) to work on /opt/airflow/dags/music_ingestion_dag.py
[2026-02-13T07:09:16.895+0000] {processor.py:914} INFO - Processing file /opt/airflow/dags/music_ingestion_dag.py for tasks to queue
[2026-02-13T07:09:16.898+0000] {logging_mixin.py:190} INFO - [2026-02-13T07:09:16.897+0000] {dagbag.py:588} INFO - Filling up the DagBag from /opt/airflow/dags/music_ingestion_dag.py
[2026-02-13T07:09:16.944+0000] {processor.py:925} INFO - DAG(s) '01_music_ingestion_realtime' retrieved from /opt/airflow/dags/music_ingestion_dag.py
[2026-02-13T07:09:16.977+0000] {logging_mixin.py:190} INFO - [2026-02-13T07:09:16.977+0000] {dag.py:3239} INFO - Sync 1 DAGs
[2026-02-13T07:09:17.012+0000] {logging_mixin.py:190} INFO - [2026-02-13T07:09:17.012+0000] {dag.py:4180} INFO - Setting next_dagrun for 01_music_ingestion_realtime to 2026-02-13 06:00:00+00:00, run_after=2026-02-13 07:00:00+00:00
[2026-02-13T07:09:17.047+0000] {processor.py:208} INFO - Processing /opt/airflow/dags/music_ingestion_dag.py took 0.159 seconds
[2026-02-13T07:09:47.388+0000] {processor.py:186} INFO - Started process (PID=217) to work on /opt/airflow/dags/music_ingestion_dag.py
[2026-02-13T07:09:47.391+0000] {processor.py:914} INFO - Processing file /opt/airflow/dags/music_ingestion_dag.py for tasks to queue
[2026-02-13T07:09:47.396+0000] {logging_mixin.py:190} INFO - [2026-02-13T07:09:47.395+0000] {dagbag.py:588} INFO - Filling up the DagBag from /opt/airflow/dags/music_ingestion_dag.py
[2026-02-13T07:09:47.444+0000] {processor.py:925} INFO - DAG(s) '01_music_ingestion_realtime' retrieved from /opt/airflow/dags/music_ingestion_dag.py
[2026-02-13T07:09:47.504+0000] {logging_mixin.py:190} INFO - [2026-02-13T07:09:47.504+0000] {dag.py:3239} INFO - Sync 1 DAGs
[2026-02-13T07:09:47.550+0000] {logging_mixin.py:190} INFO - [2026-02-13T07:09:47.550+0000] {dag.py:4180} INFO - Setting next_dagrun for 01_music_ingestion_realtime to 2026-02-13 06:00:00+00:00, run_after=2026-02-13 07:00:00+00:00
[2026-02-13T07:09:47.585+0000] {processor.py:208} INFO - Processing /opt/airflow/dags/music_ingestion_dag.py took 0.214 seconds
[2026-02-13T07:10:17.914+0000] {processor.py:186} INFO - Started process (PID=222) to work on /opt/airflow/dags/music_ingestion_dag.py
[2026-02-13T07:10:17.917+0000] {processor.py:914} INFO - Processing file /opt/airflow/dags/music_ingestion_dag.py for tasks to queue
[2026-02-13T07:10:17.933+0000] {logging_mixin.py:190} INFO - [2026-02-13T07:10:17.932+0000] {dagbag.py:588} INFO - Filling up the DagBag from /opt/airflow/dags/music_ingestion_dag.py
[2026-02-13T07:10:17.986+0000] {processor.py:925} INFO - DAG(s) '01_music_ingestion_realtime' retrieved from /opt/airflow/dags/music_ingestion_dag.py
[2026-02-13T07:10:18.081+0000] {logging_mixin.py:190} INFO - [2026-02-13T07:10:18.081+0000] {dag.py:3239} INFO - Sync 1 DAGs
[2026-02-13T07:10:18.146+0000] {logging_mixin.py:190} INFO - [2026-02-13T07:10:18.145+0000] {dag.py:4180} INFO - Setting next_dagrun for 01_music_ingestion_realtime to 2026-02-13 06:00:00+00:00, run_after=2026-02-13 07:00:00+00:00
[2026-02-13T07:10:18.196+0000] {processor.py:208} INFO - Processing /opt/airflow/dags/music_ingestion_dag.py took 0.299 seconds
[2026-02-13T07:10:48.308+0000] {processor.py:186} INFO - Started process (PID=227) to work on /opt/airflow/dags/music_ingestion_dag.py
[2026-02-13T07:10:48.311+0000] {processor.py:914} INFO - Processing file /opt/airflow/dags/music_ingestion_dag.py for tasks to queue
[2026-02-13T07:10:48.316+0000] {logging_mixin.py:190} INFO - [2026-02-13T07:10:48.315+0000] {dagbag.py:588} INFO - Filling up the DagBag from /opt/airflow/dags/music_ingestion_dag.py
[2026-02-13T07:10:48.368+0000] {processor.py:925} INFO - DAG(s) '01_music_ingestion_realtime' retrieved from /opt/airflow/dags/music_ingestion_dag.py
[2026-02-13T07:10:48.439+0000] {logging_mixin.py:190} INFO - [2026-02-13T07:10:48.437+0000] {dag.py:3239} INFO - Sync 1 DAGs
[2026-02-13T07:10:48.496+0000] {logging_mixin.py:190} INFO - [2026-02-13T07:10:48.495+0000] {dag.py:4180} INFO - Setting next_dagrun for 01_music_ingestion_realtime to 2026-02-13 06:00:00+00:00, run_after=2026-02-13 07:00:00+00:00
[2026-02-13T07:10:48.535+0000] {processor.py:208} INFO - Processing /opt/airflow/dags/music_ingestion_dag.py took 0.242 seconds
[2026-02-13T07:11:19.305+0000] {processor.py:186} INFO - Started process (PID=232) to work on /opt/airflow/dags/music_ingestion_dag.py
[2026-02-13T07:11:19.311+0000] {processor.py:914} INFO - Processing file /opt/airflow/dags/music_ingestion_dag.py for tasks to queue
[2026-02-13T07:11:19.316+0000] {logging_mixin.py:190} INFO - [2026-02-13T07:11:19.316+0000] {dagbag.py:588} INFO - Filling up the DagBag from /opt/airflow/dags/music_ingestion_dag.py
[2026-02-13T07:11:19.363+0000] {processor.py:925} INFO - DAG(s) '01_music_ingestion_realtime' retrieved from /opt/airflow/dags/music_ingestion_dag.py
[2026-02-13T07:11:19.435+0000] {logging_mixin.py:190} INFO - [2026-02-13T07:11:19.435+0000] {dag.py:3239} INFO - Sync 1 DAGs
[2026-02-13T07:11:19.505+0000] {logging_mixin.py:190} INFO - [2026-02-13T07:11:19.505+0000] {dag.py:4180} INFO - Setting next_dagrun for 01_music_ingestion_realtime to 2026-02-13 06:00:00+00:00, run_after=2026-02-13 07:00:00+00:00
[2026-02-13T07:11:19.576+0000] {processor.py:208} INFO - Processing /opt/airflow/dags/music_ingestion_dag.py took 0.281 seconds
[2026-02-13T07:11:49.990+0000] {processor.py:186} INFO - Started process (PID=237) to work on /opt/airflow/dags/music_ingestion_dag.py
[2026-02-13T07:11:49.993+0000] {processor.py:914} INFO - Processing file /opt/airflow/dags/music_ingestion_dag.py for tasks to queue
[2026-02-13T07:11:49.996+0000] {logging_mixin.py:190} INFO - [2026-02-13T07:11:49.996+0000] {dagbag.py:588} INFO - Filling up the DagBag from /opt/airflow/dags/music_ingestion_dag.py
[2026-02-13T07:11:50.035+0000] {processor.py:925} INFO - DAG(s) '01_music_ingestion_realtime' retrieved from /opt/airflow/dags/music_ingestion_dag.py
[2026-02-13T07:11:50.067+0000] {logging_mixin.py:190} INFO - [2026-02-13T07:11:50.067+0000] {dag.py:3239} INFO - Sync 1 DAGs
[2026-02-13T07:11:50.095+0000] {logging_mixin.py:190} INFO - [2026-02-13T07:11:50.094+0000] {dag.py:4180} INFO - Setting next_dagrun for 01_music_ingestion_realtime to 2026-02-13 06:00:00+00:00, run_after=2026-02-13 07:00:00+00:00
[2026-02-13T07:11:50.120+0000] {processor.py:208} INFO - Processing /opt/airflow/dags/music_ingestion_dag.py took 0.136 seconds
[2026-02-13T07:12:20.320+0000] {processor.py:186} INFO - Started process (PID=242) to work on /opt/airflow/dags/music_ingestion_dag.py
[2026-02-13T07:12:20.322+0000] {processor.py:914} INFO - Processing file /opt/airflow/dags/music_ingestion_dag.py for tasks to queue
[2026-02-13T07:12:20.329+0000] {logging_mixin.py:190} INFO - [2026-02-13T07:12:20.327+0000] {dagbag.py:588} INFO - Filling up the DagBag from /opt/airflow/dags/music_ingestion_dag.py
[2026-02-13T07:12:20.374+0000] {processor.py:925} INFO - DAG(s) '01_music_ingestion_realtime' retrieved from /opt/airflow/dags/music_ingestion_dag.py
[2026-02-13T07:12:20.429+0000] {logging_mixin.py:190} INFO - [2026-02-13T07:12:20.429+0000] {dag.py:3239} INFO - Sync 1 DAGs
[2026-02-13T07:12:20.499+0000] {logging_mixin.py:190} INFO - [2026-02-13T07:12:20.498+0000] {dag.py:4180} INFO - Setting next_dagrun for 01_music_ingestion_realtime to 2026-02-13 06:00:00+00:00, run_after=2026-02-13 07:00:00+00:00
[2026-02-13T07:12:20.549+0000] {processor.py:208} INFO - Processing /opt/airflow/dags/music_ingestion_dag.py took 0.240 seconds
[2026-02-13T07:12:50.773+0000] {processor.py:186} INFO - Started process (PID=247) to work on /opt/airflow/dags/music_ingestion_dag.py
[2026-02-13T07:12:50.775+0000] {processor.py:914} INFO - Processing file /opt/airflow/dags/music_ingestion_dag.py for tasks to queue
[2026-02-13T07:12:50.777+0000] {logging_mixin.py:190} INFO - [2026-02-13T07:12:50.777+0000] {dagbag.py:588} INFO - Filling up the DagBag from /opt/airflow/dags/music_ingestion_dag.py
[2026-02-13T07:12:50.805+0000] {processor.py:925} INFO - DAG(s) '01_music_ingestion_realtime' retrieved from /opt/airflow/dags/music_ingestion_dag.py
[2026-02-13T07:12:50.843+0000] {logging_mixin.py:190} INFO - [2026-02-13T07:12:50.842+0000] {dag.py:3239} INFO - Sync 1 DAGs
[2026-02-13T07:12:50.877+0000] {logging_mixin.py:190} INFO - [2026-02-13T07:12:50.877+0000] {dag.py:4180} INFO - Setting next_dagrun for 01_music_ingestion_realtime to 2026-02-13 06:00:00+00:00, run_after=2026-02-13 07:00:00+00:00
[2026-02-13T07:12:50.924+0000] {processor.py:208} INFO - Processing /opt/airflow/dags/music_ingestion_dag.py took 0.156 seconds
[2026-02-13T07:13:21.203+0000] {processor.py:186} INFO - Started process (PID=252) to work on /opt/airflow/dags/music_ingestion_dag.py
[2026-02-13T07:13:21.204+0000] {processor.py:914} INFO - Processing file /opt/airflow/dags/music_ingestion_dag.py for tasks to queue
[2026-02-13T07:13:21.208+0000] {logging_mixin.py:190} INFO - [2026-02-13T07:13:21.208+0000] {dagbag.py:588} INFO - Filling up the DagBag from /opt/airflow/dags/music_ingestion_dag.py
[2026-02-13T07:13:21.234+0000] {processor.py:925} INFO - DAG(s) '01_music_ingestion_realtime' retrieved from /opt/airflow/dags/music_ingestion_dag.py
[2026-02-13T07:13:21.276+0000] {logging_mixin.py:190} INFO - [2026-02-13T07:13:21.276+0000] {dag.py:3239} INFO - Sync 1 DAGs
[2026-02-13T07:13:21.306+0000] {logging_mixin.py:190} INFO - [2026-02-13T07:13:21.305+0000] {dag.py:4180} INFO - Setting next_dagrun for 01_music_ingestion_realtime to 2026-02-13 06:00:00+00:00, run_after=2026-02-13 07:00:00+00:00
[2026-02-13T07:13:21.337+0000] {processor.py:208} INFO - Processing /opt/airflow/dags/music_ingestion_dag.py took 0.140 seconds
[2026-02-13T07:13:51.549+0000] {processor.py:186} INFO - Started process (PID=257) to work on /opt/airflow/dags/music_ingestion_dag.py
[2026-02-13T07:13:51.551+0000] {processor.py:914} INFO - Processing file /opt/airflow/dags/music_ingestion_dag.py for tasks to queue
[2026-02-13T07:13:51.554+0000] {logging_mixin.py:190} INFO - [2026-02-13T07:13:51.554+0000] {dagbag.py:588} INFO - Filling up the DagBag from /opt/airflow/dags/music_ingestion_dag.py
[2026-02-13T07:13:51.579+0000] {processor.py:925} INFO - DAG(s) '01_music_ingestion_realtime' retrieved from /opt/airflow/dags/music_ingestion_dag.py
[2026-02-13T07:13:51.618+0000] {logging_mixin.py:190} INFO - [2026-02-13T07:13:51.618+0000] {dag.py:3239} INFO - Sync 1 DAGs
[2026-02-13T07:13:51.651+0000] {logging_mixin.py:190} INFO - [2026-02-13T07:13:51.650+0000] {dag.py:4180} INFO - Setting next_dagrun for 01_music_ingestion_realtime to 2026-02-13 06:00:00+00:00, run_after=2026-02-13 07:00:00+00:00
[2026-02-13T07:13:51.687+0000] {processor.py:208} INFO - Processing /opt/airflow/dags/music_ingestion_dag.py took 0.147 seconds
[2026-02-13T07:14:21.969+0000] {processor.py:186} INFO - Started process (PID=262) to work on /opt/airflow/dags/music_ingestion_dag.py
[2026-02-13T07:14:21.970+0000] {processor.py:914} INFO - Processing file /opt/airflow/dags/music_ingestion_dag.py for tasks to queue
[2026-02-13T07:14:21.974+0000] {logging_mixin.py:190} INFO - [2026-02-13T07:14:21.973+0000] {dagbag.py:588} INFO - Filling up the DagBag from /opt/airflow/dags/music_ingestion_dag.py
[2026-02-13T07:14:22.000+0000] {processor.py:925} INFO - DAG(s) '01_music_ingestion_realtime' retrieved from /opt/airflow/dags/music_ingestion_dag.py
[2026-02-13T07:14:22.034+0000] {logging_mixin.py:190} INFO - [2026-02-13T07:14:22.033+0000] {dag.py:3239} INFO - Sync 1 DAGs
[2026-02-13T07:14:22.060+0000] {logging_mixin.py:190} INFO - [2026-02-13T07:14:22.060+0000] {dag.py:4180} INFO - Setting next_dagrun for 01_music_ingestion_realtime to 2026-02-13 06:00:00+00:00, run_after=2026-02-13 07:00:00+00:00
[2026-02-13T07:14:22.086+0000] {processor.py:208} INFO - Processing /opt/airflow/dags/music_ingestion_dag.py took 0.123 seconds
[2026-02-13T07:14:52.305+0000] {processor.py:186} INFO - Started process (PID=267) to work on /opt/airflow/dags/music_ingestion_dag.py
[2026-02-13T07:14:52.307+0000] {processor.py:914} INFO - Processing file /opt/airflow/dags/music_ingestion_dag.py for tasks to queue
[2026-02-13T07:14:52.310+0000] {logging_mixin.py:190} INFO - [2026-02-13T07:14:52.309+0000] {dagbag.py:588} INFO - Filling up the DagBag from /opt/airflow/dags/music_ingestion_dag.py
[2026-02-13T07:14:52.331+0000] {processor.py:925} INFO - DAG(s) '01_music_ingestion_realtime' retrieved from /opt/airflow/dags/music_ingestion_dag.py
[2026-02-13T07:14:52.364+0000] {logging_mixin.py:190} INFO - [2026-02-13T07:14:52.364+0000] {dag.py:3239} INFO - Sync 1 DAGs
[2026-02-13T07:14:52.393+0000] {logging_mixin.py:190} INFO - [2026-02-13T07:14:52.393+0000] {dag.py:4180} INFO - Setting next_dagrun for 01_music_ingestion_realtime to 2026-02-13 06:00:00+00:00, run_after=2026-02-13 07:00:00+00:00
[2026-02-13T07:14:52.421+0000] {processor.py:208} INFO - Processing /opt/airflow/dags/music_ingestion_dag.py took 0.122 seconds
[2026-02-13T07:15:22.719+0000] {processor.py:186} INFO - Started process (PID=272) to work on /opt/airflow/dags/music_ingestion_dag.py
[2026-02-13T07:15:22.722+0000] {processor.py:914} INFO - Processing file /opt/airflow/dags/music_ingestion_dag.py for tasks to queue
[2026-02-13T07:15:22.726+0000] {logging_mixin.py:190} INFO - [2026-02-13T07:15:22.725+0000] {dagbag.py:588} INFO - Filling up the DagBag from /opt/airflow/dags/music_ingestion_dag.py
[2026-02-13T07:15:22.757+0000] {processor.py:925} INFO - DAG(s) '01_music_ingestion_realtime' retrieved from /opt/airflow/dags/music_ingestion_dag.py
[2026-02-13T07:15:22.805+0000] {logging_mixin.py:190} INFO - [2026-02-13T07:15:22.804+0000] {dag.py:3239} INFO - Sync 1 DAGs
[2026-02-13T07:15:22.844+0000] {logging_mixin.py:190} INFO - [2026-02-13T07:15:22.844+0000] {dag.py:4180} INFO - Setting next_dagrun for 01_music_ingestion_realtime to 2026-02-13 06:00:00+00:00, run_after=2026-02-13 07:00:00+00:00
[2026-02-13T07:15:22.874+0000] {processor.py:208} INFO - Processing /opt/airflow/dags/music_ingestion_dag.py took 0.164 seconds
[2026-02-13T07:15:53.029+0000] {processor.py:186} INFO - Started process (PID=277) to work on /opt/airflow/dags/music_ingestion_dag.py
[2026-02-13T07:15:53.031+0000] {processor.py:914} INFO - Processing file /opt/airflow/dags/music_ingestion_dag.py for tasks to queue
[2026-02-13T07:15:53.036+0000] {logging_mixin.py:190} INFO - [2026-02-13T07:15:53.035+0000] {dagbag.py:588} INFO - Filling up the DagBag from /opt/airflow/dags/music_ingestion_dag.py
[2026-02-13T07:15:53.068+0000] {processor.py:925} INFO - DAG(s) '01_music_ingestion_realtime' retrieved from /opt/airflow/dags/music_ingestion_dag.py
[2026-02-13T07:15:53.127+0000] {logging_mixin.py:190} INFO - [2026-02-13T07:15:53.126+0000] {dag.py:3239} INFO - Sync 1 DAGs
[2026-02-13T07:15:53.173+0000] {logging_mixin.py:190} INFO - [2026-02-13T07:15:53.173+0000] {dag.py:4180} INFO - Setting next_dagrun for 01_music_ingestion_realtime to 2026-02-13 06:00:00+00:00, run_after=2026-02-13 07:00:00+00:00
[2026-02-13T07:15:53.205+0000] {processor.py:208} INFO - Processing /opt/airflow/dags/music_ingestion_dag.py took 0.185 seconds
[2026-02-13T07:16:23.308+0000] {processor.py:186} INFO - Started process (PID=282) to work on /opt/airflow/dags/music_ingestion_dag.py
[2026-02-13T07:16:23.310+0000] {processor.py:914} INFO - Processing file /opt/airflow/dags/music_ingestion_dag.py for tasks to queue
[2026-02-13T07:16:23.315+0000] {logging_mixin.py:190} INFO - [2026-02-13T07:16:23.315+0000] {dagbag.py:588} INFO - Filling up the DagBag from /opt/airflow/dags/music_ingestion_dag.py
[2026-02-13T07:16:23.351+0000] {processor.py:925} INFO - DAG(s) '01_music_ingestion_realtime' retrieved from /opt/airflow/dags/music_ingestion_dag.py
[2026-02-13T07:16:23.403+0000] {logging_mixin.py:190} INFO - [2026-02-13T07:16:23.403+0000] {dag.py:3239} INFO - Sync 1 DAGs
[2026-02-13T07:16:23.439+0000] {logging_mixin.py:190} INFO - [2026-02-13T07:16:23.438+0000] {dag.py:4180} INFO - Setting next_dagrun for 01_music_ingestion_realtime to 2026-02-13 06:00:00+00:00, run_after=2026-02-13 07:00:00+00:00
[2026-02-13T07:16:23.465+0000] {processor.py:208} INFO - Processing /opt/airflow/dags/music_ingestion_dag.py took 0.169 seconds
[2026-02-13T07:16:53.714+0000] {processor.py:186} INFO - Started process (PID=287) to work on /opt/airflow/dags/music_ingestion_dag.py
[2026-02-13T07:16:53.716+0000] {processor.py:914} INFO - Processing file /opt/airflow/dags/music_ingestion_dag.py for tasks to queue
[2026-02-13T07:16:53.720+0000] {logging_mixin.py:190} INFO - [2026-02-13T07:16:53.719+0000] {dagbag.py:588} INFO - Filling up the DagBag from /opt/airflow/dags/music_ingestion_dag.py
[2026-02-13T07:16:53.749+0000] {processor.py:925} INFO - DAG(s) '01_music_ingestion_realtime' retrieved from /opt/airflow/dags/music_ingestion_dag.py
[2026-02-13T07:16:53.791+0000] {logging_mixin.py:190} INFO - [2026-02-13T07:16:53.791+0000] {dag.py:3239} INFO - Sync 1 DAGs
[2026-02-13T07:16:53.839+0000] {logging_mixin.py:190} INFO - [2026-02-13T07:16:53.838+0000] {dag.py:4180} INFO - Setting next_dagrun for 01_music_ingestion_realtime to 2026-02-13 06:00:00+00:00, run_after=2026-02-13 07:00:00+00:00
[2026-02-13T07:16:53.876+0000] {processor.py:208} INFO - Processing /opt/airflow/dags/music_ingestion_dag.py took 0.168 seconds
[2026-02-13T07:17:23.966+0000] {processor.py:186} INFO - Started process (PID=292) to work on /opt/airflow/dags/music_ingestion_dag.py
[2026-02-13T07:17:23.968+0000] {processor.py:914} INFO - Processing file /opt/airflow/dags/music_ingestion_dag.py for tasks to queue
[2026-02-13T07:17:23.972+0000] {logging_mixin.py:190} INFO - [2026-02-13T07:17:23.971+0000] {dagbag.py:588} INFO - Filling up the DagBag from /opt/airflow/dags/music_ingestion_dag.py
[2026-02-13T07:17:23.997+0000] {processor.py:925} INFO - DAG(s) '01_music_ingestion_realtime' retrieved from /opt/airflow/dags/music_ingestion_dag.py
[2026-02-13T07:17:24.032+0000] {logging_mixin.py:190} INFO - [2026-02-13T07:17:24.032+0000] {dag.py:3239} INFO - Sync 1 DAGs
[2026-02-13T07:17:24.063+0000] {logging_mixin.py:190} INFO - [2026-02-13T07:17:24.063+0000] {dag.py:4180} INFO - Setting next_dagrun for 01_music_ingestion_realtime to 2026-02-13 06:00:00+00:00, run_after=2026-02-13 07:00:00+00:00
[2026-02-13T07:17:24.098+0000] {processor.py:208} INFO - Processing /opt/airflow/dags/music_ingestion_dag.py took 0.142 seconds
[2026-02-13T07:17:54.610+0000] {processor.py:186} INFO - Started process (PID=297) to work on /opt/airflow/dags/music_ingestion_dag.py
[2026-02-13T07:17:54.611+0000] {processor.py:914} INFO - Processing file /opt/airflow/dags/music_ingestion_dag.py for tasks to queue
[2026-02-13T07:17:54.615+0000] {logging_mixin.py:190} INFO - [2026-02-13T07:17:54.614+0000] {dagbag.py:588} INFO - Filling up the DagBag from /opt/airflow/dags/music_ingestion_dag.py
[2026-02-13T07:17:54.654+0000] {processor.py:925} INFO - DAG(s) '01_music_ingestion_realtime' retrieved from /opt/airflow/dags/music_ingestion_dag.py
[2026-02-13T07:17:54.708+0000] {logging_mixin.py:190} INFO - [2026-02-13T07:17:54.707+0000] {dag.py:3239} INFO - Sync 1 DAGs
[2026-02-13T07:17:54.746+0000] {logging_mixin.py:190} INFO - [2026-02-13T07:17:54.745+0000] {dag.py:4180} INFO - Setting next_dagrun for 01_music_ingestion_realtime to 2026-02-13 06:00:00+00:00, run_after=2026-02-13 07:00:00+00:00
[2026-02-13T07:17:54.774+0000] {processor.py:208} INFO - Processing /opt/airflow/dags/music_ingestion_dag.py took 0.177 seconds
[2026-02-13T07:18:24.955+0000] {processor.py:186} INFO - Started process (PID=302) to work on /opt/airflow/dags/music_ingestion_dag.py
[2026-02-13T07:18:24.956+0000] {processor.py:914} INFO - Processing file /opt/airflow/dags/music_ingestion_dag.py for tasks to queue
[2026-02-13T07:18:24.959+0000] {logging_mixin.py:190} INFO - [2026-02-13T07:18:24.958+0000] {dagbag.py:588} INFO - Filling up the DagBag from /opt/airflow/dags/music_ingestion_dag.py
[2026-02-13T07:18:24.978+0000] {processor.py:925} INFO - DAG(s) '01_music_ingestion_realtime' retrieved from /opt/airflow/dags/music_ingestion_dag.py
[2026-02-13T07:18:25.012+0000] {logging_mixin.py:190} INFO - [2026-02-13T07:18:25.011+0000] {dag.py:3239} INFO - Sync 1 DAGs
[2026-02-13T07:18:25.039+0000] {logging_mixin.py:190} INFO - [2026-02-13T07:18:25.039+0000] {dag.py:4180} INFO - Setting next_dagrun for 01_music_ingestion_realtime to 2026-02-13 06:00:00+00:00, run_after=2026-02-13 07:00:00+00:00
[2026-02-13T07:18:25.073+0000] {processor.py:208} INFO - Processing /opt/airflow/dags/music_ingestion_dag.py took 0.127 seconds
[2026-02-13T07:18:55.287+0000] {processor.py:186} INFO - Started process (PID=307) to work on /opt/airflow/dags/music_ingestion_dag.py
[2026-02-13T07:18:55.289+0000] {processor.py:914} INFO - Processing file /opt/airflow/dags/music_ingestion_dag.py for tasks to queue
[2026-02-13T07:18:55.294+0000] {logging_mixin.py:190} INFO - [2026-02-13T07:18:55.294+0000] {dagbag.py:588} INFO - Filling up the DagBag from /opt/airflow/dags/music_ingestion_dag.py
[2026-02-13T07:18:55.323+0000] {processor.py:925} INFO - DAG(s) '01_music_ingestion_realtime' retrieved from /opt/airflow/dags/music_ingestion_dag.py
[2026-02-13T07:18:55.368+0000] {logging_mixin.py:190} INFO - [2026-02-13T07:18:55.368+0000] {dag.py:3239} INFO - Sync 1 DAGs
[2026-02-13T07:18:55.409+0000] {logging_mixin.py:190} INFO - [2026-02-13T07:18:55.409+0000] {dag.py:4180} INFO - Setting next_dagrun for 01_music_ingestion_realtime to 2026-02-13 06:00:00+00:00, run_after=2026-02-13 07:00:00+00:00
[2026-02-13T07:18:55.439+0000] {processor.py:208} INFO - Processing /opt/airflow/dags/music_ingestion_dag.py took 0.160 seconds
[2026-02-13T07:19:25.776+0000] {processor.py:186} INFO - Started process (PID=312) to work on /opt/airflow/dags/music_ingestion_dag.py
[2026-02-13T07:19:25.778+0000] {processor.py:914} INFO - Processing file /opt/airflow/dags/music_ingestion_dag.py for tasks to queue
[2026-02-13T07:19:25.782+0000] {logging_mixin.py:190} INFO - [2026-02-13T07:19:25.781+0000] {dagbag.py:588} INFO - Filling up the DagBag from /opt/airflow/dags/music_ingestion_dag.py
[2026-02-13T07:19:25.812+0000] {processor.py:925} INFO - DAG(s) '01_music_ingestion_realtime' retrieved from /opt/airflow/dags/music_ingestion_dag.py
[2026-02-13T07:19:25.864+0000] {logging_mixin.py:190} INFO - [2026-02-13T07:19:25.863+0000] {dag.py:3239} INFO - Sync 1 DAGs
[2026-02-13T07:19:25.940+0000] {logging_mixin.py:190} INFO - [2026-02-13T07:19:25.939+0000] {dag.py:4180} INFO - Setting next_dagrun for 01_music_ingestion_realtime to 2026-02-13 06:00:00+00:00, run_after=2026-02-13 07:00:00+00:00
[2026-02-13T07:19:25.994+0000] {processor.py:208} INFO - Processing /opt/airflow/dags/music_ingestion_dag.py took 0.230 seconds
[2026-02-13T07:19:56.115+0000] {processor.py:186} INFO - Started process (PID=317) to work on /opt/airflow/dags/music_ingestion_dag.py
[2026-02-13T07:19:56.116+0000] {processor.py:914} INFO - Processing file /opt/airflow/dags/music_ingestion_dag.py for tasks to queue
[2026-02-13T07:19:56.119+0000] {logging_mixin.py:190} INFO - [2026-02-13T07:19:56.119+0000] {dagbag.py:588} INFO - Filling up the DagBag from /opt/airflow/dags/music_ingestion_dag.py
[2026-02-13T07:19:56.144+0000] {processor.py:925} INFO - DAG(s) '01_music_ingestion_realtime' retrieved from /opt/airflow/dags/music_ingestion_dag.py
[2026-02-13T07:19:56.174+0000] {logging_mixin.py:190} INFO - [2026-02-13T07:19:56.174+0000] {dag.py:3239} INFO - Sync 1 DAGs
[2026-02-13T07:19:56.204+0000] {logging_mixin.py:190} INFO - [2026-02-13T07:19:56.203+0000] {dag.py:4180} INFO - Setting next_dagrun for 01_music_ingestion_realtime to 2026-02-13 06:00:00+00:00, run_after=2026-02-13 07:00:00+00:00
[2026-02-13T07:19:56.234+0000] {processor.py:208} INFO - Processing /opt/airflow/dags/music_ingestion_dag.py took 0.127 seconds
[2026-02-13T07:20:26.419+0000] {processor.py:186} INFO - Started process (PID=322) to work on /opt/airflow/dags/music_ingestion_dag.py
[2026-02-13T07:20:26.420+0000] {processor.py:914} INFO - Processing file /opt/airflow/dags/music_ingestion_dag.py for tasks to queue
[2026-02-13T07:20:26.423+0000] {logging_mixin.py:190} INFO - [2026-02-13T07:20:26.423+0000] {dagbag.py:588} INFO - Filling up the DagBag from /opt/airflow/dags/music_ingestion_dag.py
[2026-02-13T07:20:26.446+0000] {processor.py:925} INFO - DAG(s) '01_music_ingestion_realtime' retrieved from /opt/airflow/dags/music_ingestion_dag.py
[2026-02-13T07:20:26.481+0000] {logging_mixin.py:190} INFO - [2026-02-13T07:20:26.480+0000] {dag.py:3239} INFO - Sync 1 DAGs
[2026-02-13T07:20:26.505+0000] {logging_mixin.py:190} INFO - [2026-02-13T07:20:26.505+0000] {dag.py:4180} INFO - Setting next_dagrun for 01_music_ingestion_realtime to 2026-02-13 06:00:00+00:00, run_after=2026-02-13 07:00:00+00:00
[2026-02-13T07:20:26.528+0000] {processor.py:208} INFO - Processing /opt/airflow/dags/music_ingestion_dag.py took 0.116 seconds
[2026-02-13T07:20:56.870+0000] {processor.py:186} INFO - Started process (PID=327) to work on /opt/airflow/dags/music_ingestion_dag.py
[2026-02-13T07:20:56.872+0000] {processor.py:914} INFO - Processing file /opt/airflow/dags/music_ingestion_dag.py for tasks to queue
[2026-02-13T07:20:56.876+0000] {logging_mixin.py:190} INFO - [2026-02-13T07:20:56.875+0000] {dagbag.py:588} INFO - Filling up the DagBag from /opt/airflow/dags/music_ingestion_dag.py
[2026-02-13T07:20:56.912+0000] {processor.py:925} INFO - DAG(s) '01_music_ingestion_realtime' retrieved from /opt/airflow/dags/music_ingestion_dag.py
[2026-02-13T07:20:56.937+0000] {logging_mixin.py:190} INFO - [2026-02-13T07:20:56.936+0000] {dag.py:3239} INFO - Sync 1 DAGs
[2026-02-13T07:20:56.958+0000] {logging_mixin.py:190} INFO - [2026-02-13T07:20:56.957+0000] {dag.py:4180} INFO - Setting next_dagrun for 01_music_ingestion_realtime to 2026-02-13 06:00:00+00:00, run_after=2026-02-13 07:00:00+00:00
[2026-02-13T07:20:56.983+0000] {processor.py:208} INFO - Processing /opt/airflow/dags/music_ingestion_dag.py took 0.118 seconds
[2026-02-13T07:21:27.198+0000] {processor.py:186} INFO - Started process (PID=332) to work on /opt/airflow/dags/music_ingestion_dag.py
[2026-02-13T07:21:27.200+0000] {processor.py:914} INFO - Processing file /opt/airflow/dags/music_ingestion_dag.py for tasks to queue
[2026-02-13T07:21:27.204+0000] {logging_mixin.py:190} INFO - [2026-02-13T07:21:27.204+0000] {dagbag.py:588} INFO - Filling up the DagBag from /opt/airflow/dags/music_ingestion_dag.py
[2026-02-13T07:21:27.237+0000] {processor.py:925} INFO - DAG(s) '01_music_ingestion_realtime' retrieved from /opt/airflow/dags/music_ingestion_dag.py
[2026-02-13T07:21:27.273+0000] {logging_mixin.py:190} INFO - [2026-02-13T07:21:27.273+0000] {dag.py:3239} INFO - Sync 1 DAGs
[2026-02-13T07:21:27.305+0000] {logging_mixin.py:190} INFO - [2026-02-13T07:21:27.305+0000] {dag.py:4180} INFO - Setting next_dagrun for 01_music_ingestion_realtime to 2026-02-13 06:00:00+00:00, run_after=2026-02-13 07:00:00+00:00
[2026-02-13T07:21:27.335+0000] {processor.py:208} INFO - Processing /opt/airflow/dags/music_ingestion_dag.py took 0.148 seconds
[2026-02-13T07:21:57.594+0000] {processor.py:186} INFO - Started process (PID=337) to work on /opt/airflow/dags/music_ingestion_dag.py
[2026-02-13T07:21:57.595+0000] {processor.py:914} INFO - Processing file /opt/airflow/dags/music_ingestion_dag.py for tasks to queue
[2026-02-13T07:21:57.598+0000] {logging_mixin.py:190} INFO - [2026-02-13T07:21:57.597+0000] {dagbag.py:588} INFO - Filling up the DagBag from /opt/airflow/dags/music_ingestion_dag.py
[2026-02-13T07:21:57.625+0000] {processor.py:925} INFO - DAG(s) '01_music_ingestion_realtime' retrieved from /opt/airflow/dags/music_ingestion_dag.py
[2026-02-13T07:21:57.653+0000] {logging_mixin.py:190} INFO - [2026-02-13T07:21:57.652+0000] {dag.py:3239} INFO - Sync 1 DAGs
[2026-02-13T07:21:57.687+0000] {logging_mixin.py:190} INFO - [2026-02-13T07:21:57.687+0000] {dag.py:4180} INFO - Setting next_dagrun for 01_music_ingestion_realtime to 2026-02-13 06:00:00+00:00, run_after=2026-02-13 07:00:00+00:00
[2026-02-13T07:21:57.717+0000] {processor.py:208} INFO - Processing /opt/airflow/dags/music_ingestion_dag.py took 0.131 seconds
[2026-02-13T07:22:27.955+0000] {processor.py:186} INFO - Started process (PID=342) to work on /opt/airflow/dags/music_ingestion_dag.py
[2026-02-13T07:22:27.957+0000] {processor.py:914} INFO - Processing file /opt/airflow/dags/music_ingestion_dag.py for tasks to queue
[2026-02-13T07:22:27.959+0000] {logging_mixin.py:190} INFO - [2026-02-13T07:22:27.959+0000] {dagbag.py:588} INFO - Filling up the DagBag from /opt/airflow/dags/music_ingestion_dag.py
[2026-02-13T07:22:27.983+0000] {processor.py:925} INFO - DAG(s) '01_music_ingestion_realtime' retrieved from /opt/airflow/dags/music_ingestion_dag.py
[2026-02-13T07:22:28.015+0000] {logging_mixin.py:190} INFO - [2026-02-13T07:22:28.015+0000] {dag.py:3239} INFO - Sync 1 DAGs
[2026-02-13T07:22:28.049+0000] {logging_mixin.py:190} INFO - [2026-02-13T07:22:28.048+0000] {dag.py:4180} INFO - Setting next_dagrun for 01_music_ingestion_realtime to 2026-02-13 06:00:00+00:00, run_after=2026-02-13 07:00:00+00:00
[2026-02-13T07:22:28.076+0000] {processor.py:208} INFO - Processing /opt/airflow/dags/music_ingestion_dag.py took 0.128 seconds
[2026-02-13T07:22:58.324+0000] {processor.py:186} INFO - Started process (PID=347) to work on /opt/airflow/dags/music_ingestion_dag.py
[2026-02-13T07:22:58.326+0000] {processor.py:914} INFO - Processing file /opt/airflow/dags/music_ingestion_dag.py for tasks to queue
[2026-02-13T07:22:58.337+0000] {logging_mixin.py:190} INFO - [2026-02-13T07:22:58.336+0000] {dagbag.py:588} INFO - Filling up the DagBag from /opt/airflow/dags/music_ingestion_dag.py
[2026-02-13T07:22:58.369+0000] {processor.py:925} INFO - DAG(s) '01_music_ingestion_realtime' retrieved from /opt/airflow/dags/music_ingestion_dag.py
[2026-02-13T07:22:58.407+0000] {logging_mixin.py:190} INFO - [2026-02-13T07:22:58.407+0000] {dag.py:3239} INFO - Sync 1 DAGs
[2026-02-13T07:22:58.452+0000] {logging_mixin.py:190} INFO - [2026-02-13T07:22:58.452+0000] {dag.py:4180} INFO - Setting next_dagrun for 01_music_ingestion_realtime to 2026-02-13 06:00:00+00:00, run_after=2026-02-13 07:00:00+00:00
[2026-02-13T07:22:58.513+0000] {processor.py:208} INFO - Processing /opt/airflow/dags/music_ingestion_dag.py took 0.194 seconds
[2026-02-13T07:23:28.703+0000] {processor.py:186} INFO - Started process (PID=352) to work on /opt/airflow/dags/music_ingestion_dag.py
[2026-02-13T07:23:28.705+0000] {processor.py:914} INFO - Processing file /opt/airflow/dags/music_ingestion_dag.py for tasks to queue
[2026-02-13T07:23:28.708+0000] {logging_mixin.py:190} INFO - [2026-02-13T07:23:28.708+0000] {dagbag.py:588} INFO - Filling up the DagBag from /opt/airflow/dags/music_ingestion_dag.py
[2026-02-13T07:23:28.741+0000] {processor.py:925} INFO - DAG(s) '01_music_ingestion_realtime' retrieved from /opt/airflow/dags/music_ingestion_dag.py
[2026-02-13T07:23:28.770+0000] {logging_mixin.py:190} INFO - [2026-02-13T07:23:28.770+0000] {dag.py:3239} INFO - Sync 1 DAGs
[2026-02-13T07:23:28.805+0000] {logging_mixin.py:190} INFO - [2026-02-13T07:23:28.805+0000] {dag.py:4180} INFO - Setting next_dagrun for 01_music_ingestion_realtime to 2026-02-13 06:00:00+00:00, run_after=2026-02-13 07:00:00+00:00
[2026-02-13T07:23:28.836+0000] {processor.py:208} INFO - Processing /opt/airflow/dags/music_ingestion_dag.py took 0.140 seconds
[2026-02-13T07:23:59.122+0000] {processor.py:186} INFO - Started process (PID=357) to work on /opt/airflow/dags/music_ingestion_dag.py
[2026-02-13T07:23:59.123+0000] {processor.py:914} INFO - Processing file /opt/airflow/dags/music_ingestion_dag.py for tasks to queue
[2026-02-13T07:23:59.126+0000] {logging_mixin.py:190} INFO - [2026-02-13T07:23:59.125+0000] {dagbag.py:588} INFO - Filling up the DagBag from /opt/airflow/dags/music_ingestion_dag.py
[2026-02-13T07:23:59.153+0000] {processor.py:925} INFO - DAG(s) '01_music_ingestion_realtime' retrieved from /opt/airflow/dags/music_ingestion_dag.py
[2026-02-13T07:23:59.190+0000] {logging_mixin.py:190} INFO - [2026-02-13T07:23:59.190+0000] {dag.py:3239} INFO - Sync 1 DAGs
[2026-02-13T07:23:59.225+0000] {logging_mixin.py:190} INFO - [2026-02-13T07:23:59.224+0000] {dag.py:4180} INFO - Setting next_dagrun for 01_music_ingestion_realtime to 2026-02-13 06:00:00+00:00, run_after=2026-02-13 07:00:00+00:00
[2026-02-13T07:23:59.262+0000] {processor.py:208} INFO - Processing /opt/airflow/dags/music_ingestion_dag.py took 0.146 seconds
[2026-02-13T07:24:29.437+0000] {processor.py:186} INFO - Started process (PID=362) to work on /opt/airflow/dags/music_ingestion_dag.py
[2026-02-13T07:24:29.440+0000] {processor.py:914} INFO - Processing file /opt/airflow/dags/music_ingestion_dag.py for tasks to queue
[2026-02-13T07:24:29.453+0000] {logging_mixin.py:190} INFO - [2026-02-13T07:24:29.453+0000] {dagbag.py:588} INFO - Filling up the DagBag from /opt/airflow/dags/music_ingestion_dag.py
[2026-02-13T07:24:29.519+0000] {processor.py:925} INFO - DAG(s) '01_music_ingestion_realtime' retrieved from /opt/airflow/dags/music_ingestion_dag.py
[2026-02-13T07:24:29.614+0000] {logging_mixin.py:190} INFO - [2026-02-13T07:24:29.605+0000] {dag.py:3239} INFO - Sync 1 DAGs
[2026-02-13T07:24:29.705+0000] {logging_mixin.py:190} INFO - [2026-02-13T07:24:29.704+0000] {dag.py:4180} INFO - Setting next_dagrun for 01_music_ingestion_realtime to 2026-02-13 06:00:00+00:00, run_after=2026-02-13 07:00:00+00:00
[2026-02-13T07:24:29.787+0000] {processor.py:208} INFO - Processing /opt/airflow/dags/music_ingestion_dag.py took 0.369 seconds
[2026-02-13T07:25:00.232+0000] {processor.py:186} INFO - Started process (PID=367) to work on /opt/airflow/dags/music_ingestion_dag.py
[2026-02-13T07:25:00.235+0000] {processor.py:914} INFO - Processing file /opt/airflow/dags/music_ingestion_dag.py for tasks to queue
[2026-02-13T07:25:00.246+0000] {logging_mixin.py:190} INFO - [2026-02-13T07:25:00.245+0000] {dagbag.py:588} INFO - Filling up the DagBag from /opt/airflow/dags/music_ingestion_dag.py
[2026-02-13T07:25:00.301+0000] {processor.py:925} INFO - DAG(s) '01_music_ingestion_realtime' retrieved from /opt/airflow/dags/music_ingestion_dag.py
[2026-02-13T07:25:00.370+0000] {logging_mixin.py:190} INFO - [2026-02-13T07:25:00.369+0000] {dag.py:3239} INFO - Sync 1 DAGs
[2026-02-13T07:25:00.458+0000] {logging_mixin.py:190} INFO - [2026-02-13T07:25:00.458+0000] {dag.py:4180} INFO - Setting next_dagrun for 01_music_ingestion_realtime to 2026-02-13 06:00:00+00:00, run_after=2026-02-13 07:00:00+00:00
[2026-02-13T07:25:00.511+0000] {processor.py:208} INFO - Processing /opt/airflow/dags/music_ingestion_dag.py took 0.303 seconds
[2026-02-13T07:25:30.850+0000] {processor.py:186} INFO - Started process (PID=372) to work on /opt/airflow/dags/music_ingestion_dag.py
[2026-02-13T07:25:30.852+0000] {processor.py:914} INFO - Processing file /opt/airflow/dags/music_ingestion_dag.py for tasks to queue
[2026-02-13T07:25:30.856+0000] {logging_mixin.py:190} INFO - [2026-02-13T07:25:30.856+0000] {dagbag.py:588} INFO - Filling up the DagBag from /opt/airflow/dags/music_ingestion_dag.py
[2026-02-13T07:25:30.896+0000] {processor.py:925} INFO - DAG(s) '01_music_ingestion_realtime' retrieved from /opt/airflow/dags/music_ingestion_dag.py
[2026-02-13T07:25:30.973+0000] {logging_mixin.py:190} INFO - [2026-02-13T07:25:30.972+0000] {dag.py:3239} INFO - Sync 1 DAGs
[2026-02-13T07:25:31.026+0000] {logging_mixin.py:190} INFO - [2026-02-13T07:25:31.026+0000] {dag.py:4180} INFO - Setting next_dagrun for 01_music_ingestion_realtime to 2026-02-13 06:00:00+00:00, run_after=2026-02-13 07:00:00+00:00
[2026-02-13T07:25:31.071+0000] {processor.py:208} INFO - Processing /opt/airflow/dags/music_ingestion_dag.py took 0.235 seconds
[2026-02-13T07:26:01.138+0000] {processor.py:186} INFO - Started process (PID=377) to work on /opt/airflow/dags/music_ingestion_dag.py
[2026-02-13T07:26:01.140+0000] {processor.py:914} INFO - Processing file /opt/airflow/dags/music_ingestion_dag.py for tasks to queue
[2026-02-13T07:26:01.145+0000] {logging_mixin.py:190} INFO - [2026-02-13T07:26:01.144+0000] {dagbag.py:588} INFO - Filling up the DagBag from /opt/airflow/dags/music_ingestion_dag.py
[2026-02-13T07:26:01.169+0000] {processor.py:925} INFO - DAG(s) '01_music_ingestion_realtime' retrieved from /opt/airflow/dags/music_ingestion_dag.py
[2026-02-13T07:26:01.209+0000] {logging_mixin.py:190} INFO - [2026-02-13T07:26:01.209+0000] {dag.py:3239} INFO - Sync 1 DAGs
[2026-02-13T07:26:01.249+0000] {logging_mixin.py:190} INFO - [2026-02-13T07:26:01.248+0000] {dag.py:4180} INFO - Setting next_dagrun for 01_music_ingestion_realtime to 2026-02-13 06:00:00+00:00, run_after=2026-02-13 07:00:00+00:00
[2026-02-13T07:26:01.282+0000] {processor.py:208} INFO - Processing /opt/airflow/dags/music_ingestion_dag.py took 0.152 seconds
[2026-02-13T07:26:31.486+0000] {processor.py:186} INFO - Started process (PID=382) to work on /opt/airflow/dags/music_ingestion_dag.py
[2026-02-13T07:26:31.488+0000] {processor.py:914} INFO - Processing file /opt/airflow/dags/music_ingestion_dag.py for tasks to queue
[2026-02-13T07:26:31.492+0000] {logging_mixin.py:190} INFO - [2026-02-13T07:26:31.492+0000] {dagbag.py:588} INFO - Filling up the DagBag from /opt/airflow/dags/music_ingestion_dag.py
[2026-02-13T07:26:31.522+0000] {processor.py:925} INFO - DAG(s) '01_music_ingestion_realtime' retrieved from /opt/airflow/dags/music_ingestion_dag.py
[2026-02-13T07:26:31.567+0000] {logging_mixin.py:190} INFO - [2026-02-13T07:26:31.567+0000] {dag.py:3239} INFO - Sync 1 DAGs
[2026-02-13T07:26:31.606+0000] {logging_mixin.py:190} INFO - [2026-02-13T07:26:31.605+0000] {dag.py:4180} INFO - Setting next_dagrun for 01_music_ingestion_realtime to 2026-02-13 06:00:00+00:00, run_after=2026-02-13 07:00:00+00:00
[2026-02-13T07:26:31.643+0000] {processor.py:208} INFO - Processing /opt/airflow/dags/music_ingestion_dag.py took 0.163 seconds
[2026-02-13T07:27:01.883+0000] {processor.py:186} INFO - Started process (PID=387) to work on /opt/airflow/dags/music_ingestion_dag.py
[2026-02-13T07:27:01.885+0000] {processor.py:914} INFO - Processing file /opt/airflow/dags/music_ingestion_dag.py for tasks to queue
[2026-02-13T07:27:01.888+0000] {logging_mixin.py:190} INFO - [2026-02-13T07:27:01.887+0000] {dagbag.py:588} INFO - Filling up the DagBag from /opt/airflow/dags/music_ingestion_dag.py
[2026-02-13T07:27:01.919+0000] {processor.py:925} INFO - DAG(s) '01_music_ingestion_realtime' retrieved from /opt/airflow/dags/music_ingestion_dag.py
[2026-02-13T07:27:01.955+0000] {logging_mixin.py:190} INFO - [2026-02-13T07:27:01.955+0000] {dag.py:3239} INFO - Sync 1 DAGs
[2026-02-13T07:27:01.986+0000] {logging_mixin.py:190} INFO - [2026-02-13T07:27:01.985+0000] {dag.py:4180} INFO - Setting next_dagrun for 01_music_ingestion_realtime to 2026-02-13 06:00:00+00:00, run_after=2026-02-13 07:00:00+00:00
[2026-02-13T07:27:02.012+0000] {processor.py:208} INFO - Processing /opt/airflow/dags/music_ingestion_dag.py took 0.136 seconds
[2026-02-13T07:27:32.349+0000] {processor.py:186} INFO - Started process (PID=392) to work on /opt/airflow/dags/music_ingestion_dag.py
[2026-02-13T07:27:32.352+0000] {processor.py:914} INFO - Processing file /opt/airflow/dags/music_ingestion_dag.py for tasks to queue
[2026-02-13T07:27:32.365+0000] {logging_mixin.py:190} INFO - [2026-02-13T07:27:32.364+0000] {dagbag.py:588} INFO - Filling up the DagBag from /opt/airflow/dags/music_ingestion_dag.py
[2026-02-13T07:27:32.442+0000] {processor.py:925} INFO - DAG(s) '01_music_ingestion_realtime' retrieved from /opt/airflow/dags/music_ingestion_dag.py
[2026-02-13T07:27:32.582+0000] {logging_mixin.py:190} INFO - [2026-02-13T07:27:32.582+0000] {dag.py:3239} INFO - Sync 1 DAGs
[2026-02-13T07:27:32.746+0000] {logging_mixin.py:190} INFO - [2026-02-13T07:27:32.744+0000] {dag.py:4180} INFO - Setting next_dagrun for 01_music_ingestion_realtime to 2026-02-13 06:00:00+00:00, run_after=2026-02-13 07:00:00+00:00
[2026-02-13T07:27:32.849+0000] {processor.py:208} INFO - Processing /opt/airflow/dags/music_ingestion_dag.py took 0.523 seconds
[2026-02-13T07:28:03.338+0000] {processor.py:186} INFO - Started process (PID=397) to work on /opt/airflow/dags/music_ingestion_dag.py
[2026-02-13T07:28:03.340+0000] {processor.py:914} INFO - Processing file /opt/airflow/dags/music_ingestion_dag.py for tasks to queue
[2026-02-13T07:28:03.346+0000] {logging_mixin.py:190} INFO - [2026-02-13T07:28:03.345+0000] {dagbag.py:588} INFO - Filling up the DagBag from /opt/airflow/dags/music_ingestion_dag.py
[2026-02-13T07:28:03.395+0000] {processor.py:925} INFO - DAG(s) '01_music_ingestion_realtime' retrieved from /opt/airflow/dags/music_ingestion_dag.py
[2026-02-13T07:28:03.471+0000] {logging_mixin.py:190} INFO - [2026-02-13T07:28:03.468+0000] {dag.py:3239} INFO - Sync 1 DAGs
[2026-02-13T07:28:03.592+0000] {logging_mixin.py:190} INFO - [2026-02-13T07:28:03.591+0000] {dag.py:4180} INFO - Setting next_dagrun for 01_music_ingestion_realtime to 2026-02-13 06:00:00+00:00, run_after=2026-02-13 07:00:00+00:00
[2026-02-13T07:28:03.669+0000] {processor.py:208} INFO - Processing /opt/airflow/dags/music_ingestion_dag.py took 0.346 seconds
[2026-02-13T07:28:34.025+0000] {processor.py:186} INFO - Started process (PID=402) to work on /opt/airflow/dags/music_ingestion_dag.py
[2026-02-13T07:28:34.027+0000] {processor.py:914} INFO - Processing file /opt/airflow/dags/music_ingestion_dag.py for tasks to queue
[2026-02-13T07:28:34.031+0000] {logging_mixin.py:190} INFO - [2026-02-13T07:28:34.031+0000] {dagbag.py:588} INFO - Filling up the DagBag from /opt/airflow/dags/music_ingestion_dag.py
[2026-02-13T07:28:34.056+0000] {processor.py:925} INFO - DAG(s) '01_music_ingestion_realtime' retrieved from /opt/airflow/dags/music_ingestion_dag.py
[2026-02-13T07:28:34.093+0000] {logging_mixin.py:190} INFO - [2026-02-13T07:28:34.092+0000] {dag.py:3239} INFO - Sync 1 DAGs
[2026-02-13T07:28:34.122+0000] {logging_mixin.py:190} INFO - [2026-02-13T07:28:34.122+0000] {dag.py:4180} INFO - Setting next_dagrun for 01_music_ingestion_realtime to 2026-02-13 06:00:00+00:00, run_after=2026-02-13 07:00:00+00:00
[2026-02-13T07:28:34.174+0000] {processor.py:208} INFO - Processing /opt/airflow/dags/music_ingestion_dag.py took 0.154 seconds
[2026-02-13T07:29:04.437+0000] {processor.py:186} INFO - Started process (PID=407) to work on /opt/airflow/dags/music_ingestion_dag.py
[2026-02-13T07:29:04.441+0000] {processor.py:914} INFO - Processing file /opt/airflow/dags/music_ingestion_dag.py for tasks to queue
[2026-02-13T07:29:04.449+0000] {logging_mixin.py:190} INFO - [2026-02-13T07:29:04.448+0000] {dagbag.py:588} INFO - Filling up the DagBag from /opt/airflow/dags/music_ingestion_dag.py
[2026-02-13T07:29:04.507+0000] {processor.py:925} INFO - DAG(s) '01_music_ingestion_realtime' retrieved from /opt/airflow/dags/music_ingestion_dag.py
[2026-02-13T07:29:04.618+0000] {logging_mixin.py:190} INFO - [2026-02-13T07:29:04.617+0000] {dag.py:3239} INFO - Sync 1 DAGs
[2026-02-13T07:29:04.736+0000] {logging_mixin.py:190} INFO - [2026-02-13T07:29:04.736+0000] {dag.py:4180} INFO - Setting next_dagrun for 01_music_ingestion_realtime to 2026-02-13 06:00:00+00:00, run_after=2026-02-13 07:00:00+00:00
[2026-02-13T07:29:04.813+0000] {processor.py:208} INFO - Processing /opt/airflow/dags/music_ingestion_dag.py took 0.403 seconds
[2026-02-13T07:29:35.180+0000] {processor.py:186} INFO - Started process (PID=412) to work on /opt/airflow/dags/music_ingestion_dag.py
[2026-02-13T07:29:35.182+0000] {processor.py:914} INFO - Processing file /opt/airflow/dags/music_ingestion_dag.py for tasks to queue
[2026-02-13T07:29:35.186+0000] {logging_mixin.py:190} INFO - [2026-02-13T07:29:35.186+0000] {dagbag.py:588} INFO - Filling up the DagBag from /opt/airflow/dags/music_ingestion_dag.py
[2026-02-13T07:29:35.221+0000] {processor.py:925} INFO - DAG(s) '01_music_ingestion_realtime' retrieved from /opt/airflow/dags/music_ingestion_dag.py
[2026-02-13T07:29:35.260+0000] {logging_mixin.py:190} INFO - [2026-02-13T07:29:35.260+0000] {dag.py:3239} INFO - Sync 1 DAGs
[2026-02-13T07:29:35.290+0000] {logging_mixin.py:190} INFO - [2026-02-13T07:29:35.290+0000] {dag.py:4180} INFO - Setting next_dagrun for 01_music_ingestion_realtime to 2026-02-13 06:00:00+00:00, run_after=2026-02-13 07:00:00+00:00
[2026-02-13T07:29:35.319+0000] {processor.py:208} INFO - Processing /opt/airflow/dags/music_ingestion_dag.py took 0.144 seconds
[2026-02-13T07:30:05.555+0000] {processor.py:186} INFO - Started process (PID=417) to work on /opt/airflow/dags/music_ingestion_dag.py
[2026-02-13T07:30:05.566+0000] {processor.py:914} INFO - Processing file /opt/airflow/dags/music_ingestion_dag.py for tasks to queue
[2026-02-13T07:30:05.570+0000] {logging_mixin.py:190} INFO - [2026-02-13T07:30:05.569+0000] {dagbag.py:588} INFO - Filling up the DagBag from /opt/airflow/dags/music_ingestion_dag.py
[2026-02-13T07:30:05.600+0000] {processor.py:925} INFO - DAG(s) '01_music_ingestion_realtime' retrieved from /opt/airflow/dags/music_ingestion_dag.py
[2026-02-13T07:30:05.643+0000] {logging_mixin.py:190} INFO - [2026-02-13T07:30:05.642+0000] {dag.py:3239} INFO - Sync 1 DAGs
[2026-02-13T07:30:05.677+0000] {logging_mixin.py:190} INFO - [2026-02-13T07:30:05.676+0000] {dag.py:4180} INFO - Setting next_dagrun for 01_music_ingestion_realtime to 2026-02-13 06:00:00+00:00, run_after=2026-02-13 07:00:00+00:00
[2026-02-13T07:30:05.701+0000] {processor.py:208} INFO - Processing /opt/airflow/dags/music_ingestion_dag.py took 0.153 seconds
[2026-02-13T07:30:36.066+0000] {processor.py:186} INFO - Started process (PID=422) to work on /opt/airflow/dags/music_ingestion_dag.py
[2026-02-13T07:30:36.067+0000] {processor.py:914} INFO - Processing file /opt/airflow/dags/music_ingestion_dag.py for tasks to queue
[2026-02-13T07:30:36.070+0000] {logging_mixin.py:190} INFO - [2026-02-13T07:30:36.070+0000] {dagbag.py:588} INFO - Filling up the DagBag from /opt/airflow/dags/music_ingestion_dag.py
[2026-02-13T07:30:36.094+0000] {processor.py:925} INFO - DAG(s) '01_music_ingestion_realtime' retrieved from /opt/airflow/dags/music_ingestion_dag.py
[2026-02-13T07:30:36.131+0000] {logging_mixin.py:190} INFO - [2026-02-13T07:30:36.130+0000] {dag.py:3239} INFO - Sync 1 DAGs
[2026-02-13T07:30:36.161+0000] {logging_mixin.py:190} INFO - [2026-02-13T07:30:36.161+0000] {dag.py:4180} INFO - Setting next_dagrun for 01_music_ingestion_realtime to 2026-02-13 06:00:00+00:00, run_after=2026-02-13 07:00:00+00:00
[2026-02-13T07:30:36.193+0000] {processor.py:208} INFO - Processing /opt/airflow/dags/music_ingestion_dag.py took 0.133 seconds
[2026-02-13T07:31:06.382+0000] {processor.py:186} INFO - Started process (PID=427) to work on /opt/airflow/dags/music_ingestion_dag.py
[2026-02-13T07:31:06.383+0000] {processor.py:914} INFO - Processing file /opt/airflow/dags/music_ingestion_dag.py for tasks to queue
[2026-02-13T07:31:06.386+0000] {logging_mixin.py:190} INFO - [2026-02-13T07:31:06.385+0000] {dagbag.py:588} INFO - Filling up the DagBag from /opt/airflow/dags/music_ingestion_dag.py
[2026-02-13T07:31:06.407+0000] {processor.py:925} INFO - DAG(s) '01_music_ingestion_realtime' retrieved from /opt/airflow/dags/music_ingestion_dag.py
[2026-02-13T07:31:06.441+0000] {logging_mixin.py:190} INFO - [2026-02-13T07:31:06.441+0000] {dag.py:3239} INFO - Sync 1 DAGs
[2026-02-13T07:31:06.470+0000] {logging_mixin.py:190} INFO - [2026-02-13T07:31:06.470+0000] {dag.py:4180} INFO - Setting next_dagrun for 01_music_ingestion_realtime to 2026-02-13 06:00:00+00:00, run_after=2026-02-13 07:00:00+00:00
[2026-02-13T07:31:06.499+0000] {processor.py:208} INFO - Processing /opt/airflow/dags/music_ingestion_dag.py took 0.124 seconds
[2026-02-13T07:31:36.830+0000] {processor.py:186} INFO - Started process (PID=432) to work on /opt/airflow/dags/music_ingestion_dag.py
[2026-02-13T07:31:36.832+0000] {processor.py:914} INFO - Processing file /opt/airflow/dags/music_ingestion_dag.py for tasks to queue
[2026-02-13T07:31:36.837+0000] {logging_mixin.py:190} INFO - [2026-02-13T07:31:36.837+0000] {dagbag.py:588} INFO - Filling up the DagBag from /opt/airflow/dags/music_ingestion_dag.py
[2026-02-13T07:31:36.866+0000] {processor.py:925} INFO - DAG(s) '01_music_ingestion_realtime' retrieved from /opt/airflow/dags/music_ingestion_dag.py
[2026-02-13T07:31:36.921+0000] {logging_mixin.py:190} INFO - [2026-02-13T07:31:36.921+0000] {dag.py:3239} INFO - Sync 1 DAGs
[2026-02-13T07:31:36.968+0000] {logging_mixin.py:190} INFO - [2026-02-13T07:31:36.967+0000] {dag.py:4180} INFO - Setting next_dagrun for 01_music_ingestion_realtime to 2026-02-13 06:00:00+00:00, run_after=2026-02-13 07:00:00+00:00
[2026-02-13T07:31:37.015+0000] {processor.py:208} INFO - Processing /opt/airflow/dags/music_ingestion_dag.py took 0.193 seconds
[2026-02-13T07:32:07.147+0000] {processor.py:186} INFO - Started process (PID=437) to work on /opt/airflow/dags/music_ingestion_dag.py
[2026-02-13T07:32:07.148+0000] {processor.py:914} INFO - Processing file /opt/airflow/dags/music_ingestion_dag.py for tasks to queue
[2026-02-13T07:32:07.150+0000] {logging_mixin.py:190} INFO - [2026-02-13T07:32:07.150+0000] {dagbag.py:588} INFO - Filling up the DagBag from /opt/airflow/dags/music_ingestion_dag.py
[2026-02-13T07:32:07.169+0000] {processor.py:925} INFO - DAG(s) '01_music_ingestion_realtime' retrieved from /opt/airflow/dags/music_ingestion_dag.py
[2026-02-13T07:32:07.199+0000] {logging_mixin.py:190} INFO - [2026-02-13T07:32:07.198+0000] {dag.py:3239} INFO - Sync 1 DAGs
[2026-02-13T07:32:07.224+0000] {logging_mixin.py:190} INFO - [2026-02-13T07:32:07.224+0000] {dag.py:4180} INFO - Setting next_dagrun for 01_music_ingestion_realtime to 2026-02-13 06:00:00+00:00, run_after=2026-02-13 07:00:00+00:00
[2026-02-13T07:32:07.248+0000] {processor.py:208} INFO - Processing /opt/airflow/dags/music_ingestion_dag.py took 0.107 seconds
[2026-02-13T07:32:37.486+0000] {processor.py:186} INFO - Started process (PID=442) to work on /opt/airflow/dags/music_ingestion_dag.py
[2026-02-13T07:32:37.487+0000] {processor.py:914} INFO - Processing file /opt/airflow/dags/music_ingestion_dag.py for tasks to queue
[2026-02-13T07:32:37.489+0000] {logging_mixin.py:190} INFO - [2026-02-13T07:32:37.489+0000] {dagbag.py:588} INFO - Filling up the DagBag from /opt/airflow/dags/music_ingestion_dag.py
[2026-02-13T07:32:37.511+0000] {processor.py:925} INFO - DAG(s) '01_music_ingestion_realtime' retrieved from /opt/airflow/dags/music_ingestion_dag.py
[2026-02-13T07:32:37.537+0000] {logging_mixin.py:190} INFO - [2026-02-13T07:32:37.537+0000] {dag.py:3239} INFO - Sync 1 DAGs
[2026-02-13T07:32:37.559+0000] {logging_mixin.py:190} INFO - [2026-02-13T07:32:37.559+0000] {dag.py:4180} INFO - Setting next_dagrun for 01_music_ingestion_realtime to 2026-02-13 06:00:00+00:00, run_after=2026-02-13 07:00:00+00:00
[2026-02-13T07:32:37.586+0000] {processor.py:208} INFO - Processing /opt/airflow/dags/music_ingestion_dag.py took 0.106 seconds
[2026-02-13T07:33:07.995+0000] {processor.py:186} INFO - Started process (PID=447) to work on /opt/airflow/dags/music_ingestion_dag.py
[2026-02-13T07:33:07.996+0000] {processor.py:914} INFO - Processing file /opt/airflow/dags/music_ingestion_dag.py for tasks to queue
[2026-02-13T07:33:07.998+0000] {logging_mixin.py:190} INFO - [2026-02-13T07:33:07.997+0000] {dagbag.py:588} INFO - Filling up the DagBag from /opt/airflow/dags/music_ingestion_dag.py
[2026-02-13T07:33:08.015+0000] {processor.py:925} INFO - DAG(s) '01_music_ingestion_realtime' retrieved from /opt/airflow/dags/music_ingestion_dag.py
[2026-02-13T07:33:08.040+0000] {logging_mixin.py:190} INFO - [2026-02-13T07:33:08.040+0000] {dag.py:3239} INFO - Sync 1 DAGs
[2026-02-13T07:33:08.064+0000] {logging_mixin.py:190} INFO - [2026-02-13T07:33:08.063+0000] {dag.py:4180} INFO - Setting next_dagrun for 01_music_ingestion_realtime to 2026-02-13 06:00:00+00:00, run_after=2026-02-13 07:00:00+00:00
[2026-02-13T07:33:08.088+0000] {processor.py:208} INFO - Processing /opt/airflow/dags/music_ingestion_dag.py took 0.099 seconds
[2026-02-13T07:33:38.410+0000] {processor.py:186} INFO - Started process (PID=452) to work on /opt/airflow/dags/music_ingestion_dag.py
[2026-02-13T07:33:38.411+0000] {processor.py:914} INFO - Processing file /opt/airflow/dags/music_ingestion_dag.py for tasks to queue
[2026-02-13T07:33:38.414+0000] {logging_mixin.py:190} INFO - [2026-02-13T07:33:38.413+0000] {dagbag.py:588} INFO - Filling up the DagBag from /opt/airflow/dags/music_ingestion_dag.py
[2026-02-13T07:33:38.433+0000] {processor.py:925} INFO - DAG(s) '01_music_ingestion_realtime' retrieved from /opt/airflow/dags/music_ingestion_dag.py
[2026-02-13T07:33:38.458+0000] {logging_mixin.py:190} INFO - [2026-02-13T07:33:38.458+0000] {dag.py:3239} INFO - Sync 1 DAGs
[2026-02-13T07:33:38.482+0000] {logging_mixin.py:190} INFO - [2026-02-13T07:33:38.482+0000] {dag.py:4180} INFO - Setting next_dagrun for 01_music_ingestion_realtime to 2026-02-13 06:00:00+00:00, run_after=2026-02-13 07:00:00+00:00
[2026-02-13T07:33:38.506+0000] {processor.py:208} INFO - Processing /opt/airflow/dags/music_ingestion_dag.py took 0.101 seconds
[2026-02-13T07:34:08.897+0000] {processor.py:186} INFO - Started process (PID=457) to work on /opt/airflow/dags/music_ingestion_dag.py
[2026-02-13T07:34:08.899+0000] {processor.py:914} INFO - Processing file /opt/airflow/dags/music_ingestion_dag.py for tasks to queue
[2026-02-13T07:34:08.902+0000] {logging_mixin.py:190} INFO - [2026-02-13T07:34:08.901+0000] {dagbag.py:588} INFO - Filling up the DagBag from /opt/airflow/dags/music_ingestion_dag.py
[2026-02-13T07:34:08.938+0000] {processor.py:925} INFO - DAG(s) '01_music_ingestion_realtime' retrieved from /opt/airflow/dags/music_ingestion_dag.py
[2026-02-13T07:34:08.968+0000] {logging_mixin.py:190} INFO - [2026-02-13T07:34:08.967+0000] {dag.py:3239} INFO - Sync 1 DAGs
[2026-02-13T07:34:08.990+0000] {logging_mixin.py:190} INFO - [2026-02-13T07:34:08.990+0000] {dag.py:4180} INFO - Setting next_dagrun for 01_music_ingestion_realtime to 2026-02-13 06:00:00+00:00, run_after=2026-02-13 07:00:00+00:00
[2026-02-13T07:34:09.014+0000] {processor.py:208} INFO - Processing /opt/airflow/dags/music_ingestion_dag.py took 0.121 seconds
[2026-02-13T07:34:39.290+0000] {processor.py:186} INFO - Started process (PID=462) to work on /opt/airflow/dags/music_ingestion_dag.py
[2026-02-13T07:34:39.292+0000] {processor.py:914} INFO - Processing file /opt/airflow/dags/music_ingestion_dag.py for tasks to queue
[2026-02-13T07:34:39.296+0000] {logging_mixin.py:190} INFO - [2026-02-13T07:34:39.295+0000] {dagbag.py:588} INFO - Filling up the DagBag from /opt/airflow/dags/music_ingestion_dag.py
[2026-02-13T07:34:39.334+0000] {processor.py:925} INFO - DAG(s) '01_music_ingestion_realtime' retrieved from /opt/airflow/dags/music_ingestion_dag.py
[2026-02-13T07:34:39.368+0000] {logging_mixin.py:190} INFO - [2026-02-13T07:34:39.368+0000] {dag.py:3239} INFO - Sync 1 DAGs
[2026-02-13T07:34:39.395+0000] {logging_mixin.py:190} INFO - [2026-02-13T07:34:39.395+0000] {dag.py:4180} INFO - Setting next_dagrun for 01_music_ingestion_realtime to 2026-02-13 06:00:00+00:00, run_after=2026-02-13 07:00:00+00:00
[2026-02-13T07:34:39.420+0000] {processor.py:208} INFO - Processing /opt/airflow/dags/music_ingestion_dag.py took 0.138 seconds
[2026-02-13T07:35:09.879+0000] {processor.py:186} INFO - Started process (PID=467) to work on /opt/airflow/dags/music_ingestion_dag.py
[2026-02-13T07:35:09.880+0000] {processor.py:914} INFO - Processing file /opt/airflow/dags/music_ingestion_dag.py for tasks to queue
[2026-02-13T07:35:09.882+0000] {logging_mixin.py:190} INFO - [2026-02-13T07:35:09.882+0000] {dagbag.py:588} INFO - Filling up the DagBag from /opt/airflow/dags/music_ingestion_dag.py
[2026-02-13T07:35:09.899+0000] {processor.py:925} INFO - DAG(s) '01_music_ingestion_realtime' retrieved from /opt/airflow/dags/music_ingestion_dag.py
[2026-02-13T07:35:09.926+0000] {logging_mixin.py:190} INFO - [2026-02-13T07:35:09.926+0000] {dag.py:3239} INFO - Sync 1 DAGs
[2026-02-13T07:35:09.948+0000] {logging_mixin.py:190} INFO - [2026-02-13T07:35:09.948+0000] {dag.py:4180} INFO - Setting next_dagrun for 01_music_ingestion_realtime to 2026-02-13 06:00:00+00:00, run_after=2026-02-13 07:00:00+00:00
[2026-02-13T07:35:09.971+0000] {processor.py:208} INFO - Processing /opt/airflow/dags/music_ingestion_dag.py took 0.097 seconds
[2026-02-13T07:35:40.241+0000] {processor.py:186} INFO - Started process (PID=472) to work on /opt/airflow/dags/music_ingestion_dag.py
[2026-02-13T07:35:40.242+0000] {processor.py:914} INFO - Processing file /opt/airflow/dags/music_ingestion_dag.py for tasks to queue
[2026-02-13T07:35:40.245+0000] {logging_mixin.py:190} INFO - [2026-02-13T07:35:40.244+0000] {dagbag.py:588} INFO - Filling up the DagBag from /opt/airflow/dags/music_ingestion_dag.py
[2026-02-13T07:35:40.261+0000] {processor.py:925} INFO - DAG(s) '01_music_ingestion_realtime' retrieved from /opt/airflow/dags/music_ingestion_dag.py
[2026-02-13T07:35:40.285+0000] {logging_mixin.py:190} INFO - [2026-02-13T07:35:40.285+0000] {dag.py:3239} INFO - Sync 1 DAGs
[2026-02-13T07:35:40.308+0000] {logging_mixin.py:190} INFO - [2026-02-13T07:35:40.308+0000] {dag.py:4180} INFO - Setting next_dagrun for 01_music_ingestion_realtime to 2026-02-13 06:00:00+00:00, run_after=2026-02-13 07:00:00+00:00
[2026-02-13T07:35:40.336+0000] {processor.py:208} INFO - Processing /opt/airflow/dags/music_ingestion_dag.py took 0.100 seconds
[2026-02-13T07:36:10.738+0000] {processor.py:186} INFO - Started process (PID=477) to work on /opt/airflow/dags/music_ingestion_dag.py
[2026-02-13T07:36:10.740+0000] {processor.py:914} INFO - Processing file /opt/airflow/dags/music_ingestion_dag.py for tasks to queue
[2026-02-13T07:36:10.744+0000] {logging_mixin.py:190} INFO - [2026-02-13T07:36:10.743+0000] {dagbag.py:588} INFO - Filling up the DagBag from /opt/airflow/dags/music_ingestion_dag.py
[2026-02-13T07:36:10.769+0000] {processor.py:925} INFO - DAG(s) '01_music_ingestion_realtime' retrieved from /opt/airflow/dags/music_ingestion_dag.py
[2026-02-13T07:36:10.796+0000] {logging_mixin.py:190} INFO - [2026-02-13T07:36:10.796+0000] {dag.py:3239} INFO - Sync 1 DAGs
[2026-02-13T07:36:10.818+0000] {logging_mixin.py:190} INFO - [2026-02-13T07:36:10.817+0000] {dag.py:4180} INFO - Setting next_dagrun for 01_music_ingestion_realtime to 2026-02-13 06:00:00+00:00, run_after=2026-02-13 07:00:00+00:00
[2026-02-13T07:36:10.843+0000] {processor.py:208} INFO - Processing /opt/airflow/dags/music_ingestion_dag.py took 0.111 seconds
[2026-02-13T07:36:41.685+0000] {processor.py:186} INFO - Started process (PID=482) to work on /opt/airflow/dags/music_ingestion_dag.py
[2026-02-13T07:36:41.698+0000] {processor.py:914} INFO - Processing file /opt/airflow/dags/music_ingestion_dag.py for tasks to queue
[2026-02-13T07:36:41.708+0000] {logging_mixin.py:190} INFO - [2026-02-13T07:36:41.707+0000] {dagbag.py:588} INFO - Filling up the DagBag from /opt/airflow/dags/music_ingestion_dag.py
[2026-02-13T07:36:41.790+0000] {processor.py:925} INFO - DAG(s) '01_music_ingestion_realtime' retrieved from /opt/airflow/dags/music_ingestion_dag.py
[2026-02-13T07:36:41.880+0000] {logging_mixin.py:190} INFO - [2026-02-13T07:36:41.879+0000] {dag.py:3239} INFO - Sync 1 DAGs
[2026-02-13T07:36:41.956+0000] {logging_mixin.py:190} INFO - [2026-02-13T07:36:41.956+0000] {dag.py:4180} INFO - Setting next_dagrun for 01_music_ingestion_realtime to 2026-02-13 06:00:00+00:00, run_after=2026-02-13 07:00:00+00:00
[2026-02-13T07:36:41.992+0000] {processor.py:208} INFO - Processing /opt/airflow/dags/music_ingestion_dag.py took 0.316 seconds
[2026-02-13T07:47:19.907+0000] {processor.py:186} INFO - Started process (PID=487) to work on /opt/airflow/dags/music_ingestion_dag.py
[2026-02-13T07:47:19.908+0000] {processor.py:914} INFO - Processing file /opt/airflow/dags/music_ingestion_dag.py for tasks to queue
[2026-02-13T07:47:19.911+0000] {logging_mixin.py:190} INFO - [2026-02-13T07:47:19.910+0000] {dagbag.py:588} INFO - Filling up the DagBag from /opt/airflow/dags/music_ingestion_dag.py
[2026-02-13T07:47:19.929+0000] {processor.py:925} INFO - DAG(s) '01_music_ingestion_realtime' retrieved from /opt/airflow/dags/music_ingestion_dag.py
[2026-02-13T07:47:19.955+0000] {logging_mixin.py:190} INFO - [2026-02-13T07:47:19.954+0000] {dag.py:3239} INFO - Sync 1 DAGs
[2026-02-13T07:47:19.981+0000] {logging_mixin.py:190} INFO - [2026-02-13T07:47:19.981+0000] {dag.py:4180} INFO - Setting next_dagrun for 01_music_ingestion_realtime to 2026-02-13 06:00:00+00:00, run_after=2026-02-13 07:00:00+00:00
[2026-02-13T07:47:20.002+0000] {processor.py:208} INFO - Processing /opt/airflow/dags/music_ingestion_dag.py took 0.101 seconds
[2026-02-13T07:47:50.337+0000] {processor.py:186} INFO - Started process (PID=492) to work on /opt/airflow/dags/music_ingestion_dag.py
[2026-02-13T07:47:50.338+0000] {processor.py:914} INFO - Processing file /opt/airflow/dags/music_ingestion_dag.py for tasks to queue
[2026-02-13T07:47:50.340+0000] {logging_mixin.py:190} INFO - [2026-02-13T07:47:50.340+0000] {dagbag.py:588} INFO - Filling up the DagBag from /opt/airflow/dags/music_ingestion_dag.py
[2026-02-13T07:47:50.358+0000] {processor.py:925} INFO - DAG(s) '01_music_ingestion_realtime' retrieved from /opt/airflow/dags/music_ingestion_dag.py
[2026-02-13T07:47:50.386+0000] {logging_mixin.py:190} INFO - [2026-02-13T07:47:50.386+0000] {dag.py:3239} INFO - Sync 1 DAGs
[2026-02-13T07:47:50.414+0000] {logging_mixin.py:190} INFO - [2026-02-13T07:47:50.414+0000] {dag.py:4180} INFO - Setting next_dagrun for 01_music_ingestion_realtime to 2026-02-13 06:00:00+00:00, run_after=2026-02-13 07:00:00+00:00
[2026-02-13T07:47:50.437+0000] {processor.py:208} INFO - Processing /opt/airflow/dags/music_ingestion_dag.py took 0.107 seconds
[2026-02-13T07:48:20.755+0000] {processor.py:186} INFO - Started process (PID=497) to work on /opt/airflow/dags/music_ingestion_dag.py
[2026-02-13T07:48:20.757+0000] {processor.py:914} INFO - Processing file /opt/airflow/dags/music_ingestion_dag.py for tasks to queue
[2026-02-13T07:48:20.759+0000] {logging_mixin.py:190} INFO - [2026-02-13T07:48:20.759+0000] {dagbag.py:588} INFO - Filling up the DagBag from /opt/airflow/dags/music_ingestion_dag.py
[2026-02-13T07:48:20.794+0000] {processor.py:925} INFO - DAG(s) '01_music_ingestion_realtime' retrieved from /opt/airflow/dags/music_ingestion_dag.py
[2026-02-13T07:48:20.827+0000] {logging_mixin.py:190} INFO - [2026-02-13T07:48:20.827+0000] {dag.py:3239} INFO - Sync 1 DAGs
[2026-02-13T07:48:20.865+0000] {logging_mixin.py:190} INFO - [2026-02-13T07:48:20.865+0000] {dag.py:4180} INFO - Setting next_dagrun for 01_music_ingestion_realtime to 2026-02-13 06:00:00+00:00, run_after=2026-02-13 07:00:00+00:00
[2026-02-13T07:48:20.902+0000] {processor.py:208} INFO - Processing /opt/airflow/dags/music_ingestion_dag.py took 0.152 seconds
[2026-02-13T07:48:51.129+0000] {processor.py:186} INFO - Started process (PID=502) to work on /opt/airflow/dags/music_ingestion_dag.py
[2026-02-13T07:48:51.131+0000] {processor.py:914} INFO - Processing file /opt/airflow/dags/music_ingestion_dag.py for tasks to queue
[2026-02-13T07:48:51.133+0000] {logging_mixin.py:190} INFO - [2026-02-13T07:48:51.133+0000] {dagbag.py:588} INFO - Filling up the DagBag from /opt/airflow/dags/music_ingestion_dag.py
[2026-02-13T07:48:51.155+0000] {processor.py:925} INFO - DAG(s) '01_music_ingestion_realtime' retrieved from /opt/airflow/dags/music_ingestion_dag.py
[2026-02-13T07:48:51.190+0000] {logging_mixin.py:190} INFO - [2026-02-13T07:48:51.189+0000] {dag.py:3239} INFO - Sync 1 DAGs
[2026-02-13T07:48:51.217+0000] {logging_mixin.py:190} INFO - [2026-02-13T07:48:51.217+0000] {dag.py:4180} INFO - Setting next_dagrun for 01_music_ingestion_realtime to 2026-02-13 06:00:00+00:00, run_after=2026-02-13 07:00:00+00:00
[2026-02-13T07:48:51.244+0000] {processor.py:208} INFO - Processing /opt/airflow/dags/music_ingestion_dag.py took 0.123 seconds
[2026-02-13T07:49:21.574+0000] {processor.py:186} INFO - Started process (PID=507) to work on /opt/airflow/dags/music_ingestion_dag.py
[2026-02-13T07:49:21.575+0000] {processor.py:914} INFO - Processing file /opt/airflow/dags/music_ingestion_dag.py for tasks to queue
[2026-02-13T07:49:21.578+0000] {logging_mixin.py:190} INFO - [2026-02-13T07:49:21.578+0000] {dagbag.py:588} INFO - Filling up the DagBag from /opt/airflow/dags/music_ingestion_dag.py
[2026-02-13T07:49:21.605+0000] {processor.py:925} INFO - DAG(s) '01_music_ingestion_realtime' retrieved from /opt/airflow/dags/music_ingestion_dag.py
[2026-02-13T07:49:21.635+0000] {logging_mixin.py:190} INFO - [2026-02-13T07:49:21.634+0000] {dag.py:3239} INFO - Sync 1 DAGs
[2026-02-13T07:49:21.659+0000] {logging_mixin.py:190} INFO - [2026-02-13T07:49:21.659+0000] {dag.py:4180} INFO - Setting next_dagrun for 01_music_ingestion_realtime to 2026-02-13 06:00:00+00:00, run_after=2026-02-13 07:00:00+00:00
[2026-02-13T07:49:21.688+0000] {processor.py:208} INFO - Processing /opt/airflow/dags/music_ingestion_dag.py took 0.124 seconds
[2026-02-13T07:49:51.904+0000] {processor.py:186} INFO - Started process (PID=512) to work on /opt/airflow/dags/music_ingestion_dag.py
[2026-02-13T07:49:51.906+0000] {processor.py:914} INFO - Processing file /opt/airflow/dags/music_ingestion_dag.py for tasks to queue
[2026-02-13T07:49:51.908+0000] {logging_mixin.py:190} INFO - [2026-02-13T07:49:51.908+0000] {dagbag.py:588} INFO - Filling up the DagBag from /opt/airflow/dags/music_ingestion_dag.py
[2026-02-13T07:49:51.927+0000] {processor.py:925} INFO - DAG(s) '01_music_ingestion_realtime' retrieved from /opt/airflow/dags/music_ingestion_dag.py
[2026-02-13T07:49:51.958+0000] {logging_mixin.py:190} INFO - [2026-02-13T07:49:51.957+0000] {dag.py:3239} INFO - Sync 1 DAGs
[2026-02-13T07:49:51.983+0000] {logging_mixin.py:190} INFO - [2026-02-13T07:49:51.982+0000] {dag.py:4180} INFO - Setting next_dagrun for 01_music_ingestion_realtime to 2026-02-13 06:00:00+00:00, run_after=2026-02-13 07:00:00+00:00
[2026-02-13T07:49:52.018+0000] {processor.py:208} INFO - Processing /opt/airflow/dags/music_ingestion_dag.py took 0.119 seconds
[2026-02-13T07:50:22.396+0000] {processor.py:186} INFO - Started process (PID=517) to work on /opt/airflow/dags/music_ingestion_dag.py
[2026-02-13T07:50:22.397+0000] {processor.py:914} INFO - Processing file /opt/airflow/dags/music_ingestion_dag.py for tasks to queue
[2026-02-13T07:50:22.400+0000] {logging_mixin.py:190} INFO - [2026-02-13T07:50:22.400+0000] {dagbag.py:588} INFO - Filling up the DagBag from /opt/airflow/dags/music_ingestion_dag.py
[2026-02-13T07:50:22.429+0000] {processor.py:925} INFO - DAG(s) '01_music_ingestion_realtime' retrieved from /opt/airflow/dags/music_ingestion_dag.py
[2026-02-13T07:50:22.467+0000] {logging_mixin.py:190} INFO - [2026-02-13T07:50:22.467+0000] {dag.py:3239} INFO - Sync 1 DAGs
[2026-02-13T07:50:22.500+0000] {logging_mixin.py:190} INFO - [2026-02-13T07:50:22.500+0000] {dag.py:4180} INFO - Setting next_dagrun for 01_music_ingestion_realtime to 2026-02-13 06:00:00+00:00, run_after=2026-02-13 07:00:00+00:00
[2026-02-13T07:50:22.535+0000] {processor.py:208} INFO - Processing /opt/airflow/dags/music_ingestion_dag.py took 0.147 seconds
[2026-02-13T07:50:52.760+0000] {processor.py:186} INFO - Started process (PID=522) to work on /opt/airflow/dags/music_ingestion_dag.py
[2026-02-13T07:50:52.761+0000] {processor.py:914} INFO - Processing file /opt/airflow/dags/music_ingestion_dag.py for tasks to queue
[2026-02-13T07:50:52.765+0000] {logging_mixin.py:190} INFO - [2026-02-13T07:50:52.764+0000] {dagbag.py:588} INFO - Filling up the DagBag from /opt/airflow/dags/music_ingestion_dag.py
[2026-02-13T07:50:52.797+0000] {processor.py:925} INFO - DAG(s) '01_music_ingestion_realtime' retrieved from /opt/airflow/dags/music_ingestion_dag.py
[2026-02-13T07:50:52.838+0000] {logging_mixin.py:190} INFO - [2026-02-13T07:50:52.838+0000] {dag.py:3239} INFO - Sync 1 DAGs
[2026-02-13T07:50:52.869+0000] {logging_mixin.py:190} INFO - [2026-02-13T07:50:52.869+0000] {dag.py:4180} INFO - Setting next_dagrun for 01_music_ingestion_realtime to 2026-02-13 06:00:00+00:00, run_after=2026-02-13 07:00:00+00:00
[2026-02-13T07:50:52.901+0000] {processor.py:208} INFO - Processing /opt/airflow/dags/music_ingestion_dag.py took 0.147 seconds
[2026-02-13T07:51:23.207+0000] {processor.py:186} INFO - Started process (PID=527) to work on /opt/airflow/dags/music_ingestion_dag.py
[2026-02-13T07:51:23.208+0000] {processor.py:914} INFO - Processing file /opt/airflow/dags/music_ingestion_dag.py for tasks to queue
[2026-02-13T07:51:23.213+0000] {logging_mixin.py:190} INFO - [2026-02-13T07:51:23.213+0000] {dagbag.py:588} INFO - Filling up the DagBag from /opt/airflow/dags/music_ingestion_dag.py
[2026-02-13T07:51:23.236+0000] {processor.py:925} INFO - DAG(s) '01_music_ingestion_realtime' retrieved from /opt/airflow/dags/music_ingestion_dag.py
[2026-02-13T07:51:23.264+0000] {logging_mixin.py:190} INFO - [2026-02-13T07:51:23.263+0000] {dag.py:3239} INFO - Sync 1 DAGs
[2026-02-13T07:51:23.286+0000] {logging_mixin.py:190} INFO - [2026-02-13T07:51:23.286+0000] {dag.py:4180} INFO - Setting next_dagrun for 01_music_ingestion_realtime to 2026-02-13 06:00:00+00:00, run_after=2026-02-13 07:00:00+00:00
[2026-02-13T07:51:23.315+0000] {processor.py:208} INFO - Processing /opt/airflow/dags/music_ingestion_dag.py took 0.114 seconds
[2026-02-13T07:51:53.521+0000] {processor.py:186} INFO - Started process (PID=532) to work on /opt/airflow/dags/music_ingestion_dag.py
[2026-02-13T07:51:53.522+0000] {processor.py:914} INFO - Processing file /opt/airflow/dags/music_ingestion_dag.py for tasks to queue
[2026-02-13T07:51:53.526+0000] {logging_mixin.py:190} INFO - [2026-02-13T07:51:53.525+0000] {dagbag.py:588} INFO - Filling up the DagBag from /opt/airflow/dags/music_ingestion_dag.py
[2026-02-13T07:51:53.557+0000] {processor.py:925} INFO - DAG(s) '01_music_ingestion_realtime' retrieved from /opt/airflow/dags/music_ingestion_dag.py
[2026-02-13T07:51:53.597+0000] {logging_mixin.py:190} INFO - [2026-02-13T07:51:53.597+0000] {dag.py:3239} INFO - Sync 1 DAGs
[2026-02-13T07:51:53.627+0000] {logging_mixin.py:190} INFO - [2026-02-13T07:51:53.627+0000] {dag.py:4180} INFO - Setting next_dagrun for 01_music_ingestion_realtime to 2026-02-13 06:00:00+00:00, run_after=2026-02-13 07:00:00+00:00
[2026-02-13T07:51:53.656+0000] {processor.py:208} INFO - Processing /opt/airflow/dags/music_ingestion_dag.py took 0.142 seconds
[2026-02-13T07:52:23.865+0000] {processor.py:186} INFO - Started process (PID=537) to work on /opt/airflow/dags/music_ingestion_dag.py
[2026-02-13T07:52:23.867+0000] {processor.py:914} INFO - Processing file /opt/airflow/dags/music_ingestion_dag.py for tasks to queue
[2026-02-13T07:52:23.870+0000] {logging_mixin.py:190} INFO - [2026-02-13T07:52:23.869+0000] {dagbag.py:588} INFO - Filling up the DagBag from /opt/airflow/dags/music_ingestion_dag.py
[2026-02-13T07:52:23.910+0000] {processor.py:925} INFO - DAG(s) '01_music_ingestion_realtime' retrieved from /opt/airflow/dags/music_ingestion_dag.py
[2026-02-13T07:52:23.946+0000] {logging_mixin.py:190} INFO - [2026-02-13T07:52:23.945+0000] {dag.py:3239} INFO - Sync 1 DAGs
[2026-02-13T07:52:23.976+0000] {logging_mixin.py:190} INFO - [2026-02-13T07:52:23.976+0000] {dag.py:4180} INFO - Setting next_dagrun for 01_music_ingestion_realtime to 2026-02-13 06:00:00+00:00, run_after=2026-02-13 07:00:00+00:00
[2026-02-13T07:52:24.015+0000] {processor.py:208} INFO - Processing /opt/airflow/dags/music_ingestion_dag.py took 0.158 seconds
[2026-02-13T07:52:54.321+0000] {processor.py:186} INFO - Started process (PID=542) to work on /opt/airflow/dags/music_ingestion_dag.py
[2026-02-13T07:52:54.322+0000] {processor.py:914} INFO - Processing file /opt/airflow/dags/music_ingestion_dag.py for tasks to queue
[2026-02-13T07:52:54.324+0000] {logging_mixin.py:190} INFO - [2026-02-13T07:52:54.324+0000] {dagbag.py:588} INFO - Filling up the DagBag from /opt/airflow/dags/music_ingestion_dag.py
[2026-02-13T07:52:54.343+0000] {processor.py:925} INFO - DAG(s) '01_music_ingestion_realtime' retrieved from /opt/airflow/dags/music_ingestion_dag.py
[2026-02-13T07:52:54.375+0000] {logging_mixin.py:190} INFO - [2026-02-13T07:52:54.374+0000] {dag.py:3239} INFO - Sync 1 DAGs
[2026-02-13T07:52:54.412+0000] {logging_mixin.py:190} INFO - [2026-02-13T07:52:54.411+0000] {dag.py:4180} INFO - Setting next_dagrun for 01_music_ingestion_realtime to 2026-02-13 06:00:00+00:00, run_after=2026-02-13 07:00:00+00:00
[2026-02-13T07:52:54.454+0000] {processor.py:208} INFO - Processing /opt/airflow/dags/music_ingestion_dag.py took 0.138 seconds
[2026-02-13T07:53:24.723+0000] {processor.py:186} INFO - Started process (PID=547) to work on /opt/airflow/dags/music_ingestion_dag.py
[2026-02-13T07:53:24.725+0000] {processor.py:914} INFO - Processing file /opt/airflow/dags/music_ingestion_dag.py for tasks to queue
[2026-02-13T07:53:24.730+0000] {logging_mixin.py:190} INFO - [2026-02-13T07:53:24.730+0000] {dagbag.py:588} INFO - Filling up the DagBag from /opt/airflow/dags/music_ingestion_dag.py
[2026-02-13T07:53:24.791+0000] {processor.py:925} INFO - DAG(s) '01_music_ingestion_realtime' retrieved from /opt/airflow/dags/music_ingestion_dag.py
[2026-02-13T07:53:24.833+0000] {logging_mixin.py:190} INFO - [2026-02-13T07:53:24.833+0000] {dag.py:3239} INFO - Sync 1 DAGs
[2026-02-13T07:53:24.866+0000] {logging_mixin.py:190} INFO - [2026-02-13T07:53:24.866+0000] {dag.py:4180} INFO - Setting next_dagrun for 01_music_ingestion_realtime to 2026-02-13 06:00:00+00:00, run_after=2026-02-13 07:00:00+00:00
[2026-02-13T07:53:24.891+0000] {processor.py:208} INFO - Processing /opt/airflow/dags/music_ingestion_dag.py took 0.180 seconds
[2026-02-13T07:53:55.118+0000] {processor.py:186} INFO - Started process (PID=552) to work on /opt/airflow/dags/music_ingestion_dag.py
[2026-02-13T07:53:55.120+0000] {processor.py:914} INFO - Processing file /opt/airflow/dags/music_ingestion_dag.py for tasks to queue
[2026-02-13T07:53:55.123+0000] {logging_mixin.py:190} INFO - [2026-02-13T07:53:55.123+0000] {dagbag.py:588} INFO - Filling up the DagBag from /opt/airflow/dags/music_ingestion_dag.py
[2026-02-13T07:53:55.154+0000] {processor.py:925} INFO - DAG(s) '01_music_ingestion_realtime' retrieved from /opt/airflow/dags/music_ingestion_dag.py
[2026-02-13T07:53:55.186+0000] {logging_mixin.py:190} INFO - [2026-02-13T07:53:55.186+0000] {dag.py:3239} INFO - Sync 1 DAGs
[2026-02-13T07:53:55.208+0000] {logging_mixin.py:190} INFO - [2026-02-13T07:53:55.208+0000] {dag.py:4180} INFO - Setting next_dagrun for 01_music_ingestion_realtime to 2026-02-13 06:00:00+00:00, run_after=2026-02-13 07:00:00+00:00
[2026-02-13T07:53:55.232+0000] {processor.py:208} INFO - Processing /opt/airflow/dags/music_ingestion_dag.py took 0.121 seconds
[2026-02-13T07:54:25.481+0000] {processor.py:186} INFO - Started process (PID=557) to work on /opt/airflow/dags/music_ingestion_dag.py
[2026-02-13T07:54:25.482+0000] {processor.py:914} INFO - Processing file /opt/airflow/dags/music_ingestion_dag.py for tasks to queue
[2026-02-13T07:54:25.486+0000] {logging_mixin.py:190} INFO - [2026-02-13T07:54:25.485+0000] {dagbag.py:588} INFO - Filling up the DagBag from /opt/airflow/dags/music_ingestion_dag.py
[2026-02-13T07:54:25.521+0000] {processor.py:925} INFO - DAG(s) '01_music_ingestion_realtime' retrieved from /opt/airflow/dags/music_ingestion_dag.py
[2026-02-13T07:54:25.560+0000] {logging_mixin.py:190} INFO - [2026-02-13T07:54:25.560+0000] {dag.py:3239} INFO - Sync 1 DAGs
[2026-02-13T07:54:25.596+0000] {logging_mixin.py:190} INFO - [2026-02-13T07:54:25.595+0000] {dag.py:4180} INFO - Setting next_dagrun for 01_music_ingestion_realtime to 2026-02-13 06:00:00+00:00, run_after=2026-02-13 07:00:00+00:00
[2026-02-13T07:54:25.619+0000] {processor.py:208} INFO - Processing /opt/airflow/dags/music_ingestion_dag.py took 0.145 seconds
[2026-02-13T07:54:55.805+0000] {processor.py:186} INFO - Started process (PID=562) to work on /opt/airflow/dags/music_ingestion_dag.py
[2026-02-13T07:54:55.807+0000] {processor.py:914} INFO - Processing file /opt/airflow/dags/music_ingestion_dag.py for tasks to queue
[2026-02-13T07:54:55.810+0000] {logging_mixin.py:190} INFO - [2026-02-13T07:54:55.810+0000] {dagbag.py:588} INFO - Filling up the DagBag from /opt/airflow/dags/music_ingestion_dag.py
[2026-02-13T07:54:55.831+0000] {processor.py:925} INFO - DAG(s) '01_music_ingestion_realtime' retrieved from /opt/airflow/dags/music_ingestion_dag.py
[2026-02-13T07:54:55.862+0000] {logging_mixin.py:190} INFO - [2026-02-13T07:54:55.862+0000] {dag.py:3239} INFO - Sync 1 DAGs
[2026-02-13T07:54:55.889+0000] {logging_mixin.py:190} INFO - [2026-02-13T07:54:55.888+0000] {dag.py:4180} INFO - Setting next_dagrun for 01_music_ingestion_realtime to 2026-02-13 06:00:00+00:00, run_after=2026-02-13 07:00:00+00:00
[2026-02-13T07:54:55.913+0000] {processor.py:208} INFO - Processing /opt/airflow/dags/music_ingestion_dag.py took 0.114 seconds
[2026-02-13T07:55:26.317+0000] {processor.py:186} INFO - Started process (PID=567) to work on /opt/airflow/dags/music_ingestion_dag.py
[2026-02-13T07:55:26.319+0000] {processor.py:914} INFO - Processing file /opt/airflow/dags/music_ingestion_dag.py for tasks to queue
[2026-02-13T07:55:26.324+0000] {logging_mixin.py:190} INFO - [2026-02-13T07:55:26.323+0000] {dagbag.py:588} INFO - Filling up the DagBag from /opt/airflow/dags/music_ingestion_dag.py
[2026-02-13T07:55:26.357+0000] {processor.py:925} INFO - DAG(s) '01_music_ingestion_realtime' retrieved from /opt/airflow/dags/music_ingestion_dag.py
[2026-02-13T07:55:26.427+0000] {logging_mixin.py:190} INFO - [2026-02-13T07:55:26.426+0000] {dag.py:3239} INFO - Sync 1 DAGs
[2026-02-13T07:55:26.505+0000] {logging_mixin.py:190} INFO - [2026-02-13T07:55:26.505+0000] {dag.py:4180} INFO - Setting next_dagrun for 01_music_ingestion_realtime to 2026-02-13 06:00:00+00:00, run_after=2026-02-13 07:00:00+00:00
[2026-02-13T07:55:26.559+0000] {processor.py:208} INFO - Processing /opt/airflow/dags/music_ingestion_dag.py took 0.252 seconds
[2026-02-13T07:55:56.856+0000] {processor.py:186} INFO - Started process (PID=572) to work on /opt/airflow/dags/music_ingestion_dag.py
[2026-02-13T07:55:56.858+0000] {processor.py:914} INFO - Processing file /opt/airflow/dags/music_ingestion_dag.py for tasks to queue
[2026-02-13T07:55:56.863+0000] {logging_mixin.py:190} INFO - [2026-02-13T07:55:56.863+0000] {dagbag.py:588} INFO - Filling up the DagBag from /opt/airflow/dags/music_ingestion_dag.py
[2026-02-13T07:55:56.905+0000] {processor.py:925} INFO - DAG(s) '01_music_ingestion_realtime' retrieved from /opt/airflow/dags/music_ingestion_dag.py
[2026-02-13T07:55:56.942+0000] {logging_mixin.py:190} INFO - [2026-02-13T07:55:56.942+0000] {dag.py:3239} INFO - Sync 1 DAGs
[2026-02-13T07:55:56.971+0000] {logging_mixin.py:190} INFO - [2026-02-13T07:55:56.971+0000] {dag.py:4180} INFO - Setting next_dagrun for 01_music_ingestion_realtime to 2026-02-13 06:00:00+00:00, run_after=2026-02-13 07:00:00+00:00
[2026-02-13T07:55:57.003+0000] {processor.py:208} INFO - Processing /opt/airflow/dags/music_ingestion_dag.py took 0.155 seconds
