[2026-03-06T07:16:09.345+0000] {local_task_job_runner.py:123} INFO - ::group::Pre task execution logs
[2026-03-06T07:16:09.385+0000] {taskinstance.py:2614} INFO - Dependencies all met for dep_context=non-requeueable deps ti=<TaskInstance: 01_master_processing_pipeline.start_pipeline scheduled__2026-03-05T00:00:00+00:00 [queued]>
[2026-03-06T07:16:09.402+0000] {taskinstance.py:2614} INFO - Dependencies all met for dep_context=requeueable deps ti=<TaskInstance: 01_master_processing_pipeline.start_pipeline scheduled__2026-03-05T00:00:00+00:00 [queued]>
[2026-03-06T07:16:09.403+0000] {taskinstance.py:2867} INFO - Starting attempt 1 of 2
[2026-03-06T07:16:09.464+0000] {taskinstance.py:2890} INFO - Executing <Task(BashOperator): start_pipeline> on 2026-03-05 00:00:00+00:00
[2026-03-06T07:16:09.528+0000] {standard_task_runner.py:104} INFO - Running: ['***', 'tasks', 'run', '01_master_processing_pipeline', 'start_pipeline', 'scheduled__2026-03-05T00:00:00+00:00', '--job-id', '8', '--raw', '--subdir', 'DAGS_FOLDER/master_processing_dag.py', '--cfg-path', '/tmp/tmp7bv9otti']
[2026-03-06T07:16:09.569+0000] {standard_task_runner.py:105} INFO - Job 8: Subtask start_pipeline
[2026-03-06T07:16:09.551+0000] {logging_mixin.py:190} WARNING - /home/***/.local/lib/python3.12/site-packages/***/task/task_runner/standard_task_runner.py:70 DeprecationWarning: This process (pid=168) is multi-threaded, use of fork() may lead to deadlocks in the child.
[2026-03-06T07:16:09.578+0000] {standard_task_runner.py:72} INFO - Started process 175 to run task
[2026-03-06T07:16:09.983+0000] {task_command.py:467} INFO - Running <TaskInstance: 01_master_processing_pipeline.start_pipeline scheduled__2026-03-05T00:00:00+00:00 [running]> on host eb669c802a68
[2026-03-06T07:16:10.227+0000] {taskinstance.py:3134} INFO - Exporting env vars: AIRFLOW_CTX_DAG_OWNER='khang_data_guy' AIRFLOW_CTX_DAG_ID='01_master_processing_pipeline' AIRFLOW_CTX_TASK_ID='start_pipeline' AIRFLOW_CTX_EXECUTION_DATE='2026-03-05T00:00:00+00:00' AIRFLOW_CTX_TRY_NUMBER='1' AIRFLOW_CTX_DAG_RUN_ID='scheduled__2026-03-05T00:00:00+00:00'
[2026-03-06T07:16:10.229+0000] {taskinstance.py:732} INFO - ::endgroup::
[2026-03-06T07:16:10.358+0000] {subprocess.py:78} INFO - Tmp dir root location: /tmp
[2026-03-06T07:16:10.361+0000] {subprocess.py:88} INFO - Running command: ['/usr/bin/bash', '-c', 'echo "🚀 Bắt đầu chuỗi xử lý Data Lakehouse..."']
[2026-03-06T07:16:10.401+0000] {subprocess.py:99} INFO - Output:
[2026-03-06T07:16:10.415+0000] {subprocess.py:106} INFO - 🚀 Bắt đầu chuỗi xử lý Data Lakehouse...
[2026-03-06T07:16:10.416+0000] {subprocess.py:110} INFO - Command exited with return code 0
[2026-03-06T07:16:10.472+0000] {taskinstance.py:341} INFO - ::group::Post task execution logs
[2026-03-06T07:16:10.473+0000] {taskinstance.py:353} INFO - Marking task as SUCCESS. dag_id=01_master_processing_pipeline, task_id=start_pipeline, run_id=scheduled__2026-03-05T00:00:00+00:00, execution_date=20260305T000000, start_date=20260306T071609, end_date=20260306T071610
[2026-03-06T07:16:10.571+0000] {local_task_job_runner.py:266} INFO - Task exited with return code 0
[2026-03-06T07:16:10.641+0000] {taskinstance.py:3901} INFO - 1 downstream tasks scheduled from follow-on schedule check
[2026-03-06T07:16:10.645+0000] {local_task_job_runner.py:245} INFO - ::endgroup::
