[2026-03-09T06:25:14.836+0000] {local_task_job_runner.py:123} INFO - ::group::Pre task execution logs
[2026-03-09T06:25:14.893+0000] {taskinstance.py:2614} INFO - Dependencies all met for dep_context=non-requeueable deps ti=<TaskInstance: 02_travel_gmaps_ingestion.run_selenium_gmaps_crawler scheduled__2026-03-08T08:00:00+00:00 [queued]>
[2026-03-09T06:25:14.911+0000] {taskinstance.py:2614} INFO - Dependencies all met for dep_context=requeueable deps ti=<TaskInstance: 02_travel_gmaps_ingestion.run_selenium_gmaps_crawler scheduled__2026-03-08T08:00:00+00:00 [queued]>
[2026-03-09T06:25:14.912+0000] {taskinstance.py:2867} INFO - Starting attempt 1 of 3
[2026-03-09T06:25:14.935+0000] {taskinstance.py:2890} INFO - Executing <Task(BashOperator): run_selenium_gmaps_crawler> on 2026-03-08 08:00:00+00:00
[2026-03-09T06:25:14.949+0000] {standard_task_runner.py:104} INFO - Running: ['***', 'tasks', 'run', '02_travel_gmaps_ingestion', 'run_selenium_gmaps_crawler', 'scheduled__2026-03-08T08:00:00+00:00', '--job-id', '35', '--raw', '--subdir', 'DAGS_FOLDER/02_travel_gmaps_ingestion.py', '--cfg-path', '/tmp/tmp43ws6tk6']
[2026-03-09T06:25:14.960+0000] {logging_mixin.py:190} WARNING - /home/***/.local/lib/python3.12/site-packages/***/task/task_runner/standard_task_runner.py:70 DeprecationWarning: This process (pid=1471) is multi-threaded, use of fork() may lead to deadlocks in the child.
[2026-03-09T06:25:14.962+0000] {standard_task_runner.py:105} INFO - Job 35: Subtask run_selenium_gmaps_crawler
[2026-03-09T06:25:14.963+0000] {standard_task_runner.py:72} INFO - Started process 1472 to run task
[2026-03-09T06:25:15.121+0000] {task_command.py:467} INFO - Running <TaskInstance: 02_travel_gmaps_ingestion.run_selenium_gmaps_crawler scheduled__2026-03-08T08:00:00+00:00 [running]> on host fa93f86ab6a3
[2026-03-09T06:25:15.309+0000] {taskinstance.py:3134} INFO - Exporting env vars: AIRFLOW_CTX_DAG_OWNER='khang_data_guy' AIRFLOW_CTX_DAG_ID='02_travel_gmaps_ingestion' AIRFLOW_CTX_TASK_ID='run_selenium_gmaps_crawler' AIRFLOW_CTX_EXECUTION_DATE='2026-03-08T08:00:00+00:00' AIRFLOW_CTX_TRY_NUMBER='1' AIRFLOW_CTX_DAG_RUN_ID='scheduled__2026-03-08T08:00:00+00:00'
[2026-03-09T06:25:15.311+0000] {taskinstance.py:732} INFO - ::endgroup::
[2026-03-09T06:25:15.356+0000] {subprocess.py:78} INFO - Tmp dir root location: /tmp
[2026-03-09T06:25:15.358+0000] {subprocess.py:88} INFO - Running command: ['/usr/bin/bash', '-c', 'python /opt/***/src/ingestion/travel/crawl_google_maps.py']
[2026-03-09T06:25:15.370+0000] {subprocess.py:99} INFO - Output:
[2026-03-09T06:25:18.653+0000] {subprocess.py:106} INFO - 2026-03-09 06:25:18,653 - INFO - 🚀 BẮT ĐẦU CHẠY CRAWLER GOOGLE MAPS (TRAVEL)
[2026-03-09T06:25:21.155+0000] {subprocess.py:106} INFO - 2026-03-09 06:25:21,155 - INFO - 📍 Đang truy cập Google Maps: Núi Bà Đen...
[2026-03-09T06:25:32.680+0000] {subprocess.py:106} INFO - 2026-03-09 06:25:32,680 - INFO - ✅ Đã cào được 2 reviews từ Núi Bà Đen (Rating: 4.5)
[2026-03-09T06:25:32.864+0000] {subprocess.py:106} INFO - 2026-03-09 06:25:32,863 - INFO - 💾 Đã lưu vào Data Lake: s3://social-trend-lake/raw/travel/source=gmaps/location_id=loc_001/year=2026/month=03/day=09/hour=06/data.json
[2026-03-09T06:25:32.868+0000] {subprocess.py:106} INFO - 2026-03-09 06:25:32,864 - INFO - 📍 Đang truy cập Google Maps: Bãi Sau Vũng Tàu...
[2026-03-09T06:25:46.891+0000] {subprocess.py:106} INFO - 2026-03-09 06:25:46,890 - INFO - ✅ Đã cào được 2 reviews từ Bãi Sau Vũng Tàu (Rating: 4.4)
[2026-03-09T06:25:48.506+0000] {subprocess.py:106} INFO - 2026-03-09 06:25:48,505 - INFO - 💾 Đã lưu vào Data Lake: s3://social-trend-lake/raw/travel/source=gmaps/location_id=loc_002/year=2026/month=03/day=09/hour=06/data.json
[2026-03-09T06:25:48.920+0000] {subprocess.py:106} INFO - 2026-03-09 06:25:48,919 - INFO - 🏁 KẾT THÚC CRAWLER.
[2026-03-09T06:25:49.065+0000] {subprocess.py:110} INFO - Command exited with return code 0
[2026-03-09T06:25:49.276+0000] {taskinstance.py:341} INFO - ::group::Post task execution logs
[2026-03-09T06:25:49.277+0000] {taskinstance.py:353} INFO - Marking task as SUCCESS. dag_id=02_travel_gmaps_ingestion, task_id=run_selenium_gmaps_crawler, run_id=scheduled__2026-03-08T08:00:00+00:00, execution_date=20260308T080000, start_date=20260309T062514, end_date=20260309T062549
[2026-03-09T06:25:49.376+0000] {local_task_job_runner.py:266} INFO - Task exited with return code 0
[2026-03-09T06:25:49.401+0000] {taskinstance.py:3901} INFO - 0 downstream tasks scheduled from follow-on schedule check
[2026-03-09T06:25:49.405+0000] {local_task_job_runner.py:245} INFO - ::endgroup::
