[2026-03-09T11:00:03.198+0000] {local_task_job_runner.py:123} INFO - ::group::Pre task execution logs
[2026-03-09T11:00:03.223+0000] {taskinstance.py:2614} INFO - Dependencies all met for dep_context=non-requeueable deps ti=<TaskInstance: 03_mock_social_ingestion.run_smart_mock_script scheduled__2026-03-09T10:00:00+00:00 [queued]>
[2026-03-09T11:00:03.238+0000] {taskinstance.py:2614} INFO - Dependencies all met for dep_context=requeueable deps ti=<TaskInstance: 03_mock_social_ingestion.run_smart_mock_script scheduled__2026-03-09T10:00:00+00:00 [queued]>
[2026-03-09T11:00:03.242+0000] {taskinstance.py:2867} INFO - Starting attempt 1 of 2
[2026-03-09T11:00:03.260+0000] {taskinstance.py:2890} INFO - Executing <Task(BashOperator): run_smart_mock_script> on 2026-03-09 10:00:00+00:00
[2026-03-09T11:00:03.269+0000] {standard_task_runner.py:104} INFO - Running: ['***', 'tasks', 'run', '03_mock_social_ingestion', 'run_smart_mock_script', 'scheduled__2026-03-09T10:00:00+00:00', '--job-id', '53', '--raw', '--subdir', 'DAGS_FOLDER/03_mock_social_ingestion.py', '--cfg-path', '/tmp/tmpjsjxrjbo']
[2026-03-09T11:00:03.272+0000] {standard_task_runner.py:105} INFO - Job 53: Subtask run_smart_mock_script
[2026-03-09T11:00:03.273+0000] {logging_mixin.py:190} WARNING - /home/***/.local/lib/python3.12/site-packages/***/task/task_runner/standard_task_runner.py:70 DeprecationWarning: This process (pid=11896) is multi-threaded, use of fork() may lead to deadlocks in the child.
[2026-03-09T11:00:03.274+0000] {standard_task_runner.py:72} INFO - Started process 11897 to run task
[2026-03-09T11:00:03.458+0000] {task_command.py:467} INFO - Running <TaskInstance: 03_mock_social_ingestion.run_smart_mock_script scheduled__2026-03-09T10:00:00+00:00 [running]> on host fa93f86ab6a3
[2026-03-09T11:00:03.548+0000] {taskinstance.py:3134} INFO - Exporting env vars: AIRFLOW_CTX_DAG_OWNER='khang_data_guy' AIRFLOW_CTX_DAG_ID='03_mock_social_ingestion' AIRFLOW_CTX_TASK_ID='run_smart_mock_script' AIRFLOW_CTX_EXECUTION_DATE='2026-03-09T10:00:00+00:00' AIRFLOW_CTX_TRY_NUMBER='1' AIRFLOW_CTX_DAG_RUN_ID='scheduled__2026-03-09T10:00:00+00:00'
[2026-03-09T11:00:03.550+0000] {taskinstance.py:732} INFO - ::endgroup::
[2026-03-09T11:00:03.565+0000] {subprocess.py:78} INFO - Tmp dir root location: /tmp
[2026-03-09T11:00:03.567+0000] {subprocess.py:88} INFO - Running command: ['/usr/bin/bash', '-c', 'python /opt/***/src/ingestion/mock_social_ingestion.py']
[2026-03-09T11:00:03.578+0000] {subprocess.py:99} INFO - Output:
[2026-03-09T11:00:06.576+0000] {subprocess.py:106} INFO - 2026-03-09 11:00:06,575 - INFO - 🚀 BẮT ĐẦU CHẠY SMART MOCK INGESTION (FB/TIKTOK)
[2026-03-09T11:00:06.723+0000] {subprocess.py:106} INFO - /opt/***/src/ingestion/mock_social_ingestion.py:30: FutureWarning: The behavior of DataFrame concatenation with empty or all-NA entries is deprecated. In a future version, this will no longer exclude empty or all-NA columns when determining the result dtypes. To retain the old behavior, exclude the relevant entries before the concat operation.
[2026-03-09T11:00:06.723+0000] {subprocess.py:106} INFO -   return pd.concat([df_topics, df_travel]).to_dict('records')
[2026-03-09T11:00:06.726+0000] {subprocess.py:106} INFO - 2026-03-09 11:00:06,726 - INFO - Đang sinh dữ liệu FB/TikTok cho: Chúng Ta Của Tương Lai
[2026-03-09T11:00:06.769+0000] {subprocess.py:106} INFO - 2026-03-09 11:00:06,769 - INFO - 💾 Đã lưu Mock Social Data vào: s3://social-trend-lake/raw/social/type=topic/entity_id=1/year=2026/month=03/day=09/hour=11/data.json
[2026-03-09T11:00:06.770+0000] {subprocess.py:106} INFO - 2026-03-09 11:00:06,769 - INFO - Đang sinh dữ liệu FB/TikTok cho: Nâng Chén Tiêu Sầu
[2026-03-09T11:00:06.783+0000] {subprocess.py:106} INFO - 2026-03-09 11:00:06,783 - INFO - 💾 Đã lưu Mock Social Data vào: s3://social-trend-lake/raw/social/type=topic/entity_id=2/year=2026/month=03/day=09/hour=11/data.json
[2026-03-09T11:00:06.784+0000] {subprocess.py:106} INFO - 2026-03-09 11:00:06,783 - INFO - Đang sinh dữ liệu FB/TikTok cho: Đừng Làm Trái Tim Anh Đau
[2026-03-09T11:00:06.794+0000] {subprocess.py:106} INFO - 2026-03-09 11:00:06,794 - INFO - 💾 Đã lưu Mock Social Data vào: s3://social-trend-lake/raw/social/type=topic/entity_id=3/year=2026/month=03/day=09/hour=11/data.json
[2026-03-09T11:00:06.795+0000] {subprocess.py:106} INFO - 2026-03-09 11:00:06,794 - INFO - Đang sinh dữ liệu FB/TikTok cho: Phim Thỏ Ơi
[2026-03-09T11:00:06.806+0000] {subprocess.py:106} INFO - 2026-03-09 11:00:06,806 - INFO - 💾 Đã lưu Mock Social Data vào: s3://social-trend-lake/raw/social/type=topic/entity_id=4/year=2026/month=03/day=09/hour=11/data.json
[2026-03-09T11:00:06.807+0000] {subprocess.py:106} INFO - 2026-03-09 11:00:06,806 - INFO - Đang sinh dữ liệu FB/TikTok cho: Nhà ba tôi một phòng
[2026-03-09T11:00:06.817+0000] {subprocess.py:106} INFO - 2026-03-09 11:00:06,817 - INFO - 💾 Đã lưu Mock Social Data vào: s3://social-trend-lake/raw/social/type=topic/entity_id=5/year=2026/month=03/day=09/hour=11/data.json
[2026-03-09T11:00:06.818+0000] {subprocess.py:106} INFO - 2026-03-09 11:00:06,817 - INFO - Đang sinh dữ liệu FB/TikTok cho: Mùi phở
[2026-03-09T11:00:06.828+0000] {subprocess.py:106} INFO - 2026-03-09 11:00:06,827 - INFO - 💾 Đã lưu Mock Social Data vào: s3://social-trend-lake/raw/social/type=topic/entity_id=6/year=2026/month=03/day=09/hour=11/data.json
[2026-03-09T11:00:06.828+0000] {subprocess.py:106} INFO - 2026-03-09 11:00:06,828 - INFO - Đang sinh dữ liệu FB/TikTok cho: Núi Bà Đen
[2026-03-09T11:00:06.838+0000] {subprocess.py:106} INFO - 2026-03-09 11:00:06,838 - INFO - 💾 Đã lưu Mock Social Data vào: s3://social-trend-lake/raw/social/type=location/entity_id=1/year=2026/month=03/day=09/hour=11/data.json
[2026-03-09T11:00:06.839+0000] {subprocess.py:106} INFO - 2026-03-09 11:00:06,838 - INFO - Đang sinh dữ liệu FB/TikTok cho: Bãi Sau Vũng Tàu
[2026-03-09T11:00:06.853+0000] {subprocess.py:106} INFO - 2026-03-09 11:00:06,853 - INFO - 💾 Đã lưu Mock Social Data vào: s3://social-trend-lake/raw/social/type=location/entity_id=2/year=2026/month=03/day=09/hour=11/data.json
[2026-03-09T11:00:06.854+0000] {subprocess.py:106} INFO - 2026-03-09 11:00:06,853 - INFO - 🏁 KẾT THÚC.
[2026-03-09T11:00:07.003+0000] {subprocess.py:110} INFO - Command exited with return code 0
[2026-03-09T11:00:07.029+0000] {taskinstance.py:341} INFO - ::group::Post task execution logs
[2026-03-09T11:00:07.030+0000] {taskinstance.py:353} INFO - Marking task as SUCCESS. dag_id=03_mock_social_ingestion, task_id=run_smart_mock_script, run_id=scheduled__2026-03-09T10:00:00+00:00, execution_date=20260309T100000, start_date=20260309T110003, end_date=20260309T110007
[2026-03-09T11:00:07.108+0000] {local_task_job_runner.py:266} INFO - Task exited with return code 0
[2026-03-09T11:00:07.130+0000] {taskinstance.py:3901} INFO - 0 downstream tasks scheduled from follow-on schedule check
[2026-03-09T11:00:07.133+0000] {local_task_job_runner.py:245} INFO - ::endgroup::
