[2025-12-02T01:57:48.927+0000] {local_task_job_runner.py:123} INFO - ::group::Pre task execution logs
[2025-12-02T01:57:48.962+0000] {taskinstance.py:2614} INFO - Dependencies all met for dep_context=non-requeueable deps ti=<TaskInstance: 01_music_ingestion_realtime.start_ingestion scheduled__2025-12-02T00:00:00+00:00 [queued]>
[2025-12-02T01:57:48.976+0000] {taskinstance.py:2614} INFO - Dependencies all met for dep_context=requeueable deps ti=<TaskInstance: 01_music_ingestion_realtime.start_ingestion scheduled__2025-12-02T00:00:00+00:00 [queued]>
[2025-12-02T01:57:48.977+0000] {taskinstance.py:2867} INFO - Starting attempt 1 of 2
[2025-12-02T01:57:48.998+0000] {taskinstance.py:2890} INFO - Executing <Task(BashOperator): start_ingestion> on 2025-12-02 00:00:00+00:00
[2025-12-02T01:57:49.013+0000] {standard_task_runner.py:104} INFO - Running: ['***', 'tasks', 'run', '01_music_ingestion_realtime', 'start_ingestion', 'scheduled__2025-12-02T00:00:00+00:00', '--job-id', '2', '--raw', '--subdir', 'DAGS_FOLDER/music_ingestion_dag.py', '--cfg-path', '/tmp/tmpdkuqurfp']
[2025-12-02T01:57:49.017+0000] {standard_task_runner.py:105} INFO - Job 2: Subtask start_ingestion
[2025-12-02T01:57:49.018+0000] {logging_mixin.py:190} WARNING - /home/***/.local/lib/python3.12/site-packages/***/task/task_runner/standard_task_runner.py:70 DeprecationWarning: This process (pid=218) is multi-threaded, use of fork() may lead to deadlocks in the child.
[2025-12-02T01:57:49.020+0000] {standard_task_runner.py:72} INFO - Started process 219 to run task
[2025-12-02T01:57:49.129+0000] {task_command.py:467} INFO - Running <TaskInstance: 01_music_ingestion_realtime.start_ingestion scheduled__2025-12-02T00:00:00+00:00 [running]> on host 30b0ca174448
[2025-12-02T01:57:49.281+0000] {taskinstance.py:3134} INFO - Exporting env vars: AIRFLOW_CTX_DAG_OWNER='khang_data_guy' AIRFLOW_CTX_DAG_ID='01_music_ingestion_realtime' AIRFLOW_CTX_TASK_ID='start_ingestion' AIRFLOW_CTX_EXECUTION_DATE='2025-12-02T00:00:00+00:00' AIRFLOW_CTX_TRY_NUMBER='1' AIRFLOW_CTX_DAG_RUN_ID='scheduled__2025-12-02T00:00:00+00:00'
[2025-12-02T01:57:49.284+0000] {taskinstance.py:732} INFO - ::endgroup::
[2025-12-02T01:57:49.436+0000] {subprocess.py:78} INFO - Tmp dir root location: /tmp
[2025-12-02T01:57:49.439+0000] {subprocess.py:88} INFO - Running command: ['/usr/bin/bash', '-c', 'echo "🚀 Bắt đầu quy trình thu thập dữ liệu Music..."']
[2025-12-02T01:57:49.461+0000] {subprocess.py:99} INFO - Output:
[2025-12-02T01:57:49.537+0000] {subprocess.py:106} INFO - 🚀 Bắt đầu quy trình thu thập dữ liệu Music...
[2025-12-02T01:57:49.541+0000] {subprocess.py:110} INFO - Command exited with return code 0
[2025-12-02T01:57:49.568+0000] {taskinstance.py:341} INFO - ::group::Post task execution logs
[2025-12-02T01:57:49.568+0000] {taskinstance.py:353} INFO - Marking task as SUCCESS. dag_id=01_music_ingestion_realtime, task_id=start_ingestion, run_id=scheduled__2025-12-02T00:00:00+00:00, execution_date=20251202T000000, start_date=20251202T015748, end_date=20251202T015749
[2025-12-02T01:57:49.652+0000] {local_task_job_runner.py:266} INFO - Task exited with return code 0
[2025-12-02T01:57:49.683+0000] {taskinstance.py:3901} INFO - 1 downstream tasks scheduled from follow-on schedule check
[2025-12-02T01:57:49.686+0000] {local_task_job_runner.py:245} INFO - ::endgroup::
