[2026-03-06T07:57:49.961+0000] {local_task_job_runner.py:123} INFO - ::group::Pre task execution logs
[2026-03-06T07:57:50.012+0000] {taskinstance.py:2614} INFO - Dependencies all met for dep_context=non-requeueable deps ti=<TaskInstance: 01_master_processing_pipeline.start_pipeline manual__2026-03-06T07:57:46.004240+00:00 [queued]>
[2026-03-06T07:57:50.030+0000] {taskinstance.py:2614} INFO - Dependencies all met for dep_context=requeueable deps ti=<TaskInstance: 01_master_processing_pipeline.start_pipeline manual__2026-03-06T07:57:46.004240+00:00 [queued]>
[2026-03-06T07:57:50.031+0000] {taskinstance.py:2867} INFO - Starting attempt 1 of 2
[2026-03-06T07:57:50.070+0000] {taskinstance.py:2890} INFO - Executing <Task(BashOperator): start_pipeline> on 2026-03-06 07:57:46.004240+00:00
[2026-03-06T07:57:50.095+0000] {standard_task_runner.py:104} INFO - Running: ['***', 'tasks', 'run', '01_master_processing_pipeline', 'start_pipeline', 'manual__2026-03-06T07:57:46.004240+00:00', '--job-id', '14', '--raw', '--subdir', 'DAGS_FOLDER/master_processing_dag.py', '--cfg-path', '/tmp/tmpn_a6a9_m']
[2026-03-06T07:57:50.100+0000] {standard_task_runner.py:105} INFO - Job 14: Subtask start_pipeline
[2026-03-06T07:57:50.204+0000] {logging_mixin.py:190} WARNING - /home/***/.local/lib/python3.12/site-packages/***/task/task_runner/standard_task_runner.py:70 DeprecationWarning: This process (pid=1658) is multi-threaded, use of fork() may lead to deadlocks in the child.
[2026-03-06T07:57:50.205+0000] {standard_task_runner.py:72} INFO - Started process 1659 to run task
[2026-03-06T07:57:50.375+0000] {task_command.py:467} INFO - Running <TaskInstance: 01_master_processing_pipeline.start_pipeline manual__2026-03-06T07:57:46.004240+00:00 [running]> on host eb669c802a68
[2026-03-06T07:57:51.307+0000] {taskinstance.py:3134} INFO - Exporting env vars: AIRFLOW_CTX_DAG_OWNER='khang_data_guy' AIRFLOW_CTX_DAG_ID='01_master_processing_pipeline' AIRFLOW_CTX_TASK_ID='start_pipeline' AIRFLOW_CTX_EXECUTION_DATE='2026-03-06T07:57:46.004240+00:00' AIRFLOW_CTX_TRY_NUMBER='1' AIRFLOW_CTX_DAG_RUN_ID='manual__2026-03-06T07:57:46.004240+00:00'
[2026-03-06T07:57:51.311+0000] {taskinstance.py:732} INFO - ::endgroup::
[2026-03-06T07:57:51.401+0000] {subprocess.py:78} INFO - Tmp dir root location: /tmp
[2026-03-06T07:57:51.408+0000] {subprocess.py:88} INFO - Running command: ['/usr/bin/bash', '-c', 'echo "🚀 Bắt đầu chuỗi xử lý Data Lakehouse..."']
[2026-03-06T07:57:51.433+0000] {subprocess.py:99} INFO - Output:
[2026-03-06T07:57:51.494+0000] {subprocess.py:106} INFO - 🚀 Bắt đầu chuỗi xử lý Data Lakehouse...
[2026-03-06T07:57:51.500+0000] {subprocess.py:110} INFO - Command exited with return code 0
[2026-03-06T07:57:51.643+0000] {taskinstance.py:341} INFO - ::group::Post task execution logs
[2026-03-06T07:57:51.646+0000] {taskinstance.py:353} INFO - Marking task as SUCCESS. dag_id=01_master_processing_pipeline, task_id=start_pipeline, run_id=manual__2026-03-06T07:57:46.004240+00:00, execution_date=20260306T075746, start_date=20260306T075750, end_date=20260306T075751
[2026-03-06T07:57:51.748+0000] {local_task_job_runner.py:266} INFO - Task exited with return code 0
[2026-03-06T07:57:51.810+0000] {taskinstance.py:3901} INFO - 1 downstream tasks scheduled from follow-on schedule check
[2026-03-06T07:57:51.814+0000] {local_task_job_runner.py:245} INFO - ::endgroup::
