[2026-03-09T08:16:20.298+0000] {local_task_job_runner.py:123} INFO - ::group::Pre task execution logs
[2026-03-09T08:16:20.322+0000] {taskinstance.py:2614} INFO - Dependencies all met for dep_context=non-requeueable deps ti=<TaskInstance: 03_mock_social_ingestion.run_smart_mock_script manual__2026-03-09T08:13:14.134029+00:00 [queued]>
[2026-03-09T08:16:20.333+0000] {taskinstance.py:2614} INFO - Dependencies all met for dep_context=requeueable deps ti=<TaskInstance: 03_mock_social_ingestion.run_smart_mock_script manual__2026-03-09T08:13:14.134029+00:00 [queued]>
[2026-03-09T08:16:20.335+0000] {taskinstance.py:2867} INFO - Starting attempt 2 of 2
[2026-03-09T08:16:20.350+0000] {taskinstance.py:2890} INFO - Executing <Task(BashOperator): run_smart_mock_script> on 2026-03-09 08:13:14.134029+00:00
[2026-03-09T08:16:20.362+0000] {logging_mixin.py:190} WARNING - /home/***/.local/lib/python3.12/site-packages/***/task/task_runner/standard_task_runner.py:70 DeprecationWarning: This process (pid=5467) is multi-threaded, use of fork() may lead to deadlocks in the child.
[2026-03-09T08:16:20.358+0000] {standard_task_runner.py:104} INFO - Running: ['***', 'tasks', 'run', '03_mock_social_ingestion', 'run_smart_mock_script', 'manual__2026-03-09T08:13:14.134029+00:00', '--job-id', '45', '--raw', '--subdir', 'DAGS_FOLDER/03_mock_social_ingestion.py', '--cfg-path', '/tmp/tmpc_9278jo']
[2026-03-09T08:16:20.363+0000] {standard_task_runner.py:72} INFO - Started process 5468 to run task
[2026-03-09T08:16:20.363+0000] {standard_task_runner.py:105} INFO - Job 45: Subtask run_smart_mock_script
[2026-03-09T08:16:20.445+0000] {task_command.py:467} INFO - Running <TaskInstance: 03_mock_social_ingestion.run_smart_mock_script manual__2026-03-09T08:13:14.134029+00:00 [running]> on host fa93f86ab6a3
[2026-03-09T08:16:20.524+0000] {taskinstance.py:3134} INFO - Exporting env vars: AIRFLOW_CTX_DAG_OWNER='khang_data_guy' AIRFLOW_CTX_DAG_ID='03_mock_social_ingestion' AIRFLOW_CTX_TASK_ID='run_smart_mock_script' AIRFLOW_CTX_EXECUTION_DATE='2026-03-09T08:13:14.134029+00:00' AIRFLOW_CTX_TRY_NUMBER='2' AIRFLOW_CTX_DAG_RUN_ID='manual__2026-03-09T08:13:14.134029+00:00'
[2026-03-09T08:16:20.525+0000] {taskinstance.py:732} INFO - ::endgroup::
[2026-03-09T08:16:20.540+0000] {subprocess.py:78} INFO - Tmp dir root location: /tmp
[2026-03-09T08:16:20.542+0000] {subprocess.py:88} INFO - Running command: ['/usr/bin/bash', '-c', 'python /opt/***/src/ingestion/mock_social_ingestion.py']
[2026-03-09T08:16:20.552+0000] {subprocess.py:99} INFO - Output:
[2026-03-09T08:16:22.118+0000] {subprocess.py:106} INFO - 2026-03-09 08:16:22,118 - INFO - 🚀 BẮT ĐẦU CHẠY SMART MOCK INGESTION (FB/TIKTOK)
[2026-03-09T08:16:22.171+0000] {subprocess.py:106} INFO - Traceback (most recent call last):
[2026-03-09T08:16:22.172+0000] {subprocess.py:106} INFO -   File "/home/***/.local/lib/python3.12/site-packages/sqlalchemy/engine/base.py", line 1910, in _execute_context
[2026-03-09T08:16:22.173+0000] {subprocess.py:106} INFO -     self.dialect.do_execute(
[2026-03-09T08:16:22.173+0000] {subprocess.py:106} INFO -   File "/home/***/.local/lib/python3.12/site-packages/sqlalchemy/engine/default.py", line 736, in do_execute
[2026-03-09T08:16:22.174+0000] {subprocess.py:106} INFO -     cursor.execute(statement, parameters)
[2026-03-09T08:16:22.174+0000] {subprocess.py:106} INFO - psycopg2.errors.UndefinedTable: relation "travel_locations" does not exist
[2026-03-09T08:16:22.175+0000] {subprocess.py:106} INFO - LINE 1: ...me, 'location' as type, NULL as release_date FROM travel_loc...
[2026-03-09T08:16:22.175+0000] {subprocess.py:106} INFO -                                                              ^
[2026-03-09T08:16:22.176+0000] {subprocess.py:106} INFO - 
[2026-03-09T08:16:22.176+0000] {subprocess.py:106} INFO - 
[2026-03-09T08:16:22.177+0000] {subprocess.py:106} INFO - The above exception was the direct cause of the following exception:
[2026-03-09T08:16:22.177+0000] {subprocess.py:106} INFO - 
[2026-03-09T08:16:22.178+0000] {subprocess.py:106} INFO - Traceback (most recent call last):
[2026-03-09T08:16:22.178+0000] {subprocess.py:106} INFO -   File "/opt/***/src/ingestion/mock_social_ingestion.py", line 91, in <module>
[2026-03-09T08:16:22.179+0000] {subprocess.py:106} INFO -     main()
[2026-03-09T08:16:22.179+0000] {subprocess.py:106} INFO -   File "/opt/***/src/ingestion/mock_social_ingestion.py", line 83, in main
[2026-03-09T08:16:22.181+0000] {subprocess.py:106} INFO -     items = get_all_topics()
[2026-03-09T08:16:22.181+0000] {subprocess.py:106} INFO -             ^^^^^^^^^^^^^^^^
[2026-03-09T08:16:22.182+0000] {subprocess.py:106} INFO -   File "/opt/***/src/ingestion/mock_social_ingestion.py", line 28, in get_all_topics
[2026-03-09T08:16:22.183+0000] {subprocess.py:106} INFO -     df_travel = pd.read_sql(query_travel, conn)
[2026-03-09T08:16:22.184+0000] {subprocess.py:106} INFO -                 ^^^^^^^^^^^^^^^^^^^^^^^^^^^^^^^
[2026-03-09T08:16:22.184+0000] {subprocess.py:106} INFO -   File "/home/***/.local/lib/python3.12/site-packages/pandas/io/sql.py", line 682, in read_sql
[2026-03-09T08:16:22.184+0000] {subprocess.py:106} INFO -     return pandas_sql.read_query(
[2026-03-09T08:16:22.185+0000] {subprocess.py:106} INFO -            ^^^^^^^^^^^^^^^^^^^^^^
[2026-03-09T08:16:22.185+0000] {subprocess.py:106} INFO -   File "/home/***/.local/lib/python3.12/site-packages/pandas/io/sql.py", line 1776, in read_query
[2026-03-09T08:16:22.185+0000] {subprocess.py:106} INFO -     result = self.execute(sql, params)
[2026-03-09T08:16:22.185+0000] {subprocess.py:106} INFO -              ^^^^^^^^^^^^^^^^^^^^^^^^^
[2026-03-09T08:16:22.186+0000] {subprocess.py:106} INFO -   File "/home/***/.local/lib/python3.12/site-packages/pandas/io/sql.py", line 1599, in execute
[2026-03-09T08:16:22.186+0000] {subprocess.py:106} INFO -     return self.con.exec_driver_sql(sql, *args)
[2026-03-09T08:16:22.186+0000] {subprocess.py:106} INFO -            ^^^^^^^^^^^^^^^^^^^^^^^^^^^^^^^^^^^^
[2026-03-09T08:16:22.187+0000] {subprocess.py:106} INFO -   File "/home/***/.local/lib/python3.12/site-packages/sqlalchemy/engine/base.py", line 1770, in exec_driver_sql
[2026-03-09T08:16:22.187+0000] {subprocess.py:106} INFO -     return self._exec_driver_sql(
[2026-03-09T08:16:22.187+0000] {subprocess.py:106} INFO -            ^^^^^^^^^^^^^^^^^^^^^^
[2026-03-09T08:16:22.188+0000] {subprocess.py:106} INFO -   File "/home/***/.local/lib/python3.12/site-packages/sqlalchemy/engine/base.py", line 1674, in _exec_driver_sql
[2026-03-09T08:16:22.188+0000] {subprocess.py:106} INFO -     ret = self._execute_context(
[2026-03-09T08:16:22.188+0000] {subprocess.py:106} INFO -           ^^^^^^^^^^^^^^^^^^^^^^
[2026-03-09T08:16:22.188+0000] {subprocess.py:106} INFO -   File "/home/***/.local/lib/python3.12/site-packages/sqlalchemy/engine/base.py", line 1953, in _execute_context
[2026-03-09T08:16:22.189+0000] {subprocess.py:106} INFO -     self._handle_dbapi_exception(
[2026-03-09T08:16:22.189+0000] {subprocess.py:106} INFO -   File "/home/***/.local/lib/python3.12/site-packages/sqlalchemy/engine/base.py", line 2134, in _handle_dbapi_exception
[2026-03-09T08:16:22.189+0000] {subprocess.py:106} INFO -     util.raise_(
[2026-03-09T08:16:22.189+0000] {subprocess.py:106} INFO -   File "/home/***/.local/lib/python3.12/site-packages/sqlalchemy/util/compat.py", line 211, in raise_
[2026-03-09T08:16:22.190+0000] {subprocess.py:106} INFO -     raise exception
[2026-03-09T08:16:22.190+0000] {subprocess.py:106} INFO -   File "/home/***/.local/lib/python3.12/site-packages/sqlalchemy/engine/base.py", line 1910, in _execute_context
[2026-03-09T08:16:22.190+0000] {subprocess.py:106} INFO -     self.dialect.do_execute(
[2026-03-09T08:16:22.191+0000] {subprocess.py:106} INFO -   File "/home/***/.local/lib/python3.12/site-packages/sqlalchemy/engine/default.py", line 736, in do_execute
[2026-03-09T08:16:22.191+0000] {subprocess.py:106} INFO -     cursor.execute(statement, parameters)
[2026-03-09T08:16:22.191+0000] {subprocess.py:106} INFO - sqlalchemy.exc.ProgrammingError: (psycopg2.errors.UndefinedTable) relation "travel_locations" does not exist
[2026-03-09T08:16:22.192+0000] {subprocess.py:106} INFO - LINE 1: ...me, 'location' as type, NULL as release_date FROM travel_loc...
[2026-03-09T08:16:22.192+0000] {subprocess.py:106} INFO -                                                              ^
[2026-03-09T08:16:22.192+0000] {subprocess.py:106} INFO - 
[2026-03-09T08:16:22.193+0000] {subprocess.py:106} INFO - [SQL: SELECT location_id as id, location_name as name, 'location' as type, NULL as release_date FROM travel_locations WHERE status = 'Active']
[2026-03-09T08:16:22.193+0000] {subprocess.py:106} INFO - (Background on this error at: https://sqlalche.me/e/14/f405)
[2026-03-09T08:16:22.305+0000] {subprocess.py:110} INFO - Command exited with return code 1
[2026-03-09T08:16:22.317+0000] {taskinstance.py:3313} ERROR - Task failed with exception
Traceback (most recent call last):
  File "/home/airflow/.local/lib/python3.12/site-packages/airflow/models/taskinstance.py", line 768, in _execute_task
    result = _execute_callable(context=context, **execute_callable_kwargs)
             ^^^^^^^^^^^^^^^^^^^^^^^^^^^^^^^^^^^^^^^^^^^^^^^^^^^^^^^^^^^^^
  File "/home/airflow/.local/lib/python3.12/site-packages/airflow/models/taskinstance.py", line 734, in _execute_callable
    return ExecutionCallableRunner(
           ^^^^^^^^^^^^^^^^^^^^^^^^
  File "/home/airflow/.local/lib/python3.12/site-packages/airflow/utils/operator_helpers.py", line 252, in run
    return self.func(*args, **kwargs)
           ^^^^^^^^^^^^^^^^^^^^^^^^^^
  File "/home/airflow/.local/lib/python3.12/site-packages/airflow/models/baseoperator.py", line 424, in wrapper
    return func(self, *args, **kwargs)
           ^^^^^^^^^^^^^^^^^^^^^^^^^^^
  File "/home/airflow/.local/lib/python3.12/site-packages/airflow/operators/bash.py", line 276, in execute
    raise AirflowException(
airflow.exceptions.AirflowException: Bash command failed. The command returned a non-zero exit code 1.
[2026-03-09T08:16:22.323+0000] {taskinstance.py:1226} INFO - Marking task as FAILED. dag_id=03_mock_social_ingestion, task_id=run_smart_mock_script, run_id=manual__2026-03-09T08:13:14.134029+00:00, execution_date=20260309T081314, start_date=20260309T081620, end_date=20260309T081622
[2026-03-09T08:16:22.360+0000] {taskinstance.py:341} INFO - ::group::Post task execution logs
[2026-03-09T08:16:22.361+0000] {standard_task_runner.py:124} ERROR - Failed to execute job 45 for task run_smart_mock_script (Bash command failed. The command returned a non-zero exit code 1.; 5468)
Traceback (most recent call last):
  File "/home/airflow/.local/lib/python3.12/site-packages/airflow/task/task_runner/standard_task_runner.py", line 117, in _start_by_fork
    ret = args.func(args, dag=self.dag)
          ^^^^^^^^^^^^^^^^^^^^^^^^^^^^^
  File "/home/airflow/.local/lib/python3.12/site-packages/airflow/cli/cli_config.py", line 49, in command
    return func(*args, **kwargs)
           ^^^^^^^^^^^^^^^^^^^^^
  File "/home/airflow/.local/lib/python3.12/site-packages/airflow/utils/cli.py", line 116, in wrapper
    return f(*args, **kwargs)
           ^^^^^^^^^^^^^^^^^^
  File "/home/airflow/.local/lib/python3.12/site-packages/airflow/cli/commands/task_command.py", line 483, in task_run
    task_return_code = _run_task_by_selected_method(args, _dag, ti)
                       ^^^^^^^^^^^^^^^^^^^^^^^^^^^^^^^^^^^^^^^^^^^^
  File "/home/airflow/.local/lib/python3.12/site-packages/airflow/cli/commands/task_command.py", line 256, in _run_task_by_selected_method
    return _run_raw_task(args, ti)
           ^^^^^^^^^^^^^^^^^^^^^^^
  File "/home/airflow/.local/lib/python3.12/site-packages/airflow/cli/commands/task_command.py", line 341, in _run_raw_task
    return ti._run_raw_task(
           ^^^^^^^^^^^^^^^^^
  File "/home/airflow/.local/lib/python3.12/site-packages/airflow/utils/session.py", line 97, in wrapper
    return func(*args, session=session, **kwargs)
           ^^^^^^^^^^^^^^^^^^^^^^^^^^^^^^^^^^^^^^
  File "/home/airflow/.local/lib/python3.12/site-packages/airflow/models/taskinstance.py", line 3006, in _run_raw_task
    return _run_raw_task(
           ^^^^^^^^^^^^^^
  File "/home/airflow/.local/lib/python3.12/site-packages/airflow/models/taskinstance.py", line 274, in _run_raw_task
    TaskInstance._execute_task_with_callbacks(
  File "/home/airflow/.local/lib/python3.12/site-packages/airflow/models/taskinstance.py", line 3161, in _execute_task_with_callbacks
    result = self._execute_task(context, task_orig)
             ^^^^^^^^^^^^^^^^^^^^^^^^^^^^^^^^^^^^^^
  File "/home/airflow/.local/lib/python3.12/site-packages/airflow/models/taskinstance.py", line 3185, in _execute_task
    return _execute_task(self, context, task_orig)
           ^^^^^^^^^^^^^^^^^^^^^^^^^^^^^^^^^^^^^^^
  File "/home/airflow/.local/lib/python3.12/site-packages/airflow/models/taskinstance.py", line 768, in _execute_task
    result = _execute_callable(context=context, **execute_callable_kwargs)
             ^^^^^^^^^^^^^^^^^^^^^^^^^^^^^^^^^^^^^^^^^^^^^^^^^^^^^^^^^^^^^
  File "/home/airflow/.local/lib/python3.12/site-packages/airflow/models/taskinstance.py", line 734, in _execute_callable
    return ExecutionCallableRunner(
           ^^^^^^^^^^^^^^^^^^^^^^^^
  File "/home/airflow/.local/lib/python3.12/site-packages/airflow/utils/operator_helpers.py", line 252, in run
    return self.func(*args, **kwargs)
           ^^^^^^^^^^^^^^^^^^^^^^^^^^
  File "/home/airflow/.local/lib/python3.12/site-packages/airflow/models/baseoperator.py", line 424, in wrapper
    return func(self, *args, **kwargs)
           ^^^^^^^^^^^^^^^^^^^^^^^^^^^
  File "/home/airflow/.local/lib/python3.12/site-packages/airflow/operators/bash.py", line 276, in execute
    raise AirflowException(
airflow.exceptions.AirflowException: Bash command failed. The command returned a non-zero exit code 1.
[2026-03-09T08:16:22.392+0000] {local_task_job_runner.py:266} INFO - Task exited with return code 1
[2026-03-09T08:16:22.409+0000] {taskinstance.py:3901} INFO - 0 downstream tasks scheduled from follow-on schedule check
[2026-03-09T08:16:22.412+0000] {local_task_job_runner.py:245} INFO - ::endgroup::
