[2026-03-09T08:02:14.497+0000] {local_task_job_runner.py:123} INFO - ::group::Pre task execution logs
[2026-03-09T08:02:14.539+0000] {taskinstance.py:2614} INFO - Dependencies all met for dep_context=non-requeueable deps ti=<TaskInstance: 03_mock_social_ingestion.run_smart_mock_script scheduled__2026-03-09T06:00:00+00:00 [queued]>
[2026-03-09T08:02:14.560+0000] {taskinstance.py:2614} INFO - Dependencies all met for dep_context=requeueable deps ti=<TaskInstance: 03_mock_social_ingestion.run_smart_mock_script scheduled__2026-03-09T06:00:00+00:00 [queued]>
[2026-03-09T08:02:14.561+0000] {taskinstance.py:2867} INFO - Starting attempt 2 of 2
[2026-03-09T08:02:14.587+0000] {taskinstance.py:2890} INFO - Executing <Task(BashOperator): run_smart_mock_script> on 2026-03-09 06:00:00+00:00
[2026-03-09T08:02:14.621+0000] {standard_task_runner.py:104} INFO - Running: ['***', 'tasks', 'run', '03_mock_social_ingestion', 'run_smart_mock_script', 'scheduled__2026-03-09T06:00:00+00:00', '--job-id', '41', '--raw', '--subdir', 'DAGS_FOLDER/03_mock_social_ingestion.py', '--cfg-path', '/tmp/tmp1mdzz81n']
[2026-03-09T08:02:14.628+0000] {logging_mixin.py:190} WARNING - /home/***/.local/lib/python3.12/site-packages/***/task/task_runner/standard_task_runner.py:70 DeprecationWarning: This process (pid=4872) is multi-threaded, use of fork() may lead to deadlocks in the child.
[2026-03-09T08:02:14.629+0000] {standard_task_runner.py:105} INFO - Job 41: Subtask run_smart_mock_script
[2026-03-09T08:02:14.629+0000] {standard_task_runner.py:72} INFO - Started process 4873 to run task
[2026-03-09T08:02:14.739+0000] {task_command.py:467} INFO - Running <TaskInstance: 03_mock_social_ingestion.run_smart_mock_script scheduled__2026-03-09T06:00:00+00:00 [running]> on host fa93f86ab6a3
[2026-03-09T08:02:14.835+0000] {taskinstance.py:3134} INFO - Exporting env vars: AIRFLOW_CTX_DAG_OWNER='khang_data_guy' AIRFLOW_CTX_DAG_ID='03_mock_social_ingestion' AIRFLOW_CTX_TASK_ID='run_smart_mock_script' AIRFLOW_CTX_EXECUTION_DATE='2026-03-09T06:00:00+00:00' AIRFLOW_CTX_TRY_NUMBER='2' AIRFLOW_CTX_DAG_RUN_ID='scheduled__2026-03-09T06:00:00+00:00'
[2026-03-09T08:02:14.836+0000] {taskinstance.py:732} INFO - ::endgroup::
[2026-03-09T08:02:14.862+0000] {subprocess.py:78} INFO - Tmp dir root location: /tmp
[2026-03-09T08:02:14.864+0000] {subprocess.py:88} INFO - Running command: ['/usr/bin/bash', '-c', 'python /opt/***/src/ingestion/mock_social_ingestion.py']
[2026-03-09T08:02:14.878+0000] {subprocess.py:99} INFO - Output:
[2026-03-09T08:02:17.319+0000] {subprocess.py:106} INFO - 2026-03-09 08:02:17,319 - INFO - 🚀 BẮT ĐẦU CHẠY SMART MOCK INGESTION (FB/TIKTOK)
[2026-03-09T08:02:17.381+0000] {subprocess.py:106} INFO - Traceback (most recent call last):
[2026-03-09T08:02:17.382+0000] {subprocess.py:106} INFO -   File "/home/***/.local/lib/python3.12/site-packages/sqlalchemy/engine/base.py", line 1910, in _execute_context
[2026-03-09T08:02:17.382+0000] {subprocess.py:106} INFO -     self.dialect.do_execute(
[2026-03-09T08:02:17.383+0000] {subprocess.py:106} INFO -   File "/home/***/.local/lib/python3.12/site-packages/sqlalchemy/engine/default.py", line 736, in do_execute
[2026-03-09T08:02:17.384+0000] {subprocess.py:106} INFO -     cursor.execute(statement, parameters)
[2026-03-09T08:02:17.384+0000] {subprocess.py:106} INFO - psycopg2.errors.UndefinedTable: relation "travel_locations" does not exist
[2026-03-09T08:02:17.385+0000] {subprocess.py:106} INFO - LINE 1: ...me, 'location' as type, NULL as release_date FROM travel_loc...
[2026-03-09T08:02:17.386+0000] {subprocess.py:106} INFO -                                                              ^
[2026-03-09T08:02:17.386+0000] {subprocess.py:106} INFO - 
[2026-03-09T08:02:17.387+0000] {subprocess.py:106} INFO - 
[2026-03-09T08:02:17.387+0000] {subprocess.py:106} INFO - The above exception was the direct cause of the following exception:
[2026-03-09T08:02:17.388+0000] {subprocess.py:106} INFO - 
[2026-03-09T08:02:17.388+0000] {subprocess.py:106} INFO - Traceback (most recent call last):
[2026-03-09T08:02:17.389+0000] {subprocess.py:106} INFO -   File "/opt/***/src/ingestion/mock_social_ingestion.py", line 91, in <module>
[2026-03-09T08:02:17.389+0000] {subprocess.py:106} INFO -     main()
[2026-03-09T08:02:17.390+0000] {subprocess.py:106} INFO -   File "/opt/***/src/ingestion/mock_social_ingestion.py", line 83, in main
[2026-03-09T08:02:17.391+0000] {subprocess.py:106} INFO -     items = get_all_topics()
[2026-03-09T08:02:17.392+0000] {subprocess.py:106} INFO -             ^^^^^^^^^^^^^^^^
[2026-03-09T08:02:17.392+0000] {subprocess.py:106} INFO -   File "/opt/***/src/ingestion/mock_social_ingestion.py", line 28, in get_all_topics
[2026-03-09T08:02:17.393+0000] {subprocess.py:106} INFO -     df_travel = pd.read_sql(query_travel, conn)
[2026-03-09T08:02:17.396+0000] {subprocess.py:106} INFO -                 ^^^^^^^^^^^^^^^^^^^^^^^^^^^^^^^
[2026-03-09T08:02:17.397+0000] {subprocess.py:106} INFO -   File "/home/***/.local/lib/python3.12/site-packages/pandas/io/sql.py", line 682, in read_sql
[2026-03-09T08:02:17.398+0000] {subprocess.py:106} INFO -     return pandas_sql.read_query(
[2026-03-09T08:02:17.399+0000] {subprocess.py:106} INFO -            ^^^^^^^^^^^^^^^^^^^^^^
[2026-03-09T08:02:17.399+0000] {subprocess.py:106} INFO -   File "/home/***/.local/lib/python3.12/site-packages/pandas/io/sql.py", line 1776, in read_query
[2026-03-09T08:02:17.400+0000] {subprocess.py:106} INFO -     result = self.execute(sql, params)
[2026-03-09T08:02:17.400+0000] {subprocess.py:106} INFO -              ^^^^^^^^^^^^^^^^^^^^^^^^^
[2026-03-09T08:02:17.401+0000] {subprocess.py:106} INFO -   File "/home/***/.local/lib/python3.12/site-packages/pandas/io/sql.py", line 1599, in execute
[2026-03-09T08:02:17.402+0000] {subprocess.py:106} INFO -     return self.con.exec_driver_sql(sql, *args)
[2026-03-09T08:02:17.402+0000] {subprocess.py:106} INFO -            ^^^^^^^^^^^^^^^^^^^^^^^^^^^^^^^^^^^^
[2026-03-09T08:02:17.403+0000] {subprocess.py:106} INFO -   File "/home/***/.local/lib/python3.12/site-packages/sqlalchemy/engine/base.py", line 1770, in exec_driver_sql
[2026-03-09T08:02:17.403+0000] {subprocess.py:106} INFO -     return self._exec_driver_sql(
[2026-03-09T08:02:17.404+0000] {subprocess.py:106} INFO -            ^^^^^^^^^^^^^^^^^^^^^^
[2026-03-09T08:02:17.404+0000] {subprocess.py:106} INFO -   File "/home/***/.local/lib/python3.12/site-packages/sqlalchemy/engine/base.py", line 1674, in _exec_driver_sql
[2026-03-09T08:02:17.405+0000] {subprocess.py:106} INFO -     ret = self._execute_context(
[2026-03-09T08:02:17.405+0000] {subprocess.py:106} INFO -           ^^^^^^^^^^^^^^^^^^^^^^
[2026-03-09T08:02:17.406+0000] {subprocess.py:106} INFO -   File "/home/***/.local/lib/python3.12/site-packages/sqlalchemy/engine/base.py", line 1953, in _execute_context
[2026-03-09T08:02:17.406+0000] {subprocess.py:106} INFO -     self._handle_dbapi_exception(
[2026-03-09T08:02:17.407+0000] {subprocess.py:106} INFO -   File "/home/***/.local/lib/python3.12/site-packages/sqlalchemy/engine/base.py", line 2134, in _handle_dbapi_exception
[2026-03-09T08:02:17.408+0000] {subprocess.py:106} INFO -     util.raise_(
[2026-03-09T08:02:17.410+0000] {subprocess.py:106} INFO -   File "/home/***/.local/lib/python3.12/site-packages/sqlalchemy/util/compat.py", line 211, in raise_
[2026-03-09T08:02:17.411+0000] {subprocess.py:106} INFO -     raise exception
[2026-03-09T08:02:17.411+0000] {subprocess.py:106} INFO -   File "/home/***/.local/lib/python3.12/site-packages/sqlalchemy/engine/base.py", line 1910, in _execute_context
[2026-03-09T08:02:17.412+0000] {subprocess.py:106} INFO -     self.dialect.do_execute(
[2026-03-09T08:02:17.413+0000] {subprocess.py:106} INFO -   File "/home/***/.local/lib/python3.12/site-packages/sqlalchemy/engine/default.py", line 736, in do_execute
[2026-03-09T08:02:17.413+0000] {subprocess.py:106} INFO -     cursor.execute(statement, parameters)
[2026-03-09T08:02:17.414+0000] {subprocess.py:106} INFO - sqlalchemy.exc.ProgrammingError: (psycopg2.errors.UndefinedTable) relation "travel_locations" does not exist
[2026-03-09T08:02:17.415+0000] {subprocess.py:106} INFO - LINE 1: ...me, 'location' as type, NULL as release_date FROM travel_loc...
[2026-03-09T08:02:17.415+0000] {subprocess.py:106} INFO -                                                              ^
[2026-03-09T08:02:17.416+0000] {subprocess.py:106} INFO - 
[2026-03-09T08:02:17.417+0000] {subprocess.py:106} INFO - [SQL: SELECT location_id as id, location_name as name, 'location' as type, NULL as release_date FROM travel_locations WHERE status = 'Active']
[2026-03-09T08:02:17.417+0000] {subprocess.py:106} INFO - (Background on this error at: https://sqlalche.me/e/14/f405)
[2026-03-09T08:02:17.595+0000] {subprocess.py:110} INFO - Command exited with return code 1
[2026-03-09T08:02:17.615+0000] {taskinstance.py:3313} ERROR - Task failed with exception
Traceback (most recent call last):
  File "/home/airflow/.local/lib/python3.12/site-packages/airflow/models/taskinstance.py", line 768, in _execute_task
    result = _execute_callable(context=context, **execute_callable_kwargs)
             ^^^^^^^^^^^^^^^^^^^^^^^^^^^^^^^^^^^^^^^^^^^^^^^^^^^^^^^^^^^^^
  File "/home/airflow/.local/lib/python3.12/site-packages/airflow/models/taskinstance.py", line 734, in _execute_callable
    return ExecutionCallableRunner(
           ^^^^^^^^^^^^^^^^^^^^^^^^
  File "/home/airflow/.local/lib/python3.12/site-packages/airflow/utils/operator_helpers.py", line 252, in run
    return self.func(*args, **kwargs)
           ^^^^^^^^^^^^^^^^^^^^^^^^^^
  File "/home/airflow/.local/lib/python3.12/site-packages/airflow/models/baseoperator.py", line 424, in wrapper
    return func(self, *args, **kwargs)
           ^^^^^^^^^^^^^^^^^^^^^^^^^^^
  File "/home/airflow/.local/lib/python3.12/site-packages/airflow/operators/bash.py", line 276, in execute
    raise AirflowException(
airflow.exceptions.AirflowException: Bash command failed. The command returned a non-zero exit code 1.
[2026-03-09T08:02:17.624+0000] {taskinstance.py:1226} INFO - Marking task as FAILED. dag_id=03_mock_social_ingestion, task_id=run_smart_mock_script, run_id=scheduled__2026-03-09T06:00:00+00:00, execution_date=20260309T060000, start_date=20260309T080214, end_date=20260309T080217
[2026-03-09T08:02:17.672+0000] {taskinstance.py:341} INFO - ::group::Post task execution logs
[2026-03-09T08:02:17.675+0000] {standard_task_runner.py:124} ERROR - Failed to execute job 41 for task run_smart_mock_script (Bash command failed. The command returned a non-zero exit code 1.; 4873)
Traceback (most recent call last):
  File "/home/airflow/.local/lib/python3.12/site-packages/airflow/task/task_runner/standard_task_runner.py", line 117, in _start_by_fork
    ret = args.func(args, dag=self.dag)
          ^^^^^^^^^^^^^^^^^^^^^^^^^^^^^
  File "/home/airflow/.local/lib/python3.12/site-packages/airflow/cli/cli_config.py", line 49, in command
    return func(*args, **kwargs)
           ^^^^^^^^^^^^^^^^^^^^^
  File "/home/airflow/.local/lib/python3.12/site-packages/airflow/utils/cli.py", line 116, in wrapper
    return f(*args, **kwargs)
           ^^^^^^^^^^^^^^^^^^
  File "/home/airflow/.local/lib/python3.12/site-packages/airflow/cli/commands/task_command.py", line 483, in task_run
    task_return_code = _run_task_by_selected_method(args, _dag, ti)
                       ^^^^^^^^^^^^^^^^^^^^^^^^^^^^^^^^^^^^^^^^^^^^
  File "/home/airflow/.local/lib/python3.12/site-packages/airflow/cli/commands/task_command.py", line 256, in _run_task_by_selected_method
    return _run_raw_task(args, ti)
           ^^^^^^^^^^^^^^^^^^^^^^^
  File "/home/airflow/.local/lib/python3.12/site-packages/airflow/cli/commands/task_command.py", line 341, in _run_raw_task
    return ti._run_raw_task(
           ^^^^^^^^^^^^^^^^^
  File "/home/airflow/.local/lib/python3.12/site-packages/airflow/utils/session.py", line 97, in wrapper
    return func(*args, session=session, **kwargs)
           ^^^^^^^^^^^^^^^^^^^^^^^^^^^^^^^^^^^^^^
  File "/home/airflow/.local/lib/python3.12/site-packages/airflow/models/taskinstance.py", line 3006, in _run_raw_task
    return _run_raw_task(
           ^^^^^^^^^^^^^^
  File "/home/airflow/.local/lib/python3.12/site-packages/airflow/models/taskinstance.py", line 274, in _run_raw_task
    TaskInstance._execute_task_with_callbacks(
  File "/home/airflow/.local/lib/python3.12/site-packages/airflow/models/taskinstance.py", line 3161, in _execute_task_with_callbacks
    result = self._execute_task(context, task_orig)
             ^^^^^^^^^^^^^^^^^^^^^^^^^^^^^^^^^^^^^^
  File "/home/airflow/.local/lib/python3.12/site-packages/airflow/models/taskinstance.py", line 3185, in _execute_task
    return _execute_task(self, context, task_orig)
           ^^^^^^^^^^^^^^^^^^^^^^^^^^^^^^^^^^^^^^^
  File "/home/airflow/.local/lib/python3.12/site-packages/airflow/models/taskinstance.py", line 768, in _execute_task
    result = _execute_callable(context=context, **execute_callable_kwargs)
             ^^^^^^^^^^^^^^^^^^^^^^^^^^^^^^^^^^^^^^^^^^^^^^^^^^^^^^^^^^^^^
  File "/home/airflow/.local/lib/python3.12/site-packages/airflow/models/taskinstance.py", line 734, in _execute_callable
    return ExecutionCallableRunner(
           ^^^^^^^^^^^^^^^^^^^^^^^^
  File "/home/airflow/.local/lib/python3.12/site-packages/airflow/utils/operator_helpers.py", line 252, in run
    return self.func(*args, **kwargs)
           ^^^^^^^^^^^^^^^^^^^^^^^^^^
  File "/home/airflow/.local/lib/python3.12/site-packages/airflow/models/baseoperator.py", line 424, in wrapper
    return func(self, *args, **kwargs)
           ^^^^^^^^^^^^^^^^^^^^^^^^^^^
  File "/home/airflow/.local/lib/python3.12/site-packages/airflow/operators/bash.py", line 276, in execute
    raise AirflowException(
airflow.exceptions.AirflowException: Bash command failed. The command returned a non-zero exit code 1.
[2026-03-09T08:02:17.714+0000] {local_task_job_runner.py:266} INFO - Task exited with return code 1
[2026-03-09T08:02:17.753+0000] {taskinstance.py:3901} INFO - 0 downstream tasks scheduled from follow-on schedule check
[2026-03-09T08:02:17.760+0000] {local_task_job_runner.py:245} INFO - ::endgroup::
