[2026-03-07T22:39:19.572+0000] {processor.py:186} INFO - Started process (PID=168) to work on /opt/airflow/dags/master_processing_dag.py
[2026-03-07T22:39:19.574+0000] {processor.py:914} INFO - Processing file /opt/airflow/dags/master_processing_dag.py for tasks to queue
[2026-03-07T22:39:19.600+0000] {logging_mixin.py:190} INFO - [2026-03-07T22:39:19.598+0000] {dagbag.py:588} INFO - Filling up the DagBag from /opt/airflow/dags/master_processing_dag.py
[2026-03-07T22:39:19.735+0000] {processor.py:925} INFO - DAG(s) '01_master_processing_pipeline' retrieved from /opt/airflow/dags/master_processing_dag.py
[2026-03-07T22:39:20.076+0000] {logging_mixin.py:190} INFO - [2026-03-07T22:39:20.076+0000] {dag.py:3239} INFO - Sync 1 DAGs
[2026-03-07T22:39:20.195+0000] {logging_mixin.py:190} INFO - [2026-03-07T22:39:20.195+0000] {dag.py:4180} INFO - Setting next_dagrun for 01_master_processing_pipeline to 2026-03-07 00:00:00+00:00, run_after=2026-03-08 00:00:00+00:00
[2026-03-07T22:39:20.275+0000] {processor.py:208} INFO - Processing /opt/airflow/dags/master_processing_dag.py took 0.735 seconds
[2026-03-07T22:39:51.476+0000] {processor.py:186} INFO - Started process (PID=252) to work on /opt/airflow/dags/master_processing_dag.py
[2026-03-07T22:39:51.490+0000] {processor.py:914} INFO - Processing file /opt/airflow/dags/master_processing_dag.py for tasks to queue
[2026-03-07T22:39:51.519+0000] {logging_mixin.py:190} INFO - [2026-03-07T22:39:51.509+0000] {dagbag.py:588} INFO - Filling up the DagBag from /opt/airflow/dags/master_processing_dag.py
[2026-03-07T22:39:52.071+0000] {processor.py:925} INFO - DAG(s) '01_master_processing_pipeline' retrieved from /opt/airflow/dags/master_processing_dag.py
[2026-03-07T22:39:52.495+0000] {logging_mixin.py:190} INFO - [2026-03-07T22:39:52.494+0000] {dag.py:3239} INFO - Sync 1 DAGs
[2026-03-07T22:39:52.793+0000] {logging_mixin.py:190} INFO - [2026-03-07T22:39:52.793+0000] {dag.py:4180} INFO - Setting next_dagrun for 01_master_processing_pipeline to 2026-03-07 00:00:00+00:00, run_after=2026-03-08 00:00:00+00:00
[2026-03-07T22:39:52.986+0000] {processor.py:208} INFO - Processing /opt/airflow/dags/master_processing_dag.py took 1.696 seconds
[2026-03-07T22:40:23.988+0000] {processor.py:186} INFO - Started process (PID=269) to work on /opt/airflow/dags/master_processing_dag.py
[2026-03-07T22:40:24.001+0000] {processor.py:914} INFO - Processing file /opt/airflow/dags/master_processing_dag.py for tasks to queue
[2026-03-07T22:40:25.768+0000] {logging_mixin.py:190} INFO - [2026-03-07T22:40:24.427+0000] {dagbag.py:588} INFO - Filling up the DagBag from /opt/airflow/dags/master_processing_dag.py
[2026-03-07T22:40:36.630+0000] {processor.py:925} INFO - DAG(s) '01_master_processing_pipeline' retrieved from /opt/airflow/dags/master_processing_dag.py
[2026-03-07T22:40:50.585+0000] {logging_mixin.py:190} INFO - [2026-03-07T22:40:50.584+0000] {dag.py:3239} INFO - Sync 1 DAGs
[2026-03-07T22:40:50.722+0000] {logging_mixin.py:190} INFO - [2026-03-07T22:40:50.721+0000] {dag.py:4180} INFO - Setting next_dagrun for 01_master_processing_pipeline to 2026-03-07 00:00:00+00:00, run_after=2026-03-08 00:00:00+00:00
[2026-03-07T22:40:50.855+0000] {processor.py:208} INFO - Processing /opt/airflow/dags/master_processing_dag.py took 26.922 seconds
[2026-03-07T22:41:37.323+0000] {processor.py:186} INFO - Started process (PID=343) to work on /opt/airflow/dags/master_processing_dag.py
[2026-03-07T22:41:37.348+0000] {processor.py:914} INFO - Processing file /opt/airflow/dags/master_processing_dag.py for tasks to queue
[2026-03-07T22:41:37.817+0000] {logging_mixin.py:190} INFO - [2026-03-07T22:41:37.376+0000] {dagbag.py:588} INFO - Filling up the DagBag from /opt/airflow/dags/master_processing_dag.py
[2026-03-07T22:41:42.302+0000] {processor.py:925} INFO - DAG(s) '01_master_processing_pipeline' retrieved from /opt/airflow/dags/master_processing_dag.py
[2026-03-07T22:41:43.222+0000] {logging_mixin.py:190} INFO - [2026-03-07T22:41:43.221+0000] {dag.py:3239} INFO - Sync 1 DAGs
[2026-03-07T22:41:43.326+0000] {logging_mixin.py:190} INFO - [2026-03-07T22:41:43.326+0000] {dag.py:4180} INFO - Setting next_dagrun for 01_master_processing_pipeline to 2026-03-07 00:00:00+00:00, run_after=2026-03-08 00:00:00+00:00
[2026-03-07T22:41:43.412+0000] {processor.py:208} INFO - Processing /opt/airflow/dags/master_processing_dag.py took 21.301 seconds
[2026-03-07T22:42:14.156+0000] {processor.py:186} INFO - Started process (PID=478) to work on /opt/airflow/dags/master_processing_dag.py
[2026-03-07T22:42:14.161+0000] {processor.py:914} INFO - Processing file /opt/airflow/dags/master_processing_dag.py for tasks to queue
[2026-03-07T22:42:14.181+0000] {logging_mixin.py:190} INFO - [2026-03-07T22:42:14.179+0000] {dagbag.py:588} INFO - Filling up the DagBag from /opt/airflow/dags/master_processing_dag.py
[2026-03-07T22:42:14.372+0000] {processor.py:925} INFO - DAG(s) '01_master_processing_pipeline' retrieved from /opt/airflow/dags/master_processing_dag.py
[2026-03-07T22:42:14.615+0000] {logging_mixin.py:190} INFO - [2026-03-07T22:42:14.607+0000] {dag.py:3239} INFO - Sync 1 DAGs
[2026-03-07T22:42:14.819+0000] {logging_mixin.py:190} INFO - [2026-03-07T22:42:14.818+0000] {dag.py:4180} INFO - Setting next_dagrun for 01_master_processing_pipeline to 2026-03-07 00:00:00+00:00, run_after=2026-03-08 00:00:00+00:00
[2026-03-07T22:42:14.879+0000] {processor.py:208} INFO - Processing /opt/airflow/dags/master_processing_dag.py took 0.823 seconds
[2026-03-07T22:42:48.183+0000] {processor.py:186} INFO - Started process (PID=528) to work on /opt/airflow/dags/master_processing_dag.py
[2026-03-07T22:42:48.203+0000] {processor.py:914} INFO - Processing file /opt/airflow/dags/master_processing_dag.py for tasks to queue
[2026-03-07T22:42:48.235+0000] {logging_mixin.py:190} INFO - [2026-03-07T22:42:48.233+0000] {dagbag.py:588} INFO - Filling up the DagBag from /opt/airflow/dags/master_processing_dag.py
[2026-03-07T22:42:48.308+0000] {processor.py:925} INFO - DAG(s) '01_master_processing_pipeline' retrieved from /opt/airflow/dags/master_processing_dag.py
[2026-03-07T22:42:51.593+0000] {logging_mixin.py:190} INFO - [2026-03-07T22:42:51.593+0000] {dag.py:3239} INFO - Sync 1 DAGs
[2026-03-07T22:42:52.424+0000] {logging_mixin.py:190} INFO - [2026-03-07T22:42:52.424+0000] {dag.py:4180} INFO - Setting next_dagrun for 01_master_processing_pipeline to 2026-03-07 00:00:00+00:00, run_after=2026-03-08 00:00:00+00:00
[2026-03-07T22:42:52.484+0000] {processor.py:208} INFO - Processing /opt/airflow/dags/master_processing_dag.py took 4.391 seconds
[2026-03-07T22:43:24.187+0000] {processor.py:186} INFO - Started process (PID=627) to work on /opt/airflow/dags/master_processing_dag.py
[2026-03-07T22:43:24.207+0000] {processor.py:914} INFO - Processing file /opt/airflow/dags/master_processing_dag.py for tasks to queue
[2026-03-07T22:43:24.224+0000] {logging_mixin.py:190} INFO - [2026-03-07T22:43:24.219+0000] {dagbag.py:588} INFO - Filling up the DagBag from /opt/airflow/dags/master_processing_dag.py
[2026-03-07T22:43:24.330+0000] {processor.py:925} INFO - DAG(s) '01_master_processing_pipeline' retrieved from /opt/airflow/dags/master_processing_dag.py
[2026-03-07T22:43:24.472+0000] {logging_mixin.py:190} INFO - [2026-03-07T22:43:24.472+0000] {dag.py:3239} INFO - Sync 1 DAGs
[2026-03-07T22:43:24.538+0000] {logging_mixin.py:190} INFO - [2026-03-07T22:43:24.538+0000] {dag.py:4180} INFO - Setting next_dagrun for 01_master_processing_pipeline to 2026-03-07 00:00:00+00:00, run_after=2026-03-08 00:00:00+00:00
[2026-03-07T22:43:24.578+0000] {processor.py:208} INFO - Processing /opt/airflow/dags/master_processing_dag.py took 0.710 seconds
[2026-03-07T22:43:55.083+0000] {processor.py:186} INFO - Started process (PID=901) to work on /opt/airflow/dags/master_processing_dag.py
[2026-03-07T22:43:55.090+0000] {processor.py:914} INFO - Processing file /opt/airflow/dags/master_processing_dag.py for tasks to queue
[2026-03-07T22:43:55.107+0000] {logging_mixin.py:190} INFO - [2026-03-07T22:43:55.098+0000] {dagbag.py:588} INFO - Filling up the DagBag from /opt/airflow/dags/master_processing_dag.py
[2026-03-07T22:43:55.228+0000] {processor.py:925} INFO - DAG(s) '01_master_processing_pipeline' retrieved from /opt/airflow/dags/master_processing_dag.py
[2026-03-07T22:43:55.338+0000] {logging_mixin.py:190} INFO - [2026-03-07T22:43:55.338+0000] {dag.py:3239} INFO - Sync 1 DAGs
[2026-03-07T22:43:55.421+0000] {logging_mixin.py:190} INFO - [2026-03-07T22:43:55.421+0000] {dag.py:4180} INFO - Setting next_dagrun for 01_master_processing_pipeline to 2026-03-07 00:00:00+00:00, run_after=2026-03-08 00:00:00+00:00
[2026-03-07T22:43:55.466+0000] {processor.py:208} INFO - Processing /opt/airflow/dags/master_processing_dag.py took 0.397 seconds
[2026-03-07T22:44:25.624+0000] {processor.py:186} INFO - Started process (PID=915) to work on /opt/airflow/dags/master_processing_dag.py
[2026-03-07T22:44:25.740+0000] {processor.py:914} INFO - Processing file /opt/airflow/dags/master_processing_dag.py for tasks to queue
[2026-03-07T22:44:25.909+0000] {logging_mixin.py:190} INFO - [2026-03-07T22:44:25.908+0000] {dagbag.py:588} INFO - Filling up the DagBag from /opt/airflow/dags/master_processing_dag.py
[2026-03-07T22:44:25.943+0000] {processor.py:925} INFO - DAG(s) '01_master_processing_pipeline' retrieved from /opt/airflow/dags/master_processing_dag.py
[2026-03-07T22:44:26.054+0000] {logging_mixin.py:190} INFO - [2026-03-07T22:44:26.054+0000] {dag.py:3239} INFO - Sync 1 DAGs
[2026-03-07T22:44:26.168+0000] {logging_mixin.py:190} INFO - [2026-03-07T22:44:26.168+0000] {dag.py:4180} INFO - Setting next_dagrun for 01_master_processing_pipeline to 2026-03-07 00:00:00+00:00, run_after=2026-03-08 00:00:00+00:00
[2026-03-07T22:44:26.476+0000] {processor.py:208} INFO - Processing /opt/airflow/dags/master_processing_dag.py took 0.863 seconds
[2026-03-07T22:44:57.753+0000] {processor.py:186} INFO - Started process (PID=925) to work on /opt/airflow/dags/master_processing_dag.py
[2026-03-07T22:44:57.757+0000] {processor.py:914} INFO - Processing file /opt/airflow/dags/master_processing_dag.py for tasks to queue
[2026-03-07T22:44:57.762+0000] {logging_mixin.py:190} INFO - [2026-03-07T22:44:57.762+0000] {dagbag.py:588} INFO - Filling up the DagBag from /opt/airflow/dags/master_processing_dag.py
[2026-03-07T22:44:57.815+0000] {processor.py:925} INFO - DAG(s) '01_master_processing_pipeline' retrieved from /opt/airflow/dags/master_processing_dag.py
[2026-03-07T22:44:57.861+0000] {logging_mixin.py:190} INFO - [2026-03-07T22:44:57.861+0000] {dag.py:3239} INFO - Sync 1 DAGs
[2026-03-07T22:44:57.898+0000] {logging_mixin.py:190} INFO - [2026-03-07T22:44:57.898+0000] {dag.py:4180} INFO - Setting next_dagrun for 01_master_processing_pipeline to 2026-03-07 00:00:00+00:00, run_after=2026-03-08 00:00:00+00:00
[2026-03-07T22:44:57.924+0000] {processor.py:208} INFO - Processing /opt/airflow/dags/master_processing_dag.py took 0.213 seconds
[2026-03-07T22:45:28.178+0000] {processor.py:186} INFO - Started process (PID=935) to work on /opt/airflow/dags/master_processing_dag.py
[2026-03-07T22:45:28.179+0000] {processor.py:914} INFO - Processing file /opt/airflow/dags/master_processing_dag.py for tasks to queue
[2026-03-07T22:45:28.183+0000] {logging_mixin.py:190} INFO - [2026-03-07T22:45:28.182+0000] {dagbag.py:588} INFO - Filling up the DagBag from /opt/airflow/dags/master_processing_dag.py
[2026-03-07T22:45:28.215+0000] {processor.py:925} INFO - DAG(s) '01_master_processing_pipeline' retrieved from /opt/airflow/dags/master_processing_dag.py
[2026-03-07T22:45:28.261+0000] {logging_mixin.py:190} INFO - [2026-03-07T22:45:28.260+0000] {dag.py:3239} INFO - Sync 1 DAGs
[2026-03-07T22:45:28.306+0000] {logging_mixin.py:190} INFO - [2026-03-07T22:45:28.305+0000] {dag.py:4180} INFO - Setting next_dagrun for 01_master_processing_pipeline to 2026-03-07 00:00:00+00:00, run_after=2026-03-08 00:00:00+00:00
[2026-03-07T22:45:28.353+0000] {processor.py:208} INFO - Processing /opt/airflow/dags/master_processing_dag.py took 0.182 seconds
[2026-03-07T22:45:58.743+0000] {processor.py:186} INFO - Started process (PID=945) to work on /opt/airflow/dags/master_processing_dag.py
[2026-03-07T22:45:58.744+0000] {processor.py:914} INFO - Processing file /opt/airflow/dags/master_processing_dag.py for tasks to queue
[2026-03-07T22:45:58.747+0000] {logging_mixin.py:190} INFO - [2026-03-07T22:45:58.746+0000] {dagbag.py:588} INFO - Filling up the DagBag from /opt/airflow/dags/master_processing_dag.py
[2026-03-07T22:45:58.773+0000] {processor.py:925} INFO - DAG(s) '01_master_processing_pipeline' retrieved from /opt/airflow/dags/master_processing_dag.py
[2026-03-07T22:45:58.810+0000] {logging_mixin.py:190} INFO - [2026-03-07T22:45:58.809+0000] {dag.py:3239} INFO - Sync 1 DAGs
[2026-03-07T22:45:58.849+0000] {logging_mixin.py:190} INFO - [2026-03-07T22:45:58.849+0000] {dag.py:4180} INFO - Setting next_dagrun for 01_master_processing_pipeline to 2026-03-07 00:00:00+00:00, run_after=2026-03-08 00:00:00+00:00
[2026-03-07T22:45:58.878+0000] {processor.py:208} INFO - Processing /opt/airflow/dags/master_processing_dag.py took 0.143 seconds
[2026-03-07T22:46:29.166+0000] {processor.py:186} INFO - Started process (PID=955) to work on /opt/airflow/dags/master_processing_dag.py
[2026-03-07T22:46:29.167+0000] {processor.py:914} INFO - Processing file /opt/airflow/dags/master_processing_dag.py for tasks to queue
[2026-03-07T22:46:29.171+0000] {logging_mixin.py:190} INFO - [2026-03-07T22:46:29.170+0000] {dagbag.py:588} INFO - Filling up the DagBag from /opt/airflow/dags/master_processing_dag.py
[2026-03-07T22:46:29.196+0000] {processor.py:925} INFO - DAG(s) '01_master_processing_pipeline' retrieved from /opt/airflow/dags/master_processing_dag.py
[2026-03-07T22:46:29.231+0000] {logging_mixin.py:190} INFO - [2026-03-07T22:46:29.231+0000] {dag.py:3239} INFO - Sync 1 DAGs
[2026-03-07T22:46:29.258+0000] {logging_mixin.py:190} INFO - [2026-03-07T22:46:29.258+0000] {dag.py:4180} INFO - Setting next_dagrun for 01_master_processing_pipeline to 2026-03-07 00:00:00+00:00, run_after=2026-03-08 00:00:00+00:00
[2026-03-07T22:46:29.300+0000] {processor.py:208} INFO - Processing /opt/airflow/dags/master_processing_dag.py took 0.143 seconds
[2026-03-07T22:46:59.703+0000] {processor.py:186} INFO - Started process (PID=965) to work on /opt/airflow/dags/master_processing_dag.py
[2026-03-07T22:46:59.706+0000] {processor.py:914} INFO - Processing file /opt/airflow/dags/master_processing_dag.py for tasks to queue
[2026-03-07T22:46:59.711+0000] {logging_mixin.py:190} INFO - [2026-03-07T22:46:59.711+0000] {dagbag.py:588} INFO - Filling up the DagBag from /opt/airflow/dags/master_processing_dag.py
[2026-03-07T22:46:59.746+0000] {processor.py:925} INFO - DAG(s) '01_master_processing_pipeline' retrieved from /opt/airflow/dags/master_processing_dag.py
[2026-03-07T22:46:59.784+0000] {logging_mixin.py:190} INFO - [2026-03-07T22:46:59.784+0000] {dag.py:3239} INFO - Sync 1 DAGs
[2026-03-07T22:46:59.815+0000] {logging_mixin.py:190} INFO - [2026-03-07T22:46:59.815+0000] {dag.py:4180} INFO - Setting next_dagrun for 01_master_processing_pipeline to 2026-03-07 00:00:00+00:00, run_after=2026-03-08 00:00:00+00:00
[2026-03-07T22:46:59.842+0000] {processor.py:208} INFO - Processing /opt/airflow/dags/master_processing_dag.py took 0.148 seconds
[2026-03-07T22:47:30.098+0000] {processor.py:186} INFO - Started process (PID=975) to work on /opt/airflow/dags/master_processing_dag.py
[2026-03-07T22:47:30.100+0000] {processor.py:914} INFO - Processing file /opt/airflow/dags/master_processing_dag.py for tasks to queue
[2026-03-07T22:47:30.104+0000] {logging_mixin.py:190} INFO - [2026-03-07T22:47:30.104+0000] {dagbag.py:588} INFO - Filling up the DagBag from /opt/airflow/dags/master_processing_dag.py
[2026-03-07T22:47:30.131+0000] {processor.py:925} INFO - DAG(s) '01_master_processing_pipeline' retrieved from /opt/airflow/dags/master_processing_dag.py
[2026-03-07T22:47:30.173+0000] {logging_mixin.py:190} INFO - [2026-03-07T22:47:30.172+0000] {dag.py:3239} INFO - Sync 1 DAGs
[2026-03-07T22:47:30.207+0000] {logging_mixin.py:190} INFO - [2026-03-07T22:47:30.206+0000] {dag.py:4180} INFO - Setting next_dagrun for 01_master_processing_pipeline to 2026-03-07 00:00:00+00:00, run_after=2026-03-08 00:00:00+00:00
[2026-03-07T22:47:30.243+0000] {processor.py:208} INFO - Processing /opt/airflow/dags/master_processing_dag.py took 0.152 seconds
[2026-03-07T22:48:00.615+0000] {processor.py:186} INFO - Started process (PID=985) to work on /opt/airflow/dags/master_processing_dag.py
[2026-03-07T22:48:00.617+0000] {processor.py:914} INFO - Processing file /opt/airflow/dags/master_processing_dag.py for tasks to queue
[2026-03-07T22:48:00.620+0000] {logging_mixin.py:190} INFO - [2026-03-07T22:48:00.619+0000] {dagbag.py:588} INFO - Filling up the DagBag from /opt/airflow/dags/master_processing_dag.py
[2026-03-07T22:48:00.641+0000] {processor.py:925} INFO - DAG(s) '01_master_processing_pipeline' retrieved from /opt/airflow/dags/master_processing_dag.py
[2026-03-07T22:48:00.675+0000] {logging_mixin.py:190} INFO - [2026-03-07T22:48:00.675+0000] {dag.py:3239} INFO - Sync 1 DAGs
[2026-03-07T22:48:00.705+0000] {logging_mixin.py:190} INFO - [2026-03-07T22:48:00.705+0000] {dag.py:4180} INFO - Setting next_dagrun for 01_master_processing_pipeline to 2026-03-07 00:00:00+00:00, run_after=2026-03-08 00:00:00+00:00
[2026-03-07T22:48:00.732+0000] {processor.py:208} INFO - Processing /opt/airflow/dags/master_processing_dag.py took 0.127 seconds
[2026-03-07T22:48:31.049+0000] {processor.py:186} INFO - Started process (PID=995) to work on /opt/airflow/dags/master_processing_dag.py
[2026-03-07T22:48:31.050+0000] {processor.py:914} INFO - Processing file /opt/airflow/dags/master_processing_dag.py for tasks to queue
[2026-03-07T22:48:31.053+0000] {logging_mixin.py:190} INFO - [2026-03-07T22:48:31.052+0000] {dagbag.py:588} INFO - Filling up the DagBag from /opt/airflow/dags/master_processing_dag.py
[2026-03-07T22:48:31.076+0000] {processor.py:925} INFO - DAG(s) '01_master_processing_pipeline' retrieved from /opt/airflow/dags/master_processing_dag.py
[2026-03-07T22:48:31.114+0000] {logging_mixin.py:190} INFO - [2026-03-07T22:48:31.113+0000] {dag.py:3239} INFO - Sync 1 DAGs
[2026-03-07T22:48:31.143+0000] {logging_mixin.py:190} INFO - [2026-03-07T22:48:31.143+0000] {dag.py:4180} INFO - Setting next_dagrun for 01_master_processing_pipeline to 2026-03-07 00:00:00+00:00, run_after=2026-03-08 00:00:00+00:00
[2026-03-07T22:48:31.174+0000] {processor.py:208} INFO - Processing /opt/airflow/dags/master_processing_dag.py took 0.132 seconds
[2026-03-07T22:49:01.658+0000] {processor.py:186} INFO - Started process (PID=1005) to work on /opt/airflow/dags/master_processing_dag.py
[2026-03-07T22:49:01.659+0000] {processor.py:914} INFO - Processing file /opt/airflow/dags/master_processing_dag.py for tasks to queue
[2026-03-07T22:49:01.662+0000] {logging_mixin.py:190} INFO - [2026-03-07T22:49:01.661+0000] {dagbag.py:588} INFO - Filling up the DagBag from /opt/airflow/dags/master_processing_dag.py
[2026-03-07T22:49:01.687+0000] {processor.py:925} INFO - DAG(s) '01_master_processing_pipeline' retrieved from /opt/airflow/dags/master_processing_dag.py
[2026-03-07T22:49:01.721+0000] {logging_mixin.py:190} INFO - [2026-03-07T22:49:01.721+0000] {dag.py:3239} INFO - Sync 1 DAGs
[2026-03-07T22:49:01.749+0000] {logging_mixin.py:190} INFO - [2026-03-07T22:49:01.749+0000] {dag.py:4180} INFO - Setting next_dagrun for 01_master_processing_pipeline to 2026-03-07 00:00:00+00:00, run_after=2026-03-08 00:00:00+00:00
[2026-03-07T22:49:01.778+0000] {processor.py:208} INFO - Processing /opt/airflow/dags/master_processing_dag.py took 0.127 seconds
[2026-03-07T22:49:32.127+0000] {processor.py:186} INFO - Started process (PID=1015) to work on /opt/airflow/dags/master_processing_dag.py
[2026-03-07T22:49:32.128+0000] {processor.py:914} INFO - Processing file /opt/airflow/dags/master_processing_dag.py for tasks to queue
[2026-03-07T22:49:32.131+0000] {logging_mixin.py:190} INFO - [2026-03-07T22:49:32.130+0000] {dagbag.py:588} INFO - Filling up the DagBag from /opt/airflow/dags/master_processing_dag.py
[2026-03-07T22:49:32.155+0000] {processor.py:925} INFO - DAG(s) '01_master_processing_pipeline' retrieved from /opt/airflow/dags/master_processing_dag.py
[2026-03-07T22:49:32.189+0000] {logging_mixin.py:190} INFO - [2026-03-07T22:49:32.189+0000] {dag.py:3239} INFO - Sync 1 DAGs
[2026-03-07T22:49:32.219+0000] {logging_mixin.py:190} INFO - [2026-03-07T22:49:32.218+0000] {dag.py:4180} INFO - Setting next_dagrun for 01_master_processing_pipeline to 2026-03-07 00:00:00+00:00, run_after=2026-03-08 00:00:00+00:00
[2026-03-07T22:49:32.254+0000] {processor.py:208} INFO - Processing /opt/airflow/dags/master_processing_dag.py took 0.133 seconds
[2026-03-07T22:50:02.621+0000] {processor.py:186} INFO - Started process (PID=1025) to work on /opt/airflow/dags/master_processing_dag.py
[2026-03-07T22:50:02.622+0000] {processor.py:914} INFO - Processing file /opt/airflow/dags/master_processing_dag.py for tasks to queue
[2026-03-07T22:50:02.625+0000] {logging_mixin.py:190} INFO - [2026-03-07T22:50:02.624+0000] {dagbag.py:588} INFO - Filling up the DagBag from /opt/airflow/dags/master_processing_dag.py
[2026-03-07T22:50:02.649+0000] {processor.py:925} INFO - DAG(s) '01_master_processing_pipeline' retrieved from /opt/airflow/dags/master_processing_dag.py
[2026-03-07T22:50:02.686+0000] {logging_mixin.py:190} INFO - [2026-03-07T22:50:02.686+0000] {dag.py:3239} INFO - Sync 1 DAGs
[2026-03-07T22:50:02.713+0000] {logging_mixin.py:190} INFO - [2026-03-07T22:50:02.713+0000] {dag.py:4180} INFO - Setting next_dagrun for 01_master_processing_pipeline to 2026-03-07 00:00:00+00:00, run_after=2026-03-08 00:00:00+00:00
[2026-03-07T22:50:02.744+0000] {processor.py:208} INFO - Processing /opt/airflow/dags/master_processing_dag.py took 0.131 seconds
[2026-03-07T22:50:33.026+0000] {processor.py:186} INFO - Started process (PID=1035) to work on /opt/airflow/dags/master_processing_dag.py
[2026-03-07T22:50:33.027+0000] {processor.py:914} INFO - Processing file /opt/airflow/dags/master_processing_dag.py for tasks to queue
[2026-03-07T22:50:33.030+0000] {logging_mixin.py:190} INFO - [2026-03-07T22:50:33.030+0000] {dagbag.py:588} INFO - Filling up the DagBag from /opt/airflow/dags/master_processing_dag.py
[2026-03-07T22:50:33.053+0000] {processor.py:925} INFO - DAG(s) '01_master_processing_pipeline' retrieved from /opt/airflow/dags/master_processing_dag.py
[2026-03-07T22:50:33.088+0000] {logging_mixin.py:190} INFO - [2026-03-07T22:50:33.087+0000] {dag.py:3239} INFO - Sync 1 DAGs
[2026-03-07T22:50:33.118+0000] {logging_mixin.py:190} INFO - [2026-03-07T22:50:33.118+0000] {dag.py:4180} INFO - Setting next_dagrun for 01_master_processing_pipeline to 2026-03-07 00:00:00+00:00, run_after=2026-03-08 00:00:00+00:00
[2026-03-07T22:50:33.147+0000] {processor.py:208} INFO - Processing /opt/airflow/dags/master_processing_dag.py took 0.128 seconds
[2026-03-07T22:51:03.521+0000] {processor.py:186} INFO - Started process (PID=1045) to work on /opt/airflow/dags/master_processing_dag.py
[2026-03-07T22:51:03.522+0000] {processor.py:914} INFO - Processing file /opt/airflow/dags/master_processing_dag.py for tasks to queue
[2026-03-07T22:51:03.525+0000] {logging_mixin.py:190} INFO - [2026-03-07T22:51:03.525+0000] {dagbag.py:588} INFO - Filling up the DagBag from /opt/airflow/dags/master_processing_dag.py
[2026-03-07T22:51:03.571+0000] {processor.py:925} INFO - DAG(s) '01_master_processing_pipeline' retrieved from /opt/airflow/dags/master_processing_dag.py
[2026-03-07T22:51:03.621+0000] {logging_mixin.py:190} INFO - [2026-03-07T22:51:03.621+0000] {dag.py:3239} INFO - Sync 1 DAGs
[2026-03-07T22:51:03.660+0000] {logging_mixin.py:190} INFO - [2026-03-07T22:51:03.660+0000] {dag.py:4180} INFO - Setting next_dagrun for 01_master_processing_pipeline to 2026-03-07 00:00:00+00:00, run_after=2026-03-08 00:00:00+00:00
[2026-03-07T22:51:03.692+0000] {processor.py:208} INFO - Processing /opt/airflow/dags/master_processing_dag.py took 0.179 seconds
[2026-03-07T22:51:33.955+0000] {processor.py:186} INFO - Started process (PID=1055) to work on /opt/airflow/dags/master_processing_dag.py
[2026-03-07T22:51:33.957+0000] {processor.py:914} INFO - Processing file /opt/airflow/dags/master_processing_dag.py for tasks to queue
[2026-03-07T22:51:33.961+0000] {logging_mixin.py:190} INFO - [2026-03-07T22:51:33.961+0000] {dagbag.py:588} INFO - Filling up the DagBag from /opt/airflow/dags/master_processing_dag.py
[2026-03-07T22:51:34.029+0000] {processor.py:925} INFO - DAG(s) '01_master_processing_pipeline' retrieved from /opt/airflow/dags/master_processing_dag.py
[2026-03-07T22:51:34.126+0000] {logging_mixin.py:190} INFO - [2026-03-07T22:51:34.125+0000] {dag.py:3239} INFO - Sync 1 DAGs
[2026-03-07T22:51:34.186+0000] {logging_mixin.py:190} INFO - [2026-03-07T22:51:34.186+0000] {dag.py:4180} INFO - Setting next_dagrun for 01_master_processing_pipeline to 2026-03-07 00:00:00+00:00, run_after=2026-03-08 00:00:00+00:00
[2026-03-07T22:51:34.218+0000] {processor.py:208} INFO - Processing /opt/airflow/dags/master_processing_dag.py took 0.272 seconds
[2026-03-07T22:52:04.466+0000] {processor.py:186} INFO - Started process (PID=1065) to work on /opt/airflow/dags/master_processing_dag.py
[2026-03-07T22:52:04.471+0000] {processor.py:914} INFO - Processing file /opt/airflow/dags/master_processing_dag.py for tasks to queue
[2026-03-07T22:52:04.498+0000] {logging_mixin.py:190} INFO - [2026-03-07T22:52:04.496+0000] {dagbag.py:588} INFO - Filling up the DagBag from /opt/airflow/dags/master_processing_dag.py
[2026-03-07T22:52:04.583+0000] {processor.py:925} INFO - DAG(s) '01_master_processing_pipeline' retrieved from /opt/airflow/dags/master_processing_dag.py
[2026-03-07T22:52:04.686+0000] {logging_mixin.py:190} INFO - [2026-03-07T22:52:04.686+0000] {dag.py:3239} INFO - Sync 1 DAGs
[2026-03-07T22:52:04.731+0000] {logging_mixin.py:190} INFO - [2026-03-07T22:52:04.730+0000] {dag.py:4180} INFO - Setting next_dagrun for 01_master_processing_pipeline to 2026-03-07 00:00:00+00:00, run_after=2026-03-08 00:00:00+00:00
[2026-03-07T22:52:04.758+0000] {processor.py:208} INFO - Processing /opt/airflow/dags/master_processing_dag.py took 0.298 seconds
[2026-03-07T22:52:35.003+0000] {processor.py:186} INFO - Started process (PID=1075) to work on /opt/airflow/dags/master_processing_dag.py
[2026-03-07T22:52:35.005+0000] {processor.py:914} INFO - Processing file /opt/airflow/dags/master_processing_dag.py for tasks to queue
[2026-03-07T22:52:35.010+0000] {logging_mixin.py:190} INFO - [2026-03-07T22:52:35.009+0000] {dagbag.py:588} INFO - Filling up the DagBag from /opt/airflow/dags/master_processing_dag.py
[2026-03-07T22:52:35.049+0000] {processor.py:925} INFO - DAG(s) '01_master_processing_pipeline' retrieved from /opt/airflow/dags/master_processing_dag.py
[2026-03-07T22:52:35.122+0000] {logging_mixin.py:190} INFO - [2026-03-07T22:52:35.122+0000] {dag.py:3239} INFO - Sync 1 DAGs
[2026-03-07T22:52:35.184+0000] {logging_mixin.py:190} INFO - [2026-03-07T22:52:35.184+0000] {dag.py:4180} INFO - Setting next_dagrun for 01_master_processing_pipeline to 2026-03-07 00:00:00+00:00, run_after=2026-03-08 00:00:00+00:00
[2026-03-07T22:52:35.229+0000] {processor.py:208} INFO - Processing /opt/airflow/dags/master_processing_dag.py took 0.236 seconds
[2026-03-07T22:53:05.633+0000] {processor.py:186} INFO - Started process (PID=1085) to work on /opt/airflow/dags/master_processing_dag.py
[2026-03-07T22:53:05.635+0000] {processor.py:914} INFO - Processing file /opt/airflow/dags/master_processing_dag.py for tasks to queue
[2026-03-07T22:53:05.638+0000] {logging_mixin.py:190} INFO - [2026-03-07T22:53:05.637+0000] {dagbag.py:588} INFO - Filling up the DagBag from /opt/airflow/dags/master_processing_dag.py
[2026-03-07T22:53:05.662+0000] {processor.py:925} INFO - DAG(s) '01_master_processing_pipeline' retrieved from /opt/airflow/dags/master_processing_dag.py
[2026-03-07T22:53:05.704+0000] {logging_mixin.py:190} INFO - [2026-03-07T22:53:05.703+0000] {dag.py:3239} INFO - Sync 1 DAGs
[2026-03-07T22:53:05.738+0000] {logging_mixin.py:190} INFO - [2026-03-07T22:53:05.737+0000] {dag.py:4180} INFO - Setting next_dagrun for 01_master_processing_pipeline to 2026-03-07 00:00:00+00:00, run_after=2026-03-08 00:00:00+00:00
[2026-03-07T22:53:05.772+0000] {processor.py:208} INFO - Processing /opt/airflow/dags/master_processing_dag.py took 0.147 seconds
[2026-03-07T22:53:36.022+0000] {processor.py:186} INFO - Started process (PID=1095) to work on /opt/airflow/dags/master_processing_dag.py
[2026-03-07T22:53:36.024+0000] {processor.py:914} INFO - Processing file /opt/airflow/dags/master_processing_dag.py for tasks to queue
[2026-03-07T22:53:36.031+0000] {logging_mixin.py:190} INFO - [2026-03-07T22:53:36.030+0000] {dagbag.py:588} INFO - Filling up the DagBag from /opt/airflow/dags/master_processing_dag.py
[2026-03-07T22:53:36.076+0000] {processor.py:925} INFO - DAG(s) '01_master_processing_pipeline' retrieved from /opt/airflow/dags/master_processing_dag.py
[2026-03-07T22:53:36.123+0000] {logging_mixin.py:190} INFO - [2026-03-07T22:53:36.123+0000] {dag.py:3239} INFO - Sync 1 DAGs
[2026-03-07T22:53:36.162+0000] {logging_mixin.py:190} INFO - [2026-03-07T22:53:36.162+0000] {dag.py:4180} INFO - Setting next_dagrun for 01_master_processing_pipeline to 2026-03-07 00:00:00+00:00, run_after=2026-03-08 00:00:00+00:00
[2026-03-07T22:53:36.199+0000] {processor.py:208} INFO - Processing /opt/airflow/dags/master_processing_dag.py took 0.187 seconds
[2026-03-07T22:54:06.549+0000] {processor.py:186} INFO - Started process (PID=1105) to work on /opt/airflow/dags/master_processing_dag.py
[2026-03-07T22:54:06.551+0000] {processor.py:914} INFO - Processing file /opt/airflow/dags/master_processing_dag.py for tasks to queue
[2026-03-07T22:54:06.555+0000] {logging_mixin.py:190} INFO - [2026-03-07T22:54:06.554+0000] {dagbag.py:588} INFO - Filling up the DagBag from /opt/airflow/dags/master_processing_dag.py
[2026-03-07T22:54:06.583+0000] {processor.py:925} INFO - DAG(s) '01_master_processing_pipeline' retrieved from /opt/airflow/dags/master_processing_dag.py
[2026-03-07T22:54:06.622+0000] {logging_mixin.py:190} INFO - [2026-03-07T22:54:06.622+0000] {dag.py:3239} INFO - Sync 1 DAGs
[2026-03-07T22:54:06.655+0000] {logging_mixin.py:190} INFO - [2026-03-07T22:54:06.654+0000] {dag.py:4180} INFO - Setting next_dagrun for 01_master_processing_pipeline to 2026-03-07 00:00:00+00:00, run_after=2026-03-08 00:00:00+00:00
[2026-03-07T22:54:06.684+0000] {processor.py:208} INFO - Processing /opt/airflow/dags/master_processing_dag.py took 0.141 seconds
[2026-03-07T22:54:36.992+0000] {processor.py:186} INFO - Started process (PID=1292) to work on /opt/airflow/dags/master_processing_dag.py
[2026-03-07T22:54:36.994+0000] {processor.py:914} INFO - Processing file /opt/airflow/dags/master_processing_dag.py for tasks to queue
[2026-03-07T22:54:36.998+0000] {logging_mixin.py:190} INFO - [2026-03-07T22:54:36.998+0000] {dagbag.py:588} INFO - Filling up the DagBag from /opt/airflow/dags/master_processing_dag.py
[2026-03-07T22:54:37.027+0000] {processor.py:925} INFO - DAG(s) '01_master_processing_pipeline' retrieved from /opt/airflow/dags/master_processing_dag.py
[2026-03-07T22:54:37.072+0000] {logging_mixin.py:190} INFO - [2026-03-07T22:54:37.071+0000] {dag.py:3239} INFO - Sync 1 DAGs
[2026-03-07T22:54:37.102+0000] {logging_mixin.py:190} INFO - [2026-03-07T22:54:37.102+0000] {dag.py:4180} INFO - Setting next_dagrun for 01_master_processing_pipeline to 2026-03-07 00:00:00+00:00, run_after=2026-03-08 00:00:00+00:00
[2026-03-07T22:54:37.132+0000] {processor.py:208} INFO - Processing /opt/airflow/dags/master_processing_dag.py took 0.148 seconds
[2026-03-07T22:55:07.425+0000] {processor.py:186} INFO - Started process (PID=1302) to work on /opt/airflow/dags/master_processing_dag.py
[2026-03-07T22:55:07.427+0000] {processor.py:914} INFO - Processing file /opt/airflow/dags/master_processing_dag.py for tasks to queue
[2026-03-07T22:55:07.430+0000] {logging_mixin.py:190} INFO - [2026-03-07T22:55:07.430+0000] {dagbag.py:588} INFO - Filling up the DagBag from /opt/airflow/dags/master_processing_dag.py
[2026-03-07T22:55:07.455+0000] {processor.py:925} INFO - DAG(s) '01_master_processing_pipeline' retrieved from /opt/airflow/dags/master_processing_dag.py
[2026-03-07T22:55:07.487+0000] {logging_mixin.py:190} INFO - [2026-03-07T22:55:07.487+0000] {dag.py:3239} INFO - Sync 1 DAGs
[2026-03-07T22:55:07.515+0000] {logging_mixin.py:190} INFO - [2026-03-07T22:55:07.515+0000] {dag.py:4180} INFO - Setting next_dagrun for 01_master_processing_pipeline to 2026-03-07 00:00:00+00:00, run_after=2026-03-08 00:00:00+00:00
[2026-03-07T22:55:07.544+0000] {processor.py:208} INFO - Processing /opt/airflow/dags/master_processing_dag.py took 0.127 seconds
[2026-03-07T22:55:37.941+0000] {processor.py:186} INFO - Started process (PID=1312) to work on /opt/airflow/dags/master_processing_dag.py
[2026-03-07T22:55:37.943+0000] {processor.py:914} INFO - Processing file /opt/airflow/dags/master_processing_dag.py for tasks to queue
[2026-03-07T22:55:37.945+0000] {logging_mixin.py:190} INFO - [2026-03-07T22:55:37.945+0000] {dagbag.py:588} INFO - Filling up the DagBag from /opt/airflow/dags/master_processing_dag.py
[2026-03-07T22:55:37.967+0000] {processor.py:925} INFO - DAG(s) '01_master_processing_pipeline' retrieved from /opt/airflow/dags/master_processing_dag.py
[2026-03-07T22:55:37.999+0000] {logging_mixin.py:190} INFO - [2026-03-07T22:55:37.999+0000] {dag.py:3239} INFO - Sync 1 DAGs
[2026-03-07T22:55:38.026+0000] {logging_mixin.py:190} INFO - [2026-03-07T22:55:38.026+0000] {dag.py:4180} INFO - Setting next_dagrun for 01_master_processing_pipeline to 2026-03-07 00:00:00+00:00, run_after=2026-03-08 00:00:00+00:00
[2026-03-07T22:55:38.053+0000] {processor.py:208} INFO - Processing /opt/airflow/dags/master_processing_dag.py took 0.118 seconds
[2026-03-07T22:56:08.377+0000] {processor.py:186} INFO - Started process (PID=1322) to work on /opt/airflow/dags/master_processing_dag.py
[2026-03-07T22:56:08.378+0000] {processor.py:914} INFO - Processing file /opt/airflow/dags/master_processing_dag.py for tasks to queue
[2026-03-07T22:56:08.381+0000] {logging_mixin.py:190} INFO - [2026-03-07T22:56:08.380+0000] {dagbag.py:588} INFO - Filling up the DagBag from /opt/airflow/dags/master_processing_dag.py
[2026-03-07T22:56:08.403+0000] {processor.py:925} INFO - DAG(s) '01_master_processing_pipeline' retrieved from /opt/airflow/dags/master_processing_dag.py
[2026-03-07T22:56:08.435+0000] {logging_mixin.py:190} INFO - [2026-03-07T22:56:08.435+0000] {dag.py:3239} INFO - Sync 1 DAGs
[2026-03-07T22:56:08.462+0000] {logging_mixin.py:190} INFO - [2026-03-07T22:56:08.462+0000] {dag.py:4180} INFO - Setting next_dagrun for 01_master_processing_pipeline to 2026-03-07 00:00:00+00:00, run_after=2026-03-08 00:00:00+00:00
[2026-03-07T22:56:08.493+0000] {processor.py:208} INFO - Processing /opt/airflow/dags/master_processing_dag.py took 0.122 seconds
[2026-03-07T22:56:38.812+0000] {processor.py:186} INFO - Started process (PID=1332) to work on /opt/airflow/dags/master_processing_dag.py
[2026-03-07T22:56:38.813+0000] {processor.py:914} INFO - Processing file /opt/airflow/dags/master_processing_dag.py for tasks to queue
[2026-03-07T22:56:38.816+0000] {logging_mixin.py:190} INFO - [2026-03-07T22:56:38.816+0000] {dagbag.py:588} INFO - Filling up the DagBag from /opt/airflow/dags/master_processing_dag.py
[2026-03-07T22:56:38.843+0000] {processor.py:925} INFO - DAG(s) '01_master_processing_pipeline' retrieved from /opt/airflow/dags/master_processing_dag.py
[2026-03-07T22:56:38.881+0000] {logging_mixin.py:190} INFO - [2026-03-07T22:56:38.880+0000] {dag.py:3239} INFO - Sync 1 DAGs
[2026-03-07T22:56:38.909+0000] {logging_mixin.py:190} INFO - [2026-03-07T22:56:38.909+0000] {dag.py:4180} INFO - Setting next_dagrun for 01_master_processing_pipeline to 2026-03-07 00:00:00+00:00, run_after=2026-03-08 00:00:00+00:00
[2026-03-07T22:56:38.938+0000] {processor.py:208} INFO - Processing /opt/airflow/dags/master_processing_dag.py took 0.135 seconds
[2026-03-07T22:57:09.205+0000] {processor.py:186} INFO - Started process (PID=1342) to work on /opt/airflow/dags/master_processing_dag.py
[2026-03-07T22:57:09.206+0000] {processor.py:914} INFO - Processing file /opt/airflow/dags/master_processing_dag.py for tasks to queue
[2026-03-07T22:57:09.210+0000] {logging_mixin.py:190} INFO - [2026-03-07T22:57:09.209+0000] {dagbag.py:588} INFO - Filling up the DagBag from /opt/airflow/dags/master_processing_dag.py
[2026-03-07T22:57:09.238+0000] {processor.py:925} INFO - DAG(s) '01_master_processing_pipeline' retrieved from /opt/airflow/dags/master_processing_dag.py
[2026-03-07T22:57:09.277+0000] {logging_mixin.py:190} INFO - [2026-03-07T22:57:09.276+0000] {dag.py:3239} INFO - Sync 1 DAGs
[2026-03-07T22:57:09.307+0000] {logging_mixin.py:190} INFO - [2026-03-07T22:57:09.307+0000] {dag.py:4180} INFO - Setting next_dagrun for 01_master_processing_pipeline to 2026-03-07 00:00:00+00:00, run_after=2026-03-08 00:00:00+00:00
[2026-03-07T22:57:09.343+0000] {processor.py:208} INFO - Processing /opt/airflow/dags/master_processing_dag.py took 0.145 seconds
[2026-03-07T22:57:39.735+0000] {processor.py:186} INFO - Started process (PID=1352) to work on /opt/airflow/dags/master_processing_dag.py
[2026-03-07T22:57:39.736+0000] {processor.py:914} INFO - Processing file /opt/airflow/dags/master_processing_dag.py for tasks to queue
[2026-03-07T22:57:39.738+0000] {logging_mixin.py:190} INFO - [2026-03-07T22:57:39.738+0000] {dagbag.py:588} INFO - Filling up the DagBag from /opt/airflow/dags/master_processing_dag.py
[2026-03-07T22:57:39.768+0000] {processor.py:925} INFO - DAG(s) '01_master_processing_pipeline' retrieved from /opt/airflow/dags/master_processing_dag.py
[2026-03-07T22:57:39.799+0000] {logging_mixin.py:190} INFO - [2026-03-07T22:57:39.799+0000] {dag.py:3239} INFO - Sync 1 DAGs
[2026-03-07T22:57:39.826+0000] {logging_mixin.py:190} INFO - [2026-03-07T22:57:39.826+0000] {dag.py:4180} INFO - Setting next_dagrun for 01_master_processing_pipeline to 2026-03-07 00:00:00+00:00, run_after=2026-03-08 00:00:00+00:00
[2026-03-07T22:57:39.857+0000] {processor.py:208} INFO - Processing /opt/airflow/dags/master_processing_dag.py took 0.130 seconds
[2026-03-07T22:58:10.178+0000] {processor.py:186} INFO - Started process (PID=1362) to work on /opt/airflow/dags/master_processing_dag.py
[2026-03-07T22:58:10.181+0000] {processor.py:914} INFO - Processing file /opt/airflow/dags/master_processing_dag.py for tasks to queue
[2026-03-07T22:58:10.186+0000] {logging_mixin.py:190} INFO - [2026-03-07T22:58:10.185+0000] {dagbag.py:588} INFO - Filling up the DagBag from /opt/airflow/dags/master_processing_dag.py
[2026-03-07T22:58:10.209+0000] {processor.py:925} INFO - DAG(s) '01_master_processing_pipeline' retrieved from /opt/airflow/dags/master_processing_dag.py
[2026-03-07T22:58:10.254+0000] {logging_mixin.py:190} INFO - [2026-03-07T22:58:10.254+0000] {dag.py:3239} INFO - Sync 1 DAGs
[2026-03-07T22:58:10.289+0000] {logging_mixin.py:190} INFO - [2026-03-07T22:58:10.289+0000] {dag.py:4180} INFO - Setting next_dagrun for 01_master_processing_pipeline to 2026-03-07 00:00:00+00:00, run_after=2026-03-08 00:00:00+00:00
[2026-03-07T22:58:10.323+0000] {processor.py:208} INFO - Processing /opt/airflow/dags/master_processing_dag.py took 0.154 seconds
[2026-03-07T22:58:40.702+0000] {processor.py:186} INFO - Started process (PID=1530) to work on /opt/airflow/dags/master_processing_dag.py
[2026-03-07T22:58:40.705+0000] {processor.py:914} INFO - Processing file /opt/airflow/dags/master_processing_dag.py for tasks to queue
[2026-03-07T22:58:40.710+0000] {logging_mixin.py:190} INFO - [2026-03-07T22:58:40.710+0000] {dagbag.py:588} INFO - Filling up the DagBag from /opt/airflow/dags/master_processing_dag.py
[2026-03-07T22:58:40.761+0000] {processor.py:925} INFO - DAG(s) '01_master_processing_pipeline' retrieved from /opt/airflow/dags/master_processing_dag.py
[2026-03-07T22:58:40.819+0000] {logging_mixin.py:190} INFO - [2026-03-07T22:58:40.818+0000] {dag.py:3239} INFO - Sync 1 DAGs
[2026-03-07T22:58:40.884+0000] {logging_mixin.py:190} INFO - [2026-03-07T22:58:40.883+0000] {dag.py:4180} INFO - Setting next_dagrun for 01_master_processing_pipeline to 2026-03-07 00:00:00+00:00, run_after=2026-03-08 00:00:00+00:00
[2026-03-07T22:58:40.923+0000] {processor.py:208} INFO - Processing /opt/airflow/dags/master_processing_dag.py took 0.240 seconds
[2026-03-07T22:59:11.068+0000] {processor.py:186} INFO - Started process (PID=1543) to work on /opt/airflow/dags/master_processing_dag.py
[2026-03-07T22:59:11.071+0000] {processor.py:914} INFO - Processing file /opt/airflow/dags/master_processing_dag.py for tasks to queue
[2026-03-07T22:59:11.077+0000] {logging_mixin.py:190} INFO - [2026-03-07T22:59:11.076+0000] {dagbag.py:588} INFO - Filling up the DagBag from /opt/airflow/dags/master_processing_dag.py
[2026-03-07T22:59:11.113+0000] {processor.py:925} INFO - DAG(s) '01_master_processing_pipeline' retrieved from /opt/airflow/dags/master_processing_dag.py
[2026-03-07T22:59:11.160+0000] {logging_mixin.py:190} INFO - [2026-03-07T22:59:11.159+0000] {dag.py:3239} INFO - Sync 1 DAGs
[2026-03-07T22:59:11.210+0000] {logging_mixin.py:190} INFO - [2026-03-07T22:59:11.209+0000] {dag.py:4180} INFO - Setting next_dagrun for 01_master_processing_pipeline to 2026-03-07 00:00:00+00:00, run_after=2026-03-08 00:00:00+00:00
[2026-03-07T22:59:11.250+0000] {processor.py:208} INFO - Processing /opt/airflow/dags/master_processing_dag.py took 0.193 seconds
[2026-03-07T22:59:41.780+0000] {processor.py:186} INFO - Started process (PID=1553) to work on /opt/airflow/dags/master_processing_dag.py
[2026-03-07T22:59:41.781+0000] {processor.py:914} INFO - Processing file /opt/airflow/dags/master_processing_dag.py for tasks to queue
[2026-03-07T22:59:41.783+0000] {logging_mixin.py:190} INFO - [2026-03-07T22:59:41.783+0000] {dagbag.py:588} INFO - Filling up the DagBag from /opt/airflow/dags/master_processing_dag.py
[2026-03-07T22:59:41.804+0000] {processor.py:925} INFO - DAG(s) '01_master_processing_pipeline' retrieved from /opt/airflow/dags/master_processing_dag.py
[2026-03-07T22:59:41.837+0000] {logging_mixin.py:190} INFO - [2026-03-07T22:59:41.837+0000] {dag.py:3239} INFO - Sync 1 DAGs
[2026-03-07T22:59:41.864+0000] {logging_mixin.py:190} INFO - [2026-03-07T22:59:41.864+0000] {dag.py:4180} INFO - Setting next_dagrun for 01_master_processing_pipeline to 2026-03-07 00:00:00+00:00, run_after=2026-03-08 00:00:00+00:00
[2026-03-07T22:59:41.896+0000] {processor.py:208} INFO - Processing /opt/airflow/dags/master_processing_dag.py took 0.124 seconds
