[2026-03-07T22:39:19.619+0000] {processor.py:186} INFO - Started process (PID=171) to work on /opt/airflow/dags/music_ingestion_dag.py
[2026-03-07T22:39:19.635+0000] {processor.py:914} INFO - Processing file /opt/airflow/dags/music_ingestion_dag.py for tasks to queue
[2026-03-07T22:39:19.647+0000] {logging_mixin.py:190} INFO - [2026-03-07T22:39:19.646+0000] {dagbag.py:588} INFO - Filling up the DagBag from /opt/airflow/dags/music_ingestion_dag.py
[2026-03-07T22:39:19.765+0000] {processor.py:925} INFO - DAG(s) '01_music_ingestion_realtime' retrieved from /opt/airflow/dags/music_ingestion_dag.py
[2026-03-07T22:39:20.074+0000] {logging_mixin.py:190} INFO - [2026-03-07T22:39:20.074+0000] {dag.py:3239} INFO - Sync 1 DAGs
[2026-03-07T22:39:20.198+0000] {logging_mixin.py:190} INFO - [2026-03-07T22:39:20.197+0000] {dag.py:4180} INFO - Setting next_dagrun for 01_music_ingestion_realtime to 2026-03-07 21:00:00+00:00, run_after=2026-03-07 22:00:00+00:00
[2026-03-07T22:39:20.275+0000] {processor.py:208} INFO - Processing /opt/airflow/dags/music_ingestion_dag.py took 0.707 seconds
[2026-03-07T22:39:51.489+0000] {processor.py:186} INFO - Started process (PID=253) to work on /opt/airflow/dags/music_ingestion_dag.py
[2026-03-07T22:39:51.500+0000] {processor.py:914} INFO - Processing file /opt/airflow/dags/music_ingestion_dag.py for tasks to queue
[2026-03-07T22:39:51.512+0000] {logging_mixin.py:190} INFO - [2026-03-07T22:39:51.508+0000] {dagbag.py:588} INFO - Filling up the DagBag from /opt/airflow/dags/music_ingestion_dag.py
[2026-03-07T22:39:52.074+0000] {processor.py:925} INFO - DAG(s) '01_music_ingestion_realtime' retrieved from /opt/airflow/dags/music_ingestion_dag.py
[2026-03-07T22:39:52.497+0000] {logging_mixin.py:190} INFO - [2026-03-07T22:39:52.492+0000] {dag.py:3239} INFO - Sync 1 DAGs
[2026-03-07T22:39:52.800+0000] {logging_mixin.py:190} INFO - [2026-03-07T22:39:52.797+0000] {dag.py:4180} INFO - Setting next_dagrun for 01_music_ingestion_realtime to 2026-03-07 21:00:00+00:00, run_after=2026-03-07 22:00:00+00:00
[2026-03-07T22:39:52.981+0000] {processor.py:208} INFO - Processing /opt/airflow/dags/music_ingestion_dag.py took 1.692 seconds
[2026-03-07T22:40:23.988+0000] {processor.py:186} INFO - Started process (PID=271) to work on /opt/airflow/dags/music_ingestion_dag.py
[2026-03-07T22:40:24.005+0000] {processor.py:914} INFO - Processing file /opt/airflow/dags/music_ingestion_dag.py for tasks to queue
[2026-03-07T22:40:25.797+0000] {logging_mixin.py:190} INFO - [2026-03-07T22:40:24.427+0000] {dagbag.py:588} INFO - Filling up the DagBag from /opt/airflow/dags/music_ingestion_dag.py
[2026-03-07T22:40:36.694+0000] {processor.py:925} INFO - DAG(s) '01_music_ingestion_realtime' retrieved from /opt/airflow/dags/music_ingestion_dag.py
[2026-03-07T22:40:50.585+0000] {logging_mixin.py:190} INFO - [2026-03-07T22:40:50.584+0000] {dag.py:3239} INFO - Sync 1 DAGs
[2026-03-07T22:40:50.727+0000] {logging_mixin.py:190} INFO - [2026-03-07T22:40:50.727+0000] {dag.py:4180} INFO - Setting next_dagrun for 01_music_ingestion_realtime to 2026-03-07 21:00:00+00:00, run_after=2026-03-07 22:00:00+00:00
[2026-03-07T22:40:50.858+0000] {processor.py:208} INFO - Processing /opt/airflow/dags/music_ingestion_dag.py took 26.925 seconds
[2026-03-07T22:41:37.323+0000] {processor.py:186} INFO - Started process (PID=346) to work on /opt/airflow/dags/music_ingestion_dag.py
[2026-03-07T22:41:37.349+0000] {processor.py:914} INFO - Processing file /opt/airflow/dags/music_ingestion_dag.py for tasks to queue
[2026-03-07T22:41:37.804+0000] {logging_mixin.py:190} INFO - [2026-03-07T22:41:37.370+0000] {dagbag.py:588} INFO - Filling up the DagBag from /opt/airflow/dags/music_ingestion_dag.py
[2026-03-07T22:41:42.302+0000] {processor.py:925} INFO - DAG(s) '01_music_ingestion_realtime' retrieved from /opt/airflow/dags/music_ingestion_dag.py
[2026-03-07T22:41:43.226+0000] {logging_mixin.py:190} INFO - [2026-03-07T22:41:43.225+0000] {dag.py:3239} INFO - Sync 1 DAGs
[2026-03-07T22:41:43.332+0000] {logging_mixin.py:190} INFO - [2026-03-07T22:41:43.332+0000] {dag.py:4180} INFO - Setting next_dagrun for 01_music_ingestion_realtime to 2026-03-07 21:00:00+00:00, run_after=2026-03-07 22:00:00+00:00
[2026-03-07T22:41:43.413+0000] {processor.py:208} INFO - Processing /opt/airflow/dags/music_ingestion_dag.py took 21.301 seconds
[2026-03-07T22:42:14.167+0000] {processor.py:186} INFO - Started process (PID=481) to work on /opt/airflow/dags/music_ingestion_dag.py
[2026-03-07T22:42:14.171+0000] {processor.py:914} INFO - Processing file /opt/airflow/dags/music_ingestion_dag.py for tasks to queue
[2026-03-07T22:42:14.187+0000] {logging_mixin.py:190} INFO - [2026-03-07T22:42:14.186+0000] {dagbag.py:588} INFO - Filling up the DagBag from /opt/airflow/dags/music_ingestion_dag.py
[2026-03-07T22:42:14.370+0000] {processor.py:925} INFO - DAG(s) '01_music_ingestion_realtime' retrieved from /opt/airflow/dags/music_ingestion_dag.py
[2026-03-07T22:42:14.608+0000] {logging_mixin.py:190} INFO - [2026-03-07T22:42:14.607+0000] {dag.py:3239} INFO - Sync 1 DAGs
[2026-03-07T22:42:14.824+0000] {logging_mixin.py:190} INFO - [2026-03-07T22:42:14.823+0000] {dag.py:4180} INFO - Setting next_dagrun for 01_music_ingestion_realtime to 2026-03-07 21:00:00+00:00, run_after=2026-03-07 22:00:00+00:00
[2026-03-07T22:42:14.879+0000] {processor.py:208} INFO - Processing /opt/airflow/dags/music_ingestion_dag.py took 0.732 seconds
[2026-03-07T22:42:48.218+0000] {processor.py:186} INFO - Started process (PID=531) to work on /opt/airflow/dags/music_ingestion_dag.py
[2026-03-07T22:42:48.222+0000] {processor.py:914} INFO - Processing file /opt/airflow/dags/music_ingestion_dag.py for tasks to queue
[2026-03-07T22:42:48.235+0000] {logging_mixin.py:190} INFO - [2026-03-07T22:42:48.233+0000] {dagbag.py:588} INFO - Filling up the DagBag from /opt/airflow/dags/music_ingestion_dag.py
[2026-03-07T22:42:48.400+0000] {processor.py:925} INFO - DAG(s) '01_music_ingestion_realtime' retrieved from /opt/airflow/dags/music_ingestion_dag.py
[2026-03-07T22:42:51.593+0000] {logging_mixin.py:190} INFO - [2026-03-07T22:42:51.593+0000] {dag.py:3239} INFO - Sync 1 DAGs
[2026-03-07T22:42:52.424+0000] {logging_mixin.py:190} INFO - [2026-03-07T22:42:52.424+0000] {dag.py:4180} INFO - Setting next_dagrun for 01_music_ingestion_realtime to 2026-03-07 21:00:00+00:00, run_after=2026-03-07 22:00:00+00:00
[2026-03-07T22:42:52.484+0000] {processor.py:208} INFO - Processing /opt/airflow/dags/music_ingestion_dag.py took 4.309 seconds
[2026-03-07T22:43:24.197+0000] {processor.py:186} INFO - Started process (PID=629) to work on /opt/airflow/dags/music_ingestion_dag.py
[2026-03-07T22:43:24.203+0000] {processor.py:914} INFO - Processing file /opt/airflow/dags/music_ingestion_dag.py for tasks to queue
[2026-03-07T22:43:24.224+0000] {logging_mixin.py:190} INFO - [2026-03-07T22:43:24.218+0000] {dagbag.py:588} INFO - Filling up the DagBag from /opt/airflow/dags/music_ingestion_dag.py
[2026-03-07T22:43:24.330+0000] {processor.py:925} INFO - DAG(s) '01_music_ingestion_realtime' retrieved from /opt/airflow/dags/music_ingestion_dag.py
[2026-03-07T22:43:24.472+0000] {logging_mixin.py:190} INFO - [2026-03-07T22:43:24.472+0000] {dag.py:3239} INFO - Sync 1 DAGs
[2026-03-07T22:43:24.543+0000] {logging_mixin.py:190} INFO - [2026-03-07T22:43:24.542+0000] {dag.py:4180} INFO - Setting next_dagrun for 01_music_ingestion_realtime to 2026-03-07 21:00:00+00:00, run_after=2026-03-07 22:00:00+00:00
[2026-03-07T22:43:24.578+0000] {processor.py:208} INFO - Processing /opt/airflow/dags/music_ingestion_dag.py took 0.435 seconds
[2026-03-07T22:43:55.083+0000] {processor.py:186} INFO - Started process (PID=904) to work on /opt/airflow/dags/music_ingestion_dag.py
[2026-03-07T22:43:55.090+0000] {processor.py:914} INFO - Processing file /opt/airflow/dags/music_ingestion_dag.py for tasks to queue
[2026-03-07T22:43:55.101+0000] {logging_mixin.py:190} INFO - [2026-03-07T22:43:55.098+0000] {dagbag.py:588} INFO - Filling up the DagBag from /opt/airflow/dags/music_ingestion_dag.py
[2026-03-07T22:43:55.228+0000] {processor.py:925} INFO - DAG(s) '01_music_ingestion_realtime' retrieved from /opt/airflow/dags/music_ingestion_dag.py
[2026-03-07T22:43:55.335+0000] {logging_mixin.py:190} INFO - [2026-03-07T22:43:55.334+0000] {dag.py:3239} INFO - Sync 1 DAGs
[2026-03-07T22:43:55.424+0000] {logging_mixin.py:190} INFO - [2026-03-07T22:43:55.423+0000] {dag.py:4180} INFO - Setting next_dagrun for 01_music_ingestion_realtime to 2026-03-07 21:00:00+00:00, run_after=2026-03-07 22:00:00+00:00
[2026-03-07T22:43:55.463+0000] {processor.py:208} INFO - Processing /opt/airflow/dags/music_ingestion_dag.py took 0.388 seconds
[2026-03-07T22:44:25.801+0000] {processor.py:186} INFO - Started process (PID=918) to work on /opt/airflow/dags/music_ingestion_dag.py
[2026-03-07T22:44:25.906+0000] {processor.py:914} INFO - Processing file /opt/airflow/dags/music_ingestion_dag.py for tasks to queue
[2026-03-07T22:44:25.910+0000] {logging_mixin.py:190} INFO - [2026-03-07T22:44:25.909+0000] {dagbag.py:588} INFO - Filling up the DagBag from /opt/airflow/dags/music_ingestion_dag.py
[2026-03-07T22:44:25.990+0000] {processor.py:925} INFO - DAG(s) '01_music_ingestion_realtime' retrieved from /opt/airflow/dags/music_ingestion_dag.py
[2026-03-07T22:44:26.165+0000] {logging_mixin.py:190} INFO - [2026-03-07T22:44:26.164+0000] {dag.py:3239} INFO - Sync 1 DAGs
[2026-03-07T22:44:26.262+0000] {logging_mixin.py:190} INFO - [2026-03-07T22:44:26.262+0000] {dag.py:4180} INFO - Setting next_dagrun for 01_music_ingestion_realtime to 2026-03-07 21:00:00+00:00, run_after=2026-03-07 22:00:00+00:00
[2026-03-07T22:44:26.607+0000] {processor.py:208} INFO - Processing /opt/airflow/dags/music_ingestion_dag.py took 0.984 seconds
[2026-03-07T22:44:57.775+0000] {processor.py:186} INFO - Started process (PID=928) to work on /opt/airflow/dags/music_ingestion_dag.py
[2026-03-07T22:44:57.777+0000] {processor.py:914} INFO - Processing file /opt/airflow/dags/music_ingestion_dag.py for tasks to queue
[2026-03-07T22:44:57.781+0000] {logging_mixin.py:190} INFO - [2026-03-07T22:44:57.781+0000] {dagbag.py:588} INFO - Filling up the DagBag from /opt/airflow/dags/music_ingestion_dag.py
[2026-03-07T22:44:57.820+0000] {processor.py:925} INFO - DAG(s) '01_music_ingestion_realtime' retrieved from /opt/airflow/dags/music_ingestion_dag.py
[2026-03-07T22:44:57.861+0000] {logging_mixin.py:190} INFO - [2026-03-07T22:44:57.861+0000] {dag.py:3239} INFO - Sync 1 DAGs
[2026-03-07T22:44:57.899+0000] {logging_mixin.py:190} INFO - [2026-03-07T22:44:57.898+0000] {dag.py:4180} INFO - Setting next_dagrun for 01_music_ingestion_realtime to 2026-03-07 21:00:00+00:00, run_after=2026-03-07 22:00:00+00:00
[2026-03-07T22:44:57.924+0000] {processor.py:208} INFO - Processing /opt/airflow/dags/music_ingestion_dag.py took 0.164 seconds
[2026-03-07T22:45:28.184+0000] {processor.py:186} INFO - Started process (PID=938) to work on /opt/airflow/dags/music_ingestion_dag.py
[2026-03-07T22:45:28.185+0000] {processor.py:914} INFO - Processing file /opt/airflow/dags/music_ingestion_dag.py for tasks to queue
[2026-03-07T22:45:28.189+0000] {logging_mixin.py:190} INFO - [2026-03-07T22:45:28.189+0000] {dagbag.py:588} INFO - Filling up the DagBag from /opt/airflow/dags/music_ingestion_dag.py
[2026-03-07T22:45:28.218+0000] {processor.py:925} INFO - DAG(s) '01_music_ingestion_realtime' retrieved from /opt/airflow/dags/music_ingestion_dag.py
[2026-03-07T22:45:28.272+0000] {logging_mixin.py:190} INFO - [2026-03-07T22:45:28.272+0000] {dag.py:3239} INFO - Sync 1 DAGs
[2026-03-07T22:45:28.314+0000] {logging_mixin.py:190} INFO - [2026-03-07T22:45:28.313+0000] {dag.py:4180} INFO - Setting next_dagrun for 01_music_ingestion_realtime to 2026-03-07 21:00:00+00:00, run_after=2026-03-07 22:00:00+00:00
[2026-03-07T22:45:28.368+0000] {processor.py:208} INFO - Processing /opt/airflow/dags/music_ingestion_dag.py took 0.191 seconds
[2026-03-07T22:45:58.747+0000] {processor.py:186} INFO - Started process (PID=948) to work on /opt/airflow/dags/music_ingestion_dag.py
[2026-03-07T22:45:58.748+0000] {processor.py:914} INFO - Processing file /opt/airflow/dags/music_ingestion_dag.py for tasks to queue
[2026-03-07T22:45:58.751+0000] {logging_mixin.py:190} INFO - [2026-03-07T22:45:58.750+0000] {dagbag.py:588} INFO - Filling up the DagBag from /opt/airflow/dags/music_ingestion_dag.py
[2026-03-07T22:45:58.775+0000] {processor.py:925} INFO - DAG(s) '01_music_ingestion_realtime' retrieved from /opt/airflow/dags/music_ingestion_dag.py
[2026-03-07T22:45:58.810+0000] {logging_mixin.py:190} INFO - [2026-03-07T22:45:58.810+0000] {dag.py:3239} INFO - Sync 1 DAGs
[2026-03-07T22:45:58.849+0000] {logging_mixin.py:190} INFO - [2026-03-07T22:45:58.849+0000] {dag.py:4180} INFO - Setting next_dagrun for 01_music_ingestion_realtime to 2026-03-07 21:00:00+00:00, run_after=2026-03-07 22:00:00+00:00
[2026-03-07T22:45:58.877+0000] {processor.py:208} INFO - Processing /opt/airflow/dags/music_ingestion_dag.py took 0.137 seconds
[2026-03-07T22:46:29.174+0000] {processor.py:186} INFO - Started process (PID=958) to work on /opt/airflow/dags/music_ingestion_dag.py
[2026-03-07T22:46:29.176+0000] {processor.py:914} INFO - Processing file /opt/airflow/dags/music_ingestion_dag.py for tasks to queue
[2026-03-07T22:46:29.179+0000] {logging_mixin.py:190} INFO - [2026-03-07T22:46:29.179+0000] {dagbag.py:588} INFO - Filling up the DagBag from /opt/airflow/dags/music_ingestion_dag.py
[2026-03-07T22:46:29.199+0000] {processor.py:925} INFO - DAG(s) '01_music_ingestion_realtime' retrieved from /opt/airflow/dags/music_ingestion_dag.py
[2026-03-07T22:46:29.232+0000] {logging_mixin.py:190} INFO - [2026-03-07T22:46:29.231+0000] {dag.py:3239} INFO - Sync 1 DAGs
[2026-03-07T22:46:29.259+0000] {logging_mixin.py:190} INFO - [2026-03-07T22:46:29.259+0000] {dag.py:4180} INFO - Setting next_dagrun for 01_music_ingestion_realtime to 2026-03-07 21:00:00+00:00, run_after=2026-03-07 22:00:00+00:00
[2026-03-07T22:46:29.298+0000] {processor.py:208} INFO - Processing /opt/airflow/dags/music_ingestion_dag.py took 0.133 seconds
[2026-03-07T22:46:59.709+0000] {processor.py:186} INFO - Started process (PID=968) to work on /opt/airflow/dags/music_ingestion_dag.py
[2026-03-07T22:46:59.711+0000] {processor.py:914} INFO - Processing file /opt/airflow/dags/music_ingestion_dag.py for tasks to queue
[2026-03-07T22:46:59.716+0000] {logging_mixin.py:190} INFO - [2026-03-07T22:46:59.715+0000] {dagbag.py:588} INFO - Filling up the DagBag from /opt/airflow/dags/music_ingestion_dag.py
[2026-03-07T22:46:59.746+0000] {processor.py:925} INFO - DAG(s) '01_music_ingestion_realtime' retrieved from /opt/airflow/dags/music_ingestion_dag.py
[2026-03-07T22:46:59.784+0000] {logging_mixin.py:190} INFO - [2026-03-07T22:46:59.784+0000] {dag.py:3239} INFO - Sync 1 DAGs
[2026-03-07T22:46:59.816+0000] {logging_mixin.py:190} INFO - [2026-03-07T22:46:59.816+0000] {dag.py:4180} INFO - Setting next_dagrun for 01_music_ingestion_realtime to 2026-03-07 21:00:00+00:00, run_after=2026-03-07 22:00:00+00:00
[2026-03-07T22:46:59.842+0000] {processor.py:208} INFO - Processing /opt/airflow/dags/music_ingestion_dag.py took 0.140 seconds
[2026-03-07T22:47:30.107+0000] {processor.py:186} INFO - Started process (PID=978) to work on /opt/airflow/dags/music_ingestion_dag.py
[2026-03-07T22:47:30.108+0000] {processor.py:914} INFO - Processing file /opt/airflow/dags/music_ingestion_dag.py for tasks to queue
[2026-03-07T22:47:30.112+0000] {logging_mixin.py:190} INFO - [2026-03-07T22:47:30.112+0000] {dagbag.py:588} INFO - Filling up the DagBag from /opt/airflow/dags/music_ingestion_dag.py
[2026-03-07T22:47:30.140+0000] {processor.py:925} INFO - DAG(s) '01_music_ingestion_realtime' retrieved from /opt/airflow/dags/music_ingestion_dag.py
[2026-03-07T22:47:30.177+0000] {logging_mixin.py:190} INFO - [2026-03-07T22:47:30.177+0000] {dag.py:3239} INFO - Sync 1 DAGs
[2026-03-07T22:47:30.211+0000] {logging_mixin.py:190} INFO - [2026-03-07T22:47:30.211+0000] {dag.py:4180} INFO - Setting next_dagrun for 01_music_ingestion_realtime to 2026-03-07 21:00:00+00:00, run_after=2026-03-07 22:00:00+00:00
[2026-03-07T22:47:30.244+0000] {processor.py:208} INFO - Processing /opt/airflow/dags/music_ingestion_dag.py took 0.145 seconds
[2026-03-07T22:48:00.623+0000] {processor.py:186} INFO - Started process (PID=988) to work on /opt/airflow/dags/music_ingestion_dag.py
[2026-03-07T22:48:00.624+0000] {processor.py:914} INFO - Processing file /opt/airflow/dags/music_ingestion_dag.py for tasks to queue
[2026-03-07T22:48:00.627+0000] {logging_mixin.py:190} INFO - [2026-03-07T22:48:00.627+0000] {dagbag.py:588} INFO - Filling up the DagBag from /opt/airflow/dags/music_ingestion_dag.py
[2026-03-07T22:48:00.648+0000] {processor.py:925} INFO - DAG(s) '01_music_ingestion_realtime' retrieved from /opt/airflow/dags/music_ingestion_dag.py
[2026-03-07T22:48:00.679+0000] {logging_mixin.py:190} INFO - [2026-03-07T22:48:00.678+0000] {dag.py:3239} INFO - Sync 1 DAGs
[2026-03-07T22:48:00.706+0000] {logging_mixin.py:190} INFO - [2026-03-07T22:48:00.706+0000] {dag.py:4180} INFO - Setting next_dagrun for 01_music_ingestion_realtime to 2026-03-07 21:00:00+00:00, run_after=2026-03-07 22:00:00+00:00
[2026-03-07T22:48:00.730+0000] {processor.py:208} INFO - Processing /opt/airflow/dags/music_ingestion_dag.py took 0.113 seconds
[2026-03-07T22:48:31.059+0000] {processor.py:186} INFO - Started process (PID=998) to work on /opt/airflow/dags/music_ingestion_dag.py
[2026-03-07T22:48:31.061+0000] {processor.py:914} INFO - Processing file /opt/airflow/dags/music_ingestion_dag.py for tasks to queue
[2026-03-07T22:48:31.063+0000] {logging_mixin.py:190} INFO - [2026-03-07T22:48:31.063+0000] {dagbag.py:588} INFO - Filling up the DagBag from /opt/airflow/dags/music_ingestion_dag.py
[2026-03-07T22:48:31.088+0000] {processor.py:925} INFO - DAG(s) '01_music_ingestion_realtime' retrieved from /opt/airflow/dags/music_ingestion_dag.py
[2026-03-07T22:48:31.125+0000] {logging_mixin.py:190} INFO - [2026-03-07T22:48:31.124+0000] {dag.py:3239} INFO - Sync 1 DAGs
[2026-03-07T22:48:31.157+0000] {logging_mixin.py:190} INFO - [2026-03-07T22:48:31.157+0000] {dag.py:4180} INFO - Setting next_dagrun for 01_music_ingestion_realtime to 2026-03-07 21:00:00+00:00, run_after=2026-03-07 22:00:00+00:00
[2026-03-07T22:48:31.187+0000] {processor.py:208} INFO - Processing /opt/airflow/dags/music_ingestion_dag.py took 0.135 seconds
[2026-03-07T22:49:01.669+0000] {processor.py:186} INFO - Started process (PID=1008) to work on /opt/airflow/dags/music_ingestion_dag.py
[2026-03-07T22:49:01.670+0000] {processor.py:914} INFO - Processing file /opt/airflow/dags/music_ingestion_dag.py for tasks to queue
[2026-03-07T22:49:01.673+0000] {logging_mixin.py:190} INFO - [2026-03-07T22:49:01.673+0000] {dagbag.py:588} INFO - Filling up the DagBag from /opt/airflow/dags/music_ingestion_dag.py
[2026-03-07T22:49:01.694+0000] {processor.py:925} INFO - DAG(s) '01_music_ingestion_realtime' retrieved from /opt/airflow/dags/music_ingestion_dag.py
[2026-03-07T22:49:01.726+0000] {logging_mixin.py:190} INFO - [2026-03-07T22:49:01.725+0000] {dag.py:3239} INFO - Sync 1 DAGs
[2026-03-07T22:49:01.753+0000] {logging_mixin.py:190} INFO - [2026-03-07T22:49:01.753+0000] {dag.py:4180} INFO - Setting next_dagrun for 01_music_ingestion_realtime to 2026-03-07 21:00:00+00:00, run_after=2026-03-07 22:00:00+00:00
[2026-03-07T22:49:01.780+0000] {processor.py:208} INFO - Processing /opt/airflow/dags/music_ingestion_dag.py took 0.117 seconds
[2026-03-07T22:49:32.134+0000] {processor.py:186} INFO - Started process (PID=1018) to work on /opt/airflow/dags/music_ingestion_dag.py
[2026-03-07T22:49:32.135+0000] {processor.py:914} INFO - Processing file /opt/airflow/dags/music_ingestion_dag.py for tasks to queue
[2026-03-07T22:49:32.138+0000] {logging_mixin.py:190} INFO - [2026-03-07T22:49:32.138+0000] {dagbag.py:588} INFO - Filling up the DagBag from /opt/airflow/dags/music_ingestion_dag.py
[2026-03-07T22:49:32.160+0000] {processor.py:925} INFO - DAG(s) '01_music_ingestion_realtime' retrieved from /opt/airflow/dags/music_ingestion_dag.py
[2026-03-07T22:49:32.194+0000] {logging_mixin.py:190} INFO - [2026-03-07T22:49:32.194+0000] {dag.py:3239} INFO - Sync 1 DAGs
[2026-03-07T22:49:32.225+0000] {logging_mixin.py:190} INFO - [2026-03-07T22:49:32.224+0000] {dag.py:4180} INFO - Setting next_dagrun for 01_music_ingestion_realtime to 2026-03-07 21:00:00+00:00, run_after=2026-03-07 22:00:00+00:00
[2026-03-07T22:49:32.256+0000] {processor.py:208} INFO - Processing /opt/airflow/dags/music_ingestion_dag.py took 0.129 seconds
[2026-03-07T22:50:02.627+0000] {processor.py:186} INFO - Started process (PID=1028) to work on /opt/airflow/dags/music_ingestion_dag.py
[2026-03-07T22:50:02.628+0000] {processor.py:914} INFO - Processing file /opt/airflow/dags/music_ingestion_dag.py for tasks to queue
[2026-03-07T22:50:02.631+0000] {logging_mixin.py:190} INFO - [2026-03-07T22:50:02.631+0000] {dagbag.py:588} INFO - Filling up the DagBag from /opt/airflow/dags/music_ingestion_dag.py
[2026-03-07T22:50:02.654+0000] {processor.py:925} INFO - DAG(s) '01_music_ingestion_realtime' retrieved from /opt/airflow/dags/music_ingestion_dag.py
[2026-03-07T22:50:02.686+0000] {logging_mixin.py:190} INFO - [2026-03-07T22:50:02.686+0000] {dag.py:3239} INFO - Sync 1 DAGs
[2026-03-07T22:50:02.714+0000] {logging_mixin.py:190} INFO - [2026-03-07T22:50:02.713+0000] {dag.py:4180} INFO - Setting next_dagrun for 01_music_ingestion_realtime to 2026-03-07 21:00:00+00:00, run_after=2026-03-07 22:00:00+00:00
[2026-03-07T22:50:02.743+0000] {processor.py:208} INFO - Processing /opt/airflow/dags/music_ingestion_dag.py took 0.121 seconds
[2026-03-07T22:50:33.033+0000] {processor.py:186} INFO - Started process (PID=1038) to work on /opt/airflow/dags/music_ingestion_dag.py
[2026-03-07T22:50:33.035+0000] {processor.py:914} INFO - Processing file /opt/airflow/dags/music_ingestion_dag.py for tasks to queue
[2026-03-07T22:50:33.038+0000] {logging_mixin.py:190} INFO - [2026-03-07T22:50:33.038+0000] {dagbag.py:588} INFO - Filling up the DagBag from /opt/airflow/dags/music_ingestion_dag.py
[2026-03-07T22:50:33.059+0000] {processor.py:925} INFO - DAG(s) '01_music_ingestion_realtime' retrieved from /opt/airflow/dags/music_ingestion_dag.py
[2026-03-07T22:50:33.093+0000] {logging_mixin.py:190} INFO - [2026-03-07T22:50:33.092+0000] {dag.py:3239} INFO - Sync 1 DAGs
[2026-03-07T22:50:33.123+0000] {logging_mixin.py:190} INFO - [2026-03-07T22:50:33.123+0000] {dag.py:4180} INFO - Setting next_dagrun for 01_music_ingestion_realtime to 2026-03-07 21:00:00+00:00, run_after=2026-03-07 22:00:00+00:00
[2026-03-07T22:50:33.151+0000] {processor.py:208} INFO - Processing /opt/airflow/dags/music_ingestion_dag.py took 0.125 seconds
[2026-03-07T22:51:03.530+0000] {processor.py:186} INFO - Started process (PID=1048) to work on /opt/airflow/dags/music_ingestion_dag.py
[2026-03-07T22:51:03.532+0000] {processor.py:914} INFO - Processing file /opt/airflow/dags/music_ingestion_dag.py for tasks to queue
[2026-03-07T22:51:03.538+0000] {logging_mixin.py:190} INFO - [2026-03-07T22:51:03.537+0000] {dagbag.py:588} INFO - Filling up the DagBag from /opt/airflow/dags/music_ingestion_dag.py
[2026-03-07T22:51:03.571+0000] {processor.py:925} INFO - DAG(s) '01_music_ingestion_realtime' retrieved from /opt/airflow/dags/music_ingestion_dag.py
[2026-03-07T22:51:03.623+0000] {logging_mixin.py:190} INFO - [2026-03-07T22:51:03.623+0000] {dag.py:3239} INFO - Sync 1 DAGs
[2026-03-07T22:51:03.663+0000] {logging_mixin.py:190} INFO - [2026-03-07T22:51:03.662+0000] {dag.py:4180} INFO - Setting next_dagrun for 01_music_ingestion_realtime to 2026-03-07 21:00:00+00:00, run_after=2026-03-07 22:00:00+00:00
[2026-03-07T22:51:03.694+0000] {processor.py:208} INFO - Processing /opt/airflow/dags/music_ingestion_dag.py took 0.173 seconds
[2026-03-07T22:51:33.981+0000] {processor.py:186} INFO - Started process (PID=1058) to work on /opt/airflow/dags/music_ingestion_dag.py
[2026-03-07T22:51:33.992+0000] {processor.py:914} INFO - Processing file /opt/airflow/dags/music_ingestion_dag.py for tasks to queue
[2026-03-07T22:51:34.007+0000] {logging_mixin.py:190} INFO - [2026-03-07T22:51:34.005+0000] {dagbag.py:588} INFO - Filling up the DagBag from /opt/airflow/dags/music_ingestion_dag.py
[2026-03-07T22:51:34.066+0000] {processor.py:925} INFO - DAG(s) '01_music_ingestion_realtime' retrieved from /opt/airflow/dags/music_ingestion_dag.py
[2026-03-07T22:51:34.139+0000] {logging_mixin.py:190} INFO - [2026-03-07T22:51:34.139+0000] {dag.py:3239} INFO - Sync 1 DAGs
[2026-03-07T22:51:34.191+0000] {logging_mixin.py:190} INFO - [2026-03-07T22:51:34.191+0000] {dag.py:4180} INFO - Setting next_dagrun for 01_music_ingestion_realtime to 2026-03-07 21:00:00+00:00, run_after=2026-03-07 22:00:00+00:00
[2026-03-07T22:51:34.221+0000] {processor.py:208} INFO - Processing /opt/airflow/dags/music_ingestion_dag.py took 0.264 seconds
[2026-03-07T22:52:04.491+0000] {processor.py:186} INFO - Started process (PID=1068) to work on /opt/airflow/dags/music_ingestion_dag.py
[2026-03-07T22:52:04.500+0000] {processor.py:914} INFO - Processing file /opt/airflow/dags/music_ingestion_dag.py for tasks to queue
[2026-03-07T22:52:04.516+0000] {logging_mixin.py:190} INFO - [2026-03-07T22:52:04.514+0000] {dagbag.py:588} INFO - Filling up the DagBag from /opt/airflow/dags/music_ingestion_dag.py
[2026-03-07T22:52:04.604+0000] {processor.py:925} INFO - DAG(s) '01_music_ingestion_realtime' retrieved from /opt/airflow/dags/music_ingestion_dag.py
[2026-03-07T22:52:04.690+0000] {logging_mixin.py:190} INFO - [2026-03-07T22:52:04.690+0000] {dag.py:3239} INFO - Sync 1 DAGs
[2026-03-07T22:52:04.732+0000] {logging_mixin.py:190} INFO - [2026-03-07T22:52:04.731+0000] {dag.py:4180} INFO - Setting next_dagrun for 01_music_ingestion_realtime to 2026-03-07 21:00:00+00:00, run_after=2026-03-07 22:00:00+00:00
[2026-03-07T22:52:04.758+0000] {processor.py:208} INFO - Processing /opt/airflow/dags/music_ingestion_dag.py took 0.295 seconds
[2026-03-07T22:52:35.015+0000] {processor.py:186} INFO - Started process (PID=1078) to work on /opt/airflow/dags/music_ingestion_dag.py
[2026-03-07T22:52:35.017+0000] {processor.py:914} INFO - Processing file /opt/airflow/dags/music_ingestion_dag.py for tasks to queue
[2026-03-07T22:52:35.023+0000] {logging_mixin.py:190} INFO - [2026-03-07T22:52:35.022+0000] {dagbag.py:588} INFO - Filling up the DagBag from /opt/airflow/dags/music_ingestion_dag.py
[2026-03-07T22:52:35.063+0000] {processor.py:925} INFO - DAG(s) '01_music_ingestion_realtime' retrieved from /opt/airflow/dags/music_ingestion_dag.py
[2026-03-07T22:52:35.131+0000] {logging_mixin.py:190} INFO - [2026-03-07T22:52:35.130+0000] {dag.py:3239} INFO - Sync 1 DAGs
[2026-03-07T22:52:35.193+0000] {logging_mixin.py:190} INFO - [2026-03-07T22:52:35.193+0000] {dag.py:4180} INFO - Setting next_dagrun for 01_music_ingestion_realtime to 2026-03-07 21:00:00+00:00, run_after=2026-03-07 22:00:00+00:00
[2026-03-07T22:52:35.240+0000] {processor.py:208} INFO - Processing /opt/airflow/dags/music_ingestion_dag.py took 0.236 seconds
[2026-03-07T22:53:05.641+0000] {processor.py:186} INFO - Started process (PID=1088) to work on /opt/airflow/dags/music_ingestion_dag.py
[2026-03-07T22:53:05.643+0000] {processor.py:914} INFO - Processing file /opt/airflow/dags/music_ingestion_dag.py for tasks to queue
[2026-03-07T22:53:05.645+0000] {logging_mixin.py:190} INFO - [2026-03-07T22:53:05.645+0000] {dagbag.py:588} INFO - Filling up the DagBag from /opt/airflow/dags/music_ingestion_dag.py
[2026-03-07T22:53:05.671+0000] {processor.py:925} INFO - DAG(s) '01_music_ingestion_realtime' retrieved from /opt/airflow/dags/music_ingestion_dag.py
[2026-03-07T22:53:05.708+0000] {logging_mixin.py:190} INFO - [2026-03-07T22:53:05.708+0000] {dag.py:3239} INFO - Sync 1 DAGs
[2026-03-07T22:53:05.742+0000] {logging_mixin.py:190} INFO - [2026-03-07T22:53:05.742+0000] {dag.py:4180} INFO - Setting next_dagrun for 01_music_ingestion_realtime to 2026-03-07 21:00:00+00:00, run_after=2026-03-07 22:00:00+00:00
[2026-03-07T22:53:05.776+0000] {processor.py:208} INFO - Processing /opt/airflow/dags/music_ingestion_dag.py took 0.141 seconds
[2026-03-07T22:53:36.036+0000] {processor.py:186} INFO - Started process (PID=1098) to work on /opt/airflow/dags/music_ingestion_dag.py
[2026-03-07T22:53:36.039+0000] {processor.py:914} INFO - Processing file /opt/airflow/dags/music_ingestion_dag.py for tasks to queue
[2026-03-07T22:53:36.044+0000] {logging_mixin.py:190} INFO - [2026-03-07T22:53:36.044+0000] {dagbag.py:588} INFO - Filling up the DagBag from /opt/airflow/dags/music_ingestion_dag.py
[2026-03-07T22:53:36.078+0000] {processor.py:925} INFO - DAG(s) '01_music_ingestion_realtime' retrieved from /opt/airflow/dags/music_ingestion_dag.py
[2026-03-07T22:53:36.123+0000] {logging_mixin.py:190} INFO - [2026-03-07T22:53:36.123+0000] {dag.py:3239} INFO - Sync 1 DAGs
[2026-03-07T22:53:36.163+0000] {logging_mixin.py:190} INFO - [2026-03-07T22:53:36.162+0000] {dag.py:4180} INFO - Setting next_dagrun for 01_music_ingestion_realtime to 2026-03-07 21:00:00+00:00, run_after=2026-03-07 22:00:00+00:00
[2026-03-07T22:53:36.199+0000] {processor.py:208} INFO - Processing /opt/airflow/dags/music_ingestion_dag.py took 0.174 seconds
[2026-03-07T22:54:06.558+0000] {processor.py:186} INFO - Started process (PID=1108) to work on /opt/airflow/dags/music_ingestion_dag.py
[2026-03-07T22:54:06.560+0000] {processor.py:914} INFO - Processing file /opt/airflow/dags/music_ingestion_dag.py for tasks to queue
[2026-03-07T22:54:06.564+0000] {logging_mixin.py:190} INFO - [2026-03-07T22:54:06.563+0000] {dagbag.py:588} INFO - Filling up the DagBag from /opt/airflow/dags/music_ingestion_dag.py
[2026-03-07T22:54:06.592+0000] {processor.py:925} INFO - DAG(s) '01_music_ingestion_realtime' retrieved from /opt/airflow/dags/music_ingestion_dag.py
[2026-03-07T22:54:06.625+0000] {logging_mixin.py:190} INFO - [2026-03-07T22:54:06.625+0000] {dag.py:3239} INFO - Sync 1 DAGs
[2026-03-07T22:54:06.659+0000] {logging_mixin.py:190} INFO - [2026-03-07T22:54:06.658+0000] {dag.py:4180} INFO - Setting next_dagrun for 01_music_ingestion_realtime to 2026-03-07 21:00:00+00:00, run_after=2026-03-07 22:00:00+00:00
[2026-03-07T22:54:06.686+0000] {processor.py:208} INFO - Processing /opt/airflow/dags/music_ingestion_dag.py took 0.138 seconds
[2026-03-07T22:54:37.003+0000] {processor.py:186} INFO - Started process (PID=1295) to work on /opt/airflow/dags/music_ingestion_dag.py
[2026-03-07T22:54:37.004+0000] {processor.py:914} INFO - Processing file /opt/airflow/dags/music_ingestion_dag.py for tasks to queue
[2026-03-07T22:54:37.009+0000] {logging_mixin.py:190} INFO - [2026-03-07T22:54:37.009+0000] {dagbag.py:588} INFO - Filling up the DagBag from /opt/airflow/dags/music_ingestion_dag.py
[2026-03-07T22:54:37.035+0000] {processor.py:925} INFO - DAG(s) '01_music_ingestion_realtime' retrieved from /opt/airflow/dags/music_ingestion_dag.py
[2026-03-07T22:54:37.072+0000] {logging_mixin.py:190} INFO - [2026-03-07T22:54:37.072+0000] {dag.py:3239} INFO - Sync 1 DAGs
[2026-03-07T22:54:37.102+0000] {logging_mixin.py:190} INFO - [2026-03-07T22:54:37.102+0000] {dag.py:4180} INFO - Setting next_dagrun for 01_music_ingestion_realtime to 2026-03-07 21:00:00+00:00, run_after=2026-03-07 22:00:00+00:00
[2026-03-07T22:54:37.130+0000] {processor.py:208} INFO - Processing /opt/airflow/dags/music_ingestion_dag.py took 0.136 seconds
[2026-03-07T22:55:07.437+0000] {processor.py:186} INFO - Started process (PID=1305) to work on /opt/airflow/dags/music_ingestion_dag.py
[2026-03-07T22:55:07.439+0000] {processor.py:914} INFO - Processing file /opt/airflow/dags/music_ingestion_dag.py for tasks to queue
[2026-03-07T22:55:07.442+0000] {logging_mixin.py:190} INFO - [2026-03-07T22:55:07.442+0000] {dagbag.py:588} INFO - Filling up the DagBag from /opt/airflow/dags/music_ingestion_dag.py
[2026-03-07T22:55:07.462+0000] {processor.py:925} INFO - DAG(s) '01_music_ingestion_realtime' retrieved from /opt/airflow/dags/music_ingestion_dag.py
[2026-03-07T22:55:07.493+0000] {logging_mixin.py:190} INFO - [2026-03-07T22:55:07.493+0000] {dag.py:3239} INFO - Sync 1 DAGs
[2026-03-07T22:55:07.524+0000] {logging_mixin.py:190} INFO - [2026-03-07T22:55:07.523+0000] {dag.py:4180} INFO - Setting next_dagrun for 01_music_ingestion_realtime to 2026-03-07 21:00:00+00:00, run_after=2026-03-07 22:00:00+00:00
[2026-03-07T22:55:07.550+0000] {processor.py:208} INFO - Processing /opt/airflow/dags/music_ingestion_dag.py took 0.121 seconds
[2026-03-07T22:55:37.948+0000] {processor.py:186} INFO - Started process (PID=1315) to work on /opt/airflow/dags/music_ingestion_dag.py
[2026-03-07T22:55:37.950+0000] {processor.py:914} INFO - Processing file /opt/airflow/dags/music_ingestion_dag.py for tasks to queue
[2026-03-07T22:55:37.953+0000] {logging_mixin.py:190} INFO - [2026-03-07T22:55:37.952+0000] {dagbag.py:588} INFO - Filling up the DagBag from /opt/airflow/dags/music_ingestion_dag.py
[2026-03-07T22:55:37.973+0000] {processor.py:925} INFO - DAG(s) '01_music_ingestion_realtime' retrieved from /opt/airflow/dags/music_ingestion_dag.py
[2026-03-07T22:55:38.003+0000] {logging_mixin.py:190} INFO - [2026-03-07T22:55:38.003+0000] {dag.py:3239} INFO - Sync 1 DAGs
[2026-03-07T22:55:38.028+0000] {logging_mixin.py:190} INFO - [2026-03-07T22:55:38.028+0000] {dag.py:4180} INFO - Setting next_dagrun for 01_music_ingestion_realtime to 2026-03-07 21:00:00+00:00, run_after=2026-03-07 22:00:00+00:00
[2026-03-07T22:55:38.056+0000] {processor.py:208} INFO - Processing /opt/airflow/dags/music_ingestion_dag.py took 0.114 seconds
[2026-03-07T22:56:08.382+0000] {processor.py:186} INFO - Started process (PID=1325) to work on /opt/airflow/dags/music_ingestion_dag.py
[2026-03-07T22:56:08.384+0000] {processor.py:914} INFO - Processing file /opt/airflow/dags/music_ingestion_dag.py for tasks to queue
[2026-03-07T22:56:08.386+0000] {logging_mixin.py:190} INFO - [2026-03-07T22:56:08.386+0000] {dagbag.py:588} INFO - Filling up the DagBag from /opt/airflow/dags/music_ingestion_dag.py
[2026-03-07T22:56:08.406+0000] {processor.py:925} INFO - DAG(s) '01_music_ingestion_realtime' retrieved from /opt/airflow/dags/music_ingestion_dag.py
[2026-03-07T22:56:08.436+0000] {logging_mixin.py:190} INFO - [2026-03-07T22:56:08.436+0000] {dag.py:3239} INFO - Sync 1 DAGs
[2026-03-07T22:56:08.463+0000] {logging_mixin.py:190} INFO - [2026-03-07T22:56:08.462+0000] {dag.py:4180} INFO - Setting next_dagrun for 01_music_ingestion_realtime to 2026-03-07 21:00:00+00:00, run_after=2026-03-07 22:00:00+00:00
[2026-03-07T22:56:08.491+0000] {processor.py:208} INFO - Processing /opt/airflow/dags/music_ingestion_dag.py took 0.115 seconds
[2026-03-07T22:56:38.824+0000] {processor.py:186} INFO - Started process (PID=1335) to work on /opt/airflow/dags/music_ingestion_dag.py
[2026-03-07T22:56:38.825+0000] {processor.py:914} INFO - Processing file /opt/airflow/dags/music_ingestion_dag.py for tasks to queue
[2026-03-07T22:56:38.828+0000] {logging_mixin.py:190} INFO - [2026-03-07T22:56:38.827+0000] {dagbag.py:588} INFO - Filling up the DagBag from /opt/airflow/dags/music_ingestion_dag.py
[2026-03-07T22:56:38.848+0000] {processor.py:925} INFO - DAG(s) '01_music_ingestion_realtime' retrieved from /opt/airflow/dags/music_ingestion_dag.py
[2026-03-07T22:56:38.881+0000] {logging_mixin.py:190} INFO - [2026-03-07T22:56:38.881+0000] {dag.py:3239} INFO - Sync 1 DAGs
[2026-03-07T22:56:38.909+0000] {logging_mixin.py:190} INFO - [2026-03-07T22:56:38.909+0000] {dag.py:4180} INFO - Setting next_dagrun for 01_music_ingestion_realtime to 2026-03-07 21:00:00+00:00, run_after=2026-03-07 22:00:00+00:00
[2026-03-07T22:56:38.937+0000] {processor.py:208} INFO - Processing /opt/airflow/dags/music_ingestion_dag.py took 0.121 seconds
[2026-03-07T22:57:09.215+0000] {processor.py:186} INFO - Started process (PID=1345) to work on /opt/airflow/dags/music_ingestion_dag.py
[2026-03-07T22:57:09.216+0000] {processor.py:914} INFO - Processing file /opt/airflow/dags/music_ingestion_dag.py for tasks to queue
[2026-03-07T22:57:09.220+0000] {logging_mixin.py:190} INFO - [2026-03-07T22:57:09.219+0000] {dagbag.py:588} INFO - Filling up the DagBag from /opt/airflow/dags/music_ingestion_dag.py
[2026-03-07T22:57:09.244+0000] {processor.py:925} INFO - DAG(s) '01_music_ingestion_realtime' retrieved from /opt/airflow/dags/music_ingestion_dag.py
[2026-03-07T22:57:09.278+0000] {logging_mixin.py:190} INFO - [2026-03-07T22:57:09.278+0000] {dag.py:3239} INFO - Sync 1 DAGs
[2026-03-07T22:57:09.312+0000] {logging_mixin.py:190} INFO - [2026-03-07T22:57:09.312+0000] {dag.py:4180} INFO - Setting next_dagrun for 01_music_ingestion_realtime to 2026-03-07 21:00:00+00:00, run_after=2026-03-07 22:00:00+00:00
[2026-03-07T22:57:09.344+0000] {processor.py:208} INFO - Processing /opt/airflow/dags/music_ingestion_dag.py took 0.136 seconds
[2026-03-07T22:57:39.741+0000] {processor.py:186} INFO - Started process (PID=1355) to work on /opt/airflow/dags/music_ingestion_dag.py
[2026-03-07T22:57:39.743+0000] {processor.py:914} INFO - Processing file /opt/airflow/dags/music_ingestion_dag.py for tasks to queue
[2026-03-07T22:57:39.745+0000] {logging_mixin.py:190} INFO - [2026-03-07T22:57:39.745+0000] {dagbag.py:588} INFO - Filling up the DagBag from /opt/airflow/dags/music_ingestion_dag.py
[2026-03-07T22:57:39.769+0000] {processor.py:925} INFO - DAG(s) '01_music_ingestion_realtime' retrieved from /opt/airflow/dags/music_ingestion_dag.py
[2026-03-07T22:57:39.799+0000] {logging_mixin.py:190} INFO - [2026-03-07T22:57:39.798+0000] {dag.py:3239} INFO - Sync 1 DAGs
[2026-03-07T22:57:39.826+0000] {logging_mixin.py:190} INFO - [2026-03-07T22:57:39.826+0000] {dag.py:4180} INFO - Setting next_dagrun for 01_music_ingestion_realtime to 2026-03-07 21:00:00+00:00, run_after=2026-03-07 22:00:00+00:00
[2026-03-07T22:57:39.858+0000] {processor.py:208} INFO - Processing /opt/airflow/dags/music_ingestion_dag.py took 0.123 seconds
[2026-03-07T22:58:10.186+0000] {processor.py:186} INFO - Started process (PID=1365) to work on /opt/airflow/dags/music_ingestion_dag.py
[2026-03-07T22:58:10.187+0000] {processor.py:914} INFO - Processing file /opt/airflow/dags/music_ingestion_dag.py for tasks to queue
[2026-03-07T22:58:10.191+0000] {logging_mixin.py:190} INFO - [2026-03-07T22:58:10.190+0000] {dagbag.py:588} INFO - Filling up the DagBag from /opt/airflow/dags/music_ingestion_dag.py
[2026-03-07T22:58:10.221+0000] {processor.py:925} INFO - DAG(s) '01_music_ingestion_realtime' retrieved from /opt/airflow/dags/music_ingestion_dag.py
[2026-03-07T22:58:10.259+0000] {logging_mixin.py:190} INFO - [2026-03-07T22:58:10.258+0000] {dag.py:3239} INFO - Sync 1 DAGs
[2026-03-07T22:58:10.291+0000] {logging_mixin.py:190} INFO - [2026-03-07T22:58:10.291+0000] {dag.py:4180} INFO - Setting next_dagrun for 01_music_ingestion_realtime to 2026-03-07 21:00:00+00:00, run_after=2026-03-07 22:00:00+00:00
[2026-03-07T22:58:10.323+0000] {processor.py:208} INFO - Processing /opt/airflow/dags/music_ingestion_dag.py took 0.146 seconds
[2026-03-07T22:58:40.713+0000] {processor.py:186} INFO - Started process (PID=1533) to work on /opt/airflow/dags/music_ingestion_dag.py
[2026-03-07T22:58:40.715+0000] {processor.py:914} INFO - Processing file /opt/airflow/dags/music_ingestion_dag.py for tasks to queue
[2026-03-07T22:58:40.721+0000] {logging_mixin.py:190} INFO - [2026-03-07T22:58:40.720+0000] {dagbag.py:588} INFO - Filling up the DagBag from /opt/airflow/dags/music_ingestion_dag.py
[2026-03-07T22:58:40.765+0000] {processor.py:925} INFO - DAG(s) '01_music_ingestion_realtime' retrieved from /opt/airflow/dags/music_ingestion_dag.py
[2026-03-07T22:58:40.821+0000] {logging_mixin.py:190} INFO - [2026-03-07T22:58:40.820+0000] {dag.py:3239} INFO - Sync 1 DAGs
[2026-03-07T22:58:40.894+0000] {logging_mixin.py:190} INFO - [2026-03-07T22:58:40.893+0000] {dag.py:4180} INFO - Setting next_dagrun for 01_music_ingestion_realtime to 2026-03-07 21:00:00+00:00, run_after=2026-03-07 22:00:00+00:00
[2026-03-07T22:58:40.934+0000] {processor.py:208} INFO - Processing /opt/airflow/dags/music_ingestion_dag.py took 0.233 seconds
[2026-03-07T22:59:11.087+0000] {processor.py:186} INFO - Started process (PID=1546) to work on /opt/airflow/dags/music_ingestion_dag.py
[2026-03-07T22:59:11.089+0000] {processor.py:914} INFO - Processing file /opt/airflow/dags/music_ingestion_dag.py for tasks to queue
[2026-03-07T22:59:11.097+0000] {logging_mixin.py:190} INFO - [2026-03-07T22:59:11.096+0000] {dagbag.py:588} INFO - Filling up the DagBag from /opt/airflow/dags/music_ingestion_dag.py
[2026-03-07T22:59:11.129+0000] {processor.py:925} INFO - DAG(s) '01_music_ingestion_realtime' retrieved from /opt/airflow/dags/music_ingestion_dag.py
[2026-03-07T22:59:11.173+0000] {logging_mixin.py:190} INFO - [2026-03-07T22:59:11.172+0000] {dag.py:3239} INFO - Sync 1 DAGs
[2026-03-07T22:59:11.230+0000] {logging_mixin.py:190} INFO - [2026-03-07T22:59:11.230+0000] {dag.py:4180} INFO - Setting next_dagrun for 01_music_ingestion_realtime to 2026-03-07 21:00:00+00:00, run_after=2026-03-07 22:00:00+00:00
[2026-03-07T22:59:11.263+0000] {processor.py:208} INFO - Processing /opt/airflow/dags/music_ingestion_dag.py took 0.191 seconds
[2026-03-07T22:59:41.787+0000] {processor.py:186} INFO - Started process (PID=1556) to work on /opt/airflow/dags/music_ingestion_dag.py
[2026-03-07T22:59:41.788+0000] {processor.py:914} INFO - Processing file /opt/airflow/dags/music_ingestion_dag.py for tasks to queue
[2026-03-07T22:59:41.791+0000] {logging_mixin.py:190} INFO - [2026-03-07T22:59:41.790+0000] {dagbag.py:588} INFO - Filling up the DagBag from /opt/airflow/dags/music_ingestion_dag.py
[2026-03-07T22:59:41.811+0000] {processor.py:925} INFO - DAG(s) '01_music_ingestion_realtime' retrieved from /opt/airflow/dags/music_ingestion_dag.py
[2026-03-07T22:59:41.840+0000] {logging_mixin.py:190} INFO - [2026-03-07T22:59:41.840+0000] {dag.py:3239} INFO - Sync 1 DAGs
[2026-03-07T22:59:41.868+0000] {logging_mixin.py:190} INFO - [2026-03-07T22:59:41.867+0000] {dag.py:4180} INFO - Setting next_dagrun for 01_music_ingestion_realtime to 2026-03-07 21:00:00+00:00, run_after=2026-03-07 22:00:00+00:00
[2026-03-07T22:59:41.897+0000] {processor.py:208} INFO - Processing /opt/airflow/dags/music_ingestion_dag.py took 0.116 seconds
