[2026-03-06T07:21:58.199+0000] {local_task_job_runner.py:123} INFO - ::group::Pre task execution logs
[2026-03-06T07:21:58.309+0000] {taskinstance.py:2614} INFO - Dependencies all met for dep_context=non-requeueable deps ti=<TaskInstance: 01_master_processing_pipeline.process_travel_data scheduled__2026-03-05T00:00:00+00:00 [queued]>
[2026-03-06T07:21:58.343+0000] {taskinstance.py:2614} INFO - Dependencies all met for dep_context=requeueable deps ti=<TaskInstance: 01_master_processing_pipeline.process_travel_data scheduled__2026-03-05T00:00:00+00:00 [queued]>
[2026-03-06T07:21:58.345+0000] {taskinstance.py:2867} INFO - Starting attempt 2 of 2
[2026-03-06T07:21:58.407+0000] {taskinstance.py:2890} INFO - Executing <Task(SparkSubmitOperator): process_travel_data> on 2026-03-05 00:00:00+00:00
[2026-03-06T07:21:58.438+0000] {standard_task_runner.py:104} INFO - Running: ['***', 'tasks', 'run', '01_master_processing_pipeline', 'process_travel_data', 'scheduled__2026-03-05T00:00:00+00:00', '--job-id', '10', '--raw', '--subdir', 'DAGS_FOLDER/master_processing_dag.py', '--cfg-path', '/tmp/tmpdvx1n9nh']
[2026-03-06T07:21:58.487+0000] {logging_mixin.py:190} WARNING - /home/***/.local/lib/python3.12/site-packages/***/task/task_runner/standard_task_runner.py:70 DeprecationWarning: This process (pid=444) is multi-threaded, use of fork() may lead to deadlocks in the child.
[2026-03-06T07:21:58.491+0000] {standard_task_runner.py:72} INFO - Started process 445 to run task
[2026-03-06T07:21:58.492+0000] {standard_task_runner.py:105} INFO - Job 10: Subtask process_travel_data
[2026-03-06T07:21:58.921+0000] {task_command.py:467} INFO - Running <TaskInstance: 01_master_processing_pipeline.process_travel_data scheduled__2026-03-05T00:00:00+00:00 [running]> on host eb669c802a68
[2026-03-06T07:21:59.541+0000] {taskinstance.py:3134} INFO - Exporting env vars: AIRFLOW_CTX_DAG_OWNER='khang_data_guy' AIRFLOW_CTX_DAG_ID='01_master_processing_pipeline' AIRFLOW_CTX_TASK_ID='process_travel_data' AIRFLOW_CTX_EXECUTION_DATE='2026-03-05T00:00:00+00:00' AIRFLOW_CTX_TRY_NUMBER='2' AIRFLOW_CTX_DAG_RUN_ID='scheduled__2026-03-05T00:00:00+00:00'
[2026-03-06T07:21:59.549+0000] {taskinstance.py:732} INFO - ::endgroup::
[2026-03-06T07:21:59.728+0000] {base.py:84} INFO - Retrieving connection 'spark_default'
[2026-03-06T07:21:59.736+0000] {spark_submit.py:328} ERROR - Failed to decode base64 keytab: Invalid base64-encoded string: number of data characters (5) cannot be 1 more than a multiple of 4
[2026-03-06T07:21:59.737+0000] {spark_submit.py:305} INFO - Could not load connection string spark_default, defaulting to spark://spark-master:7077
[2026-03-06T07:21:59.738+0000] {spark_submit.py:474} INFO - Spark-Submit cmd: spark-submit --master spark://spark-master:7077 --conf spark.driver.memory=1g --conf spark.executor.memory=1g --name Travel_Processing_Job --verbose --deploy-mode client /opt/***/src/processing/travel/process_reviews_spark.py
[2026-03-06T07:22:06.079+0000] {spark_submit.py:644} INFO - Using properties file: null
[2026-03-06T07:22:06.292+0000] {spark_submit.py:644} INFO - Parsed arguments:
[2026-03-06T07:22:06.293+0000] {spark_submit.py:644} INFO - master                  spark://spark-master:7077
[2026-03-06T07:22:06.294+0000] {spark_submit.py:644} INFO - remote                  null
[2026-03-06T07:22:06.294+0000] {spark_submit.py:644} INFO - deployMode              client
[2026-03-06T07:22:06.295+0000] {spark_submit.py:644} INFO - executorMemory          1g
[2026-03-06T07:22:06.296+0000] {spark_submit.py:644} INFO - executorCores           null
[2026-03-06T07:22:06.297+0000] {spark_submit.py:644} INFO - totalExecutorCores      null
[2026-03-06T07:22:06.298+0000] {spark_submit.py:644} INFO - propertiesFile          null
[2026-03-06T07:22:06.300+0000] {spark_submit.py:644} INFO - driverMemory            1g
[2026-03-06T07:22:06.301+0000] {spark_submit.py:644} INFO - driverCores             null
[2026-03-06T07:22:06.301+0000] {spark_submit.py:644} INFO - driverExtraClassPath    null
[2026-03-06T07:22:06.302+0000] {spark_submit.py:644} INFO - driverExtraLibraryPath  null
[2026-03-06T07:22:06.303+0000] {spark_submit.py:644} INFO - driverExtraJavaOptions  null
[2026-03-06T07:22:06.304+0000] {spark_submit.py:644} INFO - supervise               false
[2026-03-06T07:22:06.305+0000] {spark_submit.py:644} INFO - queue                   null
[2026-03-06T07:22:06.305+0000] {spark_submit.py:644} INFO - numExecutors            null
[2026-03-06T07:22:06.306+0000] {spark_submit.py:644} INFO - files                   null
[2026-03-06T07:22:06.306+0000] {spark_submit.py:644} INFO - pyFiles                 null
[2026-03-06T07:22:06.307+0000] {spark_submit.py:644} INFO - archives                null
[2026-03-06T07:22:06.308+0000] {spark_submit.py:644} INFO - mainClass               null
[2026-03-06T07:22:06.309+0000] {spark_submit.py:644} INFO - primaryResource         file:/opt/***/src/processing/travel/process_reviews_spark.py
[2026-03-06T07:22:06.313+0000] {spark_submit.py:644} INFO - name                    Travel_Processing_Job
[2026-03-06T07:22:06.315+0000] {spark_submit.py:644} INFO - childArgs               []
[2026-03-06T07:22:06.316+0000] {spark_submit.py:644} INFO - jars                    null
[2026-03-06T07:22:06.317+0000] {spark_submit.py:644} INFO - packages                null
[2026-03-06T07:22:06.318+0000] {spark_submit.py:644} INFO - packagesExclusions      null
[2026-03-06T07:22:06.318+0000] {spark_submit.py:644} INFO - repositories            null
[2026-03-06T07:22:06.322+0000] {spark_submit.py:644} INFO - verbose                 true
[2026-03-06T07:22:06.323+0000] {spark_submit.py:644} INFO - 
[2026-03-06T07:22:06.324+0000] {spark_submit.py:644} INFO - Spark properties used, including those specified through
[2026-03-06T07:22:06.324+0000] {spark_submit.py:644} INFO - --conf and those from the properties file null:
[2026-03-06T07:22:06.325+0000] {spark_submit.py:644} INFO - (spark.driver.memory,1g)
[2026-03-06T07:22:06.326+0000] {spark_submit.py:644} INFO - (spark.executor.memory,1g)
[2026-03-06T07:22:06.328+0000] {spark_submit.py:644} INFO - 
[2026-03-06T07:22:06.330+0000] {spark_submit.py:644} INFO - 
[2026-03-06T07:22:06.903+0000] {spark_submit.py:644} INFO - Main class:
[2026-03-06T07:22:06.918+0000] {spark_submit.py:644} INFO - org.apache.spark.deploy.PythonRunner
[2026-03-06T07:22:06.919+0000] {spark_submit.py:644} INFO - Arguments:
[2026-03-06T07:22:06.920+0000] {spark_submit.py:644} INFO - file:/opt/***/src/processing/travel/process_reviews_spark.py
[2026-03-06T07:22:06.920+0000] {spark_submit.py:644} INFO - null
[2026-03-06T07:22:06.921+0000] {spark_submit.py:644} INFO - Spark config:
[2026-03-06T07:22:06.922+0000] {spark_submit.py:644} INFO - (spark.app.name,Travel_Processing_Job)
[2026-03-06T07:22:06.922+0000] {spark_submit.py:644} INFO - (spark.app.submitTime,1772781726872)
[2026-03-06T07:22:06.923+0000] {spark_submit.py:644} INFO - (spark.driver.memory,1g)
[2026-03-06T07:22:06.924+0000] {spark_submit.py:644} INFO - (spark.executor.memory,1g)
[2026-03-06T07:22:06.924+0000] {spark_submit.py:644} INFO - (spark.master,spark://spark-master:7077)
[2026-03-06T07:22:06.925+0000] {spark_submit.py:644} INFO - (spark.submit.deployMode,client)
[2026-03-06T07:22:06.925+0000] {spark_submit.py:644} INFO - (spark.submit.pyFiles,)
[2026-03-06T07:22:06.926+0000] {spark_submit.py:644} INFO - Classpath elements:
[2026-03-06T07:22:06.927+0000] {spark_submit.py:644} INFO - 
[2026-03-06T07:22:06.927+0000] {spark_submit.py:644} INFO - 
[2026-03-06T07:22:06.928+0000] {spark_submit.py:644} INFO - 
[2026-03-06T07:22:09.589+0000] {spark_submit.py:644} INFO - 26/03/06 07:22:09 INFO SparkContext: Running Spark version 3.5.3
[2026-03-06T07:22:09.592+0000] {spark_submit.py:644} INFO - 26/03/06 07:22:09 INFO SparkContext: OS info Linux, 6.6.87.2-microsoft-standard-WSL2, amd64
[2026-03-06T07:22:09.594+0000] {spark_submit.py:644} INFO - 26/03/06 07:22:09 INFO SparkContext: Java version 17.0.17
[2026-03-06T07:22:09.778+0000] {spark_submit.py:644} INFO - 26/03/06 07:22:09 WARN NativeCodeLoader: Unable to load native-hadoop library for your platform... using builtin-java classes where applicable
[2026-03-06T07:22:09.971+0000] {spark_submit.py:644} INFO - 26/03/06 07:22:09 INFO ResourceUtils: ==============================================================
[2026-03-06T07:22:09.974+0000] {spark_submit.py:644} INFO - 26/03/06 07:22:09 INFO ResourceUtils: No custom resources configured for spark.driver.
[2026-03-06T07:22:09.975+0000] {spark_submit.py:644} INFO - 26/03/06 07:22:09 INFO ResourceUtils: ==============================================================
[2026-03-06T07:22:09.976+0000] {spark_submit.py:644} INFO - 26/03/06 07:22:09 INFO SparkContext: Submitted application: TravelReviewsProcessing
[2026-03-06T07:22:10.087+0000] {spark_submit.py:644} INFO - 26/03/06 07:22:10 INFO ResourceProfile: Default ResourceProfile created, executor resources: Map(memory -> name: memory, amount: 1024, script: , vendor: , offHeap -> name: offHeap, amount: 0, script: , vendor: ), task resources: Map(cpus -> name: cpus, amount: 1.0)
[2026-03-06T07:22:10.119+0000] {spark_submit.py:644} INFO - 26/03/06 07:22:10 INFO ResourceProfile: Limiting resource is cpu
[2026-03-06T07:22:10.123+0000] {spark_submit.py:644} INFO - 26/03/06 07:22:10 INFO ResourceProfileManager: Added ResourceProfile id: 0
[2026-03-06T07:22:10.405+0000] {spark_submit.py:644} INFO - 26/03/06 07:22:10 INFO SecurityManager: Changing view acls to: ***
[2026-03-06T07:22:10.406+0000] {spark_submit.py:644} INFO - 26/03/06 07:22:10 INFO SecurityManager: Changing modify acls to: ***
[2026-03-06T07:22:10.409+0000] {spark_submit.py:644} INFO - 26/03/06 07:22:10 INFO SecurityManager: Changing view acls groups to:
[2026-03-06T07:22:10.411+0000] {spark_submit.py:644} INFO - 26/03/06 07:22:10 INFO SecurityManager: Changing modify acls groups to:
[2026-03-06T07:22:10.412+0000] {spark_submit.py:644} INFO - 26/03/06 07:22:10 INFO SecurityManager: SecurityManager: authentication disabled; ui acls disabled; users with view permissions: ***; groups with view permissions: EMPTY; users with modify permissions: ***; groups with modify permissions: EMPTY
[2026-03-06T07:22:11.327+0000] {spark_submit.py:644} INFO - 26/03/06 07:22:11 INFO Utils: Successfully started service 'sparkDriver' on port 38323.
[2026-03-06T07:22:11.493+0000] {spark_submit.py:644} INFO - 26/03/06 07:22:11 INFO SparkEnv: Registering MapOutputTracker
[2026-03-06T07:22:11.784+0000] {spark_submit.py:644} INFO - 26/03/06 07:22:11 INFO SparkEnv: Registering BlockManagerMaster
[2026-03-06T07:22:11.863+0000] {spark_submit.py:644} INFO - 26/03/06 07:22:11 INFO BlockManagerMasterEndpoint: Using org.apache.spark.storage.DefaultTopologyMapper for getting topology information
[2026-03-06T07:22:11.865+0000] {spark_submit.py:644} INFO - 26/03/06 07:22:11 INFO BlockManagerMasterEndpoint: BlockManagerMasterEndpoint up
[2026-03-06T07:22:11.878+0000] {spark_submit.py:644} INFO - 26/03/06 07:22:11 INFO SparkEnv: Registering BlockManagerMasterHeartbeat
[2026-03-06T07:22:11.941+0000] {spark_submit.py:644} INFO - 26/03/06 07:22:11 INFO DiskBlockManager: Created local directory at /tmp/blockmgr-eebbaf81-79ba-4a2b-90f7-260bad8ed015
[2026-03-06T07:22:11.968+0000] {spark_submit.py:644} INFO - 26/03/06 07:22:11 INFO MemoryStore: MemoryStore started with capacity 434.4 MiB
[2026-03-06T07:22:12.001+0000] {spark_submit.py:644} INFO - 26/03/06 07:22:12 INFO SparkEnv: Registering OutputCommitCoordinator
[2026-03-06T07:22:12.251+0000] {spark_submit.py:644} INFO - 26/03/06 07:22:12 INFO JettyUtils: Start Jetty 0.0.0.0:4040 for SparkUI
[2026-03-06T07:22:12.359+0000] {spark_submit.py:644} INFO - 26/03/06 07:22:12 INFO Utils: Successfully started service 'SparkUI' on port 4040.
[2026-03-06T07:22:12.711+0000] {spark_submit.py:644} INFO - 26/03/06 07:22:12 INFO StandaloneAppClient$ClientEndpoint: Connecting to master spark://spark-master:7077...
[2026-03-06T07:22:12.840+0000] {spark_submit.py:644} INFO - 26/03/06 07:22:12 INFO TransportClientFactory: Successfully created connection to spark-master/172.18.0.3:7077 after 68 ms (0 ms spent in bootstraps)
[2026-03-06T07:22:13.477+0000] {spark_submit.py:644} INFO - 26/03/06 07:22:13 INFO StandaloneSchedulerBackend: Connected to Spark cluster with app ID app-20260306072213-0001
[2026-03-06T07:22:13.494+0000] {spark_submit.py:644} INFO - 26/03/06 07:22:13 INFO Utils: Successfully started service 'org.apache.spark.network.netty.NettyBlockTransferService' on port 34735.
[2026-03-06T07:22:13.494+0000] {spark_submit.py:644} INFO - 26/03/06 07:22:13 INFO NettyBlockTransferService: Server created on eb669c802a68:34735
[2026-03-06T07:22:13.497+0000] {spark_submit.py:644} INFO - 26/03/06 07:22:13 INFO BlockManager: Using org.apache.spark.storage.RandomBlockReplicationPolicy for block replication policy
[2026-03-06T07:22:13.507+0000] {spark_submit.py:644} INFO - 26/03/06 07:22:13 INFO BlockManagerMaster: Registering BlockManager BlockManagerId(driver, eb669c802a68, 34735, None)
[2026-03-06T07:22:13.513+0000] {spark_submit.py:644} INFO - 26/03/06 07:22:13 INFO BlockManagerMasterEndpoint: Registering block manager eb669c802a68:34735 with 434.4 MiB RAM, BlockManagerId(driver, eb669c802a68, 34735, None)
[2026-03-06T07:22:13.517+0000] {spark_submit.py:644} INFO - 26/03/06 07:22:13 INFO BlockManagerMaster: Registered BlockManager BlockManagerId(driver, eb669c802a68, 34735, None)
[2026-03-06T07:22:13.519+0000] {spark_submit.py:644} INFO - 26/03/06 07:22:13 INFO BlockManager: Initialized BlockManager: BlockManagerId(driver, eb669c802a68, 34735, None)
[2026-03-06T07:22:13.545+0000] {spark_submit.py:644} INFO - 26/03/06 07:22:13 INFO StandaloneAppClient$ClientEndpoint: Executor added: app-20260306072213-0001/0 on worker-20260306071429-172.18.0.5-36475 (172.18.0.5:36475) with 2 core(s)
[2026-03-06T07:22:13.548+0000] {spark_submit.py:644} INFO - 26/03/06 07:22:13 INFO StandaloneSchedulerBackend: Granted executor ID app-20260306072213-0001/0 on hostPort 172.18.0.5:36475 with 2 core(s), 1024.0 MiB RAM
[2026-03-06T07:22:13.948+0000] {spark_submit.py:644} INFO - 26/03/06 07:22:13 INFO StandaloneSchedulerBackend: SchedulerBackend is ready for scheduling beginning after reached minRegisteredResourcesRatio: 0.0
[2026-03-06T07:22:14.376+0000] {spark_submit.py:644} INFO - 🚀 Bắt đầu xử lý dữ liệu với Spark...
[2026-03-06T07:22:14.378+0000] {spark_submit.py:644} INFO - 📂 Đang đọc dữ liệu từ: s3a://social-trend-lake/raw/travel/reviews/*.json
[2026-03-06T07:22:16.778+0000] {spark_submit.py:644} INFO - 26/03/06 07:22:16 WARN FileStreamSink: Assume no metadata directory. Error while looking for metadata directory in the path: s3a://social-trend-lake/raw/travel/reviews/*.json.
[2026-03-06T07:22:16.792+0000] {spark_submit.py:644} INFO - java.lang.RuntimeException: java.lang.ClassNotFoundException: Class org.apache.hadoop.fs.s3a.S3AFileSystem not found
[2026-03-06T07:22:16.793+0000] {spark_submit.py:644} INFO - at org.apache.hadoop.conf.Configuration.getClass(Configuration.java:2688)
[2026-03-06T07:22:16.795+0000] {spark_submit.py:644} INFO - at org.apache.hadoop.fs.FileSystem.getFileSystemClass(FileSystem.java:3431)
[2026-03-06T07:22:16.795+0000] {spark_submit.py:644} INFO - at org.apache.hadoop.fs.FileSystem.createFileSystem(FileSystem.java:3466)
[2026-03-06T07:22:16.796+0000] {spark_submit.py:644} INFO - at org.apache.hadoop.fs.FileSystem.access$300(FileSystem.java:174)
[2026-03-06T07:22:16.797+0000] {spark_submit.py:644} INFO - at org.apache.hadoop.fs.FileSystem$Cache.getInternal(FileSystem.java:3574)
[2026-03-06T07:22:16.798+0000] {spark_submit.py:644} INFO - at org.apache.hadoop.fs.FileSystem$Cache.get(FileSystem.java:3521)
[2026-03-06T07:22:16.799+0000] {spark_submit.py:644} INFO - at org.apache.hadoop.fs.FileSystem.get(FileSystem.java:540)
[2026-03-06T07:22:16.799+0000] {spark_submit.py:644} INFO - at org.apache.hadoop.fs.Path.getFileSystem(Path.java:365)
[2026-03-06T07:22:16.800+0000] {spark_submit.py:644} INFO - at org.apache.spark.sql.execution.streaming.FileStreamSink$.hasMetadata(FileStreamSink.scala:53)
[2026-03-06T07:22:16.802+0000] {spark_submit.py:644} INFO - at org.apache.spark.sql.execution.datasources.DataSource.resolveRelation(DataSource.scala:366)
[2026-03-06T07:22:16.803+0000] {spark_submit.py:644} INFO - at org.apache.spark.sql.DataFrameReader.loadV1Source(DataFrameReader.scala:229)
[2026-03-06T07:22:16.804+0000] {spark_submit.py:644} INFO - at org.apache.spark.sql.DataFrameReader.$anonfun$load$2(DataFrameReader.scala:211)
[2026-03-06T07:22:16.804+0000] {spark_submit.py:644} INFO - at scala.Option.getOrElse(Option.scala:189)
[2026-03-06T07:22:16.805+0000] {spark_submit.py:644} INFO - at org.apache.spark.sql.DataFrameReader.load(DataFrameReader.scala:211)
[2026-03-06T07:22:16.806+0000] {spark_submit.py:644} INFO - at org.apache.spark.sql.DataFrameReader.json(DataFrameReader.scala:362)
[2026-03-06T07:22:16.806+0000] {spark_submit.py:644} INFO - at java.base/jdk.internal.reflect.NativeMethodAccessorImpl.invoke0(Native Method)
[2026-03-06T07:22:16.807+0000] {spark_submit.py:644} INFO - at java.base/jdk.internal.reflect.NativeMethodAccessorImpl.invoke(NativeMethodAccessorImpl.java:77)
[2026-03-06T07:22:16.808+0000] {spark_submit.py:644} INFO - at java.base/jdk.internal.reflect.DelegatingMethodAccessorImpl.invoke(DelegatingMethodAccessorImpl.java:43)
[2026-03-06T07:22:16.809+0000] {spark_submit.py:644} INFO - at java.base/java.lang.reflect.Method.invoke(Method.java:569)
[2026-03-06T07:22:16.810+0000] {spark_submit.py:644} INFO - at py4j.reflection.MethodInvoker.invoke(MethodInvoker.java:244)
[2026-03-06T07:22:16.811+0000] {spark_submit.py:644} INFO - at py4j.reflection.ReflectionEngine.invoke(ReflectionEngine.java:374)
[2026-03-06T07:22:16.812+0000] {spark_submit.py:644} INFO - at py4j.Gateway.invoke(Gateway.java:282)
[2026-03-06T07:22:16.813+0000] {spark_submit.py:644} INFO - at py4j.commands.AbstractCommand.invokeMethod(AbstractCommand.java:132)
[2026-03-06T07:22:16.813+0000] {spark_submit.py:644} INFO - at py4j.commands.CallCommand.execute(CallCommand.java:79)
[2026-03-06T07:22:16.815+0000] {spark_submit.py:644} INFO - at py4j.ClientServerConnection.waitForCommands(ClientServerConnection.java:182)
[2026-03-06T07:22:16.816+0000] {spark_submit.py:644} INFO - at py4j.ClientServerConnection.run(ClientServerConnection.java:106)
[2026-03-06T07:22:16.817+0000] {spark_submit.py:644} INFO - at java.base/java.lang.Thread.run(Thread.java:840)
[2026-03-06T07:22:16.818+0000] {spark_submit.py:644} INFO - Caused by: java.lang.ClassNotFoundException: Class org.apache.hadoop.fs.s3a.S3AFileSystem not found
[2026-03-06T07:22:16.819+0000] {spark_submit.py:644} INFO - at org.apache.hadoop.conf.Configuration.getClassByName(Configuration.java:2592)
[2026-03-06T07:22:16.820+0000] {spark_submit.py:644} INFO - at org.apache.hadoop.conf.Configuration.getClass(Configuration.java:2686)
[2026-03-06T07:22:16.821+0000] {spark_submit.py:644} INFO - ... 26 more
[2026-03-06T07:22:16.884+0000] {spark_submit.py:644} INFO - Traceback (most recent call last):
[2026-03-06T07:22:16.885+0000] {spark_submit.py:644} INFO - File "/opt/***/src/processing/travel/process_reviews_spark.py", line 83, in <module>
[2026-03-06T07:22:16.891+0000] {spark_submit.py:644} INFO - main()
[2026-03-06T07:22:16.892+0000] {spark_submit.py:644} INFO - File "/opt/***/src/processing/travel/process_reviews_spark.py", line 45, in main
[2026-03-06T07:22:16.896+0000] {spark_submit.py:644} INFO - .json(raw_path)
[2026-03-06T07:22:16.898+0000] {spark_submit.py:644} INFO - ^^^^^^^^^^^^^^
[2026-03-06T07:22:16.899+0000] {spark_submit.py:644} INFO - File "/home/***/.local/lib/python3.12/site-packages/pyspark/python/lib/pyspark.zip/pyspark/sql/readwriter.py", line 425, in json
[2026-03-06T07:22:16.899+0000] {spark_submit.py:644} INFO - File "/home/***/.local/lib/python3.12/site-packages/pyspark/python/lib/py4j-0.10.9.7-src.zip/py4j/java_gateway.py", line 1322, in __call__
[2026-03-06T07:22:16.901+0000] {spark_submit.py:644} INFO - File "/home/***/.local/lib/python3.12/site-packages/pyspark/python/lib/pyspark.zip/pyspark/errors/exceptions/captured.py", line 179, in deco
[2026-03-06T07:22:16.903+0000] {spark_submit.py:644} INFO - File "/home/***/.local/lib/python3.12/site-packages/pyspark/python/lib/py4j-0.10.9.7-src.zip/py4j/protocol.py", line 326, in get_return_value
[2026-03-06T07:22:16.906+0000] {spark_submit.py:644} INFO - py4j.protocol.Py4JJavaError: An error occurred while calling o46.json.
[2026-03-06T07:22:16.907+0000] {spark_submit.py:644} INFO - : java.lang.RuntimeException: java.lang.ClassNotFoundException: Class org.apache.hadoop.fs.s3a.S3AFileSystem not found
[2026-03-06T07:22:16.908+0000] {spark_submit.py:644} INFO - at org.apache.hadoop.conf.Configuration.getClass(Configuration.java:2688)
[2026-03-06T07:22:16.909+0000] {spark_submit.py:644} INFO - at org.apache.hadoop.fs.FileSystem.getFileSystemClass(FileSystem.java:3431)
[2026-03-06T07:22:16.909+0000] {spark_submit.py:644} INFO - at org.apache.hadoop.fs.FileSystem.createFileSystem(FileSystem.java:3466)
[2026-03-06T07:22:16.910+0000] {spark_submit.py:644} INFO - at org.apache.hadoop.fs.FileSystem.access$300(FileSystem.java:174)
[2026-03-06T07:22:16.910+0000] {spark_submit.py:644} INFO - at org.apache.hadoop.fs.FileSystem$Cache.getInternal(FileSystem.java:3574)
[2026-03-06T07:22:16.911+0000] {spark_submit.py:644} INFO - at org.apache.hadoop.fs.FileSystem$Cache.get(FileSystem.java:3521)
[2026-03-06T07:22:16.912+0000] {spark_submit.py:644} INFO - at org.apache.hadoop.fs.FileSystem.get(FileSystem.java:540)
[2026-03-06T07:22:16.912+0000] {spark_submit.py:644} INFO - at org.apache.hadoop.fs.Path.getFileSystem(Path.java:365)
[2026-03-06T07:22:16.913+0000] {spark_submit.py:644} INFO - at org.apache.spark.sql.execution.datasources.DataSource$.$anonfun$checkAndGlobPathIfNecessary$1(DataSource.scala:724)
[2026-03-06T07:22:16.914+0000] {spark_submit.py:644} INFO - at scala.collection.immutable.List.map(List.scala:293)
[2026-03-06T07:22:16.914+0000] {spark_submit.py:644} INFO - at org.apache.spark.sql.execution.datasources.DataSource$.checkAndGlobPathIfNecessary(DataSource.scala:722)
[2026-03-06T07:22:16.915+0000] {spark_submit.py:644} INFO - at org.apache.spark.sql.execution.datasources.DataSource.checkAndGlobPathIfNecessary(DataSource.scala:551)
[2026-03-06T07:22:16.916+0000] {spark_submit.py:644} INFO - at org.apache.spark.sql.execution.datasources.DataSource.resolveRelation(DataSource.scala:404)
[2026-03-06T07:22:16.916+0000] {spark_submit.py:644} INFO - at org.apache.spark.sql.DataFrameReader.loadV1Source(DataFrameReader.scala:229)
[2026-03-06T07:22:16.917+0000] {spark_submit.py:644} INFO - at org.apache.spark.sql.DataFrameReader.$anonfun$load$2(DataFrameReader.scala:211)
[2026-03-06T07:22:16.918+0000] {spark_submit.py:644} INFO - at scala.Option.getOrElse(Option.scala:189)
[2026-03-06T07:22:16.918+0000] {spark_submit.py:644} INFO - at org.apache.spark.sql.DataFrameReader.load(DataFrameReader.scala:211)
[2026-03-06T07:22:16.919+0000] {spark_submit.py:644} INFO - at org.apache.spark.sql.DataFrameReader.json(DataFrameReader.scala:362)
[2026-03-06T07:22:16.920+0000] {spark_submit.py:644} INFO - at java.base/jdk.internal.reflect.NativeMethodAccessorImpl.invoke0(Native Method)
[2026-03-06T07:22:16.920+0000] {spark_submit.py:644} INFO - at java.base/jdk.internal.reflect.NativeMethodAccessorImpl.invoke(NativeMethodAccessorImpl.java:77)
[2026-03-06T07:22:16.921+0000] {spark_submit.py:644} INFO - at java.base/jdk.internal.reflect.DelegatingMethodAccessorImpl.invoke(DelegatingMethodAccessorImpl.java:43)
[2026-03-06T07:22:16.921+0000] {spark_submit.py:644} INFO - at java.base/java.lang.reflect.Method.invoke(Method.java:569)
[2026-03-06T07:22:16.922+0000] {spark_submit.py:644} INFO - at py4j.reflection.MethodInvoker.invoke(MethodInvoker.java:244)
[2026-03-06T07:22:16.922+0000] {spark_submit.py:644} INFO - at py4j.reflection.ReflectionEngine.invoke(ReflectionEngine.java:374)
[2026-03-06T07:22:16.923+0000] {spark_submit.py:644} INFO - at py4j.Gateway.invoke(Gateway.java:282)
[2026-03-06T07:22:16.923+0000] {spark_submit.py:644} INFO - at py4j.commands.AbstractCommand.invokeMethod(AbstractCommand.java:132)
[2026-03-06T07:22:16.924+0000] {spark_submit.py:644} INFO - at py4j.commands.CallCommand.execute(CallCommand.java:79)
[2026-03-06T07:22:16.924+0000] {spark_submit.py:644} INFO - at py4j.ClientServerConnection.waitForCommands(ClientServerConnection.java:182)
[2026-03-06T07:22:16.925+0000] {spark_submit.py:644} INFO - at py4j.ClientServerConnection.run(ClientServerConnection.java:106)
[2026-03-06T07:22:16.925+0000] {spark_submit.py:644} INFO - at java.base/java.lang.Thread.run(Thread.java:840)
[2026-03-06T07:22:16.926+0000] {spark_submit.py:644} INFO - Caused by: java.lang.ClassNotFoundException: Class org.apache.hadoop.fs.s3a.S3AFileSystem not found
[2026-03-06T07:22:16.926+0000] {spark_submit.py:644} INFO - at org.apache.hadoop.conf.Configuration.getClassByName(Configuration.java:2592)
[2026-03-06T07:22:16.927+0000] {spark_submit.py:644} INFO - at org.apache.hadoop.conf.Configuration.getClass(Configuration.java:2686)
[2026-03-06T07:22:16.927+0000] {spark_submit.py:644} INFO - ... 29 more
[2026-03-06T07:22:16.928+0000] {spark_submit.py:644} INFO - 
[2026-03-06T07:22:17.323+0000] {taskinstance.py:3313} ERROR - Task failed with exception
Traceback (most recent call last):
  File "/home/airflow/.local/lib/python3.12/site-packages/airflow/models/taskinstance.py", line 768, in _execute_task
    result = _execute_callable(context=context, **execute_callable_kwargs)
             ^^^^^^^^^^^^^^^^^^^^^^^^^^^^^^^^^^^^^^^^^^^^^^^^^^^^^^^^^^^^^
  File "/home/airflow/.local/lib/python3.12/site-packages/airflow/models/taskinstance.py", line 734, in _execute_callable
    return ExecutionCallableRunner(
           ^^^^^^^^^^^^^^^^^^^^^^^^
  File "/home/airflow/.local/lib/python3.12/site-packages/airflow/utils/operator_helpers.py", line 252, in run
    return self.func(*args, **kwargs)
           ^^^^^^^^^^^^^^^^^^^^^^^^^^
  File "/home/airflow/.local/lib/python3.12/site-packages/airflow/models/baseoperator.py", line 424, in wrapper
    return func(self, *args, **kwargs)
           ^^^^^^^^^^^^^^^^^^^^^^^^^^^
  File "/home/airflow/.local/lib/python3.12/site-packages/airflow/providers/apache/spark/operators/spark_submit.py", line 197, in execute
    self._hook.submit(self.application)
  File "/home/airflow/.local/lib/python3.12/site-packages/airflow/providers/apache/spark/hooks/spark_submit.py", line 566, in submit
    raise AirflowException(
airflow.exceptions.AirflowException: Cannot execute: spark-submit --master spark://spark-master:7077 --conf spark.driver.memory=1g --conf spark.executor.memory=1g --name Travel_Processing_Job --verbose --deploy-mode client /opt/***/src/processing/travel/process_reviews_spark.py. Error code is: 1.
[2026-03-06T07:22:17.352+0000] {taskinstance.py:1226} INFO - Marking task as FAILED. dag_id=01_master_processing_pipeline, task_id=process_travel_data, run_id=scheduled__2026-03-05T00:00:00+00:00, execution_date=20260305T000000, start_date=20260306T072158, end_date=20260306T072217
[2026-03-06T07:22:17.422+0000] {taskinstance.py:341} INFO - ::group::Post task execution logs
[2026-03-06T07:22:17.423+0000] {standard_task_runner.py:124} ERROR - Failed to execute job 10 for task process_travel_data (Cannot execute: spark-submit --master spark://spark-master:7077 --conf spark.driver.memory=1g --conf spark.executor.memory=1g --name Travel_Processing_Job --verbose --deploy-mode client /opt/***/src/processing/travel/process_reviews_spark.py. Error code is: 1.; 445)
Traceback (most recent call last):
  File "/home/airflow/.local/lib/python3.12/site-packages/airflow/task/task_runner/standard_task_runner.py", line 117, in _start_by_fork
    ret = args.func(args, dag=self.dag)
          ^^^^^^^^^^^^^^^^^^^^^^^^^^^^^
  File "/home/airflow/.local/lib/python3.12/site-packages/airflow/cli/cli_config.py", line 49, in command
    return func(*args, **kwargs)
           ^^^^^^^^^^^^^^^^^^^^^
  File "/home/airflow/.local/lib/python3.12/site-packages/airflow/utils/cli.py", line 116, in wrapper
    return f(*args, **kwargs)
           ^^^^^^^^^^^^^^^^^^
  File "/home/airflow/.local/lib/python3.12/site-packages/airflow/cli/commands/task_command.py", line 483, in task_run
    task_return_code = _run_task_by_selected_method(args, _dag, ti)
                       ^^^^^^^^^^^^^^^^^^^^^^^^^^^^^^^^^^^^^^^^^^^^
  File "/home/airflow/.local/lib/python3.12/site-packages/airflow/cli/commands/task_command.py", line 256, in _run_task_by_selected_method
    return _run_raw_task(args, ti)
           ^^^^^^^^^^^^^^^^^^^^^^^
  File "/home/airflow/.local/lib/python3.12/site-packages/airflow/cli/commands/task_command.py", line 341, in _run_raw_task
    return ti._run_raw_task(
           ^^^^^^^^^^^^^^^^^
  File "/home/airflow/.local/lib/python3.12/site-packages/airflow/utils/session.py", line 97, in wrapper
    return func(*args, session=session, **kwargs)
           ^^^^^^^^^^^^^^^^^^^^^^^^^^^^^^^^^^^^^^
  File "/home/airflow/.local/lib/python3.12/site-packages/airflow/models/taskinstance.py", line 3006, in _run_raw_task
    return _run_raw_task(
           ^^^^^^^^^^^^^^
  File "/home/airflow/.local/lib/python3.12/site-packages/airflow/models/taskinstance.py", line 274, in _run_raw_task
    TaskInstance._execute_task_with_callbacks(
  File "/home/airflow/.local/lib/python3.12/site-packages/airflow/models/taskinstance.py", line 3161, in _execute_task_with_callbacks
    result = self._execute_task(context, task_orig)
             ^^^^^^^^^^^^^^^^^^^^^^^^^^^^^^^^^^^^^^
  File "/home/airflow/.local/lib/python3.12/site-packages/airflow/models/taskinstance.py", line 3185, in _execute_task
    return _execute_task(self, context, task_orig)
           ^^^^^^^^^^^^^^^^^^^^^^^^^^^^^^^^^^^^^^^
  File "/home/airflow/.local/lib/python3.12/site-packages/airflow/models/taskinstance.py", line 768, in _execute_task
    result = _execute_callable(context=context, **execute_callable_kwargs)
             ^^^^^^^^^^^^^^^^^^^^^^^^^^^^^^^^^^^^^^^^^^^^^^^^^^^^^^^^^^^^^
  File "/home/airflow/.local/lib/python3.12/site-packages/airflow/models/taskinstance.py", line 734, in _execute_callable
    return ExecutionCallableRunner(
           ^^^^^^^^^^^^^^^^^^^^^^^^
  File "/home/airflow/.local/lib/python3.12/site-packages/airflow/utils/operator_helpers.py", line 252, in run
    return self.func(*args, **kwargs)
           ^^^^^^^^^^^^^^^^^^^^^^^^^^
  File "/home/airflow/.local/lib/python3.12/site-packages/airflow/models/baseoperator.py", line 424, in wrapper
    return func(self, *args, **kwargs)
           ^^^^^^^^^^^^^^^^^^^^^^^^^^^
  File "/home/airflow/.local/lib/python3.12/site-packages/airflow/providers/apache/spark/operators/spark_submit.py", line 197, in execute
    self._hook.submit(self.application)
  File "/home/airflow/.local/lib/python3.12/site-packages/airflow/providers/apache/spark/hooks/spark_submit.py", line 566, in submit
    raise AirflowException(
airflow.exceptions.AirflowException: Cannot execute: spark-submit --master spark://spark-master:7077 --conf spark.driver.memory=1g --conf spark.executor.memory=1g --name Travel_Processing_Job --verbose --deploy-mode client /opt/***/src/processing/travel/process_reviews_spark.py. Error code is: 1.
[2026-03-06T07:22:17.479+0000] {local_task_job_runner.py:266} INFO - Task exited with return code 1
[2026-03-06T07:22:17.523+0000] {taskinstance.py:3901} INFO - 0 downstream tasks scheduled from follow-on schedule check
[2026-03-06T07:22:17.534+0000] {local_task_job_runner.py:245} INFO - ::endgroup::
