[2025-12-13T10:00:03.517+0000] {local_task_job_runner.py:123} INFO - ::group::Pre task execution logs
[2025-12-13T10:00:03.537+0000] {taskinstance.py:2614} INFO - Dependencies all met for dep_context=non-requeueable deps ti=<TaskInstance: 01_music_ingestion_realtime.crawl_youtube_data scheduled__2025-12-13T09:00:00+00:00 [queued]>
[2025-12-13T10:00:03.547+0000] {taskinstance.py:2614} INFO - Dependencies all met for dep_context=requeueable deps ti=<TaskInstance: 01_music_ingestion_realtime.crawl_youtube_data scheduled__2025-12-13T09:00:00+00:00 [queued]>
[2025-12-13T10:00:03.560+0000] {taskinstance.py:2867} INFO - Starting attempt 1 of 2
[2025-12-13T10:00:03.576+0000] {taskinstance.py:2890} INFO - Executing <Task(BashOperator): crawl_youtube_data> on 2025-12-13 09:00:00+00:00
[2025-12-13T10:00:03.585+0000] {standard_task_runner.py:104} INFO - Running: ['***', 'tasks', 'run', '01_music_ingestion_realtime', 'crawl_youtube_data', 'scheduled__2025-12-13T09:00:00+00:00', '--job-id', '36', '--raw', '--subdir', 'DAGS_FOLDER/music_ingestion_dag.py', '--cfg-path', '/tmp/tmpzu44_bie']
[2025-12-13T10:00:03.588+0000] {standard_task_runner.py:105} INFO - Job 36: Subtask crawl_youtube_data
[2025-12-13T10:00:03.588+0000] {logging_mixin.py:190} WARNING - /home/***/.local/lib/python3.12/site-packages/***/task/task_runner/standard_task_runner.py:70 DeprecationWarning: This process (pid=387) is multi-threaded, use of fork() may lead to deadlocks in the child.
[2025-12-13T10:00:03.589+0000] {standard_task_runner.py:72} INFO - Started process 388 to run task
[2025-12-13T10:00:03.662+0000] {task_command.py:467} INFO - Running <TaskInstance: 01_music_ingestion_realtime.crawl_youtube_data scheduled__2025-12-13T09:00:00+00:00 [running]> on host 12c00a4c65db
[2025-12-13T10:00:03.744+0000] {taskinstance.py:3134} INFO - Exporting env vars: AIRFLOW_CTX_DAG_OWNER='khang_data_guy' AIRFLOW_CTX_DAG_ID='01_music_ingestion_realtime' AIRFLOW_CTX_TASK_ID='crawl_youtube_data' AIRFLOW_CTX_EXECUTION_DATE='2025-12-13T09:00:00+00:00' AIRFLOW_CTX_TRY_NUMBER='1' AIRFLOW_CTX_DAG_RUN_ID='scheduled__2025-12-13T09:00:00+00:00'
[2025-12-13T10:00:03.746+0000] {taskinstance.py:732} INFO - ::endgroup::
[2025-12-13T10:00:03.761+0000] {subprocess.py:78} INFO - Tmp dir root location: /tmp
[2025-12-13T10:00:03.763+0000] {subprocess.py:88} INFO - Running command: ['/usr/bin/bash', '-c', 'python /opt/***/src/ingestion/music/ingest_youtube.py']
[2025-12-13T10:00:03.770+0000] {subprocess.py:99} INFO - Output:
[2025-12-13T10:00:11.155+0000] {subprocess.py:106} INFO - --- STARTING REAL INGESTION (MUSIC) ---
[2025-12-13T10:00:11.159+0000] {subprocess.py:106} INFO - 🎯 Found 3 active topics.
[2025-12-13T10:00:11.161+0000] {subprocess.py:106} INFO - 🔎 Crawling YouTube for: son tung mtp, chung ta cua tuong lai
[2025-12-13T10:00:11.161+0000] {subprocess.py:106} INFO - ✅ Uploaded to: raw/music/topic_id=1/year=2025/month=12/day=13/hour=10/data_0.json
[2025-12-13T10:00:11.162+0000] {subprocess.py:106} INFO - ✨ Processed topic: Chúng Ta Của Tương Lai (10 videos)
[2025-12-13T10:00:11.163+0000] {subprocess.py:106} INFO - 🔎 Crawling YouTube for: bich phuong, nang chen tieu sau
[2025-12-13T10:00:11.163+0000] {subprocess.py:106} INFO - ✅ Uploaded to: raw/music/topic_id=2/year=2025/month=12/day=13/hour=10/data_0.json
[2025-12-13T10:00:11.164+0000] {subprocess.py:106} INFO - ✨ Processed topic: Nâng Chén Tiêu Sầu (10 videos)
[2025-12-13T10:00:11.165+0000] {subprocess.py:106} INFO - 🔎 Crawling YouTube for: son tung, dung lam trai tim anh dau
[2025-12-13T10:00:11.166+0000] {subprocess.py:106} INFO - ✅ Uploaded to: raw/music/topic_id=3/year=2025/month=12/day=13/hour=10/data_0.json
[2025-12-13T10:00:11.166+0000] {subprocess.py:106} INFO - ✨ Processed topic: Đừng Làm Trái Tim Anh Đau (10 videos)
[2025-12-13T10:00:11.341+0000] {subprocess.py:110} INFO - Command exited with return code 0
[2025-12-13T10:00:11.372+0000] {taskinstance.py:341} INFO - ::group::Post task execution logs
[2025-12-13T10:00:11.373+0000] {taskinstance.py:353} INFO - Marking task as SUCCESS. dag_id=01_music_ingestion_realtime, task_id=crawl_youtube_data, run_id=scheduled__2025-12-13T09:00:00+00:00, execution_date=20251213T090000, start_date=20251213T100003, end_date=20251213T100011
[2025-12-13T10:00:11.447+0000] {local_task_job_runner.py:266} INFO - Task exited with return code 0
[2025-12-13T10:00:11.465+0000] {taskinstance.py:3901} INFO - 0 downstream tasks scheduled from follow-on schedule check
[2025-12-13T10:00:11.469+0000] {local_task_job_runner.py:245} INFO - ::endgroup::
