[2025-12-02T01:58:42.793+0000] {local_task_job_runner.py:123} INFO - ::group::Pre task execution logs
[2025-12-02T01:58:42.816+0000] {taskinstance.py:2614} INFO - Dependencies all met for dep_context=non-requeueable deps ti=<TaskInstance: 01_music_ingestion_realtime.start_ingestion manual__2025-12-02T01:58:41.928427+00:00 [queued]>
[2025-12-02T01:58:42.835+0000] {taskinstance.py:2614} INFO - Dependencies all met for dep_context=requeueable deps ti=<TaskInstance: 01_music_ingestion_realtime.start_ingestion manual__2025-12-02T01:58:41.928427+00:00 [queued]>
[2025-12-02T01:58:42.837+0000] {taskinstance.py:2867} INFO - Starting attempt 1 of 2
[2025-12-02T01:58:42.871+0000] {taskinstance.py:2890} INFO - Executing <Task(BashOperator): start_ingestion> on 2025-12-02 01:58:41.928427+00:00
[2025-12-02T01:58:42.890+0000] {standard_task_runner.py:104} INFO - Running: ['***', 'tasks', 'run', '01_music_ingestion_realtime', 'start_ingestion', 'manual__2025-12-02T01:58:41.928427+00:00', '--job-id', '6', '--raw', '--subdir', 'DAGS_FOLDER/music_ingestion_dag.py', '--cfg-path', '/tmp/tmpfvv_w7bd']
[2025-12-02T01:58:42.899+0000] {standard_task_runner.py:105} INFO - Job 6: Subtask start_ingestion
[2025-12-02T01:58:42.898+0000] {logging_mixin.py:190} WARNING - /home/***/.local/lib/python3.12/site-packages/***/task/task_runner/standard_task_runner.py:70 DeprecationWarning: This process (pid=260) is multi-threaded, use of fork() may lead to deadlocks in the child.
[2025-12-02T01:58:42.900+0000] {standard_task_runner.py:72} INFO - Started process 261 to run task
[2025-12-02T01:58:43.015+0000] {task_command.py:467} INFO - Running <TaskInstance: 01_music_ingestion_realtime.start_ingestion manual__2025-12-02T01:58:41.928427+00:00 [running]> on host 30b0ca174448
[2025-12-02T01:58:43.136+0000] {taskinstance.py:3134} INFO - Exporting env vars: AIRFLOW_CTX_DAG_OWNER='khang_data_guy' AIRFLOW_CTX_DAG_ID='01_music_ingestion_realtime' AIRFLOW_CTX_TASK_ID='start_ingestion' AIRFLOW_CTX_EXECUTION_DATE='2025-12-02T01:58:41.928427+00:00' AIRFLOW_CTX_TRY_NUMBER='1' AIRFLOW_CTX_DAG_RUN_ID='manual__2025-12-02T01:58:41.928427+00:00'
[2025-12-02T01:58:43.138+0000] {taskinstance.py:732} INFO - ::endgroup::
[2025-12-02T01:58:43.162+0000] {subprocess.py:78} INFO - Tmp dir root location: /tmp
[2025-12-02T01:58:43.165+0000] {subprocess.py:88} INFO - Running command: ['/usr/bin/bash', '-c', 'echo "🚀 Bắt đầu quy trình thu thập dữ liệu Music..."']
[2025-12-02T01:58:43.179+0000] {subprocess.py:99} INFO - Output:
[2025-12-02T01:58:43.181+0000] {subprocess.py:106} INFO - 🚀 Bắt đầu quy trình thu thập dữ liệu Music...
[2025-12-02T01:58:43.182+0000] {subprocess.py:110} INFO - Command exited with return code 0
[2025-12-02T01:58:43.213+0000] {taskinstance.py:341} INFO - ::group::Post task execution logs
[2025-12-02T01:58:43.214+0000] {taskinstance.py:353} INFO - Marking task as SUCCESS. dag_id=01_music_ingestion_realtime, task_id=start_ingestion, run_id=manual__2025-12-02T01:58:41.928427+00:00, execution_date=20251202T015841, start_date=20251202T015842, end_date=20251202T015843
[2025-12-02T01:58:43.286+0000] {local_task_job_runner.py:266} INFO - Task exited with return code 0
[2025-12-02T01:58:43.304+0000] {taskinstance.py:3901} INFO - 0 downstream tasks scheduled from follow-on schedule check
[2025-12-02T01:58:43.306+0000] {local_task_job_runner.py:245} INFO - ::endgroup::
