[2026-03-06T08:23:24.164+0000] {local_task_job_runner.py:123} INFO - ::group::Pre task execution logs
[2026-03-06T08:23:24.194+0000] {taskinstance.py:2614} INFO - Dependencies all met for dep_context=non-requeueable deps ti=<TaskInstance: 01_master_processing_pipeline.process_music_lifecycle manual__2026-03-06T07:57:46.004240+00:00 [queued]>
[2026-03-06T08:23:24.216+0000] {taskinstance.py:2614} INFO - Dependencies all met for dep_context=requeueable deps ti=<TaskInstance: 01_master_processing_pipeline.process_music_lifecycle manual__2026-03-06T07:57:46.004240+00:00 [queued]>
[2026-03-06T08:23:24.218+0000] {taskinstance.py:2867} INFO - Starting attempt 2 of 2
[2026-03-06T08:23:24.240+0000] {taskinstance.py:2890} INFO - Executing <Task(BashOperator): process_music_lifecycle> on 2026-03-06 07:57:46.004240+00:00
[2026-03-06T08:23:24.251+0000] {standard_task_runner.py:104} INFO - Running: ['***', 'tasks', 'run', '01_master_processing_pipeline', 'process_music_lifecycle', 'manual__2026-03-06T07:57:46.004240+00:00', '--job-id', '19', '--raw', '--subdir', 'DAGS_FOLDER/master_processing_dag.py', '--cfg-path', '/tmp/tmp9_4x2sdm']
[2026-03-06T08:23:24.255+0000] {standard_task_runner.py:105} INFO - Job 19: Subtask process_music_lifecycle
[2026-03-06T08:23:24.257+0000] {logging_mixin.py:190} WARNING - /home/***/.local/lib/python3.12/site-packages/***/task/task_runner/standard_task_runner.py:70 DeprecationWarning: This process (pid=2687) is multi-threaded, use of fork() may lead to deadlocks in the child.
[2026-03-06T08:23:24.258+0000] {standard_task_runner.py:72} INFO - Started process 2688 to run task
[2026-03-06T08:23:24.378+0000] {task_command.py:467} INFO - Running <TaskInstance: 01_master_processing_pipeline.process_music_lifecycle manual__2026-03-06T07:57:46.004240+00:00 [running]> on host eb669c802a68
[2026-03-06T08:23:24.616+0000] {taskinstance.py:3134} INFO - Exporting env vars: AIRFLOW_CTX_DAG_OWNER='khang_data_guy' AIRFLOW_CTX_DAG_ID='01_master_processing_pipeline' AIRFLOW_CTX_TASK_ID='process_music_lifecycle' AIRFLOW_CTX_EXECUTION_DATE='2026-03-06T07:57:46.004240+00:00' AIRFLOW_CTX_TRY_NUMBER='2' AIRFLOW_CTX_DAG_RUN_ID='manual__2026-03-06T07:57:46.004240+00:00'
[2026-03-06T08:23:24.620+0000] {taskinstance.py:732} INFO - ::endgroup::
[2026-03-06T08:23:24.726+0000] {subprocess.py:78} INFO - Tmp dir root location: /tmp
[2026-03-06T08:23:24.732+0000] {subprocess.py:88} INFO - Running command: ['/usr/bin/bash', '-c', '\n        export SPARK_HOME=/home/***/.local/lib/python3.12/site-packages/pyspark &&\n        python /opt/***/src/processing/music/process_music_spark.py\n        ']
[2026-03-06T08:23:24.752+0000] {subprocess.py:99} INFO - Output:
[2026-03-06T08:23:29.037+0000] {subprocess.py:106} INFO - :: loading settings :: url = jar:file:/home/***/.local/lib/python3.12/site-packages/pyspark/jars/ivy-2.5.1.jar!/org/apache/ivy/core/settings/ivysettings.xml
[2026-03-06T08:23:29.163+0000] {subprocess.py:106} INFO - Ivy Default Cache set to: /home/***/.ivy2/cache
[2026-03-06T08:23:29.164+0000] {subprocess.py:106} INFO - The jars for the packages stored in: /home/***/.ivy2/jars
[2026-03-06T08:23:29.168+0000] {subprocess.py:106} INFO - org.apache.hadoop#hadoop-aws added as a dependency
[2026-03-06T08:23:29.169+0000] {subprocess.py:106} INFO - com.amazonaws#aws-java-sdk-bundle added as a dependency
[2026-03-06T08:23:29.170+0000] {subprocess.py:106} INFO - :: resolving dependencies :: org.apache.spark#spark-submit-parent-99732912-2f4f-4b55-94c6-06c45269dac6;1.0
[2026-03-06T08:23:29.171+0000] {subprocess.py:106} INFO - 	confs: [default]
[2026-03-06T08:23:29.404+0000] {subprocess.py:106} INFO - 	found org.apache.hadoop#hadoop-aws;3.3.4 in central
[2026-03-06T08:23:29.437+0000] {subprocess.py:106} INFO - 	found com.amazonaws#aws-java-sdk-bundle;1.12.262 in central
[2026-03-06T08:23:29.466+0000] {subprocess.py:106} INFO - 	found org.wildfly.openssl#wildfly-openssl;1.0.7.Final in central
[2026-03-06T08:23:29.499+0000] {subprocess.py:106} INFO - :: resolution report :: resolve 314ms :: artifacts dl 15ms
[2026-03-06T08:23:29.501+0000] {subprocess.py:106} INFO - 	:: modules in use:
[2026-03-06T08:23:29.502+0000] {subprocess.py:106} INFO - 	com.amazonaws#aws-java-sdk-bundle;1.12.262 from central in [default]
[2026-03-06T08:23:29.502+0000] {subprocess.py:106} INFO - 	org.apache.hadoop#hadoop-aws;3.3.4 from central in [default]
[2026-03-06T08:23:29.503+0000] {subprocess.py:106} INFO - 	org.wildfly.openssl#wildfly-openssl;1.0.7.Final from central in [default]
[2026-03-06T08:23:29.504+0000] {subprocess.py:106} INFO - 	---------------------------------------------------------------------
[2026-03-06T08:23:29.505+0000] {subprocess.py:106} INFO - 	|                  |            modules            ||   artifacts   |
[2026-03-06T08:23:29.505+0000] {subprocess.py:106} INFO - 	|       conf       | number| search|dwnlded|evicted|| number|dwnlded|
[2026-03-06T08:23:29.505+0000] {subprocess.py:106} INFO - 	---------------------------------------------------------------------
[2026-03-06T08:23:29.506+0000] {subprocess.py:106} INFO - 	|      default     |   3   |   0   |   0   |   0   ||   3   |   0   |
[2026-03-06T08:23:29.506+0000] {subprocess.py:106} INFO - 	---------------------------------------------------------------------
[2026-03-06T08:23:29.507+0000] {subprocess.py:106} INFO - :: retrieving :: org.apache.spark#spark-submit-parent-99732912-2f4f-4b55-94c6-06c45269dac6
[2026-03-06T08:23:29.507+0000] {subprocess.py:106} INFO - 	confs: [default]
[2026-03-06T08:23:29.513+0000] {subprocess.py:106} INFO - 	0 artifacts copied, 3 already retrieved (0kB/7ms)
[2026-03-06T08:23:29.858+0000] {subprocess.py:106} INFO - 26/03/06 08:23:29 WARN NativeCodeLoader: Unable to load native-hadoop library for your platform... using builtin-java classes where applicable
[2026-03-06T08:23:30.162+0000] {subprocess.py:106} INFO - Setting default log level to "WARN".
[2026-03-06T08:23:30.163+0000] {subprocess.py:106} INFO - To adjust logging level use sc.setLogLevel(newLevel). For SparkR, use setLogLevel(newLevel).
[2026-03-06T08:23:40.913+0000] {subprocess.py:106} INFO - 26/03/06 08:23:40 WARN MetricsConfig: Cannot locate configuration: tried hadoop-metrics2-s3a-file-system.properties,hadoop-metrics2.properties
[2026-03-06T08:23:56.094+0000] {subprocess.py:106} INFO - [Stage 2:>                                                          (0 + 8) / 8]                                                                                [Stage 12:>                                                         (0 + 1) / 1]                                                                                🚀 [MUSIC MODULE] Bắt đầu hợp nhất và tính toán Lifecycle...
[2026-03-06T08:23:56.095+0000] {subprocess.py:106} INFO - ⏳ Đang đọc dữ liệu YouTube...
[2026-03-06T08:23:56.096+0000] {subprocess.py:106} INFO - ⏳ Đang đọc dữ liệu Facebook...
[2026-03-06T08:23:56.097+0000] {subprocess.py:106} INFO - ⏳ Đang đọc dữ liệu TikTok...
[2026-03-06T08:23:56.097+0000] {subprocess.py:106} INFO - 📊 [DATA UNIFIED] Dữ liệu hợp nhất:
[2026-03-06T08:23:56.098+0000] {subprocess.py:106} INFO - +--------+------------+-----------+----------------------------------------------------------------+
[2026-03-06T08:23:56.098+0000] {subprocess.py:106} INFO - |platform|topic_name  |buzz_volume|content                                                         |
[2026-03-06T08:23:56.099+0000] {subprocess.py:106} INFO - +--------+------------+-----------+----------------------------------------------------------------+
[2026-03-06T08:23:56.100+0000] {subprocess.py:106} INFO - |youtube |Sơn Tùng MTP|166372213  |SƠN TÙNG M-TP | ĐỪNG LÀM TRÁI TIM ANH ĐAU | OFFICIAL MUSIC VIDEO|
[2026-03-06T08:23:56.103+0000] {subprocess.py:106} INFO - |youtube |Sơn Tùng MTP|433838682  |NƠI NÀY CÓ ANH | OFFICIAL MUSIC VIDEO | SƠN TÙNG M-TP           |
[2026-03-06T08:23:56.104+0000] {subprocess.py:106} INFO - |youtube |Sơn Tùng MTP|111114923  |VIRAL CLIP - MỘT NĂM MỚI BÌNH AN | SƠN TÙNG M-TP                |
[2026-03-06T08:23:56.105+0000] {subprocess.py:106} INFO - |youtube |Sơn Tùng MTP|47240193   |Nắng Ấm Xa Dần - Sơn Tùng M-TP                                  |
[2026-03-06T08:23:56.106+0000] {subprocess.py:106} INFO - |youtube |Sơn Tùng MTP|168420349  |Buông Đôi Tay Nhau Ra | OFFICIAL MUSIC VIDEO | Sơn Tùng M-TP    |
[2026-03-06T08:23:56.106+0000] {subprocess.py:106} INFO - +--------+------------+-----------+----------------------------------------------------------------+
[2026-03-06T08:23:56.107+0000] {subprocess.py:106} INFO - only showing top 5 rows
[2026-03-06T08:23:56.108+0000] {subprocess.py:106} INFO - 
[2026-03-06T08:23:56.109+0000] {subprocess.py:106} INFO - 🧠 [BUSINESS LOGIC] Tính toán Lifecycle...
[2026-03-06T08:23:56.110+0000] {subprocess.py:106} INFO - ⚖️ [DECISION OUTPUT] Kết quả phân tích Vòng đời:
[2026-03-06T08:23:56.110+0000] {subprocess.py:106} INFO - +----------------+-----------------+----------+------------------+--------------------------+
[2026-03-06T08:23:56.111+0000] {subprocess.py:106} INFO - |topic_name      |total_buzz_volume|topic_type|lifecycle_decision|processed_at              |
[2026-03-06T08:23:56.112+0000] {subprocess.py:106} INFO - +----------------+-----------------+----------+------------------+--------------------------+
[2026-03-06T08:23:56.112+0000] {subprocess.py:106} INFO - |Sơn Tùng MTP    |1765650244       |Organic   |AUTO-EXTENDED     |2026-03-06 08:23:48.471724|
[2026-03-06T08:23:56.113+0000] {subprocess.py:106} INFO - |Du lịch Vũng Tàu|180000           |Client    |MONITORING        |2026-03-06 08:23:48.471724|
[2026-03-06T08:23:56.114+0000] {subprocess.py:106} INFO - +----------------+-----------------+----------+------------------+--------------------------+
[2026-03-06T08:23:56.115+0000] {subprocess.py:106} INFO - 
[2026-03-06T08:23:56.116+0000] {subprocess.py:106} INFO - 💾 [STORAGE] Đang lưu kết quả xuống Data Lake: s3a://social-trend-lake/silver/music/lifecycle_report/
[2026-03-06T08:23:56.116+0000] {subprocess.py:106} INFO - ✅ [HOÀN TẤT] Dữ liệu Music đã sẵn sàng để truy vấn bằng Trino!
[2026-03-06T08:23:56.725+0000] {subprocess.py:110} INFO - Command exited with return code 0
[2026-03-06T08:23:56.778+0000] {taskinstance.py:341} INFO - ::group::Post task execution logs
[2026-03-06T08:23:56.780+0000] {taskinstance.py:353} INFO - Marking task as SUCCESS. dag_id=01_master_processing_pipeline, task_id=process_music_lifecycle, run_id=manual__2026-03-06T07:57:46.004240+00:00, execution_date=20260306T075746, start_date=20260306T082324, end_date=20260306T082356
[2026-03-06T08:23:56.847+0000] {local_task_job_runner.py:266} INFO - Task exited with return code 0
[2026-03-06T08:23:56.882+0000] {taskinstance.py:3901} INFO - 1 downstream tasks scheduled from follow-on schedule check
[2026-03-06T08:23:56.884+0000] {local_task_job_runner.py:245} INFO - ::endgroup::
