[2026-03-09T12:01:10.883+0000] {local_task_job_runner.py:123} INFO - ::group::Pre task execution logs
[2026-03-09T12:01:10.931+0000] {taskinstance.py:2614} INFO - Dependencies all met for dep_context=non-requeueable deps ti=<TaskInstance: 01_music_ingestion_realtime.crawl_youtube_data scheduled__2026-03-09T11:00:00+00:00 [queued]>
[2026-03-09T12:01:10.948+0000] {taskinstance.py:2614} INFO - Dependencies all met for dep_context=requeueable deps ti=<TaskInstance: 01_music_ingestion_realtime.crawl_youtube_data scheduled__2026-03-09T11:00:00+00:00 [queued]>
[2026-03-09T12:01:10.949+0000] {taskinstance.py:2867} INFO - Starting attempt 1 of 2
[2026-03-09T12:01:10.972+0000] {taskinstance.py:2890} INFO - Executing <Task(BashOperator): crawl_youtube_data> on 2026-03-09 11:00:00+00:00
[2026-03-09T12:01:10.989+0000] {standard_task_runner.py:104} INFO - Running: ['***', 'tasks', 'run', '01_music_ingestion_realtime', 'crawl_youtube_data', 'scheduled__2026-03-09T11:00:00+00:00', '--job-id', '57', '--raw', '--subdir', 'DAGS_FOLDER/music_ingestion_dag.py', '--cfg-path', '/tmp/tmpfud4rwdi']
[2026-03-09T12:01:10.998+0000] {standard_task_runner.py:105} INFO - Job 57: Subtask crawl_youtube_data
[2026-03-09T12:01:10.998+0000] {logging_mixin.py:190} WARNING - /home/***/.local/lib/python3.12/site-packages/***/task/task_runner/standard_task_runner.py:70 DeprecationWarning: This process (pid=14308) is multi-threaded, use of fork() may lead to deadlocks in the child.
[2026-03-09T12:01:11.000+0000] {standard_task_runner.py:72} INFO - Started process 14309 to run task
[2026-03-09T12:01:11.145+0000] {task_command.py:467} INFO - Running <TaskInstance: 01_music_ingestion_realtime.crawl_youtube_data scheduled__2026-03-09T11:00:00+00:00 [running]> on host fa93f86ab6a3
[2026-03-09T12:01:11.328+0000] {taskinstance.py:3134} INFO - Exporting env vars: AIRFLOW_CTX_DAG_OWNER='khang_data_guy' AIRFLOW_CTX_DAG_ID='01_music_ingestion_realtime' AIRFLOW_CTX_TASK_ID='crawl_youtube_data' AIRFLOW_CTX_EXECUTION_DATE='2026-03-09T11:00:00+00:00' AIRFLOW_CTX_TRY_NUMBER='1' AIRFLOW_CTX_DAG_RUN_ID='scheduled__2026-03-09T11:00:00+00:00'
[2026-03-09T12:01:11.330+0000] {taskinstance.py:732} INFO - ::endgroup::
[2026-03-09T12:01:11.371+0000] {subprocess.py:78} INFO - Tmp dir root location: /tmp
[2026-03-09T12:01:11.374+0000] {subprocess.py:88} INFO - Running command: ['/usr/bin/bash', '-c', 'python /opt/***/src/ingestion/music/ingest_youtube.py']
[2026-03-09T12:01:11.402+0000] {subprocess.py:99} INFO - Output:
[2026-03-09T12:01:23.080+0000] {subprocess.py:106} INFO - --- STARTING SENIOR INGESTION (YOUTUBE - NLP READY) ---
[2026-03-09T12:01:23.081+0000] {subprocess.py:106} INFO - 🔎 Crawling YouTube for: son tung mtp, chung ta cua tuong lai
[2026-03-09T12:01:23.082+0000] {subprocess.py:106} INFO - ✅ Uploaded to MinIO: raw/music/topic_id=1/year=2026/month=03/day=09/youtube_1773057676.json
[2026-03-09T12:01:23.082+0000] {subprocess.py:106} INFO - ✨ Processed topic: Chúng Ta Của Tương Lai (10 videos)
[2026-03-09T12:01:23.083+0000] {subprocess.py:106} INFO - 🔎 Crawling YouTube for: bich phuong, nang chen tieu sau
[2026-03-09T12:01:23.084+0000] {subprocess.py:106} INFO - ✅ Uploaded to MinIO: raw/music/topic_id=2/year=2026/month=03/day=09/youtube_1773057676.json
[2026-03-09T12:01:23.085+0000] {subprocess.py:106} INFO - ✨ Processed topic: Nâng Chén Tiêu Sầu (10 videos)
[2026-03-09T12:01:23.085+0000] {subprocess.py:106} INFO - 🔎 Crawling YouTube for: son tung, dung lam trai tim anh dau
[2026-03-09T12:01:23.086+0000] {subprocess.py:106} INFO - ✅ Uploaded to MinIO: raw/music/topic_id=3/year=2026/month=03/day=09/youtube_1773057680.json
[2026-03-09T12:01:23.087+0000] {subprocess.py:106} INFO - ✨ Processed topic: Đừng Làm Trái Tim Anh Đau (10 videos)
[2026-03-09T12:01:23.087+0000] {subprocess.py:106} INFO - 🔎 Crawling YouTube for: tho oi, phim tho oi
[2026-03-09T12:01:23.088+0000] {subprocess.py:106} INFO - ✅ Uploaded to MinIO: raw/music/topic_id=4/year=2026/month=03/day=09/youtube_1773057681.json
[2026-03-09T12:01:23.089+0000] {subprocess.py:106} INFO - ✨ Processed topic: Phim Thỏ Ơi (10 videos)
[2026-03-09T12:01:23.089+0000] {subprocess.py:106} INFO - 🔎 Crawling YouTube for: nha ba toi mot phong, tran thanh
[2026-03-09T12:01:23.090+0000] {subprocess.py:106} INFO - ✅ Uploaded to MinIO: raw/music/topic_id=5/year=2026/month=03/day=09/youtube_1773057682.json
[2026-03-09T12:01:23.091+0000] {subprocess.py:106} INFO - ✨ Processed topic: Nhà ba tôi một phòng (25 videos)
[2026-03-09T12:01:23.091+0000] {subprocess.py:106} INFO - 🔎 Crawling YouTube for: mui pho, dao pho va piano
[2026-03-09T12:01:23.092+0000] {subprocess.py:106} INFO - ✅ Uploaded to MinIO: raw/music/topic_id=6/year=2026/month=03/day=09/youtube_1773057683.json
[2026-03-09T12:01:23.092+0000] {subprocess.py:106} INFO - ✨ Processed topic: Mùi phở (6 videos)
[2026-03-09T12:01:23.239+0000] {subprocess.py:110} INFO - Command exited with return code 0
[2026-03-09T12:01:23.268+0000] {taskinstance.py:341} INFO - ::group::Post task execution logs
[2026-03-09T12:01:23.269+0000] {taskinstance.py:353} INFO - Marking task as SUCCESS. dag_id=01_music_ingestion_realtime, task_id=crawl_youtube_data, run_id=scheduled__2026-03-09T11:00:00+00:00, execution_date=20260309T110000, start_date=20260309T120110, end_date=20260309T120123
[2026-03-09T12:01:23.310+0000] {local_task_job_runner.py:266} INFO - Task exited with return code 0
[2026-03-09T12:01:23.325+0000] {taskinstance.py:3901} INFO - 0 downstream tasks scheduled from follow-on schedule check
[2026-03-09T12:01:23.329+0000] {local_task_job_runner.py:245} INFO - ::endgroup::
