[2026-03-09T07:59:05.647+0000] {local_task_job_runner.py:123} INFO - ::group::Pre task execution logs
[2026-03-09T07:59:05.675+0000] {taskinstance.py:2614} INFO - Dependencies all met for dep_context=non-requeueable deps ti=<TaskInstance: 03_mock_social_ingestion.start_mock_ingestion scheduled__2026-03-09T06:00:00+00:00 [queued]>
[2026-03-09T07:59:05.689+0000] {taskinstance.py:2614} INFO - Dependencies all met for dep_context=requeueable deps ti=<TaskInstance: 03_mock_social_ingestion.start_mock_ingestion scheduled__2026-03-09T06:00:00+00:00 [queued]>
[2026-03-09T07:59:05.689+0000] {taskinstance.py:2867} INFO - Starting attempt 1 of 2
[2026-03-09T07:59:05.708+0000] {taskinstance.py:2890} INFO - Executing <Task(BashOperator): start_mock_ingestion> on 2026-03-09 06:00:00+00:00
[2026-03-09T07:59:05.719+0000] {standard_task_runner.py:104} INFO - Running: ['***', 'tasks', 'run', '03_mock_social_ingestion', 'start_mock_ingestion', 'scheduled__2026-03-09T06:00:00+00:00', '--job-id', '37', '--raw', '--subdir', 'DAGS_FOLDER/03_mock_social_ingestion.py', '--cfg-path', '/tmp/tmp9jgydwxt']
[2026-03-09T07:59:05.722+0000] {standard_task_runner.py:105} INFO - Job 37: Subtask start_mock_ingestion
[2026-03-09T07:59:05.723+0000] {logging_mixin.py:190} WARNING - /home/***/.local/lib/python3.12/site-packages/***/task/task_runner/standard_task_runner.py:70 DeprecationWarning: This process (pid=4720) is multi-threaded, use of fork() may lead to deadlocks in the child.
[2026-03-09T07:59:05.724+0000] {standard_task_runner.py:72} INFO - Started process 4721 to run task
[2026-03-09T07:59:05.812+0000] {task_command.py:467} INFO - Running <TaskInstance: 03_mock_social_ingestion.start_mock_ingestion scheduled__2026-03-09T06:00:00+00:00 [running]> on host fa93f86ab6a3
[2026-03-09T07:59:05.953+0000] {taskinstance.py:3134} INFO - Exporting env vars: AIRFLOW_CTX_DAG_OWNER='khang_data_guy' AIRFLOW_CTX_DAG_ID='03_mock_social_ingestion' AIRFLOW_CTX_TASK_ID='start_mock_ingestion' AIRFLOW_CTX_EXECUTION_DATE='2026-03-09T06:00:00+00:00' AIRFLOW_CTX_TRY_NUMBER='1' AIRFLOW_CTX_DAG_RUN_ID='scheduled__2026-03-09T06:00:00+00:00'
[2026-03-09T07:59:05.956+0000] {taskinstance.py:732} INFO - ::endgroup::
[2026-03-09T07:59:06.046+0000] {subprocess.py:78} INFO - Tmp dir root location: /tmp
[2026-03-09T07:59:06.051+0000] {subprocess.py:88} INFO - Running command: ['/usr/bin/bash', '-c', 'echo "🚀 Bắt đầu sinh dữ liệu FB/TikTok cho toàn bộ các Passion Points..."']
[2026-03-09T07:59:06.081+0000] {subprocess.py:99} INFO - Output:
[2026-03-09T07:59:06.225+0000] {subprocess.py:106} INFO - 🚀 Bắt đầu sinh dữ liệu FB/TikTok cho toàn bộ các Passion Points...
[2026-03-09T07:59:06.230+0000] {subprocess.py:110} INFO - Command exited with return code 0
[2026-03-09T07:59:06.259+0000] {taskinstance.py:341} INFO - ::group::Post task execution logs
[2026-03-09T07:59:06.260+0000] {taskinstance.py:353} INFO - Marking task as SUCCESS. dag_id=03_mock_social_ingestion, task_id=start_mock_ingestion, run_id=scheduled__2026-03-09T06:00:00+00:00, execution_date=20260309T060000, start_date=20260309T075905, end_date=20260309T075906
[2026-03-09T07:59:06.311+0000] {local_task_job_runner.py:266} INFO - Task exited with return code 0
[2026-03-09T07:59:06.341+0000] {taskinstance.py:3901} INFO - 1 downstream tasks scheduled from follow-on schedule check
[2026-03-09T07:59:06.343+0000] {local_task_job_runner.py:245} INFO - ::endgroup::
