[2026-03-09T12:35:17.412+0000] {local_task_job_runner.py:123} INFO - ::group::Pre task execution logs
[2026-03-09T12:35:17.526+0000] {taskinstance.py:2614} INFO - Dependencies all met for dep_context=non-requeueable deps ti=<TaskInstance: 01_music_ingestion_realtime.start_ingestion manual__2026-03-09T12:35:10.879866+00:00 [queued]>
[2026-03-09T12:35:17.606+0000] {taskinstance.py:2614} INFO - Dependencies all met for dep_context=requeueable deps ti=<TaskInstance: 01_music_ingestion_realtime.start_ingestion manual__2026-03-09T12:35:10.879866+00:00 [queued]>
[2026-03-09T12:35:17.607+0000] {taskinstance.py:2867} INFO - Starting attempt 1 of 2
[2026-03-09T12:35:17.668+0000] {taskinstance.py:2890} INFO - Executing <Task(BashOperator): start_ingestion> on 2026-03-09 12:35:10.879866+00:00
[2026-03-09T12:35:17.692+0000] {standard_task_runner.py:104} INFO - Running: ['***', 'tasks', 'run', '01_music_ingestion_realtime', 'start_ingestion', 'manual__2026-03-09T12:35:10.879866+00:00', '--job-id', '58', '--raw', '--subdir', 'DAGS_FOLDER/music_ingestion_dag.py', '--cfg-path', '/tmp/tmpbiwsfpmj']
[2026-03-09T12:35:17.703+0000] {standard_task_runner.py:105} INFO - Job 58: Subtask start_ingestion
[2026-03-09T12:35:17.709+0000] {logging_mixin.py:190} WARNING - /home/***/.local/lib/python3.12/site-packages/***/task/task_runner/standard_task_runner.py:70 DeprecationWarning: This process (pid=15332) is multi-threaded, use of fork() may lead to deadlocks in the child.
[2026-03-09T12:35:17.712+0000] {standard_task_runner.py:72} INFO - Started process 15339 to run task
[2026-03-09T12:35:17.896+0000] {task_command.py:467} INFO - Running <TaskInstance: 01_music_ingestion_realtime.start_ingestion manual__2026-03-09T12:35:10.879866+00:00 [running]> on host fa93f86ab6a3
[2026-03-09T12:35:18.206+0000] {taskinstance.py:3134} INFO - Exporting env vars: AIRFLOW_CTX_DAG_OWNER='khang_data_guy' AIRFLOW_CTX_DAG_ID='01_music_ingestion_realtime' AIRFLOW_CTX_TASK_ID='start_ingestion' AIRFLOW_CTX_EXECUTION_DATE='2026-03-09T12:35:10.879866+00:00' AIRFLOW_CTX_TRY_NUMBER='1' AIRFLOW_CTX_DAG_RUN_ID='manual__2026-03-09T12:35:10.879866+00:00'
[2026-03-09T12:35:18.210+0000] {taskinstance.py:732} INFO - ::endgroup::
[2026-03-09T12:35:18.545+0000] {subprocess.py:78} INFO - Tmp dir root location: /tmp
[2026-03-09T12:35:18.554+0000] {subprocess.py:88} INFO - Running command: ['/usr/bin/bash', '-c', 'echo "🚀 Bắt đầu quy trình thu thập dữ liệu Music..."']
[2026-03-09T12:35:18.586+0000] {subprocess.py:99} INFO - Output:
[2026-03-09T12:35:18.668+0000] {subprocess.py:106} INFO - 🚀 Bắt đầu quy trình thu thập dữ liệu Music...
[2026-03-09T12:35:18.672+0000] {subprocess.py:110} INFO - Command exited with return code 0
[2026-03-09T12:35:18.729+0000] {taskinstance.py:341} INFO - ::group::Post task execution logs
[2026-03-09T12:35:18.733+0000] {taskinstance.py:353} INFO - Marking task as SUCCESS. dag_id=01_music_ingestion_realtime, task_id=start_ingestion, run_id=manual__2026-03-09T12:35:10.879866+00:00, execution_date=20260309T123510, start_date=20260309T123517, end_date=20260309T123518
[2026-03-09T12:35:18.866+0000] {local_task_job_runner.py:266} INFO - Task exited with return code 0
[2026-03-09T12:35:18.967+0000] {taskinstance.py:3901} INFO - 1 downstream tasks scheduled from follow-on schedule check
[2026-03-09T12:35:19.004+0000] {local_task_job_runner.py:245} INFO - ::endgroup::
